Archive member included because of file (symbol)

c:/program files (x86)/atmel/atmel studio 6.0/extensions/atmel/avrgcc/3.4.1.95/avrtoolchain/bin/../lib/gcc/avr/4.6.2/avr51\libgcc.a(_divmodhi4.o)
                              sources/CAN.o (__divmodhi4)
c:/program files (x86)/atmel/atmel studio 6.0/extensions/atmel/avrgcc/3.4.1.95/avrtoolchain/bin/../lib/gcc/avr/4.6.2/avr51\libgcc.a(_exit.o)
                              c:/program files (x86)/atmel/atmel studio 6.0/extensions/atmel/avrgcc/3.4.1.95/avrtoolchain/bin/../lib/gcc/avr/4.6.2/../../../../avr/lib/avr51/crtcan128.o (exit)
c:/program files (x86)/atmel/atmel studio 6.0/extensions/atmel/avrgcc/3.4.1.95/avrtoolchain/bin/../lib/gcc/avr/4.6.2/avr51\libgcc.a(_copy_data.o)
                              main.o (__do_copy_data)
c:/program files (x86)/atmel/atmel studio 6.0/extensions/atmel/avrgcc/3.4.1.95/avrtoolchain/bin/../lib/gcc/avr/4.6.2/avr51\libgcc.a(_clear_bss.o)
                              main.o (__do_clear_bss)
c:/program files (x86)/atmel/atmel studio 6.0/extensions/atmel/avrgcc/3.4.1.95/avrtoolchain/bin/../lib/gcc/avr/4.6.2/avr51\libgcc.a(_udivmodhi4.o)
                              c:/program files (x86)/atmel/atmel studio 6.0/extensions/atmel/avrgcc/3.4.1.95/avrtoolchain/bin/../lib/gcc/avr/4.6.2/avr51\libgcc.a(_divmodhi4.o) (__udivmodhi4)

Allocating common symbols
Common symbol       size              file

event_queue         0x10              sources/Event.o
display_ddram_bottom_row
                    0x1c              sources/Display.o
display_ddram_top_row
                    0x1c              sources/Display.o
button_pin          0x2               sources/Button.o
led_pins            0xb               main.o
event_queue_head    0x1               sources/Event.o
led_state           0x2               main.o
button_dd           0x2               sources/Button.o
can_queue           0xa               sources/CAN.o
led_port            0xb               main.o
led_dd              0xb               main.o
can_queue_head      0x1               sources/CAN.o
can_Status          0x1               sources/CAN.o
address_counter     0x1               sources/Display.o
button_port         0x2               sources/Button.o
button_pressed      0x2               sources/Button.o
can_queue_tail      0x1               sources/CAN.o
event_queue_tail    0x1               sources/Event.o
button_current      0x1               sources/Button.o
can_rx              0x2               sources/CAN.o

Memory Configuration

Name             Origin             Length             Attributes
text             0x00000000         0x00020000         xr
data             0x00800100         0x0000ff00         rw !x
eeprom           0x00810000         0x00010000         rw !x
fuse             0x00820000         0x00000400         rw !x
lock             0x00830000         0x00000400         rw !x
signature        0x00840000         0x00000400         rw !x
*default*        0x00000000         0xffffffff

Linker script and memory map

Address of section .data set to 0x800100
LOAD c:/program files (x86)/atmel/atmel studio 6.0/extensions/atmel/avrgcc/3.4.1.95/avrtoolchain/bin/../lib/gcc/avr/4.6.2/../../../../avr/lib/avr51/crtcan128.o
LOAD main.o
LOAD sources/Button.o
LOAD sources/Buzzer.o
LOAD sources/CAN.o
LOAD sources/can_drv.o
LOAD sources/can_lib.o
LOAD sources/Display.o
LOAD sources/Error.o
LOAD sources/Event.o
LOAD sources/Led.o
LOAD sources/MyCommon.o
LOAD sources/Timer.o
LOAD sources/WatchDog.o
START GROUP
LOAD c:/program files (x86)/atmel/atmel studio 6.0/extensions/atmel/avrgcc/3.4.1.95/avrtoolchain/bin/../lib/gcc/avr/4.6.2/../../../../avr/lib/avr51\libm.a
END GROUP
LOAD c:/program files (x86)/atmel/atmel studio 6.0/extensions/atmel/avrgcc/3.4.1.95/avrtoolchain/bin/../lib/gcc/avr/4.6.2/avr51\libgcc.a
LOAD c:/program files (x86)/atmel/atmel studio 6.0/extensions/atmel/avrgcc/3.4.1.95/avrtoolchain/bin/../lib/gcc/avr/4.6.2/../../../../avr/lib/avr51\libc.a
LOAD c:/program files (x86)/atmel/atmel studio 6.0/extensions/atmel/avrgcc/3.4.1.95/avrtoolchain/bin/../lib/gcc/avr/4.6.2/avr51\libgcc.a

.hash
 *(.hash)

.dynsym
 *(.dynsym)

.dynstr
 *(.dynstr)

.gnu.version
 *(.gnu.version)

.gnu.version_d
 *(.gnu.version_d)

.gnu.version_r
 *(.gnu.version_r)

.rel.init
 *(.rel.init)

.rela.init
 *(.rela.init)

.rel.text
 *(.rel.text)
 *(.rel.text.*)
 *(.rel.gnu.linkonce.t*)

.rela.text
 *(.rela.text)
 *(.rela.text.*)
 *(.rela.gnu.linkonce.t*)

.rel.fini
 *(.rel.fini)

.rela.fini
 *(.rela.fini)

.rel.rodata
 *(.rel.rodata)
 *(.rel.rodata.*)
 *(.rel.gnu.linkonce.r*)

.rela.rodata
 *(.rela.rodata)
 *(.rela.rodata.*)
 *(.rela.gnu.linkonce.r*)

.rel.data
 *(.rel.data)
 *(.rel.data.*)
 *(.rel.gnu.linkonce.d*)

.rela.data
 *(.rela.data)
 *(.rela.data.*)
 *(.rela.gnu.linkonce.d*)

.rel.ctors
 *(.rel.ctors)

.rela.ctors
 *(.rela.ctors)

.rel.dtors
 *(.rel.dtors)

.rela.dtors
 *(.rela.dtors)

.rel.got
 *(.rel.got)

.rela.got
 *(.rela.got)

.rel.bss
 *(.rel.bss)

.rela.bss
 *(.rela.bss)

.rel.plt
 *(.rel.plt)

.rela.plt
 *(.rela.plt)

.text           0x00000000     0x1f9c
 *(.vectors)
 .vectors       0x00000000       0x94 c:/program files (x86)/atmel/atmel studio 6.0/extensions/atmel/avrgcc/3.4.1.95/avrtoolchain/bin/../lib/gcc/avr/4.6.2/../../../../avr/lib/avr51/crtcan128.o
                0x00000000                __vector_default
                0x00000000                __vectors
 *(.vectors)
 *(.progmem.gcc*)
 *(.progmem*)
                0x00000094                . = ALIGN (0x2)
                0x00000094                __trampolines_start = .
 *(.trampolines)
 .trampolines   0x00000094        0x0 linker stubs
 *(.trampolines*)
                0x00000094                __trampolines_end = .
 *(.jumptables)
 *(.jumptables*)
 *(.lowtext)
 *(.lowtext*)
                0x00000094                __ctors_start = .
 *(.ctors)
                0x00000094                __ctors_end = .
                0x00000094                __dtors_start = .
 *(.dtors)
                0x00000094                __dtors_end = .
 SORT(*)(.ctors)
 SORT(*)(.dtors)
 *(.init0)
 .init0         0x00000094        0x0 c:/program files (x86)/atmel/atmel studio 6.0/extensions/atmel/avrgcc/3.4.1.95/avrtoolchain/bin/../lib/gcc/avr/4.6.2/../../../../avr/lib/avr51/crtcan128.o
                0x00000094                __init
 *(.init0)
 *(.init1)
 *(.init1)
 *(.init2)
 .init2         0x00000094        0xc c:/program files (x86)/atmel/atmel studio 6.0/extensions/atmel/avrgcc/3.4.1.95/avrtoolchain/bin/../lib/gcc/avr/4.6.2/../../../../avr/lib/avr51/crtcan128.o
 *(.init2)
 *(.init3)
 *(.init3)
 *(.init4)
 .init4         0x000000a0       0x1c c:/program files (x86)/atmel/atmel studio 6.0/extensions/atmel/avrgcc/3.4.1.95/avrtoolchain/bin/../lib/gcc/avr/4.6.2/avr51\libgcc.a(_copy_data.o)
                0x000000a0                __do_copy_data
 .init4         0x000000bc       0x10 c:/program files (x86)/atmel/atmel studio 6.0/extensions/atmel/avrgcc/3.4.1.95/avrtoolchain/bin/../lib/gcc/avr/4.6.2/avr51\libgcc.a(_clear_bss.o)
                0x000000bc                __do_clear_bss
 *(.init4)
 *(.init5)
 *(.init5)
 *(.init6)
 *(.init6)
 *(.init7)
 *(.init7)
 *(.init8)
 *(.init8)
 *(.init9)
 .init9         0x000000cc        0x8 c:/program files (x86)/atmel/atmel studio 6.0/extensions/atmel/avrgcc/3.4.1.95/avrtoolchain/bin/../lib/gcc/avr/4.6.2/../../../../avr/lib/avr51/crtcan128.o
 *(.init9)
 *(.text)
 .text          0x000000d4        0x4 c:/program files (x86)/atmel/atmel studio 6.0/extensions/atmel/avrgcc/3.4.1.95/avrtoolchain/bin/../lib/gcc/avr/4.6.2/../../../../avr/lib/avr51/crtcan128.o
                0x000000d4                __vector_22
                0x000000d4                __vector_1
                0x000000d4                __vector_32
                0x000000d4                __vector_34
                0x000000d4                __vector_24
                0x000000d4                __bad_interrupt
                0x000000d4                __vector_6
                0x000000d4                __vector_35
                0x000000d4                __vector_3
                0x000000d4                __vector_23
                0x000000d4                __vector_25
                0x000000d4                __vector_11
                0x000000d4                __vector_19
                0x000000d4                __vector_7
                0x000000d4                __vector_27
                0x000000d4                __vector_5
                0x000000d4                __vector_33
                0x000000d4                __vector_4
                0x000000d4                __vector_9
                0x000000d4                __vector_2
                0x000000d4                __vector_21
                0x000000d4                __vector_36
                0x000000d4                __vector_8
                0x000000d4                __vector_26
                0x000000d4                __vector_10
                0x000000d4                __vector_20
 .text          0x000000d8        0xc main.o
                0x000000d8                main
 .text          0x000000e4       0x9c sources/Button.o
                0x000000e4                button_init
                0x0000017e                button_multiplex_cycle
 .text          0x00000180       0x46 sources/Buzzer.o
                0x00000180                buzzer_init
                0x00000184                buzzer_on
                0x00000188                buzzer_off
                0x0000018c                buzzer_buzz
                0x000001c4                buzzer_puls
 .text          0x000001c6      0x2a0 sources/CAN.o
                0x000001c6                __vector_18
                0x00000256                CANInit
                0x0000028c                CANGetStruct
                0x000002ae                CANStartRx
                0x000002ca                CANGetData
                0x000002da                CANSendData
                0x00000354                CANAddSendData
                0x000003a2                CANGetCurrentTx
                0x000003b6                CANSendNext
                0x000003f4                CANAbortCMD
                0x0000043c                CANRestartReceive
 .text          0x00000466      0x516 sources/can_drv.o
                0x00000466                can_clear_all_mob
                0x0000048a                can_get_mob_free
                0x000004ca                can_get_mob_status
                0x000004f0                can_get_data
                0x00000534                can_auto_baudrate
                0x00000946                Can_conf_bt_flex
                0x00000956                can_fixed_baudrate
 .text          0x0000097c      0xd80 sources/can_lib.o
                0x000009c4                can_init
                0x000009e2                can_off
                0x000009ee                can_cmd
                0x000015a2                can_get_status
 .text          0x000016fc        0x4 sources/Display.o
                0x000016fc                display_test
                0x000016fe                display_init
 .text          0x00001700       0x2a sources/Error.o
                0x00001700                InitError
                0x0000170e                AddError
                0x0000171e                ClearErrors
 .text          0x0000172a      0x178 sources/Event.o
                0x0000172a                EventInit
                0x00001734                EventAddEvent
                0x00001770                EventGetNextEvent
                0x0000178c                EventHandleEvent
 .text          0x000018a2      0x1f8 sources/Led.o
                0x000018a2                led_set
                0x000018cc                led_clear
                0x000018f4                led_state_set
                0x0000193e                led_init
                0x00001a1c                led_is_set
                0x00001a42                led_state_return
                0x00001a7c                led_toggle
 .text          0x00001a9a       0x54 sources/MyCommon.o
                0x00001a9a                main_init
                0x00001aec                main_deinit
 .text          0x00001aee      0x430 sources/Timer.o
                0x00001aee                __vector_16
                0x00001b02                __vector_17
                0x00001b54                __vector_12
                0x00001bb6                __vector_13
                0x00001c18                __vector_14
                0x00001c7a                __vector_28
                0x00001cdc                __vector_29
                0x00001d3e                __vector_30
                0x00001da0                __vector_15
                0x00001db4                __vector_31
                0x00001dc8                Timer1_init
                0x00001dd2                Timer3_init
                0x00001ddc                TIMER_Timer1_OCR1A_on
                0x00001dfc                TIMER_Timer1_OCR1B_on
                0x00001e1c                TIMER_Timer1_OCR1C_on
                0x00001e3c                TIMER_Timer3_OCR3A_on
                0x00001e5c                TIMER_Timer3_OCR3B_on
                0x00001e7c                TIMER_Timer3_OCR3C_on
                0x00001e9c                PWM_init
                0x00001ebc                TIMER_SetPWMVal
 .text          0x00001f1e       0x2c sources/WatchDog.o
                0x00001f1e                InitWDT
                0x00001f36                CheckWDT
 .text          0x00001f4a        0x0 c:/program files (x86)/atmel/atmel studio 6.0/extensions/atmel/avrgcc/3.4.1.95/avrtoolchain/bin/../lib/gcc/avr/4.6.2/avr51\libgcc.a(_divmodhi4.o)
 .text          0x00001f4a        0x0 c:/program files (x86)/atmel/atmel studio 6.0/extensions/atmel/avrgcc/3.4.1.95/avrtoolchain/bin/../lib/gcc/avr/4.6.2/avr51\libgcc.a(_exit.o)
 .text          0x00001f4a        0x0 c:/program files (x86)/atmel/atmel studio 6.0/extensions/atmel/avrgcc/3.4.1.95/avrtoolchain/bin/../lib/gcc/avr/4.6.2/avr51\libgcc.a(_copy_data.o)
 .text          0x00001f4a        0x0 c:/program files (x86)/atmel/atmel studio 6.0/extensions/atmel/avrgcc/3.4.1.95/avrtoolchain/bin/../lib/gcc/avr/4.6.2/avr51\libgcc.a(_clear_bss.o)
 .text          0x00001f4a        0x0 c:/program files (x86)/atmel/atmel studio 6.0/extensions/atmel/avrgcc/3.4.1.95/avrtoolchain/bin/../lib/gcc/avr/4.6.2/avr51\libgcc.a(_udivmodhi4.o)
                0x00001f4a                . = ALIGN (0x2)
 *(.text.*)
 .text.libgcc   0x00001f4a       0x26 c:/program files (x86)/atmel/atmel studio 6.0/extensions/atmel/avrgcc/3.4.1.95/avrtoolchain/bin/../lib/gcc/avr/4.6.2/avr51\libgcc.a(_divmodhi4.o)
                0x00001f4a                _div
                0x00001f4a                __divmodhi4
 .text.libgcc   0x00001f70        0x0 c:/program files (x86)/atmel/atmel studio 6.0/extensions/atmel/avrgcc/3.4.1.95/avrtoolchain/bin/../lib/gcc/avr/4.6.2/avr51\libgcc.a(_exit.o)
 .text.libgcc   0x00001f70        0x0 c:/program files (x86)/atmel/atmel studio 6.0/extensions/atmel/avrgcc/3.4.1.95/avrtoolchain/bin/../lib/gcc/avr/4.6.2/avr51\libgcc.a(_copy_data.o)
 .text.libgcc   0x00001f70        0x0 c:/program files (x86)/atmel/atmel studio 6.0/extensions/atmel/avrgcc/3.4.1.95/avrtoolchain/bin/../lib/gcc/avr/4.6.2/avr51\libgcc.a(_clear_bss.o)
 .text.libgcc   0x00001f70       0x28 c:/program files (x86)/atmel/atmel studio 6.0/extensions/atmel/avrgcc/3.4.1.95/avrtoolchain/bin/../lib/gcc/avr/4.6.2/avr51\libgcc.a(_udivmodhi4.o)
                0x00001f70                __udivmodhi4
                0x00001f98                . = ALIGN (0x2)
 *(.fini9)
 .fini9         0x00001f98        0x0 c:/program files (x86)/atmel/atmel studio 6.0/extensions/atmel/avrgcc/3.4.1.95/avrtoolchain/bin/../lib/gcc/avr/4.6.2/avr51\libgcc.a(_exit.o)
                0x00001f98                _exit
                0x00001f98                exit
 *(.fini9)
 *(.fini8)
 *(.fini8)
 *(.fini7)
 *(.fini7)
 *(.fini6)
 *(.fini6)
 *(.fini5)
 *(.fini5)
 *(.fini4)
 *(.fini4)
 *(.fini3)
 *(.fini3)
 *(.fini2)
 *(.fini2)
 *(.fini1)
 *(.fini1)
 *(.fini0)
 .fini0         0x00001f98        0x4 c:/program files (x86)/atmel/atmel studio 6.0/extensions/atmel/avrgcc/3.4.1.95/avrtoolchain/bin/../lib/gcc/avr/4.6.2/avr51\libgcc.a(_exit.o)
 *(.fini0)
                0x00001f9c                _etext = .

.data           0x00800100       0x1c load address 0x00001f9c
                0x00800100                PROVIDE (__data_start, .)
 *(.data)
 .data          0x00800100        0x0 c:/program files (x86)/atmel/atmel studio 6.0/extensions/atmel/avrgcc/3.4.1.95/avrtoolchain/bin/../lib/gcc/avr/4.6.2/../../../../avr/lib/avr51/crtcan128.o
 .data          0x00800100        0x0 main.o
 .data          0x00800100        0x7 sources/Button.o
 .data          0x00800107        0x0 sources/Buzzer.o
 .data          0x00800107        0x0 sources/CAN.o
 .data          0x00800107        0x0 sources/can_drv.o
 .data          0x00800107        0x0 sources/can_lib.o
 .data          0x00800107       0x14 sources/Display.o
                0x00800107                test
 .data          0x0080011b        0x0 sources/Error.o
 .data          0x0080011b        0x0 sources/Event.o
 .data          0x0080011b        0x0 sources/Led.o
 .data          0x0080011b        0x0 sources/MyCommon.o
 .data          0x0080011b        0x0 sources/Timer.o
 .data          0x0080011b        0x0 sources/WatchDog.o
 .data          0x0080011b        0x0 c:/program files (x86)/atmel/atmel studio 6.0/extensions/atmel/avrgcc/3.4.1.95/avrtoolchain/bin/../lib/gcc/avr/4.6.2/avr51\libgcc.a(_divmodhi4.o)
 .data          0x0080011b        0x0 c:/program files (x86)/atmel/atmel studio 6.0/extensions/atmel/avrgcc/3.4.1.95/avrtoolchain/bin/../lib/gcc/avr/4.6.2/avr51\libgcc.a(_exit.o)
 .data          0x0080011b        0x0 c:/program files (x86)/atmel/atmel studio 6.0/extensions/atmel/avrgcc/3.4.1.95/avrtoolchain/bin/../lib/gcc/avr/4.6.2/avr51\libgcc.a(_copy_data.o)
 .data          0x0080011b        0x0 c:/program files (x86)/atmel/atmel studio 6.0/extensions/atmel/avrgcc/3.4.1.95/avrtoolchain/bin/../lib/gcc/avr/4.6.2/avr51\libgcc.a(_clear_bss.o)
 .data          0x0080011b        0x0 c:/program files (x86)/atmel/atmel studio 6.0/extensions/atmel/avrgcc/3.4.1.95/avrtoolchain/bin/../lib/gcc/avr/4.6.2/avr51\libgcc.a(_udivmodhi4.o)
 *(.data*)
 *(.rodata)
 *(.rodata*)
 *(.gnu.linkonce.d*)
                0x0080011c                . = ALIGN (0x2)
 *fill*         0x0080011b        0x1 00
                0x0080011c                _edata = .
                0x0080011c                PROVIDE (__data_end, .)

.bss            0x0080011c       0xd4
                0x0080011c                PROVIDE (__bss_start, .)
 *(.bss)
 .bss           0x0080011c        0x0 c:/program files (x86)/atmel/atmel studio 6.0/extensions/atmel/avrgcc/3.4.1.95/avrtoolchain/bin/../lib/gcc/avr/4.6.2/../../../../avr/lib/avr51/crtcan128.o
 .bss           0x0080011c        0x0 main.o
 .bss           0x0080011c        0x0 sources/Button.o
 .bss           0x0080011c        0x0 sources/Buzzer.o
 .bss           0x0080011c        0x0 sources/CAN.o
 .bss           0x0080011c        0x0 sources/can_drv.o
 .bss           0x0080011c        0x0 sources/can_lib.o
 .bss           0x0080011c        0x0 sources/Display.o
 .bss           0x0080011c        0x2 sources/Error.o
 .bss           0x0080011e       0x48 sources/Event.o
 .bss           0x00800166        0x0 sources/Led.o
 .bss           0x00800166        0x0 sources/MyCommon.o
 .bss           0x00800166        0x4 sources/Timer.o
 .bss           0x0080016a        0x0 sources/WatchDog.o
 .bss           0x0080016a        0x0 c:/program files (x86)/atmel/atmel studio 6.0/extensions/atmel/avrgcc/3.4.1.95/avrtoolchain/bin/../lib/gcc/avr/4.6.2/avr51\libgcc.a(_divmodhi4.o)
 .bss           0x0080016a        0x0 c:/program files (x86)/atmel/atmel studio 6.0/extensions/atmel/avrgcc/3.4.1.95/avrtoolchain/bin/../lib/gcc/avr/4.6.2/avr51\libgcc.a(_exit.o)
 .bss           0x0080016a        0x0 c:/program files (x86)/atmel/atmel studio 6.0/extensions/atmel/avrgcc/3.4.1.95/avrtoolchain/bin/../lib/gcc/avr/4.6.2/avr51\libgcc.a(_copy_data.o)
 .bss           0x0080016a        0x0 c:/program files (x86)/atmel/atmel studio 6.0/extensions/atmel/avrgcc/3.4.1.95/avrtoolchain/bin/../lib/gcc/avr/4.6.2/avr51\libgcc.a(_clear_bss.o)
 .bss           0x0080016a        0x0 c:/program files (x86)/atmel/atmel studio 6.0/extensions/atmel/avrgcc/3.4.1.95/avrtoolchain/bin/../lib/gcc/avr/4.6.2/avr51\libgcc.a(_udivmodhi4.o)
 *(.bss*)
 *(COMMON)
 COMMON         0x0080016a       0x23 main.o
                0x0080016a                led_pins
                0x00800175                led_state
                0x00800177                led_port
                0x00800182                led_dd
 COMMON         0x0080018d        0x9 sources/Button.o
                0x0080018d                button_pin
                0x0080018f                button_dd
                0x00800191                button_port
                0x00800193                button_pressed
                0x00800195                button_current
 COMMON         0x00800196        0xf sources/CAN.o
                0x00800196                can_queue
                0x008001a0                can_queue_head
                0x008001a1                can_Status
                0x008001a2                can_queue_tail
                0x008001a3                can_rx
 COMMON         0x008001a5       0x39 sources/Display.o
                0x008001a5                display_ddram_bottom_row
                0x008001c1                display_ddram_top_row
                0x008001dd                address_counter
 COMMON         0x008001de       0x12 sources/Event.o
                0x008001de                event_queue
                0x008001ee                event_queue_head
                0x008001ef                event_queue_tail
                0x008001f0                PROVIDE (__bss_end, .)
                0x00001f9c                __data_load_start = LOADADDR (.data)
                0x00001fb8                __data_load_end = (__data_load_start + SIZEOF (.data))

.noinit         0x008001f0        0x0
                0x008001f0                PROVIDE (__noinit_start, .)
 *(.noinit*)
                0x008001f0                PROVIDE (__noinit_end, .)
                0x008001f0                _end = .
                0x008001f0                PROVIDE (__heap_start, .)

.eeprom         0x00810000        0x0
 *(.eeprom*)
                0x00810000                __eeprom_end = .

.fuse
 *(.fuse)
 *(.lfuse)
 *(.hfuse)
 *(.efuse)

.lock
 *(.lock*)

.signature
 *(.signature*)

.stab           0x00000000      0x6cc
 *(.stab)
 .stab          0x00000000      0x6cc c:/program files (x86)/atmel/atmel studio 6.0/extensions/atmel/avrgcc/3.4.1.95/avrtoolchain/bin/../lib/gcc/avr/4.6.2/../../../../avr/lib/avr51/crtcan128.o

.stabstr        0x00000000       0x85
 *(.stabstr)
 .stabstr       0x00000000       0x85 c:/program files (x86)/atmel/atmel studio 6.0/extensions/atmel/avrgcc/3.4.1.95/avrtoolchain/bin/../lib/gcc/avr/4.6.2/../../../../avr/lib/avr51/crtcan128.o

.stab.excl
 *(.stab.excl)

.stab.exclstr
 *(.stab.exclstr)

.stab.index
 *(.stab.index)

.stab.indexstr
 *(.stab.indexstr)

.comment
 *(.comment)

.debug
 *(.debug)

.line
 *(.line)

.debug_srcinfo
 *(.debug_srcinfo)

.debug_sfnames
 *(.debug_sfnames)

.debug_aranges  0x00000000      0x240
 *(.debug_aranges)
 .debug_aranges
                0x00000000       0x20 main.o
 .debug_aranges
                0x00000020       0x20 sources/Button.o
 .debug_aranges
                0x00000040       0x20 sources/Buzzer.o
 .debug_aranges
                0x00000060       0x20 sources/CAN.o
 .debug_aranges
                0x00000080       0x20 sources/can_drv.o
 .debug_aranges
                0x000000a0       0x20 sources/can_lib.o
 .debug_aranges
                0x000000c0       0x20 sources/Display.o
 .debug_aranges
                0x000000e0       0x20 sources/Error.o
 .debug_aranges
                0x00000100       0x20 sources/Event.o
 .debug_aranges
                0x00000120       0x20 sources/Led.o
 .debug_aranges
                0x00000140       0x20 sources/MyCommon.o
 .debug_aranges
                0x00000160       0x20 sources/Timer.o
 .debug_aranges
                0x00000180       0x20 sources/WatchDog.o
 .debug_aranges
                0x000001a0       0x20 c:/program files (x86)/atmel/atmel studio 6.0/extensions/atmel/avrgcc/3.4.1.95/avrtoolchain/bin/../lib/gcc/avr/4.6.2/avr51\libgcc.a(_divmodhi4.o)
 .debug_aranges
                0x000001c0       0x20 c:/program files (x86)/atmel/atmel studio 6.0/extensions/atmel/avrgcc/3.4.1.95/avrtoolchain/bin/../lib/gcc/avr/4.6.2/avr51\libgcc.a(_exit.o)
 .debug_aranges
                0x000001e0       0x20 c:/program files (x86)/atmel/atmel studio 6.0/extensions/atmel/avrgcc/3.4.1.95/avrtoolchain/bin/../lib/gcc/avr/4.6.2/avr51\libgcc.a(_copy_data.o)
 .debug_aranges
                0x00000200       0x20 c:/program files (x86)/atmel/atmel studio 6.0/extensions/atmel/avrgcc/3.4.1.95/avrtoolchain/bin/../lib/gcc/avr/4.6.2/avr51\libgcc.a(_clear_bss.o)
 .debug_aranges
                0x00000220       0x20 c:/program files (x86)/atmel/atmel studio 6.0/extensions/atmel/avrgcc/3.4.1.95/avrtoolchain/bin/../lib/gcc/avr/4.6.2/avr51\libgcc.a(_udivmodhi4.o)

.debug_pubnames
 *(.debug_pubnames)

.debug_info     0x00000000     0x53d1
 *(.debug_info)
 .debug_info    0x00000000      0x712 main.o
 .debug_info    0x00000712      0x170 sources/Button.o
 .debug_info    0x00000882      0x10e sources/Buzzer.o
 .debug_info    0x00000990      0x9a6 sources/CAN.o
 .debug_info    0x00001336      0x9b3 sources/can_drv.o
 .debug_info    0x00001ce9      0x7e6 sources/can_lib.o
 .debug_info    0x000024cf      0x11e sources/Display.o
 .debug_info    0x000025ed      0x734 sources/Error.o
 .debug_info    0x00002d21      0x8d1 sources/Event.o
 .debug_info    0x000035f2      0x241 sources/Led.o
 .debug_info    0x00003833      0x731 sources/MyCommon.o
 .debug_info    0x00003f64      0x921 sources/Timer.o
 .debug_info    0x00004885      0x6f6 sources/WatchDog.o
 .debug_info    0x00004f7b       0xde c:/program files (x86)/atmel/atmel studio 6.0/extensions/atmel/avrgcc/3.4.1.95/avrtoolchain/bin/../lib/gcc/avr/4.6.2/avr51\libgcc.a(_divmodhi4.o)
 .debug_info    0x00005059       0xde c:/program files (x86)/atmel/atmel studio 6.0/extensions/atmel/avrgcc/3.4.1.95/avrtoolchain/bin/../lib/gcc/avr/4.6.2/avr51\libgcc.a(_exit.o)
 .debug_info    0x00005137       0xde c:/program files (x86)/atmel/atmel studio 6.0/extensions/atmel/avrgcc/3.4.1.95/avrtoolchain/bin/../lib/gcc/avr/4.6.2/avr51\libgcc.a(_copy_data.o)
 .debug_info    0x00005215       0xde c:/program files (x86)/atmel/atmel studio 6.0/extensions/atmel/avrgcc/3.4.1.95/avrtoolchain/bin/../lib/gcc/avr/4.6.2/avr51\libgcc.a(_clear_bss.o)
 .debug_info    0x000052f3       0xde c:/program files (x86)/atmel/atmel studio 6.0/extensions/atmel/avrgcc/3.4.1.95/avrtoolchain/bin/../lib/gcc/avr/4.6.2/avr51\libgcc.a(_udivmodhi4.o)
 *(.gnu.linkonce.wi.*)

.debug_abbrev   0x00000000     0x1195
 *(.debug_abbrev)
 .debug_abbrev  0x00000000      0x138 main.o
 .debug_abbrev  0x00000138       0xbe sources/Button.o
 .debug_abbrev  0x000001f6       0xa5 sources/Buzzer.o
 .debug_abbrev  0x0000029b      0x1c8 sources/CAN.o
 .debug_abbrev  0x00000463      0x202 sources/can_drv.o
 .debug_abbrev  0x00000665      0x1f1 sources/can_lib.o
 .debug_abbrev  0x00000856       0x95 sources/Display.o
 .debug_abbrev  0x000008eb      0x169 sources/Error.o
 .debug_abbrev  0x00000a54      0x1d9 sources/Event.o
 .debug_abbrev  0x00000c2d       0xf8 sources/Led.o
 .debug_abbrev  0x00000d25      0x152 sources/MyCommon.o
 .debug_abbrev  0x00000e77      0x17e sources/Timer.o
 .debug_abbrev  0x00000ff5      0x13c sources/WatchDog.o
 .debug_abbrev  0x00001131       0x14 c:/program files (x86)/atmel/atmel studio 6.0/extensions/atmel/avrgcc/3.4.1.95/avrtoolchain/bin/../lib/gcc/avr/4.6.2/avr51\libgcc.a(_divmodhi4.o)
 .debug_abbrev  0x00001145       0x14 c:/program files (x86)/atmel/atmel studio 6.0/extensions/atmel/avrgcc/3.4.1.95/avrtoolchain/bin/../lib/gcc/avr/4.6.2/avr51\libgcc.a(_exit.o)
 .debug_abbrev  0x00001159       0x14 c:/program files (x86)/atmel/atmel studio 6.0/extensions/atmel/avrgcc/3.4.1.95/avrtoolchain/bin/../lib/gcc/avr/4.6.2/avr51\libgcc.a(_copy_data.o)
 .debug_abbrev  0x0000116d       0x14 c:/program files (x86)/atmel/atmel studio 6.0/extensions/atmel/avrgcc/3.4.1.95/avrtoolchain/bin/../lib/gcc/avr/4.6.2/avr51\libgcc.a(_clear_bss.o)
 .debug_abbrev  0x00001181       0x14 c:/program files (x86)/atmel/atmel studio 6.0/extensions/atmel/avrgcc/3.4.1.95/avrtoolchain/bin/../lib/gcc/avr/4.6.2/avr51\libgcc.a(_udivmodhi4.o)

.debug_line     0x00000000     0x16ff
 *(.debug_line)
 .debug_line    0x00000000      0x122 main.o
 .debug_line    0x00000122      0x12d sources/Button.o
 .debug_line    0x0000024f       0xef sources/Buzzer.o
 .debug_line    0x0000033e      0x1ec sources/CAN.o
 .debug_line    0x0000052a      0x312 sources/can_drv.o
 .debug_line    0x0000083c      0x303 sources/can_lib.o
 .debug_line    0x00000b3f      0x102 sources/Display.o
 .debug_line    0x00000c41       0xfa sources/Error.o
 .debug_line    0x00000d3b      0x168 sources/Event.o
 .debug_line    0x00000ea3      0x162 sources/Led.o
 .debug_line    0x00001005      0x146 sources/MyCommon.o
 .debug_line    0x0000114b      0x1a2 sources/Timer.o
 .debug_line    0x000012ed      0x133 sources/WatchDog.o
 .debug_line    0x00001420       0x99 c:/program files (x86)/atmel/atmel studio 6.0/extensions/atmel/avrgcc/3.4.1.95/avrtoolchain/bin/../lib/gcc/avr/4.6.2/avr51\libgcc.a(_divmodhi4.o)
 .debug_line    0x000014b9       0x88 c:/program files (x86)/atmel/atmel studio 6.0/extensions/atmel/avrgcc/3.4.1.95/avrtoolchain/bin/../lib/gcc/avr/4.6.2/avr51\libgcc.a(_exit.o)
 .debug_line    0x00001541       0x96 c:/program files (x86)/atmel/atmel studio 6.0/extensions/atmel/avrgcc/3.4.1.95/avrtoolchain/bin/../lib/gcc/avr/4.6.2/avr51\libgcc.a(_copy_data.o)
 .debug_line    0x000015d7       0x8e c:/program files (x86)/atmel/atmel studio 6.0/extensions/atmel/avrgcc/3.4.1.95/avrtoolchain/bin/../lib/gcc/avr/4.6.2/avr51\libgcc.a(_clear_bss.o)
 .debug_line    0x00001665       0x9a c:/program files (x86)/atmel/atmel studio 6.0/extensions/atmel/avrgcc/3.4.1.95/avrtoolchain/bin/../lib/gcc/avr/4.6.2/avr51\libgcc.a(_udivmodhi4.o)

.debug_frame    0x00000000      0x91c
 *(.debug_frame)
 .debug_frame   0x00000000       0x24 main.o
 .debug_frame   0x00000024       0x44 sources/Button.o
 .debug_frame   0x00000068       0x6c sources/Buzzer.o
 .debug_frame   0x000000d4      0x128 sources/CAN.o
 .debug_frame   0x000001fc       0xf0 sources/can_drv.o
 .debug_frame   0x000002ec       0xa8 sources/can_lib.o
 .debug_frame   0x00000394       0x34 sources/Display.o
 .debug_frame   0x000003c8       0x44 sources/Error.o
 .debug_frame   0x0000040c       0x6c sources/Event.o
 .debug_frame   0x00000478       0xcc sources/Led.o
 .debug_frame   0x00000544       0x34 sources/MyCommon.o
 .debug_frame   0x00000578      0x370 sources/Timer.o
 .debug_frame   0x000008e8       0x34 sources/WatchDog.o

.debug_str      0x00000000      0xd60
 *(.debug_str)
 .debug_str     0x00000000      0x493 main.o
                                0x4d5 (size before relaxing)
 .debug_str     0x00000493       0x76 sources/Button.o
                                0x154 (size before relaxing)
 .debug_str     0x00000509       0x5d sources/Buzzer.o
                                0x12d (size before relaxing)
 .debug_str     0x00000566      0x244 sources/CAN.o
                                0x6dc (size before relaxing)
 .debug_str     0x000007aa      0x1a4 sources/can_drv.o
                                0x681 (size before relaxing)
 .debug_str     0x0000094e       0x6d sources/can_lib.o
                                0x514 (size before relaxing)
 .debug_str     0x000009bb       0x87 sources/Display.o
                                0x161 (size before relaxing)
 .debug_str     0x00000a42       0x53 sources/Error.o
                                0x539 (size before relaxing)
 .debug_str     0x00000a95       0x99 sources/Event.o
                                0x65c (size before relaxing)
 .debug_str     0x00000b2e       0x76 sources/Led.o
                                0x172 (size before relaxing)
 .debug_str     0x00000ba4       0x2c sources/MyCommon.o
                                0x579 (size before relaxing)
 .debug_str     0x00000bd0      0x169 sources/Timer.o
                                0x6b3 (size before relaxing)
 .debug_str     0x00000d39       0x27 sources/WatchDog.o
                                0x51e (size before relaxing)

.debug_loc      0x00000000     0x1841
 *(.debug_loc)
 .debug_loc     0x00000000       0x3b sources/Button.o
 .debug_loc     0x0000003b       0x64 sources/Buzzer.o
 .debug_loc     0x0000009f      0x201 sources/CAN.o
 .debug_loc     0x000002a0      0x8a5 sources/can_drv.o
 .debug_loc     0x00000b45      0x3f1 sources/can_lib.o
 .debug_loc     0x00000f36       0x2b sources/Error.o
 .debug_loc     0x00000f61       0xb3 sources/Event.o
 .debug_loc     0x00001014      0x1f5 sources/Led.o
 .debug_loc     0x00001209      0x638 sources/Timer.o

.debug_macinfo
 *(.debug_macinfo)
OUTPUT(Dashboard.elf elf32-avr)
LOAD linker stubs
