Archive member included because of file (symbol)

c:/program files (x86)/atmel/atmel studio 6.0/extensions/atmel/avrgcc/3.4.1.95/avrtoolchain/bin/../lib/gcc/avr/4.6.2/avr5\libgcc.a(_udivmodqi4.o)
                              sources/Display.o (__udivmodqi4)
c:/program files (x86)/atmel/atmel studio 6.0/extensions/atmel/avrgcc/3.4.1.95/avrtoolchain/bin/../lib/gcc/avr/4.6.2/avr5\libgcc.a(_divmodhi4.o)
                              sources/CAN.o (__divmodhi4)
c:/program files (x86)/atmel/atmel studio 6.0/extensions/atmel/avrgcc/3.4.1.95/avrtoolchain/bin/../lib/gcc/avr/4.6.2/avr5\libgcc.a(_exit.o)
                              c:/program files (x86)/atmel/atmel studio 6.0/extensions/atmel/avrgcc/3.4.1.95/avrtoolchain/bin/../lib/gcc/avr/4.6.2/../../../../avr/lib/avr5/crtcan32.o (exit)
c:/program files (x86)/atmel/atmel studio 6.0/extensions/atmel/avrgcc/3.4.1.95/avrtoolchain/bin/../lib/gcc/avr/4.6.2/avr5\libgcc.a(_copy_data.o)
                              main.o (__do_copy_data)
c:/program files (x86)/atmel/atmel studio 6.0/extensions/atmel/avrgcc/3.4.1.95/avrtoolchain/bin/../lib/gcc/avr/4.6.2/avr5\libgcc.a(_clear_bss.o)
                              main.o (__do_clear_bss)
c:/program files (x86)/atmel/atmel studio 6.0/extensions/atmel/avrgcc/3.4.1.95/avrtoolchain/bin/../lib/gcc/avr/4.6.2/avr5\libgcc.a(_udivmodhi4.o)
                              c:/program files (x86)/atmel/atmel studio 6.0/extensions/atmel/avrgcc/3.4.1.95/avrtoolchain/bin/../lib/gcc/avr/4.6.2/avr5\libgcc.a(_divmodhi4.o) (__udivmodhi4)

Allocating common symbols
Common symbol       size              file

event_queue         0x10              sources/Event.o
display_ddram_bottom_row
                    0x1c              sources/Display.o
display_ddram_top_row
                    0x1c              sources/Display.o
led_pins            0xb               main.o
event_queue_head    0x1               sources/Event.o
selected_menu_pre_error
                    0x1               sources/Button.o
display_string      0x28              sources/Button.o
dashboard_state     0x1               main.o
led_state           0x2               main.o
can_queue           0xa               sources/CAN.o
button_counter      0xc               sources/Button.o
led_port            0xb               main.o
led_dd              0xb               main.o
button_pressed_previous
                    0x2               sources/Button.o
can_queue_head      0x1               sources/CAN.o
can_Status          0x1               sources/CAN.o
address_counter     0x1               sources/Display.o
button_state        0xc               sources/Button.o
selected_menu       0x1               sources/Button.o
can_queue_tail      0x1               sources/CAN.o
button_previous_state
                    0xc               sources/Button.o
button_press        0xc               sources/Button.o
event_queue_tail    0x1               sources/Event.o
button_pressed_current
                    0x2               sources/Button.o
button_released     0xc               sources/Button.o
can_rx              0x2               sources/CAN.o
display_current_error
                    0x1               sources/Button.o

Memory Configuration

Name             Origin             Length             Attributes
text             0x00000000         0x00020000         xr
data             0x00800060         0x0000ffa0         rw !x
eeprom           0x00810000         0x00010000         rw !x
fuse             0x00820000         0x00000400         rw !x
lock             0x00830000         0x00000400         rw !x
signature        0x00840000         0x00000400         rw !x
*default*        0x00000000         0xffffffff

Linker script and memory map

Address of section .data set to 0x800100
LOAD c:/program files (x86)/atmel/atmel studio 6.0/extensions/atmel/avrgcc/3.4.1.95/avrtoolchain/bin/../lib/gcc/avr/4.6.2/../../../../avr/lib/avr5/crtcan32.o
LOAD main.o
LOAD sources/Button.o
LOAD sources/Buzzer.o
LOAD sources/CAN.o
LOAD sources/can_drv.o
LOAD sources/can_lib.o
LOAD sources/Display.o
LOAD sources/Error.o
LOAD sources/Event.o
LOAD sources/Led.o
LOAD sources/MyCommon.o
LOAD sources/Radio.o
LOAD sources/spi_lib.o
LOAD sources/Startup.o
LOAD sources/Timer.o
LOAD sources/WatchDog.o
START GROUP
LOAD c:/program files (x86)/atmel/atmel studio 6.0/extensions/atmel/avrgcc/3.4.1.95/avrtoolchain/bin/../lib/gcc/avr/4.6.2/../../../../avr/lib/avr5\libm.a
END GROUP
LOAD c:/program files (x86)/atmel/atmel studio 6.0/extensions/atmel/avrgcc/3.4.1.95/avrtoolchain/bin/../lib/gcc/avr/4.6.2/avr5\libgcc.a
LOAD c:/program files (x86)/atmel/atmel studio 6.0/extensions/atmel/avrgcc/3.4.1.95/avrtoolchain/bin/../lib/gcc/avr/4.6.2/../../../../avr/lib/avr5\libc.a
LOAD c:/program files (x86)/atmel/atmel studio 6.0/extensions/atmel/avrgcc/3.4.1.95/avrtoolchain/bin/../lib/gcc/avr/4.6.2/avr5\libgcc.a

.hash
 *(.hash)

.dynsym
 *(.dynsym)

.dynstr
 *(.dynstr)

.gnu.version
 *(.gnu.version)

.gnu.version_d
 *(.gnu.version_d)

.gnu.version_r
 *(.gnu.version_r)

.rel.init
 *(.rel.init)

.rela.init
 *(.rela.init)

.rel.text
 *(.rel.text)
 *(.rel.text.*)
 *(.rel.gnu.linkonce.t*)

.rela.text
 *(.rela.text)
 *(.rela.text.*)
 *(.rela.gnu.linkonce.t*)

.rel.fini
 *(.rel.fini)

.rela.fini
 *(.rela.fini)

.rel.rodata
 *(.rel.rodata)
 *(.rel.rodata.*)
 *(.rel.gnu.linkonce.r*)

.rela.rodata
 *(.rela.rodata)
 *(.rela.rodata.*)
 *(.rela.gnu.linkonce.r*)

.rel.data
 *(.rel.data)
 *(.rel.data.*)
 *(.rel.gnu.linkonce.d*)

.rela.data
 *(.rela.data)
 *(.rela.data.*)
 *(.rela.gnu.linkonce.d*)

.rel.ctors
 *(.rel.ctors)

.rela.ctors
 *(.rela.ctors)

.rel.dtors
 *(.rel.dtors)

.rela.dtors
 *(.rela.dtors)

.rel.got
 *(.rel.got)

.rela.got
 *(.rela.got)

.rel.bss
 *(.rel.bss)

.rela.bss
 *(.rela.bss)

.rel.plt
 *(.rel.plt)

.rela.plt
 *(.rela.plt)

.text           0x00000000     0x32ea
 *(.vectors)
 .vectors       0x00000000       0x94 c:/program files (x86)/atmel/atmel studio 6.0/extensions/atmel/avrgcc/3.4.1.95/avrtoolchain/bin/../lib/gcc/avr/4.6.2/../../../../avr/lib/avr5/crtcan32.o
                0x00000000                __vector_default
                0x00000000                __vectors
 *(.vectors)
 *(.progmem.gcc*)
 .progmem.gcc_sw_table
                0x00000094      0x202 sources/Display.o
 *(.progmem*)
                0x00000296                . = ALIGN (0x2)
                0x00000296                __trampolines_start = .
 *(.trampolines)
 .trampolines   0x00000296        0x0 linker stubs
 *(.trampolines*)
                0x00000296                __trampolines_end = .
 *(.jumptables)
 *(.jumptables*)
 *(.lowtext)
 *(.lowtext*)
                0x00000296                __ctors_start = .
 *(.ctors)
                0x00000296                __ctors_end = .
                0x00000296                __dtors_start = .
 *(.dtors)
                0x00000296                __dtors_end = .
 SORT(*)(.ctors)
 SORT(*)(.dtors)
 *(.init0)
 .init0         0x00000296        0x0 c:/program files (x86)/atmel/atmel studio 6.0/extensions/atmel/avrgcc/3.4.1.95/avrtoolchain/bin/../lib/gcc/avr/4.6.2/../../../../avr/lib/avr5/crtcan32.o
                0x00000296                __init
 *(.init0)
 *(.init1)
 *(.init1)
 *(.init2)
 .init2         0x00000296        0xc c:/program files (x86)/atmel/atmel studio 6.0/extensions/atmel/avrgcc/3.4.1.95/avrtoolchain/bin/../lib/gcc/avr/4.6.2/../../../../avr/lib/avr5/crtcan32.o
 *(.init2)
 *(.init3)
 *(.init3)
 *(.init4)
 .init4         0x000002a2       0x16 c:/program files (x86)/atmel/atmel studio 6.0/extensions/atmel/avrgcc/3.4.1.95/avrtoolchain/bin/../lib/gcc/avr/4.6.2/avr5\libgcc.a(_copy_data.o)
                0x000002a2                __do_copy_data
 .init4         0x000002b8       0x10 c:/program files (x86)/atmel/atmel studio 6.0/extensions/atmel/avrgcc/3.4.1.95/avrtoolchain/bin/../lib/gcc/avr/4.6.2/avr5\libgcc.a(_clear_bss.o)
                0x000002b8                __do_clear_bss
 *(.init4)
 *(.init5)
 *(.init5)
 *(.init6)
 *(.init6)
 *(.init7)
 *(.init7)
 *(.init8)
 *(.init8)
 *(.init9)
 .init9         0x000002c8        0x8 c:/program files (x86)/atmel/atmel studio 6.0/extensions/atmel/avrgcc/3.4.1.95/avrtoolchain/bin/../lib/gcc/avr/4.6.2/../../../../avr/lib/avr5/crtcan32.o
 *(.init9)
 *(.text)
 .text          0x000002d0        0x4 c:/program files (x86)/atmel/atmel studio 6.0/extensions/atmel/avrgcc/3.4.1.95/avrtoolchain/bin/../lib/gcc/avr/4.6.2/../../../../avr/lib/avr5/crtcan32.o
                0x000002d0                __vector_22
                0x000002d0                __vector_1
                0x000002d0                __vector_32
                0x000002d0                __vector_34
                0x000002d0                __vector_24
                0x000002d0                __bad_interrupt
                0x000002d0                __vector_6
                0x000002d0                __vector_35
                0x000002d0                __vector_3
                0x000002d0                __vector_23
                0x000002d0                __vector_25
                0x000002d0                __vector_11
                0x000002d0                __vector_19
                0x000002d0                __vector_7
                0x000002d0                __vector_27
                0x000002d0                __vector_5
                0x000002d0                __vector_33
                0x000002d0                __vector_4
                0x000002d0                __vector_9
                0x000002d0                __vector_2
                0x000002d0                __vector_21
                0x000002d0                __vector_36
                0x000002d0                __vector_8
                0x000002d0                __vector_26
                0x000002d0                __vector_10
                0x000002d0                __vector_20
 .text          0x000002d4        0xc main.o
                0x000002d4                main
 .text          0x000002e0      0x3b8 sources/Button.o
                0x000002e0                button_read_col
                0x000003b2                col1_input_high
                0x000003b8                col2_input_high
                0x000003be                col3_input_high
                0x000003c4                col1_low
                0x000003ca                col2_low
                0x000003d0                col3_low
                0x000003d6                buttons_react
                0x0000053e                button_init
                0x00000580                button_multiplex_cycle
                0x0000068a                button_get_button_state
 .text          0x00000698       0x20 sources/Buzzer.o
                0x00000698                buzzer_init
                0x0000069e                buzzer_on
                0x000006a2                buzzer_off
                0x000006a6                buzzer_buzz_ready_to_drive
 .text          0x000006b8      0x298 sources/CAN.o
                0x000006b8                __vector_18
                0x00000740                CANInit
                0x00000776                CANGetStruct
                0x00000798                CANStartRx
                0x000007b4                CANGetData
                0x000007c4                CANSendData
                0x0000083e                CANAddSendData
                0x0000088c                CANGetCurrentTx
                0x000008a0                CANSendNext
                0x000008de                CANAbortCMD
                0x00000926                CANRestartReceive
 .text          0x00000950      0x516 sources/can_drv.o
                0x00000950                can_clear_all_mob
                0x00000974                can_get_mob_free
                0x000009b4                can_get_mob_status
                0x000009da                can_get_data
                0x00000a1e                can_auto_baudrate
                0x00000e30                Can_conf_bt_flex
                0x00000e40                can_fixed_baudrate
 .text          0x00000e66      0xd80 sources/can_lib.o
                0x00000eae                can_init
                0x00000ecc                can_off
                0x00000ed8                can_cmd
                0x00001a8c                can_get_status
 .text          0x00001be6      0xba4 sources/Display.o
                0x00001be6                display_make_display_line_percent
                0x00001c4e                display_make_display_line_min_av_max_volt
                0x00001cde                display_make_display_line_percent_bar
                0x00001dc6                display_make_display_line_min_av_max_temp
                0x00001e56                display_make_display_line_lv_voltage
                0x00001ea8                display_make_display_line_error_or_message
                0x0000218c                display_make_display_line_button_test
                0x00002198                display_make_display_line_blank
                0x000021e2                display_make_display_line_select_player
                0x0000227e                display_make_display_line_brake_balance
                0x00002314                display_make_display_line_motor_temp
                0x000023f2                display_write_data
                0x0000240a                display_write_instruction
                0x00002422                display_write_display_lines
                0x0000248c                display_update
                0x0000269e                display_init
                0x000026ea                display_set_display_string
                0x000026fe                display_up
                0x0000273a                display_down
                0x0000276a                display_starting
 .text          0x0000278a       0x2a sources/Error.o
                0x0000278a                InitError
                0x00002798                AddError
                0x000027a8                ClearErrors
 .text          0x000027b4      0x2e8 sources/Event.o
                0x000027b4                EventInit
                0x000027be                EventAddEvent
                0x000027fa                EventGetNextEvent
                0x00002816                Dashboard
                0x00002a76                EventHandleEvent
 .text          0x00002a9c      0x30c sources/Led.o
                0x00002a9c                led_init
                0x00002ab8                led_set
                0x00002b28                led_clear
                0x00002b98                led_clear_all
                0x00002bac                led_is_set
                0x00002ca6                led_toggle
                0x00002cc4                led_state_set
                0x00002d0e                led_state_return
                0x00002d48                led_percent_bar
 .text          0x00002da8       0x76 sources/MyCommon.o
                0x00002da8                main_deinit
                0x00002daa                ports_init
                0x00002dda                main_init
 .text          0x00002e1e        0xe sources/Radio.o
                0x00002e1e                radio_init
                0x00002e24                radio_on
                0x00002e28                radio_off
 .text          0x00002e2c       0x5e sources/spi_lib.o
                0x00002e2c                spi_init
                0x00002e52                spi_test_hit
                0x00002e58                spi_putchar
                0x00002e62                spi_getchar
                0x00002e6c                spi_transmit_master
 .text          0x00002e8a       0x8a sources/Startup.o
                0x00002e8a                startup_sequence
 .text          0x00002f14      0x340 sources/Timer.o
                0x00002f14                __vector_16
                0x00002f28                __vector_17
                0x00002f3c                __vector_12
                0x00002f96                __vector_13
                0x00002ff0                __vector_14
                0x0000304a                __vector_28
                0x000030a4                __vector_29
                0x000030fe                __vector_30
                0x00003158                __vector_15
                0x0000316c                __vector_31
                0x00003180                Timer1_init
                0x0000318a                Timer3_init
                0x00003194                TIMER_Timer1_OCR1A_on
                0x000031b4                TIMER_Timer1_OCR1B_on
                0x000031d4                TIMER_Timer1_OCR1C_on
                0x000031f4                TIMER_Timer3_OCR3A_on
                0x00003214                TIMER_Timer3_OCR3B_on
                0x00003234                TIMER_Timer3_OCR3C_on
 .text          0x00003254       0x2c sources/WatchDog.o
                0x00003254                InitWDT
                0x0000326c                CheckWDT
 .text          0x00003280        0x0 c:/program files (x86)/atmel/atmel studio 6.0/extensions/atmel/avrgcc/3.4.1.95/avrtoolchain/bin/../lib/gcc/avr/4.6.2/avr5\libgcc.a(_udivmodqi4.o)
 .text          0x00003280        0x0 c:/program files (x86)/atmel/atmel studio 6.0/extensions/atmel/avrgcc/3.4.1.95/avrtoolchain/bin/../lib/gcc/avr/4.6.2/avr5\libgcc.a(_divmodhi4.o)
 .text          0x00003280        0x0 c:/program files (x86)/atmel/atmel studio 6.0/extensions/atmel/avrgcc/3.4.1.95/avrtoolchain/bin/../lib/gcc/avr/4.6.2/avr5\libgcc.a(_exit.o)
 .text          0x00003280        0x0 c:/program files (x86)/atmel/atmel studio 6.0/extensions/atmel/avrgcc/3.4.1.95/avrtoolchain/bin/../lib/gcc/avr/4.6.2/avr5\libgcc.a(_copy_data.o)
 .text          0x00003280        0x0 c:/program files (x86)/atmel/atmel studio 6.0/extensions/atmel/avrgcc/3.4.1.95/avrtoolchain/bin/../lib/gcc/avr/4.6.2/avr5\libgcc.a(_clear_bss.o)
 .text          0x00003280        0x0 c:/program files (x86)/atmel/atmel studio 6.0/extensions/atmel/avrgcc/3.4.1.95/avrtoolchain/bin/../lib/gcc/avr/4.6.2/avr5\libgcc.a(_udivmodhi4.o)
                0x00003280                . = ALIGN (0x2)
 *(.text.*)
 .text.libgcc   0x00003280       0x18 c:/program files (x86)/atmel/atmel studio 6.0/extensions/atmel/avrgcc/3.4.1.95/avrtoolchain/bin/../lib/gcc/avr/4.6.2/avr5\libgcc.a(_udivmodqi4.o)
                0x00003280                __udivmodqi4
 .text.libgcc   0x00003298       0x26 c:/program files (x86)/atmel/atmel studio 6.0/extensions/atmel/avrgcc/3.4.1.95/avrtoolchain/bin/../lib/gcc/avr/4.6.2/avr5\libgcc.a(_divmodhi4.o)
                0x00003298                _div
                0x00003298                __divmodhi4
 .text.libgcc   0x000032be        0x0 c:/program files (x86)/atmel/atmel studio 6.0/extensions/atmel/avrgcc/3.4.1.95/avrtoolchain/bin/../lib/gcc/avr/4.6.2/avr5\libgcc.a(_exit.o)
 .text.libgcc   0x000032be        0x0 c:/program files (x86)/atmel/atmel studio 6.0/extensions/atmel/avrgcc/3.4.1.95/avrtoolchain/bin/../lib/gcc/avr/4.6.2/avr5\libgcc.a(_copy_data.o)
 .text.libgcc   0x000032be        0x0 c:/program files (x86)/atmel/atmel studio 6.0/extensions/atmel/avrgcc/3.4.1.95/avrtoolchain/bin/../lib/gcc/avr/4.6.2/avr5\libgcc.a(_clear_bss.o)
 .text.libgcc   0x000032be       0x28 c:/program files (x86)/atmel/atmel studio 6.0/extensions/atmel/avrgcc/3.4.1.95/avrtoolchain/bin/../lib/gcc/avr/4.6.2/avr5\libgcc.a(_udivmodhi4.o)
                0x000032be                __udivmodhi4
                0x000032e6                . = ALIGN (0x2)
 *(.fini9)
 .fini9         0x000032e6        0x0 c:/program files (x86)/atmel/atmel studio 6.0/extensions/atmel/avrgcc/3.4.1.95/avrtoolchain/bin/../lib/gcc/avr/4.6.2/avr5\libgcc.a(_exit.o)
                0x000032e6                _exit
                0x000032e6                exit
 *(.fini9)
 *(.fini8)
 *(.fini8)
 *(.fini7)
 *(.fini7)
 *(.fini6)
 *(.fini6)
 *(.fini5)
 *(.fini5)
 *(.fini4)
 *(.fini4)
 *(.fini3)
 *(.fini3)
 *(.fini2)
 *(.fini2)
 *(.fini1)
 *(.fini1)
 *(.fini0)
 .fini0         0x000032e6        0x4 c:/program files (x86)/atmel/atmel studio 6.0/extensions/atmel/avrgcc/3.4.1.95/avrtoolchain/bin/../lib/gcc/avr/4.6.2/avr5\libgcc.a(_exit.o)
 *(.fini0)
                0x000032ea                _etext = .

.data           0x00800100      0x564 load address 0x000032ea
                0x00800100                PROVIDE (__data_start, .)
 *(.data)
 .data          0x00800100        0x0 c:/program files (x86)/atmel/atmel studio 6.0/extensions/atmel/avrgcc/3.4.1.95/avrtoolchain/bin/../lib/gcc/avr/4.6.2/../../../../avr/lib/avr5/crtcan32.o
 .data          0x00800100        0x0 main.o
 .data          0x00800100        0x0 sources/Button.o
 .data          0x00800100        0x0 sources/Buzzer.o
 .data          0x00800100        0x0 sources/CAN.o
 .data          0x00800100        0x0 sources/can_drv.o
 .data          0x00800100        0x0 sources/can_lib.o
 .data          0x00800100      0x564 sources/Display.o
                0x0080013c                test
                0x00800164                display_line_player_princess_peach
                0x00800178                display_line_player_donkey_kong
                0x0080018c                display_line_player_bowser
                0x008001a0                display_line_player_luigi
                0x008001b4                display_line_player_mario
                0x008001c8                display_line_player_yoshi
                0x008001dc                display_line_player_select
                0x008001f0                display_line_brake_balance
                0x00800204                display_line_starting
                0x00800218                display_line_tsal2
                0x0080022c                display_line_tsal1
                0x00800240                display_line_blank
                0x00800254                display_line_buttons_pressed
                0x00800268                display_line_accleration_mode_go_go
                0x0080027c                display_line_accleration_mode_ready
                0x00800290                display_line_accleration_mode_normal
                0x008002a4                display_line_accleration_mode
                0x008002b8                display_line_torque_vectoring
                0x008002cc                display_line_traction_control
                0x008002e0                display_line_motor_temp_rear
                0x008002f4                display_line_motor_temp_front
                0x00800308                display_line_motor_power_rear
                0x0080031c                display_line_motor_power_front
                0x00800330                display_line_lv_voltage
                0x00800344                display_line_cel_temp
                0x00800358                display_line_min_cv_max
                0x0080036c                display_line_soc
                0x00800380                display_line_message
                0x00800394                display_line_error
                0x008003a8                display_line_home
                0x008003bc                display_line_message_mc_fail
                0x008003d0                display_line_message_precharge_fail
                0x008003e4                display_line_message_ms_open
                0x008003f8                display_line_message_enre_fail
                0x0080040c                display_line_message_ready_2_drive
                0x00800420                display_line_message_starting_motor_controller
                0x00800434                display_line_message_precharged
                0x00800448                display_line_message_precharging
                0x0080045c                display_line_message_check_ms
                0x00800470                display_line_message_starting_ts
                0x00800484                display_line_error_missing_shunt
                0x00800498                display_line_error_missing_mc_right
                0x008004ac                display_line_error_missing_mc_left
                0x008004c0                display_line_error_missing_mcm_ab
                0x008004d4                display_line_error_missing_mcm_lvb
                0x008004e8                display_line_error_missing_mcm_front
                0x008004fc                display_line_error_missing_mcm_rear
                0x00800510                display_line_bms_overtemp
                0x00800524                display_line_bms_overcurrent
                0x00800538                display_line_bms_undervoltage
                0x0080054c                display_line_error_mcm
                0x00800560                display_line_error_mc
                0x00800574                display_line_error_bms
                0x00800588                display_line_error_bad_request_id
                0x0080059c                display_line_error_bpd
                0x008005b0                display_line_error_imdf
                0x008005c4                display_line_error_imd
                0x008005d8                display_line_error_hvdi
                0x008005ec                display_line_error_bots
                0x00800600                display_line_error_pre_bots
                0x00800614                display_line_error_pre_enre
                0x00800628                display_line_error_unknown_code
                0x0080063c                display_line_error_sc_down
                0x00800650                display_line_error_none
 .data          0x00800664        0x0 sources/Error.o
 .data          0x00800664        0x0 sources/Event.o
 .data          0x00800664        0x0 sources/Led.o
 .data          0x00800664        0x0 sources/MyCommon.o
 .data          0x00800664        0x0 sources/Radio.o
 .data          0x00800664        0x0 sources/spi_lib.o
 .data          0x00800664        0x0 sources/Startup.o
 .data          0x00800664        0x0 sources/Timer.o
 .data          0x00800664        0x0 sources/WatchDog.o
 .data          0x00800664        0x0 c:/program files (x86)/atmel/atmel studio 6.0/extensions/atmel/avrgcc/3.4.1.95/avrtoolchain/bin/../lib/gcc/avr/4.6.2/avr5\libgcc.a(_udivmodqi4.o)
 .data          0x00800664        0x0 c:/program files (x86)/atmel/atmel studio 6.0/extensions/atmel/avrgcc/3.4.1.95/avrtoolchain/bin/../lib/gcc/avr/4.6.2/avr5\libgcc.a(_divmodhi4.o)
 .data          0x00800664        0x0 c:/program files (x86)/atmel/atmel studio 6.0/extensions/atmel/avrgcc/3.4.1.95/avrtoolchain/bin/../lib/gcc/avr/4.6.2/avr5\libgcc.a(_exit.o)
 .data          0x00800664        0x0 c:/program files (x86)/atmel/atmel studio 6.0/extensions/atmel/avrgcc/3.4.1.95/avrtoolchain/bin/../lib/gcc/avr/4.6.2/avr5\libgcc.a(_copy_data.o)
 .data          0x00800664        0x0 c:/program files (x86)/atmel/atmel studio 6.0/extensions/atmel/avrgcc/3.4.1.95/avrtoolchain/bin/../lib/gcc/avr/4.6.2/avr5\libgcc.a(_clear_bss.o)
 .data          0x00800664        0x0 c:/program files (x86)/atmel/atmel studio 6.0/extensions/atmel/avrgcc/3.4.1.95/avrtoolchain/bin/../lib/gcc/avr/4.6.2/avr5\libgcc.a(_udivmodhi4.o)
 *(.data*)
 *(.rodata)
 *(.rodata*)
 *(.gnu.linkonce.d*)
                0x00800664                . = ALIGN (0x2)
                0x00800664                _edata = .
                0x00800664                PROVIDE (__data_end, .)

.bss            0x00800664      0x120
                0x00800664                PROVIDE (__bss_start, .)
 *(.bss)
 .bss           0x00800664        0x0 c:/program files (x86)/atmel/atmel studio 6.0/extensions/atmel/avrgcc/3.4.1.95/avrtoolchain/bin/../lib/gcc/avr/4.6.2/../../../../avr/lib/avr5/crtcan32.o
 .bss           0x00800664        0x0 main.o
 .bss           0x00800664        0x2 sources/Button.o
                0x00800664                button_key2
                0x00800665                button_key1
 .bss           0x00800666        0x2 sources/Buzzer.o
                0x00800666                buzz_cycles
                0x00800667                buzzer_count
 .bss           0x00800668        0x0 sources/CAN.o
 .bss           0x00800668        0x0 sources/can_drv.o
 .bss           0x00800668        0x0 sources/can_lib.o
 .bss           0x00800668        0x0 sources/Display.o
 .bss           0x00800668        0x2 sources/Error.o
 .bss           0x0080066a       0x30 sources/Event.o
 .bss           0x0080069a        0x0 sources/Led.o
 .bss           0x0080069a        0x0 sources/MyCommon.o
 .bss           0x0080069a        0x0 sources/Radio.o
 .bss           0x0080069a        0x0 sources/spi_lib.o
 .bss           0x0080069a        0x1 sources/Startup.o
                0x0080069a                start_up_count
 .bss           0x0080069b        0x0 sources/Timer.o
 .bss           0x0080069b        0x0 sources/WatchDog.o
 .bss           0x0080069b        0x0 c:/program files (x86)/atmel/atmel studio 6.0/extensions/atmel/avrgcc/3.4.1.95/avrtoolchain/bin/../lib/gcc/avr/4.6.2/avr5\libgcc.a(_udivmodqi4.o)
 .bss           0x0080069b        0x0 c:/program files (x86)/atmel/atmel studio 6.0/extensions/atmel/avrgcc/3.4.1.95/avrtoolchain/bin/../lib/gcc/avr/4.6.2/avr5\libgcc.a(_divmodhi4.o)
 .bss           0x0080069b        0x0 c:/program files (x86)/atmel/atmel studio 6.0/extensions/atmel/avrgcc/3.4.1.95/avrtoolchain/bin/../lib/gcc/avr/4.6.2/avr5\libgcc.a(_exit.o)
 .bss           0x0080069b        0x0 c:/program files (x86)/atmel/atmel studio 6.0/extensions/atmel/avrgcc/3.4.1.95/avrtoolchain/bin/../lib/gcc/avr/4.6.2/avr5\libgcc.a(_copy_data.o)
 .bss           0x0080069b        0x0 c:/program files (x86)/atmel/atmel studio 6.0/extensions/atmel/avrgcc/3.4.1.95/avrtoolchain/bin/../lib/gcc/avr/4.6.2/avr5\libgcc.a(_clear_bss.o)
 .bss           0x0080069b        0x0 c:/program files (x86)/atmel/atmel studio 6.0/extensions/atmel/avrgcc/3.4.1.95/avrtoolchain/bin/../lib/gcc/avr/4.6.2/avr5\libgcc.a(_udivmodhi4.o)
 *(.bss*)
 *(COMMON)
 COMMON         0x0080069b       0x24 main.o
                0x0080069b                led_pins
                0x008006a6                dashboard_state
                0x008006a7                led_state
                0x008006a9                led_port
                0x008006b4                led_dd
 COMMON         0x008006bf       0x6b sources/Button.o
                0x008006bf                selected_menu_pre_error
                0x008006c0                display_string
                0x008006e8                button_counter
                0x008006f4                button_pressed_previous
                0x008006f6                button_state
                0x00800702                selected_menu
                0x00800703                button_previous_state
                0x0080070f                button_press
                0x0080071b                button_pressed_current
                0x0080071d                button_released
                0x00800729                display_current_error
 COMMON         0x0080072a        0xf sources/CAN.o
                0x0080072a                can_queue
                0x00800734                can_queue_head
                0x00800735                can_Status
                0x00800736                can_queue_tail
                0x00800737                can_rx
 COMMON         0x00800739       0x39 sources/Display.o
                0x00800739                display_ddram_bottom_row
                0x00800755                display_ddram_top_row
                0x00800771                address_counter
 COMMON         0x00800772       0x12 sources/Event.o
                0x00800772                event_queue
                0x00800782                event_queue_head
                0x00800783                event_queue_tail
                0x00800784                PROVIDE (__bss_end, .)
                0x000032ea                __data_load_start = LOADADDR (.data)
                0x0000384e                __data_load_end = (__data_load_start + SIZEOF (.data))

.noinit         0x00800784        0x0
                0x00800784                PROVIDE (__noinit_start, .)
 *(.noinit*)
                0x00800784                PROVIDE (__noinit_end, .)
                0x00800784                _end = .
                0x00800784                PROVIDE (__heap_start, .)

.eeprom         0x00810000        0x0
 *(.eeprom*)
                0x00810000                __eeprom_end = .

.fuse
 *(.fuse)
 *(.lfuse)
 *(.hfuse)
 *(.efuse)

.lock
 *(.lock*)

.signature
 *(.signature*)

.stab           0x00000000      0x6cc
 *(.stab)
 .stab          0x00000000      0x6cc c:/program files (x86)/atmel/atmel studio 6.0/extensions/atmel/avrgcc/3.4.1.95/avrtoolchain/bin/../lib/gcc/avr/4.6.2/../../../../avr/lib/avr5/crtcan32.o

.stabstr        0x00000000       0x85
 *(.stabstr)
 .stabstr       0x00000000       0x85 c:/program files (x86)/atmel/atmel studio 6.0/extensions/atmel/avrgcc/3.4.1.95/avrtoolchain/bin/../lib/gcc/avr/4.6.2/../../../../avr/lib/avr5/crtcan32.o

.stab.excl
 *(.stab.excl)

.stab.exclstr
 *(.stab.exclstr)

.stab.index
 *(.stab.index)

.stab.indexstr
 *(.stab.indexstr)

.comment
 *(.comment)

.debug
 *(.debug)

.line
 *(.line)

.debug_srcinfo
 *(.debug_srcinfo)

.debug_sfnames
 *(.debug_sfnames)

.debug_aranges  0x00000000      0x2c0
 *(.debug_aranges)
 .debug_aranges
                0x00000000       0x20 main.o
 .debug_aranges
                0x00000020       0x20 sources/Button.o
 .debug_aranges
                0x00000040       0x20 sources/Buzzer.o
 .debug_aranges
                0x00000060       0x20 sources/CAN.o
 .debug_aranges
                0x00000080       0x20 sources/can_drv.o
 .debug_aranges
                0x000000a0       0x20 sources/can_lib.o
 .debug_aranges
                0x000000c0       0x20 sources/Display.o
 .debug_aranges
                0x000000e0       0x20 sources/Error.o
 .debug_aranges
                0x00000100       0x20 sources/Event.o
 .debug_aranges
                0x00000120       0x20 sources/Led.o
 .debug_aranges
                0x00000140       0x20 sources/MyCommon.o
 .debug_aranges
                0x00000160       0x20 sources/Radio.o
 .debug_aranges
                0x00000180       0x20 sources/spi_lib.o
 .debug_aranges
                0x000001a0       0x20 sources/Startup.o
 .debug_aranges
                0x000001c0       0x20 sources/Timer.o
 .debug_aranges
                0x000001e0       0x20 sources/WatchDog.o
 .debug_aranges
                0x00000200       0x20 c:/program files (x86)/atmel/atmel studio 6.0/extensions/atmel/avrgcc/3.4.1.95/avrtoolchain/bin/../lib/gcc/avr/4.6.2/avr5\libgcc.a(_udivmodqi4.o)
 .debug_aranges
                0x00000220       0x20 c:/program files (x86)/atmel/atmel studio 6.0/extensions/atmel/avrgcc/3.4.1.95/avrtoolchain/bin/../lib/gcc/avr/4.6.2/avr5\libgcc.a(_divmodhi4.o)
 .debug_aranges
                0x00000240       0x20 c:/program files (x86)/atmel/atmel studio 6.0/extensions/atmel/avrgcc/3.4.1.95/avrtoolchain/bin/../lib/gcc/avr/4.6.2/avr5\libgcc.a(_exit.o)
 .debug_aranges
                0x00000260       0x20 c:/program files (x86)/atmel/atmel studio 6.0/extensions/atmel/avrgcc/3.4.1.95/avrtoolchain/bin/../lib/gcc/avr/4.6.2/avr5\libgcc.a(_copy_data.o)
 .debug_aranges
                0x00000280       0x20 c:/program files (x86)/atmel/atmel studio 6.0/extensions/atmel/avrgcc/3.4.1.95/avrtoolchain/bin/../lib/gcc/avr/4.6.2/avr5\libgcc.a(_clear_bss.o)
 .debug_aranges
                0x000002a0       0x20 c:/program files (x86)/atmel/atmel studio 6.0/extensions/atmel/avrgcc/3.4.1.95/avrtoolchain/bin/../lib/gcc/avr/4.6.2/avr5\libgcc.a(_udivmodhi4.o)

.debug_pubnames
 *(.debug_pubnames)

.debug_info     0x00000000     0x596f
 *(.debug_info)
 .debug_info    0x00000000      0x40c main.o
 .debug_info    0x0000040c      0x464 sources/Button.o
 .debug_info    0x00000870       0xfa sources/Buzzer.o
 .debug_info    0x0000096a      0x67c sources/CAN.o
 .debug_info    0x00000fe6      0x69b sources/can_drv.o
 .debug_info    0x00001681      0x4ce sources/can_lib.o
 .debug_info    0x00001b4f     0x12ce sources/Display.o
 .debug_info    0x00002e1d      0x41c sources/Error.o
 .debug_info    0x00003239      0x783 sources/Event.o
 .debug_info    0x000039bc      0x272 sources/Led.o
 .debug_info    0x00003c2e      0x52c sources/MyCommon.o
 .debug_info    0x0000415a       0xa8 sources/Radio.o
 .debug_info    0x00004202      0x452 sources/spi_lib.o
 .debug_info    0x00004654      0x483 sources/Startup.o
 .debug_info    0x00004ad7      0x58c sources/Timer.o
 .debug_info    0x00005063      0x3de sources/WatchDog.o
 .debug_info    0x00005441       0xdd c:/program files (x86)/atmel/atmel studio 6.0/extensions/atmel/avrgcc/3.4.1.95/avrtoolchain/bin/../lib/gcc/avr/4.6.2/avr5\libgcc.a(_udivmodqi4.o)
 .debug_info    0x0000551e       0xdd c:/program files (x86)/atmel/atmel studio 6.0/extensions/atmel/avrgcc/3.4.1.95/avrtoolchain/bin/../lib/gcc/avr/4.6.2/avr5\libgcc.a(_divmodhi4.o)
 .debug_info    0x000055fb       0xdd c:/program files (x86)/atmel/atmel studio 6.0/extensions/atmel/avrgcc/3.4.1.95/avrtoolchain/bin/../lib/gcc/avr/4.6.2/avr5\libgcc.a(_exit.o)
 .debug_info    0x000056d8       0xdd c:/program files (x86)/atmel/atmel studio 6.0/extensions/atmel/avrgcc/3.4.1.95/avrtoolchain/bin/../lib/gcc/avr/4.6.2/avr5\libgcc.a(_copy_data.o)
 .debug_info    0x000057b5       0xdd c:/program files (x86)/atmel/atmel studio 6.0/extensions/atmel/avrgcc/3.4.1.95/avrtoolchain/bin/../lib/gcc/avr/4.6.2/avr5\libgcc.a(_clear_bss.o)
 .debug_info    0x00005892       0xdd c:/program files (x86)/atmel/atmel studio 6.0/extensions/atmel/avrgcc/3.4.1.95/avrtoolchain/bin/../lib/gcc/avr/4.6.2/avr5\libgcc.a(_udivmodhi4.o)
 *(.gnu.linkonce.wi.*)

.debug_abbrev   0x00000000     0x1646
 *(.debug_abbrev)
 .debug_abbrev  0x00000000      0x11a main.o
 .debug_abbrev  0x0000011a      0x13b sources/Button.o
 .debug_abbrev  0x00000255       0x81 sources/Buzzer.o
 .debug_abbrev  0x000002d6      0x1aa sources/CAN.o
 .debug_abbrev  0x00000480      0x1e4 sources/can_drv.o
 .debug_abbrev  0x00000664      0x1d3 sources/can_lib.o
 .debug_abbrev  0x00000837      0x2ad sources/Display.o
 .debug_abbrev  0x00000ae4      0x14b sources/Error.o
 .debug_abbrev  0x00000c2f      0x1ba sources/Event.o
 .debug_abbrev  0x00000de9      0x115 sources/Led.o
 .debug_abbrev  0x00000efe      0x156 sources/MyCommon.o
 .debug_abbrev  0x00001054       0x4c sources/Radio.o
 .debug_abbrev  0x000010a0      0x179 sources/spi_lib.o
 .debug_abbrev  0x00001219      0x155 sources/Startup.o
 .debug_abbrev  0x0000136e      0x142 sources/Timer.o
 .debug_abbrev  0x000014b0      0x11e sources/WatchDog.o
 .debug_abbrev  0x000015ce       0x14 c:/program files (x86)/atmel/atmel studio 6.0/extensions/atmel/avrgcc/3.4.1.95/avrtoolchain/bin/../lib/gcc/avr/4.6.2/avr5\libgcc.a(_udivmodqi4.o)
 .debug_abbrev  0x000015e2       0x14 c:/program files (x86)/atmel/atmel studio 6.0/extensions/atmel/avrgcc/3.4.1.95/avrtoolchain/bin/../lib/gcc/avr/4.6.2/avr5\libgcc.a(_divmodhi4.o)
 .debug_abbrev  0x000015f6       0x14 c:/program files (x86)/atmel/atmel studio 6.0/extensions/atmel/avrgcc/3.4.1.95/avrtoolchain/bin/../lib/gcc/avr/4.6.2/avr5\libgcc.a(_exit.o)
 .debug_abbrev  0x0000160a       0x14 c:/program files (x86)/atmel/atmel studio 6.0/extensions/atmel/avrgcc/3.4.1.95/avrtoolchain/bin/../lib/gcc/avr/4.6.2/avr5\libgcc.a(_copy_data.o)
 .debug_abbrev  0x0000161e       0x14 c:/program files (x86)/atmel/atmel studio 6.0/extensions/atmel/avrgcc/3.4.1.95/avrtoolchain/bin/../lib/gcc/avr/4.6.2/avr5\libgcc.a(_clear_bss.o)
 .debug_abbrev  0x00001632       0x14 c:/program files (x86)/atmel/atmel studio 6.0/extensions/atmel/avrgcc/3.4.1.95/avrtoolchain/bin/../lib/gcc/avr/4.6.2/avr5\libgcc.a(_udivmodhi4.o)

.debug_line     0x00000000     0x1ebf
 *(.debug_line)
 .debug_line    0x00000000      0x130 main.o
 .debug_line    0x00000130      0x1e1 sources/Button.o
 .debug_line    0x00000311      0x10a sources/Buzzer.o
 .debug_line    0x0000041b      0x1ec sources/CAN.o
 .debug_line    0x00000607      0x312 sources/can_drv.o
 .debug_line    0x00000919      0x303 sources/can_lib.o
 .debug_line    0x00000c1c      0x321 sources/Display.o
 .debug_line    0x00000f3d       0xfa sources/Error.o
 .debug_line    0x00001037      0x1c5 sources/Event.o
 .debug_line    0x000011fc      0x186 sources/Led.o
 .debug_line    0x00001382      0x178 sources/MyCommon.o
 .debug_line    0x000014fa       0xe1 sources/Radio.o
 .debug_line    0x000015db      0x17b sources/spi_lib.o
 .debug_line    0x00001756      0x146 sources/Startup.o
 .debug_line    0x0000189c      0x184 sources/Timer.o
 .debug_line    0x00001a20      0x133 sources/WatchDog.o
 .debug_line    0x00001b53       0x92 c:/program files (x86)/atmel/atmel studio 6.0/extensions/atmel/avrgcc/3.4.1.95/avrtoolchain/bin/../lib/gcc/avr/4.6.2/avr5\libgcc.a(_udivmodqi4.o)
 .debug_line    0x00001be5       0x99 c:/program files (x86)/atmel/atmel studio 6.0/extensions/atmel/avrgcc/3.4.1.95/avrtoolchain/bin/../lib/gcc/avr/4.6.2/avr5\libgcc.a(_divmodhi4.o)
 .debug_line    0x00001c7e       0x88 c:/program files (x86)/atmel/atmel studio 6.0/extensions/atmel/avrgcc/3.4.1.95/avrtoolchain/bin/../lib/gcc/avr/4.6.2/avr5\libgcc.a(_exit.o)
 .debug_line    0x00001d06       0x91 c:/program files (x86)/atmel/atmel studio 6.0/extensions/atmel/avrgcc/3.4.1.95/avrtoolchain/bin/../lib/gcc/avr/4.6.2/avr5\libgcc.a(_copy_data.o)
 .debug_line    0x00001d97       0x8e c:/program files (x86)/atmel/atmel studio 6.0/extensions/atmel/avrgcc/3.4.1.95/avrtoolchain/bin/../lib/gcc/avr/4.6.2/avr5\libgcc.a(_clear_bss.o)
 .debug_line    0x00001e25       0x9a c:/program files (x86)/atmel/atmel studio 6.0/extensions/atmel/avrgcc/3.4.1.95/avrtoolchain/bin/../lib/gcc/avr/4.6.2/avr5\libgcc.a(_udivmodhi4.o)

.debug_frame    0x00000000      0xcb0
 *(.debug_frame)
 .debug_frame   0x00000000       0x24 main.o
 .debug_frame   0x00000024       0xec sources/Button.o
 .debug_frame   0x00000110       0x54 sources/Buzzer.o
 .debug_frame   0x00000164      0x128 sources/CAN.o
 .debug_frame   0x0000028c       0xf0 sources/can_drv.o
 .debug_frame   0x0000037c       0xa8 sources/can_lib.o
 .debug_frame   0x00000424      0x240 sources/Display.o
 .debug_frame   0x00000664       0x44 sources/Error.o
 .debug_frame   0x000006a8       0x90 sources/Event.o
 .debug_frame   0x00000738       0xf0 sources/Led.o
 .debug_frame   0x00000828       0x44 sources/MyCommon.o
 .debug_frame   0x0000086c       0x44 sources/Radio.o
 .debug_frame   0x000008b0       0x80 sources/spi_lib.o
 .debug_frame   0x00000930       0x38 sources/Startup.o
 .debug_frame   0x00000968      0x314 sources/Timer.o
 .debug_frame   0x00000c7c       0x34 sources/WatchDog.o

.debug_str      0x00000000     0x1723
 *(.debug_str)
 .debug_str     0x00000000      0x2dd main.o
                                0x31f (size before relaxing)
 .debug_str     0x000002dd      0x19f sources/Button.o
                                0x2bc (size before relaxing)
 .debug_str     0x0000047c       0x69 sources/Buzzer.o
                                0x139 (size before relaxing)
 .debug_str     0x000004e5      0x21f sources/CAN.o
                                0x4f1 (size before relaxing)
 .debug_str     0x00000704      0x19f sources/can_drv.o
                                0x4bb (size before relaxing)
 .debug_str     0x000008a3       0x6d sources/can_lib.o
                                0x34e (size before relaxing)
 .debug_str     0x00000910      0xa12 sources/Display.o
                                0xdce (size before relaxing)
 .debug_str     0x00001322       0x53 sources/Error.o
                                0x373 (size before relaxing)
 .debug_str     0x00001375       0xba sources/Event.o
                                0x5cd (size before relaxing)
 .debug_str     0x0000142f       0x94 sources/Led.o
                                0x198 (size before relaxing)
 .debug_str     0x000014c3       0x37 sources/MyCommon.o
                                0x454 (size before relaxing)
 .debug_str     0x000014fa       0x31 sources/Radio.o
                                0x101 (size before relaxing)
 .debug_str     0x0000152b       0x6a sources/spi_lib.o
                                0x33c (size before relaxing)
 .debug_str     0x00001595       0x24 sources/Startup.o
                                0x396 (size before relaxing)
 .debug_str     0x000015b9      0x143 sources/Timer.o
                                0x4a2 (size before relaxing)
 .debug_str     0x000016fc       0x27 sources/WatchDog.o
                                0x358 (size before relaxing)

.debug_loc      0x00000000     0x350b
 *(.debug_loc)
 .debug_loc     0x00000000      0x152 sources/Button.o
 .debug_loc     0x00000152      0x201 sources/CAN.o
 .debug_loc     0x00000353      0x8a5 sources/can_drv.o
 .debug_loc     0x00000bf8      0x3f1 sources/can_lib.o
 .debug_loc     0x00000fe9     0x1b1b sources/Display.o
 .debug_loc     0x00002b04       0x2b sources/Error.o
 .debug_loc     0x00002b2f      0x14d sources/Event.o
 .debug_loc     0x00002c7c      0x286 sources/Led.o
 .debug_loc     0x00002f02       0x42 sources/spi_lib.o
 .debug_loc     0x00002f44       0x49 sources/Startup.o
 .debug_loc     0x00002f8d      0x57e sources/Timer.o

.debug_macinfo
 *(.debug_macinfo)
OUTPUT(Dashboard.elf elf32-avr)
LOAD linker stubs
