Archive member included because of file (symbol)

c:/program files (x86)/atmel/atmel studio 6.0/extensions/atmel/avrgcc/3.4.1.95/avrtoolchain/bin/../lib/gcc/avr/4.6.2/avr5\libgcc.a(_udivmodqi4.o)
                              sources/Display.o (__udivmodqi4)
c:/program files (x86)/atmel/atmel studio 6.0/extensions/atmel/avrgcc/3.4.1.95/avrtoolchain/bin/../lib/gcc/avr/4.6.2/avr5\libgcc.a(_divmodhi4.o)
                              sources/CAN.o (__divmodhi4)
c:/program files (x86)/atmel/atmel studio 6.0/extensions/atmel/avrgcc/3.4.1.95/avrtoolchain/bin/../lib/gcc/avr/4.6.2/avr5\libgcc.a(_exit.o)
                              c:/program files (x86)/atmel/atmel studio 6.0/extensions/atmel/avrgcc/3.4.1.95/avrtoolchain/bin/../lib/gcc/avr/4.6.2/../../../../avr/lib/avr5/crtcan32.o (exit)
c:/program files (x86)/atmel/atmel studio 6.0/extensions/atmel/avrgcc/3.4.1.95/avrtoolchain/bin/../lib/gcc/avr/4.6.2/avr5\libgcc.a(_copy_data.o)
                              main.o (__do_copy_data)
c:/program files (x86)/atmel/atmel studio 6.0/extensions/atmel/avrgcc/3.4.1.95/avrtoolchain/bin/../lib/gcc/avr/4.6.2/avr5\libgcc.a(_clear_bss.o)
                              main.o (__do_clear_bss)
c:/program files (x86)/atmel/atmel studio 6.0/extensions/atmel/avrgcc/3.4.1.95/avrtoolchain/bin/../lib/gcc/avr/4.6.2/avr5\libgcc.a(_udivmodhi4.o)
                              c:/program files (x86)/atmel/atmel studio 6.0/extensions/atmel/avrgcc/3.4.1.95/avrtoolchain/bin/../lib/gcc/avr/4.6.2/avr5\libgcc.a(_divmodhi4.o) (__udivmodhi4)

Allocating common symbols
Common symbol       size              file

event_queue         0x10              sources/Event.o
display_ddram_bottom_row
                    0x1c              sources/Display.o
display_ddram_top_row
                    0x1c              sources/Display.o
led_pins            0xb               main.o
event_queue_head    0x1               sources/Event.o
display_string      0x28              sources/Button.o
led_state           0x2               main.o
can_queue           0xa               sources/CAN.o
button_counter      0xc               sources/Button.o
led_port            0xb               main.o
led_dd              0xb               main.o
button_pressed_previous
                    0x2               sources/Button.o
can_queue_head      0x1               sources/CAN.o
can_Status          0x1               sources/CAN.o
address_counter     0x1               sources/Display.o
button_state        0xc               sources/Button.o
selected_menu       0x1               sources/Button.o
can_queue_tail      0x1               sources/CAN.o
button_previous_state
                    0xc               sources/Button.o
button_press        0xc               sources/Button.o
event_queue_tail    0x1               sources/Event.o
button_pressed_current
                    0x2               sources/Button.o
button_released     0xc               sources/Button.o
can_rx              0x2               sources/CAN.o

Memory Configuration

Name             Origin             Length             Attributes
text             0x00000000         0x00020000         xr
data             0x00800060         0x0000ffa0         rw !x
eeprom           0x00810000         0x00010000         rw !x
fuse             0x00820000         0x00000400         rw !x
lock             0x00830000         0x00000400         rw !x
signature        0x00840000         0x00000400         rw !x
*default*        0x00000000         0xffffffff

Linker script and memory map

Address of section .data set to 0x800100
LOAD c:/program files (x86)/atmel/atmel studio 6.0/extensions/atmel/avrgcc/3.4.1.95/avrtoolchain/bin/../lib/gcc/avr/4.6.2/../../../../avr/lib/avr5/crtcan32.o
LOAD main.o
LOAD sources/Button.o
LOAD sources/Buzzer.o
LOAD sources/CAN.o
LOAD sources/can_drv.o
LOAD sources/can_lib.o
LOAD sources/Display.o
LOAD sources/Error.o
LOAD sources/Event.o
LOAD sources/Led.o
LOAD sources/MyCommon.o
LOAD sources/Radio.o
LOAD sources/spi_lib.o
LOAD sources/Timer.o
LOAD sources/WatchDog.o
START GROUP
LOAD c:/program files (x86)/atmel/atmel studio 6.0/extensions/atmel/avrgcc/3.4.1.95/avrtoolchain/bin/../lib/gcc/avr/4.6.2/../../../../avr/lib/avr5\libm.a
END GROUP
LOAD c:/program files (x86)/atmel/atmel studio 6.0/extensions/atmel/avrgcc/3.4.1.95/avrtoolchain/bin/../lib/gcc/avr/4.6.2/avr5\libgcc.a
LOAD c:/program files (x86)/atmel/atmel studio 6.0/extensions/atmel/avrgcc/3.4.1.95/avrtoolchain/bin/../lib/gcc/avr/4.6.2/../../../../avr/lib/avr5\libc.a
LOAD c:/program files (x86)/atmel/atmel studio 6.0/extensions/atmel/avrgcc/3.4.1.95/avrtoolchain/bin/../lib/gcc/avr/4.6.2/avr5\libgcc.a

.hash
 *(.hash)

.dynsym
 *(.dynsym)

.dynstr
 *(.dynstr)

.gnu.version
 *(.gnu.version)

.gnu.version_d
 *(.gnu.version_d)

.gnu.version_r
 *(.gnu.version_r)

.rel.init
 *(.rel.init)

.rela.init
 *(.rela.init)

.rel.text
 *(.rel.text)
 *(.rel.text.*)
 *(.rel.gnu.linkonce.t*)

.rela.text
 *(.rela.text)
 *(.rela.text.*)
 *(.rela.gnu.linkonce.t*)

.rel.fini
 *(.rel.fini)

.rela.fini
 *(.rela.fini)

.rel.rodata
 *(.rel.rodata)
 *(.rel.rodata.*)
 *(.rel.gnu.linkonce.r*)

.rela.rodata
 *(.rela.rodata)
 *(.rela.rodata.*)
 *(.rela.gnu.linkonce.r*)

.rel.data
 *(.rel.data)
 *(.rel.data.*)
 *(.rel.gnu.linkonce.d*)

.rela.data
 *(.rela.data)
 *(.rela.data.*)
 *(.rela.gnu.linkonce.d*)

.rel.ctors
 *(.rel.ctors)

.rela.ctors
 *(.rela.ctors)

.rel.dtors
 *(.rel.dtors)

.rela.dtors
 *(.rela.dtors)

.rel.got
 *(.rel.got)

.rela.got
 *(.rela.got)

.rel.bss
 *(.rel.bss)

.rela.bss
 *(.rela.bss)

.rel.plt
 *(.rel.plt)

.rela.plt
 *(.rela.plt)

.text           0x00000000     0x2972
 *(.vectors)
 .vectors       0x00000000       0x94 c:/program files (x86)/atmel/atmel studio 6.0/extensions/atmel/avrgcc/3.4.1.95/avrtoolchain/bin/../lib/gcc/avr/4.6.2/../../../../avr/lib/avr5/crtcan32.o
                0x00000000                __vector_default
                0x00000000                __vectors
 *(.vectors)
 *(.progmem.gcc*)
 *(.progmem*)
                0x00000094                . = ALIGN (0x2)
                0x00000094                __trampolines_start = .
 *(.trampolines)
 .trampolines   0x00000094        0x0 linker stubs
 *(.trampolines*)
                0x00000094                __trampolines_end = .
 *(.jumptables)
 *(.jumptables*)
 *(.lowtext)
 *(.lowtext*)
                0x00000094                __ctors_start = .
 *(.ctors)
                0x00000094                __ctors_end = .
                0x00000094                __dtors_start = .
 *(.dtors)
                0x00000094                __dtors_end = .
 SORT(*)(.ctors)
 SORT(*)(.dtors)
 *(.init0)
 .init0         0x00000094        0x0 c:/program files (x86)/atmel/atmel studio 6.0/extensions/atmel/avrgcc/3.4.1.95/avrtoolchain/bin/../lib/gcc/avr/4.6.2/../../../../avr/lib/avr5/crtcan32.o
                0x00000094                __init
 *(.init0)
 *(.init1)
 *(.init1)
 *(.init2)
 .init2         0x00000094        0xc c:/program files (x86)/atmel/atmel studio 6.0/extensions/atmel/avrgcc/3.4.1.95/avrtoolchain/bin/../lib/gcc/avr/4.6.2/../../../../avr/lib/avr5/crtcan32.o
 *(.init2)
 *(.init3)
 *(.init3)
 *(.init4)
 .init4         0x000000a0       0x16 c:/program files (x86)/atmel/atmel studio 6.0/extensions/atmel/avrgcc/3.4.1.95/avrtoolchain/bin/../lib/gcc/avr/4.6.2/avr5\libgcc.a(_copy_data.o)
                0x000000a0                __do_copy_data
 .init4         0x000000b6       0x10 c:/program files (x86)/atmel/atmel studio 6.0/extensions/atmel/avrgcc/3.4.1.95/avrtoolchain/bin/../lib/gcc/avr/4.6.2/avr5\libgcc.a(_clear_bss.o)
                0x000000b6                __do_clear_bss
 *(.init4)
 *(.init5)
 *(.init5)
 *(.init6)
 *(.init6)
 *(.init7)
 *(.init7)
 *(.init8)
 *(.init8)
 *(.init9)
 .init9         0x000000c6        0x8 c:/program files (x86)/atmel/atmel studio 6.0/extensions/atmel/avrgcc/3.4.1.95/avrtoolchain/bin/../lib/gcc/avr/4.6.2/../../../../avr/lib/avr5/crtcan32.o
 *(.init9)
 *(.text)
 .text          0x000000ce        0x4 c:/program files (x86)/atmel/atmel studio 6.0/extensions/atmel/avrgcc/3.4.1.95/avrtoolchain/bin/../lib/gcc/avr/4.6.2/../../../../avr/lib/avr5/crtcan32.o
                0x000000ce                __vector_22
                0x000000ce                __vector_1
                0x000000ce                __vector_32
                0x000000ce                __vector_34
                0x000000ce                __vector_24
                0x000000ce                __bad_interrupt
                0x000000ce                __vector_6
                0x000000ce                __vector_35
                0x000000ce                __vector_3
                0x000000ce                __vector_23
                0x000000ce                __vector_25
                0x000000ce                __vector_11
                0x000000ce                __vector_19
                0x000000ce                __vector_7
                0x000000ce                __vector_27
                0x000000ce                __vector_5
                0x000000ce                __vector_33
                0x000000ce                __vector_4
                0x000000ce                __vector_9
                0x000000ce                __vector_2
                0x000000ce                __vector_21
                0x000000ce                __vector_36
                0x000000ce                __vector_8
                0x000000ce                __vector_26
                0x000000ce                __vector_10
                0x000000ce                __vector_20
 .text          0x000000d2        0xc main.o
                0x000000d2                main
 .text          0x000000de      0x2a6 sources/Button.o
                0x000000de                button_read_col
                0x000001b0                col1_input_high
                0x000001b6                col2_input_high
                0x000001bc                col3_input_high
                0x000001c2                col1_low
                0x000001c8                col2_low
                0x000001ce                col3_low
                0x000001d4                buttons_react
                0x0000022a                button_init
                0x0000026c                button_multiplex_cycle
                0x00000376                button_get_button_state
 .text          0x00000384       0x48 sources/Buzzer.o
                0x00000384                buzzer_init
                0x0000038a                buzzer_on
                0x0000038e                buzzer_off
                0x00000392                buzzer_buzz
                0x000003ca                buzzer_puls
 .text          0x000003cc      0x298 sources/CAN.o
                0x000003cc                __vector_18
                0x00000454                CANInit
                0x0000048a                CANGetStruct
                0x000004ac                CANStartRx
                0x000004c8                CANGetData
                0x000004d8                CANSendData
                0x00000552                CANAddSendData
                0x000005a0                CANGetCurrentTx
                0x000005b4                CANSendNext
                0x000005f2                CANAbortCMD
                0x0000063a                CANRestartReceive
 .text          0x00000664      0x516 sources/can_drv.o
                0x00000664                can_clear_all_mob
                0x00000688                can_get_mob_free
                0x000006c8                can_get_mob_status
                0x000006ee                can_get_data
                0x00000732                can_auto_baudrate
                0x00000b44                Can_conf_bt_flex
                0x00000b54                can_fixed_baudrate
 .text          0x00000b7a      0xd80 sources/can_lib.o
                0x00000bc2                can_init
                0x00000be0                can_off
                0x00000bec                can_cmd
                0x000017a0                can_get_status
 .text          0x000018fa      0x7a6 sources/Display.o
                0x000018fa                display_make_display_line_percent
                0x00001962                display_make_display_line_min_av_max_volt
                0x000019f2                display_make_display_line_percent_bar
                0x00001ada                display_make_display_line_min_av_max_temp
                0x00001b6a                display_make_display_line_lv_voltage
                0x00001bbc                display_make_display_line_error
                0x00001cdc                display_make_display_line_button_test
                0x00001ce8                display_make_display_line_motor_temp
                0x00001dc6                display_write_data
                0x00001dde                display_write_instruction
                0x00001df6                display_write_display_lines
                0x00001e60                display_update
                0x00001ff8                display_init
                0x00002038                display_set_display_string
                0x0000204c                display_up
                0x00002076                display_down
 .text          0x000020a0       0x2a sources/Error.o
                0x000020a0                InitError
                0x000020ae                AddError
                0x000020be                ClearErrors
 .text          0x000020ca      0x174 sources/Event.o
                0x000020ca                EventInit
                0x000020d4                EventAddEvent
                0x00002110                EventGetNextEvent
                0x0000212c                Dashboard
                0x00002218                EventHandleEvent
 .text          0x0000223e      0x284 sources/Led.o
                0x0000223e                led_set
                0x000022a0                led_clear
                0x0000230a                led_is_set
                0x000023e6                led_toggle
                0x00002404                led_state_set
                0x0000244e                led_init
                0x00002488                led_state_return
 .text          0x000024c2       0x6e sources/MyCommon.o
                0x000024c2                main_deinit
                0x000024c4                ports_init
                0x000024f4                main_init
 .text          0x00002530        0xe sources/Radio.o
                0x00002530                radio_init
                0x00002536                radio_on
                0x0000253a                radio_off
 .text          0x0000253e       0x5e sources/spi_lib.o
                0x0000253e                spi_init
                0x00002564                spi_test_hit
                0x0000256a                spi_putchar
                0x00002574                spi_getchar
                0x0000257e                spi_transmit_master
 .text          0x0000259c      0x340 sources/Timer.o
                0x0000259c                __vector_16
                0x000025b0                __vector_17
                0x000025c4                __vector_12
                0x0000261e                __vector_13
                0x00002678                __vector_14
                0x000026d2                __vector_28
                0x0000272c                __vector_29
                0x00002786                __vector_30
                0x000027e0                __vector_15
                0x000027f4                __vector_31
                0x00002808                Timer1_init
                0x00002812                Timer3_init
                0x0000281c                TIMER_Timer1_OCR1A_on
                0x0000283c                TIMER_Timer1_OCR1B_on
                0x0000285c                TIMER_Timer1_OCR1C_on
                0x0000287c                TIMER_Timer3_OCR3A_on
                0x0000289c                TIMER_Timer3_OCR3B_on
                0x000028bc                TIMER_Timer3_OCR3C_on
 .text          0x000028dc       0x2c sources/WatchDog.o
                0x000028dc                InitWDT
                0x000028f4                CheckWDT
 .text          0x00002908        0x0 c:/program files (x86)/atmel/atmel studio 6.0/extensions/atmel/avrgcc/3.4.1.95/avrtoolchain/bin/../lib/gcc/avr/4.6.2/avr5\libgcc.a(_udivmodqi4.o)
 .text          0x00002908        0x0 c:/program files (x86)/atmel/atmel studio 6.0/extensions/atmel/avrgcc/3.4.1.95/avrtoolchain/bin/../lib/gcc/avr/4.6.2/avr5\libgcc.a(_divmodhi4.o)
 .text          0x00002908        0x0 c:/program files (x86)/atmel/atmel studio 6.0/extensions/atmel/avrgcc/3.4.1.95/avrtoolchain/bin/../lib/gcc/avr/4.6.2/avr5\libgcc.a(_exit.o)
 .text          0x00002908        0x0 c:/program files (x86)/atmel/atmel studio 6.0/extensions/atmel/avrgcc/3.4.1.95/avrtoolchain/bin/../lib/gcc/avr/4.6.2/avr5\libgcc.a(_copy_data.o)
 .text          0x00002908        0x0 c:/program files (x86)/atmel/atmel studio 6.0/extensions/atmel/avrgcc/3.4.1.95/avrtoolchain/bin/../lib/gcc/avr/4.6.2/avr5\libgcc.a(_clear_bss.o)
 .text          0x00002908        0x0 c:/program files (x86)/atmel/atmel studio 6.0/extensions/atmel/avrgcc/3.4.1.95/avrtoolchain/bin/../lib/gcc/avr/4.6.2/avr5\libgcc.a(_udivmodhi4.o)
                0x00002908                . = ALIGN (0x2)
 *(.text.*)
 .text.libgcc   0x00002908       0x18 c:/program files (x86)/atmel/atmel studio 6.0/extensions/atmel/avrgcc/3.4.1.95/avrtoolchain/bin/../lib/gcc/avr/4.6.2/avr5\libgcc.a(_udivmodqi4.o)
                0x00002908                __udivmodqi4
 .text.libgcc   0x00002920       0x26 c:/program files (x86)/atmel/atmel studio 6.0/extensions/atmel/avrgcc/3.4.1.95/avrtoolchain/bin/../lib/gcc/avr/4.6.2/avr5\libgcc.a(_divmodhi4.o)
                0x00002920                _div
                0x00002920                __divmodhi4
 .text.libgcc   0x00002946        0x0 c:/program files (x86)/atmel/atmel studio 6.0/extensions/atmel/avrgcc/3.4.1.95/avrtoolchain/bin/../lib/gcc/avr/4.6.2/avr5\libgcc.a(_exit.o)
 .text.libgcc   0x00002946        0x0 c:/program files (x86)/atmel/atmel studio 6.0/extensions/atmel/avrgcc/3.4.1.95/avrtoolchain/bin/../lib/gcc/avr/4.6.2/avr5\libgcc.a(_copy_data.o)
 .text.libgcc   0x00002946        0x0 c:/program files (x86)/atmel/atmel studio 6.0/extensions/atmel/avrgcc/3.4.1.95/avrtoolchain/bin/../lib/gcc/avr/4.6.2/avr5\libgcc.a(_clear_bss.o)
 .text.libgcc   0x00002946       0x28 c:/program files (x86)/atmel/atmel studio 6.0/extensions/atmel/avrgcc/3.4.1.95/avrtoolchain/bin/../lib/gcc/avr/4.6.2/avr5\libgcc.a(_udivmodhi4.o)
                0x00002946                __udivmodhi4
                0x0000296e                . = ALIGN (0x2)
 *(.fini9)
 .fini9         0x0000296e        0x0 c:/program files (x86)/atmel/atmel studio 6.0/extensions/atmel/avrgcc/3.4.1.95/avrtoolchain/bin/../lib/gcc/avr/4.6.2/avr5\libgcc.a(_exit.o)
                0x0000296e                _exit
                0x0000296e                exit
 *(.fini9)
 *(.fini8)
 *(.fini8)
 *(.fini7)
 *(.fini7)
 *(.fini6)
 *(.fini6)
 *(.fini5)
 *(.fini5)
 *(.fini4)
 *(.fini4)
 *(.fini3)
 *(.fini3)
 *(.fini2)
 *(.fini2)
 *(.fini1)
 *(.fini1)
 *(.fini0)
 .fini0         0x0000296e        0x4 c:/program files (x86)/atmel/atmel studio 6.0/extensions/atmel/avrgcc/3.4.1.95/avrtoolchain/bin/../lib/gcc/avr/4.6.2/avr5\libgcc.a(_exit.o)
 *(.fini0)
                0x00002972                _etext = .

.data           0x00800100      0x230 load address 0x00002972
                0x00800100                PROVIDE (__data_start, .)
 *(.data)
 .data          0x00800100        0x0 c:/program files (x86)/atmel/atmel studio 6.0/extensions/atmel/avrgcc/3.4.1.95/avrtoolchain/bin/../lib/gcc/avr/4.6.2/../../../../avr/lib/avr5/crtcan32.o
 .data          0x00800100        0x0 main.o
 .data          0x00800100        0x0 sources/Button.o
 .data          0x00800100        0x0 sources/Buzzer.o
 .data          0x00800100        0x0 sources/CAN.o
 .data          0x00800100        0x0 sources/can_drv.o
 .data          0x00800100        0x0 sources/can_lib.o
 .data          0x00800100      0x230 sources/Display.o
                0x00800114                test
                0x0080013c                display_line_blank
                0x00800150                display_line_buttons_pressed
                0x00800164                display_line_accleration_mode
                0x00800178                display_line_torque_vectoring
                0x0080018c                display_line_traction_control
                0x008001a0                display_line_motor_temp_rear
                0x008001b4                display_line_motor_temp_front
                0x008001c8                display_line_motor_power_rear
                0x008001dc                display_line_motor_power_front
                0x008001f0                display_line_lv_voltage
                0x00800204                display_line_cel_temp
                0x00800218                display_line_min_cv_max
                0x0080022c                display_line_soc
                0x00800240                display_line_error
                0x00800254                display_line_home
                0x00800268                display_line_error_bad_request_id
                0x0080027c                display_line_error_bpd
                0x00800290                display_line_error_imdf
                0x008002a4                display_line_error_imd
                0x008002b8                display_line_error_hvdi
                0x008002cc                display_line_error_pre_bots
                0x008002e0                display_line_error_pre_master
                0x008002f4                display_line_error_unknown_code
                0x00800308                display_line_error_sc_down
                0x0080031c                display_line_error_none
 .data          0x00800330        0x0 sources/Error.o
 .data          0x00800330        0x0 sources/Event.o
 .data          0x00800330        0x0 sources/Led.o
 .data          0x00800330        0x0 sources/MyCommon.o
 .data          0x00800330        0x0 sources/Radio.o
 .data          0x00800330        0x0 sources/spi_lib.o
 .data          0x00800330        0x0 sources/Timer.o
 .data          0x00800330        0x0 sources/WatchDog.o
 .data          0x00800330        0x0 c:/program files (x86)/atmel/atmel studio 6.0/extensions/atmel/avrgcc/3.4.1.95/avrtoolchain/bin/../lib/gcc/avr/4.6.2/avr5\libgcc.a(_udivmodqi4.o)
 .data          0x00800330        0x0 c:/program files (x86)/atmel/atmel studio 6.0/extensions/atmel/avrgcc/3.4.1.95/avrtoolchain/bin/../lib/gcc/avr/4.6.2/avr5\libgcc.a(_divmodhi4.o)
 .data          0x00800330        0x0 c:/program files (x86)/atmel/atmel studio 6.0/extensions/atmel/avrgcc/3.4.1.95/avrtoolchain/bin/../lib/gcc/avr/4.6.2/avr5\libgcc.a(_exit.o)
 .data          0x00800330        0x0 c:/program files (x86)/atmel/atmel studio 6.0/extensions/atmel/avrgcc/3.4.1.95/avrtoolchain/bin/../lib/gcc/avr/4.6.2/avr5\libgcc.a(_copy_data.o)
 .data          0x00800330        0x0 c:/program files (x86)/atmel/atmel studio 6.0/extensions/atmel/avrgcc/3.4.1.95/avrtoolchain/bin/../lib/gcc/avr/4.6.2/avr5\libgcc.a(_clear_bss.o)
 .data          0x00800330        0x0 c:/program files (x86)/atmel/atmel studio 6.0/extensions/atmel/avrgcc/3.4.1.95/avrtoolchain/bin/../lib/gcc/avr/4.6.2/avr5\libgcc.a(_udivmodhi4.o)
 *(.data*)
 *(.rodata)
 *(.rodata*)
 *(.gnu.linkonce.d*)
                0x00800330                . = ALIGN (0x2)
                0x00800330                _edata = .
                0x00800330                PROVIDE (__data_end, .)

.bss            0x00800330      0x118
                0x00800330                PROVIDE (__bss_start, .)
 *(.bss)
 .bss           0x00800330        0x0 c:/program files (x86)/atmel/atmel studio 6.0/extensions/atmel/avrgcc/3.4.1.95/avrtoolchain/bin/../lib/gcc/avr/4.6.2/../../../../avr/lib/avr5/crtcan32.o
 .bss           0x00800330        0x0 main.o
 .bss           0x00800330        0x0 sources/Button.o
 .bss           0x00800330        0x0 sources/Buzzer.o
 .bss           0x00800330        0x0 sources/CAN.o
 .bss           0x00800330        0x0 sources/can_drv.o
 .bss           0x00800330        0x0 sources/can_lib.o
 .bss           0x00800330        0x0 sources/Display.o
 .bss           0x00800330        0x2 sources/Error.o
 .bss           0x00800332       0x30 sources/Event.o
 .bss           0x00800362        0x0 sources/Led.o
 .bss           0x00800362        0x0 sources/MyCommon.o
 .bss           0x00800362        0x0 sources/Radio.o
 .bss           0x00800362        0x0 sources/spi_lib.o
 .bss           0x00800362        0x0 sources/Timer.o
 .bss           0x00800362        0x0 sources/WatchDog.o
 .bss           0x00800362        0x0 c:/program files (x86)/atmel/atmel studio 6.0/extensions/atmel/avrgcc/3.4.1.95/avrtoolchain/bin/../lib/gcc/avr/4.6.2/avr5\libgcc.a(_udivmodqi4.o)
 .bss           0x00800362        0x0 c:/program files (x86)/atmel/atmel studio 6.0/extensions/atmel/avrgcc/3.4.1.95/avrtoolchain/bin/../lib/gcc/avr/4.6.2/avr5\libgcc.a(_divmodhi4.o)
 .bss           0x00800362        0x0 c:/program files (x86)/atmel/atmel studio 6.0/extensions/atmel/avrgcc/3.4.1.95/avrtoolchain/bin/../lib/gcc/avr/4.6.2/avr5\libgcc.a(_exit.o)
 .bss           0x00800362        0x0 c:/program files (x86)/atmel/atmel studio 6.0/extensions/atmel/avrgcc/3.4.1.95/avrtoolchain/bin/../lib/gcc/avr/4.6.2/avr5\libgcc.a(_copy_data.o)
 .bss           0x00800362        0x0 c:/program files (x86)/atmel/atmel studio 6.0/extensions/atmel/avrgcc/3.4.1.95/avrtoolchain/bin/../lib/gcc/avr/4.6.2/avr5\libgcc.a(_clear_bss.o)
 .bss           0x00800362        0x0 c:/program files (x86)/atmel/atmel studio 6.0/extensions/atmel/avrgcc/3.4.1.95/avrtoolchain/bin/../lib/gcc/avr/4.6.2/avr5\libgcc.a(_udivmodhi4.o)
 *(.bss*)
 *(COMMON)
 COMMON         0x00800362       0x23 main.o
                0x00800362                led_pins
                0x0080036d                led_state
                0x0080036f                led_port
                0x0080037a                led_dd
 COMMON         0x00800385       0x69 sources/Button.o
                0x00800385                display_string
                0x008003ad                button_counter
                0x008003b9                button_pressed_previous
                0x008003bb                button_state
                0x008003c7                selected_menu
                0x008003c8                button_previous_state
                0x008003d4                button_press
                0x008003e0                button_pressed_current
                0x008003e2                button_released
 COMMON         0x008003ee        0xf sources/CAN.o
                0x008003ee                can_queue
                0x008003f8                can_queue_head
                0x008003f9                can_Status
                0x008003fa                can_queue_tail
                0x008003fb                can_rx
 COMMON         0x008003fd       0x39 sources/Display.o
                0x008003fd                display_ddram_bottom_row
                0x00800419                display_ddram_top_row
                0x00800435                address_counter
 COMMON         0x00800436       0x12 sources/Event.o
                0x00800436                event_queue
                0x00800446                event_queue_head
                0x00800447                event_queue_tail
                0x00800448                PROVIDE (__bss_end, .)
                0x00002972                __data_load_start = LOADADDR (.data)
                0x00002ba2                __data_load_end = (__data_load_start + SIZEOF (.data))

.noinit         0x00800448        0x0
                0x00800448                PROVIDE (__noinit_start, .)
 *(.noinit*)
                0x00800448                PROVIDE (__noinit_end, .)
                0x00800448                _end = .
                0x00800448                PROVIDE (__heap_start, .)

.eeprom         0x00810000        0x0
 *(.eeprom*)
                0x00810000                __eeprom_end = .

.fuse
 *(.fuse)
 *(.lfuse)
 *(.hfuse)
 *(.efuse)

.lock
 *(.lock*)

.signature
 *(.signature*)

.stab           0x00000000      0x6cc
 *(.stab)
 .stab          0x00000000      0x6cc c:/program files (x86)/atmel/atmel studio 6.0/extensions/atmel/avrgcc/3.4.1.95/avrtoolchain/bin/../lib/gcc/avr/4.6.2/../../../../avr/lib/avr5/crtcan32.o

.stabstr        0x00000000       0x85
 *(.stabstr)
 .stabstr       0x00000000       0x85 c:/program files (x86)/atmel/atmel studio 6.0/extensions/atmel/avrgcc/3.4.1.95/avrtoolchain/bin/../lib/gcc/avr/4.6.2/../../../../avr/lib/avr5/crtcan32.o

.stab.excl
 *(.stab.excl)

.stab.exclstr
 *(.stab.exclstr)

.stab.index
 *(.stab.index)

.stab.indexstr
 *(.stab.indexstr)

.comment
 *(.comment)

.debug
 *(.debug)

.line
 *(.line)

.debug_srcinfo
 *(.debug_srcinfo)

.debug_sfnames
 *(.debug_sfnames)

.debug_aranges  0x00000000      0x2a0
 *(.debug_aranges)
 .debug_aranges
                0x00000000       0x20 main.o
 .debug_aranges
                0x00000020       0x20 sources/Button.o
 .debug_aranges
                0x00000040       0x20 sources/Buzzer.o
 .debug_aranges
                0x00000060       0x20 sources/CAN.o
 .debug_aranges
                0x00000080       0x20 sources/can_drv.o
 .debug_aranges
                0x000000a0       0x20 sources/can_lib.o
 .debug_aranges
                0x000000c0       0x20 sources/Display.o
 .debug_aranges
                0x000000e0       0x20 sources/Error.o
 .debug_aranges
                0x00000100       0x20 sources/Event.o
 .debug_aranges
                0x00000120       0x20 sources/Led.o
 .debug_aranges
                0x00000140       0x20 sources/MyCommon.o
 .debug_aranges
                0x00000160       0x20 sources/Radio.o
 .debug_aranges
                0x00000180       0x20 sources/spi_lib.o
 .debug_aranges
                0x000001a0       0x20 sources/Timer.o
 .debug_aranges
                0x000001c0       0x20 sources/WatchDog.o
 .debug_aranges
                0x000001e0       0x20 c:/program files (x86)/atmel/atmel studio 6.0/extensions/atmel/avrgcc/3.4.1.95/avrtoolchain/bin/../lib/gcc/avr/4.6.2/avr5\libgcc.a(_udivmodqi4.o)
 .debug_aranges
                0x00000200       0x20 c:/program files (x86)/atmel/atmel studio 6.0/extensions/atmel/avrgcc/3.4.1.95/avrtoolchain/bin/../lib/gcc/avr/4.6.2/avr5\libgcc.a(_divmodhi4.o)
 .debug_aranges
                0x00000220       0x20 c:/program files (x86)/atmel/atmel studio 6.0/extensions/atmel/avrgcc/3.4.1.95/avrtoolchain/bin/../lib/gcc/avr/4.6.2/avr5\libgcc.a(_exit.o)
 .debug_aranges
                0x00000240       0x20 c:/program files (x86)/atmel/atmel studio 6.0/extensions/atmel/avrgcc/3.4.1.95/avrtoolchain/bin/../lib/gcc/avr/4.6.2/avr5\libgcc.a(_copy_data.o)
 .debug_aranges
                0x00000260       0x20 c:/program files (x86)/atmel/atmel studio 6.0/extensions/atmel/avrgcc/3.4.1.95/avrtoolchain/bin/../lib/gcc/avr/4.6.2/avr5\libgcc.a(_clear_bss.o)
 .debug_aranges
                0x00000280       0x20 c:/program files (x86)/atmel/atmel studio 6.0/extensions/atmel/avrgcc/3.4.1.95/avrtoolchain/bin/../lib/gcc/avr/4.6.2/avr5\libgcc.a(_udivmodhi4.o)

.debug_pubnames
 *(.debug_pubnames)

.debug_info     0x00000000     0x4c53
 *(.debug_info)
 .debug_info    0x00000000      0x3fa main.o
 .debug_info    0x000003fa      0x3bc sources/Button.o
 .debug_info    0x000007b6      0x10e sources/Buzzer.o
 .debug_info    0x000008c4      0x67c sources/CAN.o
 .debug_info    0x00000f40      0x69b sources/can_drv.o
 .debug_info    0x000015db      0x4ce sources/can_lib.o
 .debug_info    0x00001aa9      0xc6b sources/Display.o
 .debug_info    0x00002714      0x41c sources/Error.o
 .debug_info    0x00002b30      0x680 sources/Event.o
 .debug_info    0x000031b0      0x204 sources/Led.o
 .debug_info    0x000033b4      0x50d sources/MyCommon.o
 .debug_info    0x000038c1       0xa8 sources/Radio.o
 .debug_info    0x00003969      0x452 sources/spi_lib.o
 .debug_info    0x00003dbb      0x58c sources/Timer.o
 .debug_info    0x00004347      0x3de sources/WatchDog.o
 .debug_info    0x00004725       0xdd c:/program files (x86)/atmel/atmel studio 6.0/extensions/atmel/avrgcc/3.4.1.95/avrtoolchain/bin/../lib/gcc/avr/4.6.2/avr5\libgcc.a(_udivmodqi4.o)
 .debug_info    0x00004802       0xdd c:/program files (x86)/atmel/atmel studio 6.0/extensions/atmel/avrgcc/3.4.1.95/avrtoolchain/bin/../lib/gcc/avr/4.6.2/avr5\libgcc.a(_divmodhi4.o)
 .debug_info    0x000048df       0xdd c:/program files (x86)/atmel/atmel studio 6.0/extensions/atmel/avrgcc/3.4.1.95/avrtoolchain/bin/../lib/gcc/avr/4.6.2/avr5\libgcc.a(_exit.o)
 .debug_info    0x000049bc       0xdd c:/program files (x86)/atmel/atmel studio 6.0/extensions/atmel/avrgcc/3.4.1.95/avrtoolchain/bin/../lib/gcc/avr/4.6.2/avr5\libgcc.a(_copy_data.o)
 .debug_info    0x00004a99       0xdd c:/program files (x86)/atmel/atmel studio 6.0/extensions/atmel/avrgcc/3.4.1.95/avrtoolchain/bin/../lib/gcc/avr/4.6.2/avr5\libgcc.a(_clear_bss.o)
 .debug_info    0x00004b76       0xdd c:/program files (x86)/atmel/atmel studio 6.0/extensions/atmel/avrgcc/3.4.1.95/avrtoolchain/bin/../lib/gcc/avr/4.6.2/avr5\libgcc.a(_udivmodhi4.o)
 *(.gnu.linkonce.wi.*)

.debug_abbrev   0x00000000     0x14c8
 *(.debug_abbrev)
 .debug_abbrev  0x00000000      0x11a main.o
 .debug_abbrev  0x0000011a      0x13b sources/Button.o
 .debug_abbrev  0x00000255       0xa5 sources/Buzzer.o
 .debug_abbrev  0x000002fa      0x1aa sources/CAN.o
 .debug_abbrev  0x000004a4      0x1e4 sources/can_drv.o
 .debug_abbrev  0x00000688      0x1d3 sources/can_lib.o
 .debug_abbrev  0x0000085b      0x2a2 sources/Display.o
 .debug_abbrev  0x00000afd      0x14b sources/Error.o
 .debug_abbrev  0x00000c48      0x182 sources/Event.o
 .debug_abbrev  0x00000dca      0x11c sources/Led.o
 .debug_abbrev  0x00000ee6      0x145 sources/MyCommon.o
 .debug_abbrev  0x0000102b       0x4c sources/Radio.o
 .debug_abbrev  0x00001077      0x179 sources/spi_lib.o
 .debug_abbrev  0x000011f0      0x142 sources/Timer.o
 .debug_abbrev  0x00001332      0x11e sources/WatchDog.o
 .debug_abbrev  0x00001450       0x14 c:/program files (x86)/atmel/atmel studio 6.0/extensions/atmel/avrgcc/3.4.1.95/avrtoolchain/bin/../lib/gcc/avr/4.6.2/avr5\libgcc.a(_udivmodqi4.o)
 .debug_abbrev  0x00001464       0x14 c:/program files (x86)/atmel/atmel studio 6.0/extensions/atmel/avrgcc/3.4.1.95/avrtoolchain/bin/../lib/gcc/avr/4.6.2/avr5\libgcc.a(_divmodhi4.o)
 .debug_abbrev  0x00001478       0x14 c:/program files (x86)/atmel/atmel studio 6.0/extensions/atmel/avrgcc/3.4.1.95/avrtoolchain/bin/../lib/gcc/avr/4.6.2/avr5\libgcc.a(_exit.o)
 .debug_abbrev  0x0000148c       0x14 c:/program files (x86)/atmel/atmel studio 6.0/extensions/atmel/avrgcc/3.4.1.95/avrtoolchain/bin/../lib/gcc/avr/4.6.2/avr5\libgcc.a(_copy_data.o)
 .debug_abbrev  0x000014a0       0x14 c:/program files (x86)/atmel/atmel studio 6.0/extensions/atmel/avrgcc/3.4.1.95/avrtoolchain/bin/../lib/gcc/avr/4.6.2/avr5\libgcc.a(_clear_bss.o)
 .debug_abbrev  0x000014b4       0x14 c:/program files (x86)/atmel/atmel studio 6.0/extensions/atmel/avrgcc/3.4.1.95/avrtoolchain/bin/../lib/gcc/avr/4.6.2/avr5\libgcc.a(_udivmodhi4.o)

.debug_line     0x00000000     0x1c3f
 *(.debug_line)
 .debug_line    0x00000000      0x122 main.o
 .debug_line    0x00000122      0x1b1 sources/Button.o
 .debug_line    0x000002d3       0xf0 sources/Buzzer.o
 .debug_line    0x000003c3      0x1ec sources/CAN.o
 .debug_line    0x000005af      0x312 sources/can_drv.o
 .debug_line    0x000008c1      0x303 sources/can_lib.o
 .debug_line    0x00000bc4      0x2a9 sources/Display.o
 .debug_line    0x00000e6d       0xfa sources/Error.o
 .debug_line    0x00000f67      0x185 sources/Event.o
 .debug_line    0x000010ec      0x16c sources/Led.o
 .debug_line    0x00001258      0x168 sources/MyCommon.o
 .debug_line    0x000013c0       0xe1 sources/Radio.o
 .debug_line    0x000014a1      0x17b sources/spi_lib.o
 .debug_line    0x0000161c      0x184 sources/Timer.o
 .debug_line    0x000017a0      0x133 sources/WatchDog.o
 .debug_line    0x000018d3       0x92 c:/program files (x86)/atmel/atmel studio 6.0/extensions/atmel/avrgcc/3.4.1.95/avrtoolchain/bin/../lib/gcc/avr/4.6.2/avr5\libgcc.a(_udivmodqi4.o)
 .debug_line    0x00001965       0x99 c:/program files (x86)/atmel/atmel studio 6.0/extensions/atmel/avrgcc/3.4.1.95/avrtoolchain/bin/../lib/gcc/avr/4.6.2/avr5\libgcc.a(_divmodhi4.o)
 .debug_line    0x000019fe       0x88 c:/program files (x86)/atmel/atmel studio 6.0/extensions/atmel/avrgcc/3.4.1.95/avrtoolchain/bin/../lib/gcc/avr/4.6.2/avr5\libgcc.a(_exit.o)
 .debug_line    0x00001a86       0x91 c:/program files (x86)/atmel/atmel studio 6.0/extensions/atmel/avrgcc/3.4.1.95/avrtoolchain/bin/../lib/gcc/avr/4.6.2/avr5\libgcc.a(_copy_data.o)
 .debug_line    0x00001b17       0x8e c:/program files (x86)/atmel/atmel studio 6.0/extensions/atmel/avrgcc/3.4.1.95/avrtoolchain/bin/../lib/gcc/avr/4.6.2/avr5\libgcc.a(_clear_bss.o)
 .debug_line    0x00001ba5       0x9a c:/program files (x86)/atmel/atmel studio 6.0/extensions/atmel/avrgcc/3.4.1.95/avrtoolchain/bin/../lib/gcc/avr/4.6.2/avr5\libgcc.a(_udivmodhi4.o)

.debug_frame    0x00000000      0xc00
 *(.debug_frame)
 .debug_frame   0x00000000       0x24 main.o
 .debug_frame   0x00000024      0x108 sources/Button.o
 .debug_frame   0x0000012c       0x6c sources/Buzzer.o
 .debug_frame   0x00000198      0x128 sources/CAN.o
 .debug_frame   0x000002c0       0xf0 sources/can_drv.o
 .debug_frame   0x000003b0       0xa8 sources/can_lib.o
 .debug_frame   0x00000458      0x1d0 sources/Display.o
 .debug_frame   0x00000628       0x44 sources/Error.o
 .debug_frame   0x0000066c       0x84 sources/Event.o
 .debug_frame   0x000006f0       0xc0 sources/Led.o
 .debug_frame   0x000007b0       0x44 sources/MyCommon.o
 .debug_frame   0x000007f4       0x44 sources/Radio.o
 .debug_frame   0x00000838       0x80 sources/spi_lib.o
 .debug_frame   0x000008b8      0x314 sources/Timer.o
 .debug_frame   0x00000bcc       0x34 sources/WatchDog.o

.debug_str      0x00000000     0x1152
 *(.debug_str)
 .debug_str     0x00000000      0x2d7 main.o
                                0x319 (size before relaxing)
 .debug_str     0x000002d7      0x159 sources/Button.o
                                0x253 (size before relaxing)
 .debug_str     0x00000430       0x5d sources/Buzzer.o
                                0x12d (size before relaxing)
 .debug_str     0x0000048d      0x21f sources/CAN.o
                                0x4fb (size before relaxing)
 .debug_str     0x000006ac      0x19f sources/can_drv.o
                                0x4c5 (size before relaxing)
 .debug_str     0x0000084b       0x6d sources/can_lib.o
                                0x358 (size before relaxing)
 .debug_str     0x000008b8      0x4fc sources/Display.o
                                0x868 (size before relaxing)
 .debug_str     0x00000db4       0x53 sources/Error.o
                                0x37d (size before relaxing)
 .debug_str     0x00000e07       0x99 sources/Event.o
                                0x52c (size before relaxing)
 .debug_str     0x00000ea0       0x76 sources/Led.o
                                0x172 (size before relaxing)
 .debug_str     0x00000f16       0x37 sources/MyCommon.o
                                0x44e (size before relaxing)
 .debug_str     0x00000f4d       0x31 sources/Radio.o
                                0x101 (size before relaxing)
 .debug_str     0x00000f7e       0x6a sources/spi_lib.o
                                0x346 (size before relaxing)
 .debug_str     0x00000fe8      0x143 sources/Timer.o
                                0x4ac (size before relaxing)
 .debug_str     0x0000112b       0x27 sources/WatchDog.o
                                0x362 (size before relaxing)

.debug_loc      0x00000000     0x310a
 *(.debug_loc)
 .debug_loc     0x00000000      0x1c7 sources/Button.o
 .debug_loc     0x000001c7       0x64 sources/Buzzer.o
 .debug_loc     0x0000022b      0x201 sources/CAN.o
 .debug_loc     0x0000042c      0x8a5 sources/can_drv.o
 .debug_loc     0x00000cd1      0x3f1 sources/can_lib.o
 .debug_loc     0x000010c2     0x1759 sources/Display.o
 .debug_loc     0x0000281b       0x2b sources/Error.o
 .debug_loc     0x00002846       0xe1 sources/Event.o
 .debug_loc     0x00002927      0x223 sources/Led.o
 .debug_loc     0x00002b4a       0x42 sources/spi_lib.o
 .debug_loc     0x00002b8c      0x57e sources/Timer.o

.debug_macinfo
 *(.debug_macinfo)
OUTPUT(Dashboard.elf elf32-avr)
LOAD linker stubs
