Archive member included because of file (symbol)

c:/program files (x86)/atmel/atmel studio 6.0/extensions/atmel/avrgcc/3.4.1.95/avrtoolchain/bin/../lib/gcc/avr/4.6.2/avr5\libgcc.a(_udivmodqi4.o)
                              sources/Display.o (__udivmodqi4)
c:/program files (x86)/atmel/atmel studio 6.0/extensions/atmel/avrgcc/3.4.1.95/avrtoolchain/bin/../lib/gcc/avr/4.6.2/avr5\libgcc.a(_divmodhi4.o)
                              sources/CAN.o (__divmodhi4)
c:/program files (x86)/atmel/atmel studio 6.0/extensions/atmel/avrgcc/3.4.1.95/avrtoolchain/bin/../lib/gcc/avr/4.6.2/avr5\libgcc.a(_exit.o)
                              c:/program files (x86)/atmel/atmel studio 6.0/extensions/atmel/avrgcc/3.4.1.95/avrtoolchain/bin/../lib/gcc/avr/4.6.2/../../../../avr/lib/avr5/crtcan32.o (exit)
c:/program files (x86)/atmel/atmel studio 6.0/extensions/atmel/avrgcc/3.4.1.95/avrtoolchain/bin/../lib/gcc/avr/4.6.2/avr5\libgcc.a(_copy_data.o)
                              main.o (__do_copy_data)
c:/program files (x86)/atmel/atmel studio 6.0/extensions/atmel/avrgcc/3.4.1.95/avrtoolchain/bin/../lib/gcc/avr/4.6.2/avr5\libgcc.a(_clear_bss.o)
                              main.o (__do_clear_bss)
c:/program files (x86)/atmel/atmel studio 6.0/extensions/atmel/avrgcc/3.4.1.95/avrtoolchain/bin/../lib/gcc/avr/4.6.2/avr5\libgcc.a(_udivmodhi4.o)
                              c:/program files (x86)/atmel/atmel studio 6.0/extensions/atmel/avrgcc/3.4.1.95/avrtoolchain/bin/../lib/gcc/avr/4.6.2/avr5\libgcc.a(_divmodhi4.o) (__udivmodhi4)

Allocating common symbols
Common symbol       size              file

event_queue         0x10              sources/Event.o
display_ddram_bottom_row
                    0x1c              sources/Display.o
display_ddram_top_row
                    0x1c              sources/Display.o
led_pins            0xb               main.o
event_queue_head    0x1               sources/Event.o
selected_menu_pre_error
                    0x1               sources/Button.o
display_string      0x28              sources/Button.o
dashboard_state     0x1               main.o
led_state           0x2               main.o
can_queue           0xa               sources/CAN.o
button_counter      0xc               sources/Button.o
led_port            0xb               main.o
led_dd              0xb               main.o
button_pressed_previous
                    0x2               sources/Button.o
can_queue_head      0x1               sources/CAN.o
can_Status          0x1               sources/CAN.o
address_counter     0x1               sources/Display.o
button_state        0xc               sources/Button.o
selected_menu       0x1               sources/Button.o
can_queue_tail      0x1               sources/CAN.o
button_previous_state
                    0xc               sources/Button.o
button_press        0xc               sources/Button.o
event_queue_tail    0x1               sources/Event.o
button_pressed_current
                    0x2               sources/Button.o
button_released     0xc               sources/Button.o
can_rx              0x2               sources/CAN.o
display_current_error
                    0x1               sources/Button.o

Memory Configuration

Name             Origin             Length             Attributes
text             0x00000000         0x00020000         xr
data             0x00800060         0x0000ffa0         rw !x
eeprom           0x00810000         0x00010000         rw !x
fuse             0x00820000         0x00000400         rw !x
lock             0x00830000         0x00000400         rw !x
signature        0x00840000         0x00000400         rw !x
*default*        0x00000000         0xffffffff

Linker script and memory map

Address of section .data set to 0x800100
LOAD c:/program files (x86)/atmel/atmel studio 6.0/extensions/atmel/avrgcc/3.4.1.95/avrtoolchain/bin/../lib/gcc/avr/4.6.2/../../../../avr/lib/avr5/crtcan32.o
LOAD main.o
LOAD sources/Button.o
LOAD sources/Buzzer.o
LOAD sources/CAN.o
LOAD sources/can_drv.o
LOAD sources/can_lib.o
LOAD sources/Display.o
LOAD sources/Error.o
LOAD sources/Event.o
LOAD sources/Led.o
LOAD sources/MyCommon.o
LOAD sources/Radio.o
LOAD sources/spi_lib.o
LOAD sources/Startup.o
LOAD sources/Timer.o
LOAD sources/WatchDog.o
START GROUP
LOAD c:/program files (x86)/atmel/atmel studio 6.0/extensions/atmel/avrgcc/3.4.1.95/avrtoolchain/bin/../lib/gcc/avr/4.6.2/../../../../avr/lib/avr5\libm.a
END GROUP
LOAD c:/program files (x86)/atmel/atmel studio 6.0/extensions/atmel/avrgcc/3.4.1.95/avrtoolchain/bin/../lib/gcc/avr/4.6.2/avr5\libgcc.a
LOAD c:/program files (x86)/atmel/atmel studio 6.0/extensions/atmel/avrgcc/3.4.1.95/avrtoolchain/bin/../lib/gcc/avr/4.6.2/../../../../avr/lib/avr5\libc.a
LOAD c:/program files (x86)/atmel/atmel studio 6.0/extensions/atmel/avrgcc/3.4.1.95/avrtoolchain/bin/../lib/gcc/avr/4.6.2/avr5\libgcc.a

.hash
 *(.hash)

.dynsym
 *(.dynsym)

.dynstr
 *(.dynstr)

.gnu.version
 *(.gnu.version)

.gnu.version_d
 *(.gnu.version_d)

.gnu.version_r
 *(.gnu.version_r)

.rel.init
 *(.rel.init)

.rela.init
 *(.rela.init)

.rel.text
 *(.rel.text)
 *(.rel.text.*)
 *(.rel.gnu.linkonce.t*)

.rela.text
 *(.rela.text)
 *(.rela.text.*)
 *(.rela.gnu.linkonce.t*)

.rel.fini
 *(.rel.fini)

.rela.fini
 *(.rela.fini)

.rel.rodata
 *(.rel.rodata)
 *(.rel.rodata.*)
 *(.rel.gnu.linkonce.r*)

.rela.rodata
 *(.rela.rodata)
 *(.rela.rodata.*)
 *(.rela.gnu.linkonce.r*)

.rel.data
 *(.rel.data)
 *(.rel.data.*)
 *(.rel.gnu.linkonce.d*)

.rela.data
 *(.rela.data)
 *(.rela.data.*)
 *(.rela.gnu.linkonce.d*)

.rel.ctors
 *(.rel.ctors)

.rela.ctors
 *(.rela.ctors)

.rel.dtors
 *(.rel.dtors)

.rela.dtors
 *(.rela.dtors)

.rel.got
 *(.rel.got)

.rela.got
 *(.rela.got)

.rel.bss
 *(.rel.bss)

.rela.bss
 *(.rela.bss)

.rel.plt
 *(.rel.plt)

.rela.plt
 *(.rela.plt)

.text           0x00000000     0x33ba
 *(.vectors)
 .vectors       0x00000000       0x94 c:/program files (x86)/atmel/atmel studio 6.0/extensions/atmel/avrgcc/3.4.1.95/avrtoolchain/bin/../lib/gcc/avr/4.6.2/../../../../avr/lib/avr5/crtcan32.o
                0x00000000                __vector_default
                0x00000000                __vectors
 *(.vectors)
 *(.progmem.gcc*)
 .progmem.gcc_sw_table
                0x00000094      0x26a sources/Display.o
 *(.progmem*)
                0x000002fe                . = ALIGN (0x2)
                0x000002fe                __trampolines_start = .
 *(.trampolines)
 .trampolines   0x000002fe        0x0 linker stubs
 *(.trampolines*)
                0x000002fe                __trampolines_end = .
 *(.jumptables)
 *(.jumptables*)
 *(.lowtext)
 *(.lowtext*)
                0x000002fe                __ctors_start = .
 *(.ctors)
                0x000002fe                __ctors_end = .
                0x000002fe                __dtors_start = .
 *(.dtors)
                0x000002fe                __dtors_end = .
 SORT(*)(.ctors)
 SORT(*)(.dtors)
 *(.init0)
 .init0         0x000002fe        0x0 c:/program files (x86)/atmel/atmel studio 6.0/extensions/atmel/avrgcc/3.4.1.95/avrtoolchain/bin/../lib/gcc/avr/4.6.2/../../../../avr/lib/avr5/crtcan32.o
                0x000002fe                __init
 *(.init0)
 *(.init1)
 *(.init1)
 *(.init2)
 .init2         0x000002fe        0xc c:/program files (x86)/atmel/atmel studio 6.0/extensions/atmel/avrgcc/3.4.1.95/avrtoolchain/bin/../lib/gcc/avr/4.6.2/../../../../avr/lib/avr5/crtcan32.o
 *(.init2)
 *(.init3)
 *(.init3)
 *(.init4)
 .init4         0x0000030a       0x16 c:/program files (x86)/atmel/atmel studio 6.0/extensions/atmel/avrgcc/3.4.1.95/avrtoolchain/bin/../lib/gcc/avr/4.6.2/avr5\libgcc.a(_copy_data.o)
                0x0000030a                __do_copy_data
 .init4         0x00000320       0x10 c:/program files (x86)/atmel/atmel studio 6.0/extensions/atmel/avrgcc/3.4.1.95/avrtoolchain/bin/../lib/gcc/avr/4.6.2/avr5\libgcc.a(_clear_bss.o)
                0x00000320                __do_clear_bss
 *(.init4)
 *(.init5)
 *(.init5)
 *(.init6)
 *(.init6)
 *(.init7)
 *(.init7)
 *(.init8)
 *(.init8)
 *(.init9)
 .init9         0x00000330        0x8 c:/program files (x86)/atmel/atmel studio 6.0/extensions/atmel/avrgcc/3.4.1.95/avrtoolchain/bin/../lib/gcc/avr/4.6.2/../../../../avr/lib/avr5/crtcan32.o
 *(.init9)
 *(.text)
 .text          0x00000338        0x4 c:/program files (x86)/atmel/atmel studio 6.0/extensions/atmel/avrgcc/3.4.1.95/avrtoolchain/bin/../lib/gcc/avr/4.6.2/../../../../avr/lib/avr5/crtcan32.o
                0x00000338                __vector_22
                0x00000338                __vector_1
                0x00000338                __vector_32
                0x00000338                __vector_34
                0x00000338                __vector_24
                0x00000338                __bad_interrupt
                0x00000338                __vector_6
                0x00000338                __vector_35
                0x00000338                __vector_3
                0x00000338                __vector_23
                0x00000338                __vector_25
                0x00000338                __vector_11
                0x00000338                __vector_19
                0x00000338                __vector_7
                0x00000338                __vector_27
                0x00000338                __vector_5
                0x00000338                __vector_33
                0x00000338                __vector_4
                0x00000338                __vector_9
                0x00000338                __vector_2
                0x00000338                __vector_21
                0x00000338                __vector_36
                0x00000338                __vector_8
                0x00000338                __vector_26
                0x00000338                __vector_10
                0x00000338                __vector_20
 .text          0x0000033c        0xc main.o
                0x0000033c                main
 .text          0x00000348      0x3b8 sources/Button.o
                0x00000348                button_read_col
                0x0000041a                col1_input_high
                0x00000420                col2_input_high
                0x00000426                col3_input_high
                0x0000042c                col1_low
                0x00000432                col2_low
                0x00000438                col3_low
                0x0000043e                buttons_react
                0x000005a6                button_init
                0x000005e8                button_multiplex_cycle
                0x000006f2                button_get_button_state
 .text          0x00000700       0x20 sources/Buzzer.o
                0x00000700                buzzer_init
                0x00000706                buzzer_on
                0x0000070a                buzzer_off
                0x0000070e                buzzer_buzz_ready_to_drive
 .text          0x00000720      0x298 sources/CAN.o
                0x00000720                __vector_18
                0x000007a8                CANInit
                0x000007de                CANGetStruct
                0x00000800                CANStartRx
                0x0000081c                CANGetData
                0x0000082c                CANSendData
                0x000008a6                CANAddSendData
                0x000008f4                CANGetCurrentTx
                0x00000908                CANSendNext
                0x00000946                CANAbortCMD
                0x0000098e                CANRestartReceive
 .text          0x000009b8      0x516 sources/can_drv.o
                0x000009b8                can_clear_all_mob
                0x000009dc                can_get_mob_free
                0x00000a1c                can_get_mob_status
                0x00000a42                can_get_data
                0x00000a86                can_auto_baudrate
                0x00000e98                Can_conf_bt_flex
                0x00000ea8                can_fixed_baudrate
 .text          0x00000ece      0xd80 sources/can_lib.o
                0x00000f16                can_init
                0x00000f34                can_off
                0x00000f40                can_cmd
                0x00001af4                can_get_status
 .text          0x00001c4e      0xc1a sources/Display.o
                0x00001c4e                display_make_display_line_percent
                0x00001cb6                display_make_display_line_min_av_max_volt
                0x00001d46                display_make_display_line_percent_bar
                0x00001e2e                display_make_display_line_min_av_max_temp
                0x00001ebe                display_make_display_line_lv_voltage
                0x00001f10                display_make_display_line_error_or_message
                0x00002272                display_make_display_line_button_test
                0x0000227e                display_make_display_line_blank
                0x000022c8                display_make_display_line_select_player
                0x00002364                display_make_display_line_brake_balance
                0x000023fa                display_make_display_line_motor_temp
                0x000024d8                display_write_data
                0x000024f0                display_write_instruction
                0x00002508                display_write_display_lines
                0x00002572                display_update
                0x0000277c                display_init
                0x000027c8                display_set_display_string
                0x000027dc                display_up
                0x00002818                display_down
                0x00002848                display_starting
 .text          0x00002868       0x2a sources/Error.o
                0x00002868                InitError
                0x00002876                AddError
                0x00002886                ClearErrors
 .text          0x00002892      0x2da sources/Event.o
                0x00002892                EventInit
                0x0000289c                EventAddEvent
                0x000028d8                EventGetNextEvent
                0x000028f4                Dashboard
                0x00002b46                EventHandleEvent
 .text          0x00002b6c      0x30c sources/Led.o
                0x00002b6c                led_init
                0x00002b88                led_set
                0x00002bf8                led_clear
                0x00002c68                led_clear_all
                0x00002c7c                led_is_set
                0x00002d76                led_toggle
                0x00002d94                led_state_set
                0x00002dde                led_state_return
                0x00002e18                led_percent_bar
 .text          0x00002e78       0x76 sources/MyCommon.o
                0x00002e78                main_deinit
                0x00002e7a                ports_init
                0x00002eaa                main_init
 .text          0x00002eee        0xe sources/Radio.o
                0x00002eee                radio_init
                0x00002ef4                radio_on
                0x00002ef8                radio_off
 .text          0x00002efc       0x5e sources/spi_lib.o
                0x00002efc                spi_init
                0x00002f22                spi_test_hit
                0x00002f28                spi_putchar
                0x00002f32                spi_getchar
                0x00002f3c                spi_transmit_master
 .text          0x00002f5a       0x8a sources/Startup.o
                0x00002f5a                startup_sequence
 .text          0x00002fe4      0x340 sources/Timer.o
                0x00002fe4                __vector_16
                0x00002ff8                __vector_17
                0x0000300c                __vector_12
                0x00003066                __vector_13
                0x000030c0                __vector_14
                0x0000311a                __vector_28
                0x00003174                __vector_29
                0x000031ce                __vector_30
                0x00003228                __vector_15
                0x0000323c                __vector_31
                0x00003250                Timer1_init
                0x0000325a                Timer3_init
                0x00003264                TIMER_Timer1_OCR1A_on
                0x00003284                TIMER_Timer1_OCR1B_on
                0x000032a4                TIMER_Timer1_OCR1C_on
                0x000032c4                TIMER_Timer3_OCR3A_on
                0x000032e4                TIMER_Timer3_OCR3B_on
                0x00003304                TIMER_Timer3_OCR3C_on
 .text          0x00003324       0x2c sources/WatchDog.o
                0x00003324                InitWDT
                0x0000333c                CheckWDT
 .text          0x00003350        0x0 c:/program files (x86)/atmel/atmel studio 6.0/extensions/atmel/avrgcc/3.4.1.95/avrtoolchain/bin/../lib/gcc/avr/4.6.2/avr5\libgcc.a(_udivmodqi4.o)
 .text          0x00003350        0x0 c:/program files (x86)/atmel/atmel studio 6.0/extensions/atmel/avrgcc/3.4.1.95/avrtoolchain/bin/../lib/gcc/avr/4.6.2/avr5\libgcc.a(_divmodhi4.o)
 .text          0x00003350        0x0 c:/program files (x86)/atmel/atmel studio 6.0/extensions/atmel/avrgcc/3.4.1.95/avrtoolchain/bin/../lib/gcc/avr/4.6.2/avr5\libgcc.a(_exit.o)
 .text          0x00003350        0x0 c:/program files (x86)/atmel/atmel studio 6.0/extensions/atmel/avrgcc/3.4.1.95/avrtoolchain/bin/../lib/gcc/avr/4.6.2/avr5\libgcc.a(_copy_data.o)
 .text          0x00003350        0x0 c:/program files (x86)/atmel/atmel studio 6.0/extensions/atmel/avrgcc/3.4.1.95/avrtoolchain/bin/../lib/gcc/avr/4.6.2/avr5\libgcc.a(_clear_bss.o)
 .text          0x00003350        0x0 c:/program files (x86)/atmel/atmel studio 6.0/extensions/atmel/avrgcc/3.4.1.95/avrtoolchain/bin/../lib/gcc/avr/4.6.2/avr5\libgcc.a(_udivmodhi4.o)
                0x00003350                . = ALIGN (0x2)
 *(.text.*)
 .text.libgcc   0x00003350       0x18 c:/program files (x86)/atmel/atmel studio 6.0/extensions/atmel/avrgcc/3.4.1.95/avrtoolchain/bin/../lib/gcc/avr/4.6.2/avr5\libgcc.a(_udivmodqi4.o)
                0x00003350                __udivmodqi4
 .text.libgcc   0x00003368       0x26 c:/program files (x86)/atmel/atmel studio 6.0/extensions/atmel/avrgcc/3.4.1.95/avrtoolchain/bin/../lib/gcc/avr/4.6.2/avr5\libgcc.a(_divmodhi4.o)
                0x00003368                _div
                0x00003368                __divmodhi4
 .text.libgcc   0x0000338e        0x0 c:/program files (x86)/atmel/atmel studio 6.0/extensions/atmel/avrgcc/3.4.1.95/avrtoolchain/bin/../lib/gcc/avr/4.6.2/avr5\libgcc.a(_exit.o)
 .text.libgcc   0x0000338e        0x0 c:/program files (x86)/atmel/atmel studio 6.0/extensions/atmel/avrgcc/3.4.1.95/avrtoolchain/bin/../lib/gcc/avr/4.6.2/avr5\libgcc.a(_copy_data.o)
 .text.libgcc   0x0000338e        0x0 c:/program files (x86)/atmel/atmel studio 6.0/extensions/atmel/avrgcc/3.4.1.95/avrtoolchain/bin/../lib/gcc/avr/4.6.2/avr5\libgcc.a(_clear_bss.o)
 .text.libgcc   0x0000338e       0x28 c:/program files (x86)/atmel/atmel studio 6.0/extensions/atmel/avrgcc/3.4.1.95/avrtoolchain/bin/../lib/gcc/avr/4.6.2/avr5\libgcc.a(_udivmodhi4.o)
                0x0000338e                __udivmodhi4
                0x000033b6                . = ALIGN (0x2)
 *(.fini9)
 .fini9         0x000033b6        0x0 c:/program files (x86)/atmel/atmel studio 6.0/extensions/atmel/avrgcc/3.4.1.95/avrtoolchain/bin/../lib/gcc/avr/4.6.2/avr5\libgcc.a(_exit.o)
                0x000033b6                _exit
                0x000033b6                exit
 *(.fini9)
 *(.fini8)
 *(.fini8)
 *(.fini7)
 *(.fini7)
 *(.fini6)
 *(.fini6)
 *(.fini5)
 *(.fini5)
 *(.fini4)
 *(.fini4)
 *(.fini3)
 *(.fini3)
 *(.fini2)
 *(.fini2)
 *(.fini1)
 *(.fini1)
 *(.fini0)
 .fini0         0x000033b6        0x4 c:/program files (x86)/atmel/atmel studio 6.0/extensions/atmel/avrgcc/3.4.1.95/avrtoolchain/bin/../lib/gcc/avr/4.6.2/avr5\libgcc.a(_exit.o)
 *(.fini0)
                0x000033ba                _etext = .

.data           0x00800100      0x5dc load address 0x000033ba
                0x00800100                PROVIDE (__data_start, .)
 *(.data)
 .data          0x00800100        0x0 c:/program files (x86)/atmel/atmel studio 6.0/extensions/atmel/avrgcc/3.4.1.95/avrtoolchain/bin/../lib/gcc/avr/4.6.2/../../../../avr/lib/avr5/crtcan32.o
 .data          0x00800100        0x0 main.o
 .data          0x00800100        0x0 sources/Button.o
 .data          0x00800100        0x0 sources/Buzzer.o
 .data          0x00800100        0x0 sources/CAN.o
 .data          0x00800100        0x0 sources/can_drv.o
 .data          0x00800100        0x0 sources/can_lib.o
 .data          0x00800100      0x5dc sources/Display.o
                0x0080013c                test
                0x00800164                display_line_player_princess_peach
                0x00800178                display_line_player_donkey_kong
                0x0080018c                display_line_player_bowser
                0x008001a0                display_line_player_luigi
                0x008001b4                display_line_player_mario
                0x008001c8                display_line_player_yoshi
                0x008001dc                display_line_player_select
                0x008001f0                display_line_brake_balance
                0x00800204                display_line_starting
                0x00800218                display_line_tsal2
                0x0080022c                display_line_tsal1
                0x00800240                display_line_blank
                0x00800254                display_line_buttons_pressed
                0x00800268                display_line_accleration_mode_go_go
                0x0080027c                display_line_accleration_mode_ready
                0x00800290                display_line_accleration_mode_normal
                0x008002a4                display_line_accleration_mode
                0x008002b8                display_line_torque_vectoring
                0x008002cc                display_line_traction_control
                0x008002e0                display_line_motor_temp_rear
                0x008002f4                display_line_motor_temp_front
                0x00800308                display_line_motor_power_rear
                0x0080031c                display_line_motor_power_front
                0x00800330                display_line_lv_voltage
                0x00800344                display_line_cel_temp
                0x00800358                display_line_min_cv_max
                0x0080036c                display_line_soc
                0x00800380                display_line_message
                0x00800394                display_line_error
                0x008003a8                display_line_home
                0x008003bc                display_line_message_boot_up
                0x008003d0                display_line_message_mc_fail
                0x008003e4                display_line_message_precharge_fail
                0x008003f8                display_line_message_ms_open
                0x0080040c                display_line_message_enre_fail
                0x00800420                display_line_message_precharge_only
                0x00800434                display_line_message_manual_mc
                0x00800448                display_line_message_ready_2_drive
                0x0080045c                display_line_message_starting_motor_controller
                0x00800470                display_line_message_precharged
                0x00800484                display_line_message_precharging
                0x00800498                display_line_message_check_ms
                0x008004ac                display_line_message_starting_ts
                0x008004c0                display_line_air_ror
                0x008004d4                display_line_error_missing_shunt
                0x008004e8                display_line_error_missing_mc_right
                0x008004fc                display_line_error_missing_mc_left
                0x00800510                display_line_error_missing_mcm_ab
                0x00800524                display_line_error_missing_mcm_lvb
                0x00800538                display_line_error_missing_mcm_front
                0x0080054c                display_line_error_missing_mcm_rear
                0x00800560                display_line_brake_force_fail
                0x00800574                display_line_throttle_fail
                0x00800588                display_line_bms_overtemp
                0x0080059c                display_line_bms_overcurrent
                0x008005b0                display_line_bms_undervoltage
                0x008005c4                display_line_error_mcm
                0x008005d8                display_line_error_mc
                0x008005ec                display_line_error_bms
                0x00800600                display_line_error_bad_request_id
                0x00800614                display_line_error_bpd
                0x00800628                display_line_error_imdf
                0x0080063c                display_line_error_imd
                0x00800650                display_line_error_hvdi
                0x00800664                display_line_error_bots
                0x00800678                display_line_error_pre_bots
                0x0080068c                display_line_error_pre_enre
                0x008006a0                display_line_error_unknown_code
                0x008006b4                display_line_error_sc_down
                0x008006c8                display_line_error_none
 .data          0x008006dc        0x0 sources/Error.o
 .data          0x008006dc        0x0 sources/Event.o
 .data          0x008006dc        0x0 sources/Led.o
 .data          0x008006dc        0x0 sources/MyCommon.o
 .data          0x008006dc        0x0 sources/Radio.o
 .data          0x008006dc        0x0 sources/spi_lib.o
 .data          0x008006dc        0x0 sources/Startup.o
 .data          0x008006dc        0x0 sources/Timer.o
 .data          0x008006dc        0x0 sources/WatchDog.o
 .data          0x008006dc        0x0 c:/program files (x86)/atmel/atmel studio 6.0/extensions/atmel/avrgcc/3.4.1.95/avrtoolchain/bin/../lib/gcc/avr/4.6.2/avr5\libgcc.a(_udivmodqi4.o)
 .data          0x008006dc        0x0 c:/program files (x86)/atmel/atmel studio 6.0/extensions/atmel/avrgcc/3.4.1.95/avrtoolchain/bin/../lib/gcc/avr/4.6.2/avr5\libgcc.a(_divmodhi4.o)
 .data          0x008006dc        0x0 c:/program files (x86)/atmel/atmel studio 6.0/extensions/atmel/avrgcc/3.4.1.95/avrtoolchain/bin/../lib/gcc/avr/4.6.2/avr5\libgcc.a(_exit.o)
 .data          0x008006dc        0x0 c:/program files (x86)/atmel/atmel studio 6.0/extensions/atmel/avrgcc/3.4.1.95/avrtoolchain/bin/../lib/gcc/avr/4.6.2/avr5\libgcc.a(_copy_data.o)
 .data          0x008006dc        0x0 c:/program files (x86)/atmel/atmel studio 6.0/extensions/atmel/avrgcc/3.4.1.95/avrtoolchain/bin/../lib/gcc/avr/4.6.2/avr5\libgcc.a(_clear_bss.o)
 .data          0x008006dc        0x0 c:/program files (x86)/atmel/atmel studio 6.0/extensions/atmel/avrgcc/3.4.1.95/avrtoolchain/bin/../lib/gcc/avr/4.6.2/avr5\libgcc.a(_udivmodhi4.o)
 *(.data*)
 *(.rodata)
 *(.rodata*)
 *(.gnu.linkonce.d*)
                0x008006dc                . = ALIGN (0x2)
                0x008006dc                _edata = .
                0x008006dc                PROVIDE (__data_end, .)

.bss            0x008006dc      0x120
                0x008006dc                PROVIDE (__bss_start, .)
 *(.bss)
 .bss           0x008006dc        0x0 c:/program files (x86)/atmel/atmel studio 6.0/extensions/atmel/avrgcc/3.4.1.95/avrtoolchain/bin/../lib/gcc/avr/4.6.2/../../../../avr/lib/avr5/crtcan32.o
 .bss           0x008006dc        0x0 main.o
 .bss           0x008006dc        0x2 sources/Button.o
                0x008006dc                button_key2
                0x008006dd                button_key1
 .bss           0x008006de        0x2 sources/Buzzer.o
                0x008006de                buzz_cycles
                0x008006df                buzzer_count
 .bss           0x008006e0        0x0 sources/CAN.o
 .bss           0x008006e0        0x0 sources/can_drv.o
 .bss           0x008006e0        0x0 sources/can_lib.o
 .bss           0x008006e0        0x0 sources/Display.o
 .bss           0x008006e0        0x2 sources/Error.o
 .bss           0x008006e2       0x30 sources/Event.o
 .bss           0x00800712        0x0 sources/Led.o
 .bss           0x00800712        0x0 sources/MyCommon.o
 .bss           0x00800712        0x0 sources/Radio.o
 .bss           0x00800712        0x0 sources/spi_lib.o
 .bss           0x00800712        0x1 sources/Startup.o
                0x00800712                start_up_count
 .bss           0x00800713        0x0 sources/Timer.o
 .bss           0x00800713        0x0 sources/WatchDog.o
 .bss           0x00800713        0x0 c:/program files (x86)/atmel/atmel studio 6.0/extensions/atmel/avrgcc/3.4.1.95/avrtoolchain/bin/../lib/gcc/avr/4.6.2/avr5\libgcc.a(_udivmodqi4.o)
 .bss           0x00800713        0x0 c:/program files (x86)/atmel/atmel studio 6.0/extensions/atmel/avrgcc/3.4.1.95/avrtoolchain/bin/../lib/gcc/avr/4.6.2/avr5\libgcc.a(_divmodhi4.o)
 .bss           0x00800713        0x0 c:/program files (x86)/atmel/atmel studio 6.0/extensions/atmel/avrgcc/3.4.1.95/avrtoolchain/bin/../lib/gcc/avr/4.6.2/avr5\libgcc.a(_exit.o)
 .bss           0x00800713        0x0 c:/program files (x86)/atmel/atmel studio 6.0/extensions/atmel/avrgcc/3.4.1.95/avrtoolchain/bin/../lib/gcc/avr/4.6.2/avr5\libgcc.a(_copy_data.o)
 .bss           0x00800713        0x0 c:/program files (x86)/atmel/atmel studio 6.0/extensions/atmel/avrgcc/3.4.1.95/avrtoolchain/bin/../lib/gcc/avr/4.6.2/avr5\libgcc.a(_clear_bss.o)
 .bss           0x00800713        0x0 c:/program files (x86)/atmel/atmel studio 6.0/extensions/atmel/avrgcc/3.4.1.95/avrtoolchain/bin/../lib/gcc/avr/4.6.2/avr5\libgcc.a(_udivmodhi4.o)
 *(.bss*)
 *(COMMON)
 COMMON         0x00800713       0x24 main.o
                0x00800713                led_pins
                0x0080071e                dashboard_state
                0x0080071f                led_state
                0x00800721                led_port
                0x0080072c                led_dd
 COMMON         0x00800737       0x6b sources/Button.o
                0x00800737                selected_menu_pre_error
                0x00800738                display_string
                0x00800760                button_counter
                0x0080076c                button_pressed_previous
                0x0080076e                button_state
                0x0080077a                selected_menu
                0x0080077b                button_previous_state
                0x00800787                button_press
                0x00800793                button_pressed_current
                0x00800795                button_released
                0x008007a1                display_current_error
 COMMON         0x008007a2        0xf sources/CAN.o
                0x008007a2                can_queue
                0x008007ac                can_queue_head
                0x008007ad                can_Status
                0x008007ae                can_queue_tail
                0x008007af                can_rx
 COMMON         0x008007b1       0x39 sources/Display.o
                0x008007b1                display_ddram_bottom_row
                0x008007cd                display_ddram_top_row
                0x008007e9                address_counter
 COMMON         0x008007ea       0x12 sources/Event.o
                0x008007ea                event_queue
                0x008007fa                event_queue_head
                0x008007fb                event_queue_tail
                0x008007fc                PROVIDE (__bss_end, .)
                0x000033ba                __data_load_start = LOADADDR (.data)
                0x00003996                __data_load_end = (__data_load_start + SIZEOF (.data))

.noinit         0x008007fc        0x0
                0x008007fc                PROVIDE (__noinit_start, .)
 *(.noinit*)
                0x008007fc                PROVIDE (__noinit_end, .)
                0x008007fc                _end = .
                0x008007fc                PROVIDE (__heap_start, .)

.eeprom         0x00810000        0x0
 *(.eeprom*)
                0x00810000                __eeprom_end = .

.fuse
 *(.fuse)
 *(.lfuse)
 *(.hfuse)
 *(.efuse)

.lock
 *(.lock*)

.signature
 *(.signature*)

.stab           0x00000000      0x6cc
 *(.stab)
 .stab          0x00000000      0x6cc c:/program files (x86)/atmel/atmel studio 6.0/extensions/atmel/avrgcc/3.4.1.95/avrtoolchain/bin/../lib/gcc/avr/4.6.2/../../../../avr/lib/avr5/crtcan32.o

.stabstr        0x00000000       0x85
 *(.stabstr)
 .stabstr       0x00000000       0x85 c:/program files (x86)/atmel/atmel studio 6.0/extensions/atmel/avrgcc/3.4.1.95/avrtoolchain/bin/../lib/gcc/avr/4.6.2/../../../../avr/lib/avr5/crtcan32.o

.stab.excl
 *(.stab.excl)

.stab.exclstr
 *(.stab.exclstr)

.stab.index
 *(.stab.index)

.stab.indexstr
 *(.stab.indexstr)

.comment
 *(.comment)

.debug
 *(.debug)

.line
 *(.line)

.debug_srcinfo
 *(.debug_srcinfo)

.debug_sfnames
 *(.debug_sfnames)

.debug_aranges  0x00000000      0x2c0
 *(.debug_aranges)
 .debug_aranges
                0x00000000       0x20 main.o
 .debug_aranges
                0x00000020       0x20 sources/Button.o
 .debug_aranges
                0x00000040       0x20 sources/Buzzer.o
 .debug_aranges
                0x00000060       0x20 sources/CAN.o
 .debug_aranges
                0x00000080       0x20 sources/can_drv.o
 .debug_aranges
                0x000000a0       0x20 sources/can_lib.o
 .debug_aranges
                0x000000c0       0x20 sources/Display.o
 .debug_aranges
                0x000000e0       0x20 sources/Error.o
 .debug_aranges
                0x00000100       0x20 sources/Event.o
 .debug_aranges
                0x00000120       0x20 sources/Led.o
 .debug_aranges
                0x00000140       0x20 sources/MyCommon.o
 .debug_aranges
                0x00000160       0x20 sources/Radio.o
 .debug_aranges
                0x00000180       0x20 sources/spi_lib.o
 .debug_aranges
                0x000001a0       0x20 sources/Startup.o
 .debug_aranges
                0x000001c0       0x20 sources/Timer.o
 .debug_aranges
                0x000001e0       0x20 sources/WatchDog.o
 .debug_aranges
                0x00000200       0x20 c:/program files (x86)/atmel/atmel studio 6.0/extensions/atmel/avrgcc/3.4.1.95/avrtoolchain/bin/../lib/gcc/avr/4.6.2/avr5\libgcc.a(_udivmodqi4.o)
 .debug_aranges
                0x00000220       0x20 c:/program files (x86)/atmel/atmel studio 6.0/extensions/atmel/avrgcc/3.4.1.95/avrtoolchain/bin/../lib/gcc/avr/4.6.2/avr5\libgcc.a(_divmodhi4.o)
 .debug_aranges
                0x00000240       0x20 c:/program files (x86)/atmel/atmel studio 6.0/extensions/atmel/avrgcc/3.4.1.95/avrtoolchain/bin/../lib/gcc/avr/4.6.2/avr5\libgcc.a(_exit.o)
 .debug_aranges
                0x00000260       0x20 c:/program files (x86)/atmel/atmel studio 6.0/extensions/atmel/avrgcc/3.4.1.95/avrtoolchain/bin/../lib/gcc/avr/4.6.2/avr5\libgcc.a(_copy_data.o)
 .debug_aranges
                0x00000280       0x20 c:/program files (x86)/atmel/atmel studio 6.0/extensions/atmel/avrgcc/3.4.1.95/avrtoolchain/bin/../lib/gcc/avr/4.6.2/avr5\libgcc.a(_clear_bss.o)
 .debug_aranges
                0x000002a0       0x20 c:/program files (x86)/atmel/atmel studio 6.0/extensions/atmel/avrgcc/3.4.1.95/avrtoolchain/bin/../lib/gcc/avr/4.6.2/avr5\libgcc.a(_udivmodhi4.o)

.debug_pubnames
 *(.debug_pubnames)

.debug_info     0x00000000     0x5a41
 *(.debug_info)
 .debug_info    0x00000000      0x40c main.o
 .debug_info    0x0000040c      0x464 sources/Button.o
 .debug_info    0x00000870       0xfa sources/Buzzer.o
 .debug_info    0x0000096a      0x67c sources/CAN.o
 .debug_info    0x00000fe6      0x69b sources/can_drv.o
 .debug_info    0x00001681      0x4ce sources/can_lib.o
 .debug_info    0x00001b4f     0x13a0 sources/Display.o
 .debug_info    0x00002eef      0x41c sources/Error.o
 .debug_info    0x0000330b      0x783 sources/Event.o
 .debug_info    0x00003a8e      0x272 sources/Led.o
 .debug_info    0x00003d00      0x52c sources/MyCommon.o
 .debug_info    0x0000422c       0xa8 sources/Radio.o
 .debug_info    0x000042d4      0x452 sources/spi_lib.o
 .debug_info    0x00004726      0x483 sources/Startup.o
 .debug_info    0x00004ba9      0x58c sources/Timer.o
 .debug_info    0x00005135      0x3de sources/WatchDog.o
 .debug_info    0x00005513       0xdd c:/program files (x86)/atmel/atmel studio 6.0/extensions/atmel/avrgcc/3.4.1.95/avrtoolchain/bin/../lib/gcc/avr/4.6.2/avr5\libgcc.a(_udivmodqi4.o)
 .debug_info    0x000055f0       0xdd c:/program files (x86)/atmel/atmel studio 6.0/extensions/atmel/avrgcc/3.4.1.95/avrtoolchain/bin/../lib/gcc/avr/4.6.2/avr5\libgcc.a(_divmodhi4.o)
 .debug_info    0x000056cd       0xdd c:/program files (x86)/atmel/atmel studio 6.0/extensions/atmel/avrgcc/3.4.1.95/avrtoolchain/bin/../lib/gcc/avr/4.6.2/avr5\libgcc.a(_exit.o)
 .debug_info    0x000057aa       0xdd c:/program files (x86)/atmel/atmel studio 6.0/extensions/atmel/avrgcc/3.4.1.95/avrtoolchain/bin/../lib/gcc/avr/4.6.2/avr5\libgcc.a(_copy_data.o)
 .debug_info    0x00005887       0xdd c:/program files (x86)/atmel/atmel studio 6.0/extensions/atmel/avrgcc/3.4.1.95/avrtoolchain/bin/../lib/gcc/avr/4.6.2/avr5\libgcc.a(_clear_bss.o)
 .debug_info    0x00005964       0xdd c:/program files (x86)/atmel/atmel studio 6.0/extensions/atmel/avrgcc/3.4.1.95/avrtoolchain/bin/../lib/gcc/avr/4.6.2/avr5\libgcc.a(_udivmodhi4.o)
 *(.gnu.linkonce.wi.*)

.debug_abbrev   0x00000000     0x1646
 *(.debug_abbrev)
 .debug_abbrev  0x00000000      0x11a main.o
 .debug_abbrev  0x0000011a      0x13b sources/Button.o
 .debug_abbrev  0x00000255       0x81 sources/Buzzer.o
 .debug_abbrev  0x000002d6      0x1aa sources/CAN.o
 .debug_abbrev  0x00000480      0x1e4 sources/can_drv.o
 .debug_abbrev  0x00000664      0x1d3 sources/can_lib.o
 .debug_abbrev  0x00000837      0x2ad sources/Display.o
 .debug_abbrev  0x00000ae4      0x14b sources/Error.o
 .debug_abbrev  0x00000c2f      0x1ba sources/Event.o
 .debug_abbrev  0x00000de9      0x115 sources/Led.o
 .debug_abbrev  0x00000efe      0x156 sources/MyCommon.o
 .debug_abbrev  0x00001054       0x4c sources/Radio.o
 .debug_abbrev  0x000010a0      0x179 sources/spi_lib.o
 .debug_abbrev  0x00001219      0x155 sources/Startup.o
 .debug_abbrev  0x0000136e      0x142 sources/Timer.o
 .debug_abbrev  0x000014b0      0x11e sources/WatchDog.o
 .debug_abbrev  0x000015ce       0x14 c:/program files (x86)/atmel/atmel studio 6.0/extensions/atmel/avrgcc/3.4.1.95/avrtoolchain/bin/../lib/gcc/avr/4.6.2/avr5\libgcc.a(_udivmodqi4.o)
 .debug_abbrev  0x000015e2       0x14 c:/program files (x86)/atmel/atmel studio 6.0/extensions/atmel/avrgcc/3.4.1.95/avrtoolchain/bin/../lib/gcc/avr/4.6.2/avr5\libgcc.a(_divmodhi4.o)
 .debug_abbrev  0x000015f6       0x14 c:/program files (x86)/atmel/atmel studio 6.0/extensions/atmel/avrgcc/3.4.1.95/avrtoolchain/bin/../lib/gcc/avr/4.6.2/avr5\libgcc.a(_exit.o)
 .debug_abbrev  0x0000160a       0x14 c:/program files (x86)/atmel/atmel studio 6.0/extensions/atmel/avrgcc/3.4.1.95/avrtoolchain/bin/../lib/gcc/avr/4.6.2/avr5\libgcc.a(_copy_data.o)
 .debug_abbrev  0x0000161e       0x14 c:/program files (x86)/atmel/atmel studio 6.0/extensions/atmel/avrgcc/3.4.1.95/avrtoolchain/bin/../lib/gcc/avr/4.6.2/avr5\libgcc.a(_clear_bss.o)
 .debug_abbrev  0x00001632       0x14 c:/program files (x86)/atmel/atmel studio 6.0/extensions/atmel/avrgcc/3.4.1.95/avrtoolchain/bin/../lib/gcc/avr/4.6.2/avr5\libgcc.a(_udivmodhi4.o)

.debug_line     0x00000000     0x1ec8
 *(.debug_line)
 .debug_line    0x00000000      0x130 main.o
 .debug_line    0x00000130      0x1e1 sources/Button.o
 .debug_line    0x00000311      0x10a sources/Buzzer.o
 .debug_line    0x0000041b      0x1ec sources/CAN.o
 .debug_line    0x00000607      0x312 sources/can_drv.o
 .debug_line    0x00000919      0x303 sources/can_lib.o
 .debug_line    0x00000c1c      0x32a sources/Display.o
 .debug_line    0x00000f46       0xfa sources/Error.o
 .debug_line    0x00001040      0x1c5 sources/Event.o
 .debug_line    0x00001205      0x186 sources/Led.o
 .debug_line    0x0000138b      0x178 sources/MyCommon.o
 .debug_line    0x00001503       0xe1 sources/Radio.o
 .debug_line    0x000015e4      0x17b sources/spi_lib.o
 .debug_line    0x0000175f      0x146 sources/Startup.o
 .debug_line    0x000018a5      0x184 sources/Timer.o
 .debug_line    0x00001a29      0x133 sources/WatchDog.o
 .debug_line    0x00001b5c       0x92 c:/program files (x86)/atmel/atmel studio 6.0/extensions/atmel/avrgcc/3.4.1.95/avrtoolchain/bin/../lib/gcc/avr/4.6.2/avr5\libgcc.a(_udivmodqi4.o)
 .debug_line    0x00001bee       0x99 c:/program files (x86)/atmel/atmel studio 6.0/extensions/atmel/avrgcc/3.4.1.95/avrtoolchain/bin/../lib/gcc/avr/4.6.2/avr5\libgcc.a(_divmodhi4.o)
 .debug_line    0x00001c87       0x88 c:/program files (x86)/atmel/atmel studio 6.0/extensions/atmel/avrgcc/3.4.1.95/avrtoolchain/bin/../lib/gcc/avr/4.6.2/avr5\libgcc.a(_exit.o)
 .debug_line    0x00001d0f       0x91 c:/program files (x86)/atmel/atmel studio 6.0/extensions/atmel/avrgcc/3.4.1.95/avrtoolchain/bin/../lib/gcc/avr/4.6.2/avr5\libgcc.a(_copy_data.o)
 .debug_line    0x00001da0       0x8e c:/program files (x86)/atmel/atmel studio 6.0/extensions/atmel/avrgcc/3.4.1.95/avrtoolchain/bin/../lib/gcc/avr/4.6.2/avr5\libgcc.a(_clear_bss.o)
 .debug_line    0x00001e2e       0x9a c:/program files (x86)/atmel/atmel studio 6.0/extensions/atmel/avrgcc/3.4.1.95/avrtoolchain/bin/../lib/gcc/avr/4.6.2/avr5\libgcc.a(_udivmodhi4.o)

.debug_frame    0x00000000      0xca0
 *(.debug_frame)
 .debug_frame   0x00000000       0x24 main.o
 .debug_frame   0x00000024       0xec sources/Button.o
 .debug_frame   0x00000110       0x54 sources/Buzzer.o
 .debug_frame   0x00000164      0x128 sources/CAN.o
 .debug_frame   0x0000028c       0xf0 sources/can_drv.o
 .debug_frame   0x0000037c       0xa8 sources/can_lib.o
 .debug_frame   0x00000424      0x234 sources/Display.o
 .debug_frame   0x00000658       0x44 sources/Error.o
 .debug_frame   0x0000069c       0x8c sources/Event.o
 .debug_frame   0x00000728       0xf0 sources/Led.o
 .debug_frame   0x00000818       0x44 sources/MyCommon.o
 .debug_frame   0x0000085c       0x44 sources/Radio.o
 .debug_frame   0x000008a0       0x80 sources/spi_lib.o
 .debug_frame   0x00000920       0x38 sources/Startup.o
 .debug_frame   0x00000958      0x314 sources/Timer.o
 .debug_frame   0x00000c6c       0x34 sources/WatchDog.o

.debug_str      0x00000000     0x17d1
 *(.debug_str)
 .debug_str     0x00000000      0x2dd main.o
                                0x31f (size before relaxing)
 .debug_str     0x000002dd      0x19f sources/Button.o
                                0x2bc (size before relaxing)
 .debug_str     0x0000047c       0x69 sources/Buzzer.o
                                0x139 (size before relaxing)
 .debug_str     0x000004e5      0x21f sources/CAN.o
                                0x4f1 (size before relaxing)
 .debug_str     0x00000704      0x19f sources/can_drv.o
                                0x4bb (size before relaxing)
 .debug_str     0x000008a3       0x6d sources/can_lib.o
                                0x34e (size before relaxing)
 .debug_str     0x00000910      0xac0 sources/Display.o
                                0xe7c (size before relaxing)
 .debug_str     0x000013d0       0x53 sources/Error.o
                                0x373 (size before relaxing)
 .debug_str     0x00001423       0xba sources/Event.o
                                0x5cd (size before relaxing)
 .debug_str     0x000014dd       0x94 sources/Led.o
                                0x198 (size before relaxing)
 .debug_str     0x00001571       0x37 sources/MyCommon.o
                                0x454 (size before relaxing)
 .debug_str     0x000015a8       0x31 sources/Radio.o
                                0x101 (size before relaxing)
 .debug_str     0x000015d9       0x6a sources/spi_lib.o
                                0x33c (size before relaxing)
 .debug_str     0x00001643       0x24 sources/Startup.o
                                0x396 (size before relaxing)
 .debug_str     0x00001667      0x143 sources/Timer.o
                                0x4a2 (size before relaxing)
 .debug_str     0x000017aa       0x27 sources/WatchDog.o
                                0x358 (size before relaxing)

.debug_loc      0x00000000     0x343f
 *(.debug_loc)
 .debug_loc     0x00000000      0x152 sources/Button.o
 .debug_loc     0x00000152      0x201 sources/CAN.o
 .debug_loc     0x00000353      0x8a5 sources/can_drv.o
 .debug_loc     0x00000bf8      0x3f1 sources/can_lib.o
 .debug_loc     0x00000fe9     0x1a5c sources/Display.o
 .debug_loc     0x00002a45       0x2b sources/Error.o
 .debug_loc     0x00002a70      0x140 sources/Event.o
 .debug_loc     0x00002bb0      0x286 sources/Led.o
 .debug_loc     0x00002e36       0x42 sources/spi_lib.o
 .debug_loc     0x00002e78       0x49 sources/Startup.o
 .debug_loc     0x00002ec1      0x57e sources/Timer.o

.debug_macinfo
 *(.debug_macinfo)
OUTPUT(Dashboard.elf elf32-avr)
LOAD linker stubs
