Archive member included because of file (symbol)

c:/program files (x86)/atmel/atmel studio 6.0/extensions/atmel/avrgcc/3.4.1.95/avrtoolchain/bin/../lib/gcc/avr/4.6.2/avr51\libgcc.a(_udivmodqi4.o)
                              sources/Display.o (__udivmodqi4)
c:/program files (x86)/atmel/atmel studio 6.0/extensions/atmel/avrgcc/3.4.1.95/avrtoolchain/bin/../lib/gcc/avr/4.6.2/avr51\libgcc.a(_divmodhi4.o)
                              sources/CAN.o (__divmodhi4)
c:/program files (x86)/atmel/atmel studio 6.0/extensions/atmel/avrgcc/3.4.1.95/avrtoolchain/bin/../lib/gcc/avr/4.6.2/avr51\libgcc.a(_exit.o)
                              c:/program files (x86)/atmel/atmel studio 6.0/extensions/atmel/avrgcc/3.4.1.95/avrtoolchain/bin/../lib/gcc/avr/4.6.2/../../../../avr/lib/avr51/crtcan128.o (exit)
c:/program files (x86)/atmel/atmel studio 6.0/extensions/atmel/avrgcc/3.4.1.95/avrtoolchain/bin/../lib/gcc/avr/4.6.2/avr51\libgcc.a(_copy_data.o)
                              main.o (__do_copy_data)
c:/program files (x86)/atmel/atmel studio 6.0/extensions/atmel/avrgcc/3.4.1.95/avrtoolchain/bin/../lib/gcc/avr/4.6.2/avr51\libgcc.a(_clear_bss.o)
                              main.o (__do_clear_bss)
c:/program files (x86)/atmel/atmel studio 6.0/extensions/atmel/avrgcc/3.4.1.95/avrtoolchain/bin/../lib/gcc/avr/4.6.2/avr51\libgcc.a(_udivmodhi4.o)
                              c:/program files (x86)/atmel/atmel studio 6.0/extensions/atmel/avrgcc/3.4.1.95/avrtoolchain/bin/../lib/gcc/avr/4.6.2/avr51\libgcc.a(_divmodhi4.o) (__udivmodhi4)

Allocating common symbols
Common symbol       size              file

event_queue         0x10              sources/Event.o
display_ddram_bottom_row
                    0x1c              sources/Display.o
display_ddram_top_row
                    0x1c              sources/Display.o
led_pins            0xb               main.o
event_queue_head    0x1               sources/Event.o
selected_menu_pre_error
                    0x1               sources/Button.o
display_string      0x28              sources/Button.o
dashboard_state     0x1               main.o
led_state           0x2               main.o
can_queue           0x10              sources/CAN.o
button_counter      0xc               sources/Button.o
led_port            0xb               main.o
led_dd              0xb               main.o
button_pressed_previous
                    0x2               sources/Button.o
can_queue_head      0x1               sources/CAN.o
can_Status          0x1               sources/CAN.o
address_counter     0x1               sources/Display.o
button_state        0xc               sources/Button.o
selected_menu       0x1               sources/Button.o
can_queue_tail      0x1               sources/CAN.o
button_previous_state
                    0xc               sources/Button.o
button_press        0xc               sources/Button.o
event_queue_tail    0x1               sources/Event.o
button_pressed_current
                    0x2               sources/Button.o
button_released     0xc               sources/Button.o
can_rx              0x2               sources/CAN.o
display_current_error
                    0x1               sources/Button.o

Memory Configuration

Name             Origin             Length             Attributes
text             0x00000000         0x00020000         xr
data             0x00800100         0x0000ff00         rw !x
eeprom           0x00810000         0x00010000         rw !x
fuse             0x00820000         0x00000400         rw !x
lock             0x00830000         0x00000400         rw !x
signature        0x00840000         0x00000400         rw !x
*default*        0x00000000         0xffffffff

Linker script and memory map

Address of section .data set to 0x800100
LOAD c:/program files (x86)/atmel/atmel studio 6.0/extensions/atmel/avrgcc/3.4.1.95/avrtoolchain/bin/../lib/gcc/avr/4.6.2/../../../../avr/lib/avr51/crtcan128.o
LOAD main.o
LOAD sources/Button.o
LOAD sources/Buzzer.o
LOAD sources/CAN.o
LOAD sources/can_drv.o
LOAD sources/can_lib.o
LOAD sources/Display.o
LOAD sources/Error.o
LOAD sources/Event.o
LOAD sources/Led.o
LOAD sources/MyCommon.o
LOAD sources/Radio.o
LOAD sources/spi_lib.o
LOAD sources/Startup.o
LOAD sources/Timer.o
LOAD sources/WatchDog.o
START GROUP
LOAD c:/program files (x86)/atmel/atmel studio 6.0/extensions/atmel/avrgcc/3.4.1.95/avrtoolchain/bin/../lib/gcc/avr/4.6.2/../../../../avr/lib/avr51\libm.a
END GROUP
LOAD c:/program files (x86)/atmel/atmel studio 6.0/extensions/atmel/avrgcc/3.4.1.95/avrtoolchain/bin/../lib/gcc/avr/4.6.2/avr51\libgcc.a
LOAD c:/program files (x86)/atmel/atmel studio 6.0/extensions/atmel/avrgcc/3.4.1.95/avrtoolchain/bin/../lib/gcc/avr/4.6.2/../../../../avr/lib/avr51\libc.a
LOAD c:/program files (x86)/atmel/atmel studio 6.0/extensions/atmel/avrgcc/3.4.1.95/avrtoolchain/bin/../lib/gcc/avr/4.6.2/avr51\libgcc.a

.hash
 *(.hash)

.dynsym
 *(.dynsym)

.dynstr
 *(.dynstr)

.gnu.version
 *(.gnu.version)

.gnu.version_d
 *(.gnu.version_d)

.gnu.version_r
 *(.gnu.version_r)

.rel.init
 *(.rel.init)

.rela.init
 *(.rela.init)

.rel.text
 *(.rel.text)
 *(.rel.text.*)
 *(.rel.gnu.linkonce.t*)

.rela.text
 *(.rela.text)
 *(.rela.text.*)
 *(.rela.gnu.linkonce.t*)

.rel.fini
 *(.rel.fini)

.rela.fini
 *(.rela.fini)

.rel.rodata
 *(.rel.rodata)
 *(.rel.rodata.*)
 *(.rel.gnu.linkonce.r*)

.rela.rodata
 *(.rela.rodata)
 *(.rela.rodata.*)
 *(.rela.gnu.linkonce.r*)

.rel.data
 *(.rel.data)
 *(.rel.data.*)
 *(.rel.gnu.linkonce.d*)

.rela.data
 *(.rela.data)
 *(.rela.data.*)
 *(.rela.gnu.linkonce.d*)

.rel.ctors
 *(.rel.ctors)

.rela.ctors
 *(.rela.ctors)

.rel.dtors
 *(.rel.dtors)

.rela.dtors
 *(.rela.dtors)

.rel.got
 *(.rel.got)

.rela.got
 *(.rela.got)

.rel.bss
 *(.rel.bss)

.rela.bss
 *(.rela.bss)

.rel.plt
 *(.rel.plt)

.rela.plt
 *(.rela.plt)

.text           0x00000000     0x34d6
 *(.vectors)
 .vectors       0x00000000       0x94 c:/program files (x86)/atmel/atmel studio 6.0/extensions/atmel/avrgcc/3.4.1.95/avrtoolchain/bin/../lib/gcc/avr/4.6.2/../../../../avr/lib/avr51/crtcan128.o
                0x00000000                __vector_default
                0x00000000                __vectors
 *(.vectors)
 *(.progmem.gcc*)
 .progmem.gcc_sw_table
                0x00000094      0x26a sources/Display.o
 *(.progmem*)
                0x000002fe                . = ALIGN (0x2)
                0x000002fe                __trampolines_start = .
 *(.trampolines)
 .trampolines   0x000002fe        0x0 linker stubs
 *(.trampolines*)
                0x000002fe                __trampolines_end = .
 *(.jumptables)
 *(.jumptables*)
 *(.lowtext)
 *(.lowtext*)
                0x000002fe                __ctors_start = .
 *(.ctors)
                0x000002fe                __ctors_end = .
                0x000002fe                __dtors_start = .
 *(.dtors)
                0x000002fe                __dtors_end = .
 SORT(*)(.ctors)
 SORT(*)(.dtors)
 *(.init0)
 .init0         0x000002fe        0x0 c:/program files (x86)/atmel/atmel studio 6.0/extensions/atmel/avrgcc/3.4.1.95/avrtoolchain/bin/../lib/gcc/avr/4.6.2/../../../../avr/lib/avr51/crtcan128.o
                0x000002fe                __init
 *(.init0)
 *(.init1)
 *(.init1)
 *(.init2)
 .init2         0x000002fe        0xc c:/program files (x86)/atmel/atmel studio 6.0/extensions/atmel/avrgcc/3.4.1.95/avrtoolchain/bin/../lib/gcc/avr/4.6.2/../../../../avr/lib/avr51/crtcan128.o
 *(.init2)
 *(.init3)
 *(.init3)
 *(.init4)
 .init4         0x0000030a       0x1c c:/program files (x86)/atmel/atmel studio 6.0/extensions/atmel/avrgcc/3.4.1.95/avrtoolchain/bin/../lib/gcc/avr/4.6.2/avr51\libgcc.a(_copy_data.o)
                0x0000030a                __do_copy_data
 .init4         0x00000326       0x10 c:/program files (x86)/atmel/atmel studio 6.0/extensions/atmel/avrgcc/3.4.1.95/avrtoolchain/bin/../lib/gcc/avr/4.6.2/avr51\libgcc.a(_clear_bss.o)
                0x00000326                __do_clear_bss
 *(.init4)
 *(.init5)
 *(.init5)
 *(.init6)
 *(.init6)
 *(.init7)
 *(.init7)
 *(.init8)
 *(.init8)
 *(.init9)
 .init9         0x00000336        0x8 c:/program files (x86)/atmel/atmel studio 6.0/extensions/atmel/avrgcc/3.4.1.95/avrtoolchain/bin/../lib/gcc/avr/4.6.2/../../../../avr/lib/avr51/crtcan128.o
 *(.init9)
 *(.text)
 .text          0x0000033e        0x4 c:/program files (x86)/atmel/atmel studio 6.0/extensions/atmel/avrgcc/3.4.1.95/avrtoolchain/bin/../lib/gcc/avr/4.6.2/../../../../avr/lib/avr51/crtcan128.o
                0x0000033e                __vector_22
                0x0000033e                __vector_1
                0x0000033e                __vector_32
                0x0000033e                __vector_34
                0x0000033e                __vector_24
                0x0000033e                __bad_interrupt
                0x0000033e                __vector_6
                0x0000033e                __vector_35
                0x0000033e                __vector_3
                0x0000033e                __vector_23
                0x0000033e                __vector_25
                0x0000033e                __vector_11
                0x0000033e                __vector_19
                0x0000033e                __vector_7
                0x0000033e                __vector_27
                0x0000033e                __vector_5
                0x0000033e                __vector_33
                0x0000033e                __vector_4
                0x0000033e                __vector_9
                0x0000033e                __vector_2
                0x0000033e                __vector_21
                0x0000033e                __vector_36
                0x0000033e                __vector_8
                0x0000033e                __vector_26
                0x0000033e                __vector_10
                0x0000033e                __vector_16
                0x0000033e                __vector_20
 .text          0x00000342        0xc main.o
                0x00000342                main
 .text          0x0000034e      0x3ca sources/Button.o
                0x0000034e                button_read_col
                0x00000420                col1_input_high
                0x00000426                col2_input_high
                0x0000042c                col3_input_high
                0x00000432                col1_low
                0x00000438                col2_low
                0x0000043e                col3_low
                0x00000444                buttons_react
                0x000005be                button_init
                0x00000600                button_multiplex_cycle
                0x0000070a                button_get_button_state
 .text          0x00000718       0x20 sources/Buzzer.o
                0x00000718                buzzer_init
                0x0000071e                buzzer_on
                0x00000722                buzzer_off
                0x00000726                buzzer_buzz_ready_to_drive
 .text          0x00000738      0x2e2 sources/CAN.o
                0x00000738                CANSend
                0x00000778                __vector_18
                0x00000808                CANInit
                0x0000083a                CANGetStruct
                0x0000085c                CANStartRx
                0x00000878                CANGetData
                0x0000089a                CANSendData
                0x00000928                CANAddSendData
                0x00000976                CANGetCurrentTx
                0x0000098a                CANSendNext
                0x000009cc                CANAbortCMD
 .text          0x00000a1a      0x516 sources/can_drv.o
                0x00000a1a                can_clear_all_mob
                0x00000a3e                can_get_mob_free
                0x00000a7e                can_get_mob_status
                0x00000aa4                can_get_data
                0x00000ae8                can_auto_baudrate
                0x00000efa                Can_conf_bt_flex
                0x00000f0a                can_fixed_baudrate
 .text          0x00000f30      0xd80 sources/can_lib.o
                0x00000f78                can_init
                0x00000f96                can_off
                0x00000fa2                can_cmd
                0x00001b56                can_get_status
 .text          0x00001cb0      0xc46 sources/Display.o
                0x00001cb0                display_make_display_line_percent
                0x00001d18                display_make_display_line_min_av_max_volt
                0x00001da8                display_make_display_line_percent_bar
                0x00001e90                display_make_display_line_min_av_max_temp
                0x00001ef6                display_make_display_line_lv_voltage
                0x00001f48                display_make_display_line_error_or_message
                0x00002300                display_make_display_line_button_test
                0x0000230c                display_make_display_line_blank
                0x00002356                display_make_display_line_select_player
                0x000023f2                display_make_display_line_brake_balance
                0x00002488                display_make_display_line_motor_temp
                0x00002566                display_write_data
                0x0000257e                display_write_instruction
                0x00002596                display_write_display_lines
                0x00002600                display_update
                0x0000280a                display_init
                0x00002856                display_set_display_string
                0x0000286a                display_up
                0x000028a6                display_down
                0x000028d6                display_starting
 .text          0x000028f6       0x2a sources/Error.o
                0x000028f6                InitError
                0x00002904                AddError
                0x00002914                ClearErrors
 .text          0x00002920      0x2fa sources/Event.o
                0x00002920                EventInit
                0x0000292a                EventAddEvent
                0x00002966                EventGetNextEvent
                0x00002982                Dashboard
                0x00002bf4                EventHandleEvent
 .text          0x00002c1a      0x30c sources/Led.o
                0x00002c1a                led_init
                0x00002c36                led_set
                0x00002ca6                led_clear
                0x00002d16                led_clear_all
                0x00002d2a                led_is_set
                0x00002e24                led_toggle
                0x00002e42                led_state_set
                0x00002e8c                led_state_return
                0x00002ec6                led_percent_bar
 .text          0x00002f26       0x6c sources/MyCommon.o
                0x00002f26                main_deinit
                0x00002f28                ports_init
                0x00002f58                main_init
 .text          0x00002f92        0xe sources/Radio.o
                0x00002f92                radio_init
                0x00002f98                radio_on
                0x00002f9c                radio_off
 .text          0x00002fa0       0x5e sources/spi_lib.o
                0x00002fa0                spi_init
                0x00002fc6                spi_test_hit
                0x00002fcc                spi_putchar
                0x00002fd6                spi_getchar
                0x00002fe0                spi_transmit_master
 .text          0x00002ffe       0x8a sources/Startup.o
                0x00002ffe                startup_sequence
 .text          0x00003088      0x3b8 sources/Timer.o
                0x00003088                __vector_17
                0x000030dc                __vector_12
                0x0000313e                __vector_13
                0x000031a0                __vector_14
                0x00003202                __vector_28
                0x00003264                __vector_29
                0x000032c6                __vector_30
                0x00003328                __vector_15
                0x0000333c                __vector_31
                0x00003350                Timer0_init
                0x0000335e                Timer0_Start
                0x00003368                Timer0_Stop
                0x0000336c                Timer1_init
                0x00003376                Timer3_init
                0x00003380                TIMER_Timer1_OCR1A_on
                0x000033a0                TIMER_Timer1_OCR1B_on
                0x000033c0                TIMER_Timer1_OCR1C_on
                0x000033e0                TIMER_Timer3_OCR3A_on
                0x00003400                TIMER_Timer3_OCR3B_on
                0x00003420                TIMER_Timer3_OCR3C_on
 .text          0x00003440       0x2c sources/WatchDog.o
                0x00003440                InitWDT
                0x00003458                CheckWDT
 .text          0x0000346c        0x0 c:/program files (x86)/atmel/atmel studio 6.0/extensions/atmel/avrgcc/3.4.1.95/avrtoolchain/bin/../lib/gcc/avr/4.6.2/avr51\libgcc.a(_udivmodqi4.o)
 .text          0x0000346c        0x0 c:/program files (x86)/atmel/atmel studio 6.0/extensions/atmel/avrgcc/3.4.1.95/avrtoolchain/bin/../lib/gcc/avr/4.6.2/avr51\libgcc.a(_divmodhi4.o)
 .text          0x0000346c        0x0 c:/program files (x86)/atmel/atmel studio 6.0/extensions/atmel/avrgcc/3.4.1.95/avrtoolchain/bin/../lib/gcc/avr/4.6.2/avr51\libgcc.a(_exit.o)
 .text          0x0000346c        0x0 c:/program files (x86)/atmel/atmel studio 6.0/extensions/atmel/avrgcc/3.4.1.95/avrtoolchain/bin/../lib/gcc/avr/4.6.2/avr51\libgcc.a(_copy_data.o)
 .text          0x0000346c        0x0 c:/program files (x86)/atmel/atmel studio 6.0/extensions/atmel/avrgcc/3.4.1.95/avrtoolchain/bin/../lib/gcc/avr/4.6.2/avr51\libgcc.a(_clear_bss.o)
 .text          0x0000346c        0x0 c:/program files (x86)/atmel/atmel studio 6.0/extensions/atmel/avrgcc/3.4.1.95/avrtoolchain/bin/../lib/gcc/avr/4.6.2/avr51\libgcc.a(_udivmodhi4.o)
                0x0000346c                . = ALIGN (0x2)
 *(.text.*)
 .text.libgcc   0x0000346c       0x18 c:/program files (x86)/atmel/atmel studio 6.0/extensions/atmel/avrgcc/3.4.1.95/avrtoolchain/bin/../lib/gcc/avr/4.6.2/avr51\libgcc.a(_udivmodqi4.o)
                0x0000346c                __udivmodqi4
 .text.libgcc   0x00003484       0x26 c:/program files (x86)/atmel/atmel studio 6.0/extensions/atmel/avrgcc/3.4.1.95/avrtoolchain/bin/../lib/gcc/avr/4.6.2/avr51\libgcc.a(_divmodhi4.o)
                0x00003484                _div
                0x00003484                __divmodhi4
 .text.libgcc   0x000034aa        0x0 c:/program files (x86)/atmel/atmel studio 6.0/extensions/atmel/avrgcc/3.4.1.95/avrtoolchain/bin/../lib/gcc/avr/4.6.2/avr51\libgcc.a(_exit.o)
 .text.libgcc   0x000034aa        0x0 c:/program files (x86)/atmel/atmel studio 6.0/extensions/atmel/avrgcc/3.4.1.95/avrtoolchain/bin/../lib/gcc/avr/4.6.2/avr51\libgcc.a(_copy_data.o)
 .text.libgcc   0x000034aa        0x0 c:/program files (x86)/atmel/atmel studio 6.0/extensions/atmel/avrgcc/3.4.1.95/avrtoolchain/bin/../lib/gcc/avr/4.6.2/avr51\libgcc.a(_clear_bss.o)
 .text.libgcc   0x000034aa       0x28 c:/program files (x86)/atmel/atmel studio 6.0/extensions/atmel/avrgcc/3.4.1.95/avrtoolchain/bin/../lib/gcc/avr/4.6.2/avr51\libgcc.a(_udivmodhi4.o)
                0x000034aa                __udivmodhi4
                0x000034d2                . = ALIGN (0x2)
 *(.fini9)
 .fini9         0x000034d2        0x0 c:/program files (x86)/atmel/atmel studio 6.0/extensions/atmel/avrgcc/3.4.1.95/avrtoolchain/bin/../lib/gcc/avr/4.6.2/avr51\libgcc.a(_exit.o)
                0x000034d2                _exit
                0x000034d2                exit
 *(.fini9)
 *(.fini8)
 *(.fini8)
 *(.fini7)
 *(.fini7)
 *(.fini6)
 *(.fini6)
 *(.fini5)
 *(.fini5)
 *(.fini4)
 *(.fini4)
 *(.fini3)
 *(.fini3)
 *(.fini2)
 *(.fini2)
 *(.fini1)
 *(.fini1)
 *(.fini0)
 .fini0         0x000034d2        0x4 c:/program files (x86)/atmel/atmel studio 6.0/extensions/atmel/avrgcc/3.4.1.95/avrtoolchain/bin/../lib/gcc/avr/4.6.2/avr51\libgcc.a(_exit.o)
 *(.fini0)
                0x000034d6                _etext = .

.data           0x00800100      0x604 load address 0x000034d6
                0x00800100                PROVIDE (__data_start, .)
 *(.data)
 .data          0x00800100        0x0 c:/program files (x86)/atmel/atmel studio 6.0/extensions/atmel/avrgcc/3.4.1.95/avrtoolchain/bin/../lib/gcc/avr/4.6.2/../../../../avr/lib/avr51/crtcan128.o
 .data          0x00800100        0x0 main.o
 .data          0x00800100        0x0 sources/Button.o
 .data          0x00800100        0x0 sources/Buzzer.o
 .data          0x00800100        0x0 sources/CAN.o
 .data          0x00800100        0x0 sources/can_drv.o
 .data          0x00800100        0x0 sources/can_lib.o
 .data          0x00800100      0x604 sources/Display.o
                0x0080013c                display_line_player_princess_peach
                0x00800150                display_line_player_donkey_kong
                0x00800164                display_line_player_bowser
                0x00800178                display_line_player_luigi
                0x0080018c                display_line_player_mario
                0x008001a0                display_line_player_yoshi
                0x008001b4                display_line_player_select
                0x008001c8                display_line_brake_balance
                0x008001dc                display_line_starting
                0x008001f0                display_line_tsal2
                0x00800204                display_line_tsal1
                0x00800218                display_line_blank
                0x0080022c                display_line_buttons_pressed
                0x00800240                display_line_accleration_mode_go_go
                0x00800254                display_line_accleration_mode_ready
                0x00800268                display_line_accleration_mode_normal
                0x0080027c                display_line_accleration_mode
                0x00800290                display_line_torque_vectoring
                0x008002a4                display_line_traction_control
                0x008002b8                display_line_motor_temp_rear
                0x008002cc                display_line_motor_temp_front
                0x008002e0                display_line_motor_power_rear
                0x008002f4                display_line_motor_power_front
                0x00800308                display_line_lv_voltage
                0x0080031c                display_line_cel_temp
                0x00800330                display_line_min_cv_max
                0x00800344                display_line_soc
                0x00800358                display_line_message
                0x0080036c                display_line_error
                0x00800380                display_line_home
                0x00800394                display_line_message_boot_up
                0x008003a8                display_line_message_mc_fail
                0x008003bc                display_line_message_precharge_fail
                0x008003d0                display_line_message_ms_open
                0x008003e4                display_line_message_enre_fail
                0x008003f8                display_line_message_precharge_only
                0x0080040c                display_line_message_manual_mc
                0x00800420                display_line_message_ready_2_drive
                0x00800434                display_line_message_starting_motor_controller
                0x00800448                display_line_message_precharged
                0x0080045c                display_line_message_precharging
                0x00800470                display_line_message_check_ms
                0x00800484                display_line_message_starting_ts
                0x00800498                display_line_error_airn_melt_down
                0x008004ac                display_line_error_airp_melt_down
                0x008004c0                display_line_error_air_ror
                0x008004d4                display_line_error_missing_shunt
                0x008004e8                display_line_error_missing_mc_right
                0x008004fc                display_line_error_missing_mc_left
                0x00800510                display_line_error_missing_mcm_ab
                0x00800524                display_line_error_missing_mcm_lvb
                0x00800538                display_line_error_missing_mcm_front
                0x0080054c                display_line_error_missing_mcm_rear
                0x00800560                display_line_brake_force_fail
                0x00800574                display_line_throttle_fail
                0x00800588                display_line_error_bms_dischargetemp
                0x0080059c                display_line_error_bms_overtemp
                0x008005b0                display_line_error_bms_overcurrent
                0x008005c4                display_line_error_bms_undervoltage
                0x008005d8                display_line_error_mcm
                0x008005ec                display_line_error_mc
                0x00800600                display_line_error_bms_relay
                0x00800614                display_line_error_bms
                0x00800628                display_line_error_bad_request_id
                0x0080063c                display_line_error_bpd
                0x00800650                display_line_error_imdf
                0x00800664                display_line_error_imd
                0x00800678                display_line_error_hvdi
                0x0080068c                display_line_error_bots
                0x008006a0                display_line_error_pre_bots
                0x008006b4                display_line_error_pre_enre
                0x008006c8                display_line_error_unknown_code
                0x008006dc                display_line_error_sc_down
                0x008006f0                display_line_error_none
 .data          0x00800704        0x0 sources/Error.o
 .data          0x00800704        0x0 sources/Event.o
 .data          0x00800704        0x0 sources/Led.o
 .data          0x00800704        0x0 sources/MyCommon.o
 .data          0x00800704        0x0 sources/Radio.o
 .data          0x00800704        0x0 sources/spi_lib.o
 .data          0x00800704        0x0 sources/Startup.o
 .data          0x00800704        0x0 sources/Timer.o
 .data          0x00800704        0x0 sources/WatchDog.o
 .data          0x00800704        0x0 c:/program files (x86)/atmel/atmel studio 6.0/extensions/atmel/avrgcc/3.4.1.95/avrtoolchain/bin/../lib/gcc/avr/4.6.2/avr51\libgcc.a(_udivmodqi4.o)
 .data          0x00800704        0x0 c:/program files (x86)/atmel/atmel studio 6.0/extensions/atmel/avrgcc/3.4.1.95/avrtoolchain/bin/../lib/gcc/avr/4.6.2/avr51\libgcc.a(_divmodhi4.o)
 .data          0x00800704        0x0 c:/program files (x86)/atmel/atmel studio 6.0/extensions/atmel/avrgcc/3.4.1.95/avrtoolchain/bin/../lib/gcc/avr/4.6.2/avr51\libgcc.a(_exit.o)
 .data          0x00800704        0x0 c:/program files (x86)/atmel/atmel studio 6.0/extensions/atmel/avrgcc/3.4.1.95/avrtoolchain/bin/../lib/gcc/avr/4.6.2/avr51\libgcc.a(_copy_data.o)
 .data          0x00800704        0x0 c:/program files (x86)/atmel/atmel studio 6.0/extensions/atmel/avrgcc/3.4.1.95/avrtoolchain/bin/../lib/gcc/avr/4.6.2/avr51\libgcc.a(_clear_bss.o)
 .data          0x00800704        0x0 c:/program files (x86)/atmel/atmel studio 6.0/extensions/atmel/avrgcc/3.4.1.95/avrtoolchain/bin/../lib/gcc/avr/4.6.2/avr51\libgcc.a(_udivmodhi4.o)
 *(.data*)
 *(.rodata)
 *(.rodata*)
 *(.gnu.linkonce.d*)
                0x00800704                . = ALIGN (0x2)
                0x00800704                _edata = .
                0x00800704                PROVIDE (__data_end, .)

.bss            0x00800704      0x127
                0x00800704                PROVIDE (__bss_start, .)
 *(.bss)
 .bss           0x00800704        0x0 c:/program files (x86)/atmel/atmel studio 6.0/extensions/atmel/avrgcc/3.4.1.95/avrtoolchain/bin/../lib/gcc/avr/4.6.2/../../../../avr/lib/avr51/crtcan128.o
 .bss           0x00800704        0x0 main.o
 .bss           0x00800704        0x2 sources/Button.o
                0x00800704                button_key2
                0x00800705                button_key1
 .bss           0x00800706        0x2 sources/Buzzer.o
                0x00800706                buzz_cycles
                0x00800707                buzzer_count
 .bss           0x00800708        0x0 sources/CAN.o
 .bss           0x00800708        0x0 sources/can_drv.o
 .bss           0x00800708        0x0 sources/can_lib.o
 .bss           0x00800708        0x0 sources/Display.o
 .bss           0x00800708        0x2 sources/Error.o
 .bss           0x0080070a       0x30 sources/Event.o
 .bss           0x0080073a        0x0 sources/Led.o
 .bss           0x0080073a        0x0 sources/MyCommon.o
 .bss           0x0080073a        0x0 sources/Radio.o
 .bss           0x0080073a        0x0 sources/spi_lib.o
 .bss           0x0080073a        0x1 sources/Startup.o
                0x0080073a                start_up_count
 .bss           0x0080073b        0x1 sources/Timer.o
 .bss           0x0080073c        0x0 sources/WatchDog.o
 .bss           0x0080073c        0x0 c:/program files (x86)/atmel/atmel studio 6.0/extensions/atmel/avrgcc/3.4.1.95/avrtoolchain/bin/../lib/gcc/avr/4.6.2/avr51\libgcc.a(_udivmodqi4.o)
 .bss           0x0080073c        0x0 c:/program files (x86)/atmel/atmel studio 6.0/extensions/atmel/avrgcc/3.4.1.95/avrtoolchain/bin/../lib/gcc/avr/4.6.2/avr51\libgcc.a(_divmodhi4.o)
 .bss           0x0080073c        0x0 c:/program files (x86)/atmel/atmel studio 6.0/extensions/atmel/avrgcc/3.4.1.95/avrtoolchain/bin/../lib/gcc/avr/4.6.2/avr51\libgcc.a(_exit.o)
 .bss           0x0080073c        0x0 c:/program files (x86)/atmel/atmel studio 6.0/extensions/atmel/avrgcc/3.4.1.95/avrtoolchain/bin/../lib/gcc/avr/4.6.2/avr51\libgcc.a(_copy_data.o)
 .bss           0x0080073c        0x0 c:/program files (x86)/atmel/atmel studio 6.0/extensions/atmel/avrgcc/3.4.1.95/avrtoolchain/bin/../lib/gcc/avr/4.6.2/avr51\libgcc.a(_clear_bss.o)
 .bss           0x0080073c        0x0 c:/program files (x86)/atmel/atmel studio 6.0/extensions/atmel/avrgcc/3.4.1.95/avrtoolchain/bin/../lib/gcc/avr/4.6.2/avr51\libgcc.a(_udivmodhi4.o)
 *(.bss*)
 *(COMMON)
 COMMON         0x0080073c       0x24 main.o
                0x0080073c                led_pins
                0x00800747                dashboard_state
                0x00800748                led_state
                0x0080074a                led_port
                0x00800755                led_dd
 COMMON         0x00800760       0x6b sources/Button.o
                0x00800760                selected_menu_pre_error
                0x00800761                display_string
                0x00800789                button_counter
                0x00800795                button_pressed_previous
                0x00800797                button_state
                0x008007a3                selected_menu
                0x008007a4                button_previous_state
                0x008007b0                button_press
                0x008007bc                button_pressed_current
                0x008007be                button_released
                0x008007ca                display_current_error
 COMMON         0x008007cb       0x15 sources/CAN.o
                0x008007cb                can_queue
                0x008007db                can_queue_head
                0x008007dc                can_Status
                0x008007dd                can_queue_tail
                0x008007de                can_rx
 COMMON         0x008007e0       0x39 sources/Display.o
                0x008007e0                display_ddram_bottom_row
                0x008007fc                display_ddram_top_row
                0x00800818                address_counter
 COMMON         0x00800819       0x12 sources/Event.o
                0x00800819                event_queue
                0x00800829                event_queue_head
                0x0080082a                event_queue_tail
                0x0080082b                PROVIDE (__bss_end, .)
                0x000034d6                __data_load_start = LOADADDR (.data)
                0x00003ada                __data_load_end = (__data_load_start + SIZEOF (.data))

.noinit         0x0080082b        0x0
                0x0080082b                PROVIDE (__noinit_start, .)
 *(.noinit*)
                0x0080082b                PROVIDE (__noinit_end, .)
                0x0080082b                _end = .
                0x0080082b                PROVIDE (__heap_start, .)

.eeprom         0x00810000        0x0
 *(.eeprom*)
                0x00810000                __eeprom_end = .

.fuse
 *(.fuse)
 *(.lfuse)
 *(.hfuse)
 *(.efuse)

.lock
 *(.lock*)

.signature
 *(.signature*)

.stab           0x00000000      0x6cc
 *(.stab)
 .stab          0x00000000      0x6cc c:/program files (x86)/atmel/atmel studio 6.0/extensions/atmel/avrgcc/3.4.1.95/avrtoolchain/bin/../lib/gcc/avr/4.6.2/../../../../avr/lib/avr51/crtcan128.o

.stabstr        0x00000000       0x85
 *(.stabstr)
 .stabstr       0x00000000       0x85 c:/program files (x86)/atmel/atmel studio 6.0/extensions/atmel/avrgcc/3.4.1.95/avrtoolchain/bin/../lib/gcc/avr/4.6.2/../../../../avr/lib/avr51/crtcan128.o

.stab.excl
 *(.stab.excl)

.stab.exclstr
 *(.stab.exclstr)

.stab.index
 *(.stab.index)

.stab.indexstr
 *(.stab.indexstr)

.comment
 *(.comment)

.debug
 *(.debug)

.line
 *(.line)

.debug_srcinfo
 *(.debug_srcinfo)

.debug_sfnames
 *(.debug_sfnames)

.debug_aranges  0x00000000      0x2c0
 *(.debug_aranges)
 .debug_aranges
                0x00000000       0x20 main.o
 .debug_aranges
                0x00000020       0x20 sources/Button.o
 .debug_aranges
                0x00000040       0x20 sources/Buzzer.o
 .debug_aranges
                0x00000060       0x20 sources/CAN.o
 .debug_aranges
                0x00000080       0x20 sources/can_drv.o
 .debug_aranges
                0x000000a0       0x20 sources/can_lib.o
 .debug_aranges
                0x000000c0       0x20 sources/Display.o
 .debug_aranges
                0x000000e0       0x20 sources/Error.o
 .debug_aranges
                0x00000100       0x20 sources/Event.o
 .debug_aranges
                0x00000120       0x20 sources/Led.o
 .debug_aranges
                0x00000140       0x20 sources/MyCommon.o
 .debug_aranges
                0x00000160       0x20 sources/Radio.o
 .debug_aranges
                0x00000180       0x20 sources/spi_lib.o
 .debug_aranges
                0x000001a0       0x20 sources/Startup.o
 .debug_aranges
                0x000001c0       0x20 sources/Timer.o
 .debug_aranges
                0x000001e0       0x20 sources/WatchDog.o
 .debug_aranges
                0x00000200       0x20 c:/program files (x86)/atmel/atmel studio 6.0/extensions/atmel/avrgcc/3.4.1.95/avrtoolchain/bin/../lib/gcc/avr/4.6.2/avr51\libgcc.a(_udivmodqi4.o)
 .debug_aranges
                0x00000220       0x20 c:/program files (x86)/atmel/atmel studio 6.0/extensions/atmel/avrgcc/3.4.1.95/avrtoolchain/bin/../lib/gcc/avr/4.6.2/avr51\libgcc.a(_divmodhi4.o)
 .debug_aranges
                0x00000240       0x20 c:/program files (x86)/atmel/atmel studio 6.0/extensions/atmel/avrgcc/3.4.1.95/avrtoolchain/bin/../lib/gcc/avr/4.6.2/avr51\libgcc.a(_exit.o)
 .debug_aranges
                0x00000260       0x20 c:/program files (x86)/atmel/atmel studio 6.0/extensions/atmel/avrgcc/3.4.1.95/avrtoolchain/bin/../lib/gcc/avr/4.6.2/avr51\libgcc.a(_copy_data.o)
 .debug_aranges
                0x00000280       0x20 c:/program files (x86)/atmel/atmel studio 6.0/extensions/atmel/avrgcc/3.4.1.95/avrtoolchain/bin/../lib/gcc/avr/4.6.2/avr51\libgcc.a(_clear_bss.o)
 .debug_aranges
                0x000002a0       0x20 c:/program files (x86)/atmel/atmel studio 6.0/extensions/atmel/avrgcc/3.4.1.95/avrtoolchain/bin/../lib/gcc/avr/4.6.2/avr51\libgcc.a(_udivmodhi4.o)

.debug_pubnames
 *(.debug_pubnames)

.debug_info     0x00000000     0x5bbe
 *(.debug_info)
 .debug_info    0x00000000      0x40c main.o
 .debug_info    0x0000040c      0x4a1 sources/Button.o
 .debug_info    0x000008ad       0xfa sources/Buzzer.o
 .debug_info    0x000009a7      0x6b9 sources/CAN.o
 .debug_info    0x00001060      0x69b sources/can_drv.o
 .debug_info    0x000016fb      0x4ce sources/can_lib.o
 .debug_info    0x00001bc9     0x1417 sources/Display.o
 .debug_info    0x00002fe0      0x429 sources/Error.o
 .debug_info    0x00003409      0x796 sources/Event.o
 .debug_info    0x00003b9f      0x272 sources/Led.o
 .debug_info    0x00003e11      0x532 sources/MyCommon.o
 .debug_info    0x00004343       0xa8 sources/Radio.o
 .debug_info    0x000043eb      0x452 sources/spi_lib.o
 .debug_info    0x0000483d      0x483 sources/Startup.o
 .debug_info    0x00004cc0      0x5df sources/Timer.o
 .debug_info    0x0000529f      0x3eb sources/WatchDog.o
 .debug_info    0x0000568a       0xde c:/program files (x86)/atmel/atmel studio 6.0/extensions/atmel/avrgcc/3.4.1.95/avrtoolchain/bin/../lib/gcc/avr/4.6.2/avr51\libgcc.a(_udivmodqi4.o)
 .debug_info    0x00005768       0xde c:/program files (x86)/atmel/atmel studio 6.0/extensions/atmel/avrgcc/3.4.1.95/avrtoolchain/bin/../lib/gcc/avr/4.6.2/avr51\libgcc.a(_divmodhi4.o)
 .debug_info    0x00005846       0xde c:/program files (x86)/atmel/atmel studio 6.0/extensions/atmel/avrgcc/3.4.1.95/avrtoolchain/bin/../lib/gcc/avr/4.6.2/avr51\libgcc.a(_exit.o)
 .debug_info    0x00005924       0xde c:/program files (x86)/atmel/atmel studio 6.0/extensions/atmel/avrgcc/3.4.1.95/avrtoolchain/bin/../lib/gcc/avr/4.6.2/avr51\libgcc.a(_copy_data.o)
 .debug_info    0x00005a02       0xde c:/program files (x86)/atmel/atmel studio 6.0/extensions/atmel/avrgcc/3.4.1.95/avrtoolchain/bin/../lib/gcc/avr/4.6.2/avr51\libgcc.a(_clear_bss.o)
 .debug_info    0x00005ae0       0xde c:/program files (x86)/atmel/atmel studio 6.0/extensions/atmel/avrgcc/3.4.1.95/avrtoolchain/bin/../lib/gcc/avr/4.6.2/avr51\libgcc.a(_udivmodhi4.o)
 *(.gnu.linkonce.wi.*)

.debug_abbrev   0x00000000     0x16bb
 *(.debug_abbrev)
 .debug_abbrev  0x00000000      0x11a main.o
 .debug_abbrev  0x0000011a      0x160 sources/Button.o
 .debug_abbrev  0x0000027a       0x81 sources/Buzzer.o
 .debug_abbrev  0x000002fb      0x1c9 sources/CAN.o
 .debug_abbrev  0x000004c4      0x1e4 sources/can_drv.o
 .debug_abbrev  0x000006a8      0x1d3 sources/can_lib.o
 .debug_abbrev  0x0000087b      0x2ad sources/Display.o
 .debug_abbrev  0x00000b28      0x14b sources/Error.o
 .debug_abbrev  0x00000c73      0x1ba sources/Event.o
 .debug_abbrev  0x00000e2d      0x115 sources/Led.o
 .debug_abbrev  0x00000f42      0x156 sources/MyCommon.o
 .debug_abbrev  0x00001098       0x4c sources/Radio.o
 .debug_abbrev  0x000010e4      0x179 sources/spi_lib.o
 .debug_abbrev  0x0000125d      0x155 sources/Startup.o
 .debug_abbrev  0x000013b2      0x173 sources/Timer.o
 .debug_abbrev  0x00001525      0x11e sources/WatchDog.o
 .debug_abbrev  0x00001643       0x14 c:/program files (x86)/atmel/atmel studio 6.0/extensions/atmel/avrgcc/3.4.1.95/avrtoolchain/bin/../lib/gcc/avr/4.6.2/avr51\libgcc.a(_udivmodqi4.o)
 .debug_abbrev  0x00001657       0x14 c:/program files (x86)/atmel/atmel studio 6.0/extensions/atmel/avrgcc/3.4.1.95/avrtoolchain/bin/../lib/gcc/avr/4.6.2/avr51\libgcc.a(_divmodhi4.o)
 .debug_abbrev  0x0000166b       0x14 c:/program files (x86)/atmel/atmel studio 6.0/extensions/atmel/avrgcc/3.4.1.95/avrtoolchain/bin/../lib/gcc/avr/4.6.2/avr51\libgcc.a(_exit.o)
 .debug_abbrev  0x0000167f       0x14 c:/program files (x86)/atmel/atmel studio 6.0/extensions/atmel/avrgcc/3.4.1.95/avrtoolchain/bin/../lib/gcc/avr/4.6.2/avr51\libgcc.a(_copy_data.o)
 .debug_abbrev  0x00001693       0x14 c:/program files (x86)/atmel/atmel studio 6.0/extensions/atmel/avrgcc/3.4.1.95/avrtoolchain/bin/../lib/gcc/avr/4.6.2/avr51\libgcc.a(_clear_bss.o)
 .debug_abbrev  0x000016a7       0x14 c:/program files (x86)/atmel/atmel studio 6.0/extensions/atmel/avrgcc/3.4.1.95/avrtoolchain/bin/../lib/gcc/avr/4.6.2/avr51\libgcc.a(_udivmodhi4.o)

.debug_line     0x00000000     0x1ef8
 *(.debug_line)
 .debug_line    0x00000000      0x130 main.o
 .debug_line    0x00000130      0x1e4 sources/Button.o
 .debug_line    0x00000314      0x10a sources/Buzzer.o
 .debug_line    0x0000041e      0x1f7 sources/CAN.o
 .debug_line    0x00000615      0x312 sources/can_drv.o
 .debug_line    0x00000927      0x303 sources/can_lib.o
 .debug_line    0x00000c2a      0x32b sources/Display.o
 .debug_line    0x00000f55       0xfa sources/Error.o
 .debug_line    0x0000104f      0x1c8 sources/Event.o
 .debug_line    0x00001217      0x186 sources/Led.o
 .debug_line    0x0000139d      0x177 sources/MyCommon.o
 .debug_line    0x00001514       0xe1 sources/Radio.o
 .debug_line    0x000015f5      0x17b sources/spi_lib.o
 .debug_line    0x00001770      0x146 sources/Startup.o
 .debug_line    0x000018b6      0x19e sources/Timer.o
 .debug_line    0x00001a54      0x133 sources/WatchDog.o
 .debug_line    0x00001b87       0x92 c:/program files (x86)/atmel/atmel studio 6.0/extensions/atmel/avrgcc/3.4.1.95/avrtoolchain/bin/../lib/gcc/avr/4.6.2/avr51\libgcc.a(_udivmodqi4.o)
 .debug_line    0x00001c19       0x99 c:/program files (x86)/atmel/atmel studio 6.0/extensions/atmel/avrgcc/3.4.1.95/avrtoolchain/bin/../lib/gcc/avr/4.6.2/avr51\libgcc.a(_divmodhi4.o)
 .debug_line    0x00001cb2       0x88 c:/program files (x86)/atmel/atmel studio 6.0/extensions/atmel/avrgcc/3.4.1.95/avrtoolchain/bin/../lib/gcc/avr/4.6.2/avr51\libgcc.a(_exit.o)
 .debug_line    0x00001d3a       0x96 c:/program files (x86)/atmel/atmel studio 6.0/extensions/atmel/avrgcc/3.4.1.95/avrtoolchain/bin/../lib/gcc/avr/4.6.2/avr51\libgcc.a(_copy_data.o)
 .debug_line    0x00001dd0       0x8e c:/program files (x86)/atmel/atmel studio 6.0/extensions/atmel/avrgcc/3.4.1.95/avrtoolchain/bin/../lib/gcc/avr/4.6.2/avr51\libgcc.a(_clear_bss.o)
 .debug_line    0x00001e5e       0x9a c:/program files (x86)/atmel/atmel studio 6.0/extensions/atmel/avrgcc/3.4.1.95/avrtoolchain/bin/../lib/gcc/avr/4.6.2/avr51\libgcc.a(_udivmodhi4.o)

.debug_frame    0x00000000      0xcdc
 *(.debug_frame)
 .debug_frame   0x00000000       0x24 main.o
 .debug_frame   0x00000024       0xec sources/Button.o
 .debug_frame   0x00000110       0x54 sources/Buzzer.o
 .debug_frame   0x00000164      0x118 sources/CAN.o
 .debug_frame   0x0000027c       0xf0 sources/can_drv.o
 .debug_frame   0x0000036c       0xa8 sources/can_lib.o
 .debug_frame   0x00000414      0x230 sources/Display.o
 .debug_frame   0x00000644       0x44 sources/Error.o
 .debug_frame   0x00000688       0x8c sources/Event.o
 .debug_frame   0x00000714       0xf0 sources/Led.o
 .debug_frame   0x00000804       0x44 sources/MyCommon.o
 .debug_frame   0x00000848       0x44 sources/Radio.o
 .debug_frame   0x0000088c       0x80 sources/spi_lib.o
 .debug_frame   0x0000090c       0x38 sources/Startup.o
 .debug_frame   0x00000944      0x364 sources/Timer.o
 .debug_frame   0x00000ca8       0x34 sources/WatchDog.o

.debug_str      0x00000000     0x18c8
 *(.debug_str)
 .debug_str     0x00000000      0x2dd main.o
                                0x31f (size before relaxing)
 .debug_str     0x000002dd      0x1b2 sources/Button.o
                                0x2cf (size before relaxing)
 .debug_str     0x0000048f       0x69 sources/Buzzer.o
                                0x139 (size before relaxing)
 .debug_str     0x000004f8      0x24e sources/CAN.o
                                0x520 (size before relaxing)
 .debug_str     0x00000746      0x19f sources/can_drv.o
                                0x4bb (size before relaxing)
 .debug_str     0x000008e5       0x6d sources/can_lib.o
                                0x34e (size before relaxing)
 .debug_str     0x00000952      0xb5e sources/Display.o
                                0xf15 (size before relaxing)
 .debug_str     0x000014b0       0x53 sources/Error.o
                                0x38f (size before relaxing)
 .debug_str     0x00001503       0xba sources/Event.o
                                0x5fa (size before relaxing)
 .debug_str     0x000015bd       0x94 sources/Led.o
                                0x198 (size before relaxing)
 .debug_str     0x00001651       0x37 sources/MyCommon.o
                                0x465 (size before relaxing)
 .debug_str     0x00001688       0x1e sources/Radio.o
                                0x101 (size before relaxing)
 .debug_str     0x000016a6       0x6a sources/spi_lib.o
                                0x33c (size before relaxing)
 .debug_str     0x00001710       0x24 sources/Startup.o
                                0x396 (size before relaxing)
 .debug_str     0x00001734      0x16d sources/Timer.o
                                0x4dd (size before relaxing)
 .debug_str     0x000018a1       0x27 sources/WatchDog.o
                                0x374 (size before relaxing)

.debug_loc      0x00000000     0x34f0
 *(.debug_loc)
 .debug_loc     0x00000000      0x152 sources/Button.o
 .debug_loc     0x00000152      0x1b3 sources/CAN.o
 .debug_loc     0x00000305      0x8a5 sources/can_drv.o
 .debug_loc     0x00000baa      0x3f1 sources/can_lib.o
 .debug_loc     0x00000f9b     0x1acc sources/Display.o
 .debug_loc     0x00002a67       0x2b sources/Error.o
 .debug_loc     0x00002a92      0x140 sources/Event.o
 .debug_loc     0x00002bd2      0x286 sources/Led.o
 .debug_loc     0x00002e58       0x42 sources/spi_lib.o
 .debug_loc     0x00002e9a       0x49 sources/Startup.o
 .debug_loc     0x00002ee3      0x60d sources/Timer.o

.debug_macinfo
 *(.debug_macinfo)
OUTPUT(Dashboard.elf elf32-avr)
LOAD linker stubs
