Archive member included because of file (symbol)

c:/program files (x86)/atmel/atmel studio 6.0/extensions/atmel/avrgcc/3.4.1.95/avrtoolchain/bin/../lib/gcc/avr/4.6.2/avr5\libgcc.a(_udivmodqi4.o)
                              sources/Display.o (__udivmodqi4)
c:/program files (x86)/atmel/atmel studio 6.0/extensions/atmel/avrgcc/3.4.1.95/avrtoolchain/bin/../lib/gcc/avr/4.6.2/avr5\libgcc.a(_divmodhi4.o)
                              sources/CAN.o (__divmodhi4)
c:/program files (x86)/atmel/atmel studio 6.0/extensions/atmel/avrgcc/3.4.1.95/avrtoolchain/bin/../lib/gcc/avr/4.6.2/avr5\libgcc.a(_exit.o)
                              c:/program files (x86)/atmel/atmel studio 6.0/extensions/atmel/avrgcc/3.4.1.95/avrtoolchain/bin/../lib/gcc/avr/4.6.2/../../../../avr/lib/avr5/crtcan32.o (exit)
c:/program files (x86)/atmel/atmel studio 6.0/extensions/atmel/avrgcc/3.4.1.95/avrtoolchain/bin/../lib/gcc/avr/4.6.2/avr5\libgcc.a(_copy_data.o)
                              main.o (__do_copy_data)
c:/program files (x86)/atmel/atmel studio 6.0/extensions/atmel/avrgcc/3.4.1.95/avrtoolchain/bin/../lib/gcc/avr/4.6.2/avr5\libgcc.a(_clear_bss.o)
                              main.o (__do_clear_bss)
c:/program files (x86)/atmel/atmel studio 6.0/extensions/atmel/avrgcc/3.4.1.95/avrtoolchain/bin/../lib/gcc/avr/4.6.2/avr5\libgcc.a(_udivmodhi4.o)
                              c:/program files (x86)/atmel/atmel studio 6.0/extensions/atmel/avrgcc/3.4.1.95/avrtoolchain/bin/../lib/gcc/avr/4.6.2/avr5\libgcc.a(_divmodhi4.o) (__udivmodhi4)

Allocating common symbols
Common symbol       size              file

event_queue         0x10              sources/Event.o
display_ddram_bottom_row
                    0x1c              sources/Display.o
display_ddram_top_row
                    0x1c              sources/Display.o
led_pins            0xb               main.o
event_queue_head    0x1               sources/Event.o
selected_menu_pre_error
                    0x1               sources/Button.o
display_string      0x28              sources/Button.o
dashboard_state     0x1               main.o
led_state           0x2               main.o
can_queue           0xa               sources/CAN.o
button_counter      0xc               sources/Button.o
led_port            0xb               main.o
led_dd              0xb               main.o
button_pressed_previous
                    0x2               sources/Button.o
can_queue_head      0x1               sources/CAN.o
can_Status          0x1               sources/CAN.o
address_counter     0x1               sources/Display.o
button_state        0xc               sources/Button.o
selected_menu       0x1               sources/Button.o
can_queue_tail      0x1               sources/CAN.o
button_previous_state
                    0xc               sources/Button.o
button_press        0xc               sources/Button.o
event_queue_tail    0x1               sources/Event.o
button_pressed_current
                    0x2               sources/Button.o
button_released     0xc               sources/Button.o
can_rx              0x2               sources/CAN.o
display_current_error
                    0x1               sources/Button.o

Memory Configuration

Name             Origin             Length             Attributes
text             0x00000000         0x00020000         xr
data             0x00800060         0x0000ffa0         rw !x
eeprom           0x00810000         0x00010000         rw !x
fuse             0x00820000         0x00000400         rw !x
lock             0x00830000         0x00000400         rw !x
signature        0x00840000         0x00000400         rw !x
*default*        0x00000000         0xffffffff

Linker script and memory map

Address of section .data set to 0x800100
LOAD c:/program files (x86)/atmel/atmel studio 6.0/extensions/atmel/avrgcc/3.4.1.95/avrtoolchain/bin/../lib/gcc/avr/4.6.2/../../../../avr/lib/avr5/crtcan32.o
LOAD main.o
LOAD sources/Button.o
LOAD sources/Buzzer.o
LOAD sources/CAN.o
LOAD sources/can_drv.o
LOAD sources/can_lib.o
LOAD sources/Display.o
LOAD sources/Error.o
LOAD sources/Event.o
LOAD sources/Led.o
LOAD sources/MyCommon.o
LOAD sources/Radio.o
LOAD sources/spi_lib.o
LOAD sources/Startup.o
LOAD sources/Timer.o
LOAD sources/WatchDog.o
START GROUP
LOAD c:/program files (x86)/atmel/atmel studio 6.0/extensions/atmel/avrgcc/3.4.1.95/avrtoolchain/bin/../lib/gcc/avr/4.6.2/../../../../avr/lib/avr5\libm.a
END GROUP
LOAD c:/program files (x86)/atmel/atmel studio 6.0/extensions/atmel/avrgcc/3.4.1.95/avrtoolchain/bin/../lib/gcc/avr/4.6.2/avr5\libgcc.a
LOAD c:/program files (x86)/atmel/atmel studio 6.0/extensions/atmel/avrgcc/3.4.1.95/avrtoolchain/bin/../lib/gcc/avr/4.6.2/../../../../avr/lib/avr5\libc.a
LOAD c:/program files (x86)/atmel/atmel studio 6.0/extensions/atmel/avrgcc/3.4.1.95/avrtoolchain/bin/../lib/gcc/avr/4.6.2/avr5\libgcc.a

.hash
 *(.hash)

.dynsym
 *(.dynsym)

.dynstr
 *(.dynstr)

.gnu.version
 *(.gnu.version)

.gnu.version_d
 *(.gnu.version_d)

.gnu.version_r
 *(.gnu.version_r)

.rel.init
 *(.rel.init)

.rela.init
 *(.rela.init)

.rel.text
 *(.rel.text)
 *(.rel.text.*)
 *(.rel.gnu.linkonce.t*)

.rela.text
 *(.rela.text)
 *(.rela.text.*)
 *(.rela.gnu.linkonce.t*)

.rel.fini
 *(.rel.fini)

.rela.fini
 *(.rela.fini)

.rel.rodata
 *(.rel.rodata)
 *(.rel.rodata.*)
 *(.rel.gnu.linkonce.r*)

.rela.rodata
 *(.rela.rodata)
 *(.rela.rodata.*)
 *(.rela.gnu.linkonce.r*)

.rel.data
 *(.rel.data)
 *(.rel.data.*)
 *(.rel.gnu.linkonce.d*)

.rela.data
 *(.rela.data)
 *(.rela.data.*)
 *(.rela.gnu.linkonce.d*)

.rel.ctors
 *(.rel.ctors)

.rela.ctors
 *(.rela.ctors)

.rel.dtors
 *(.rel.dtors)

.rela.dtors
 *(.rela.dtors)

.rel.got
 *(.rel.got)

.rela.got
 *(.rela.got)

.rel.bss
 *(.rel.bss)

.rela.bss
 *(.rela.bss)

.rel.plt
 *(.rel.plt)

.rela.plt
 *(.rela.plt)

.text           0x00000000     0x33cc
 *(.vectors)
 .vectors       0x00000000       0x94 c:/program files (x86)/atmel/atmel studio 6.0/extensions/atmel/avrgcc/3.4.1.95/avrtoolchain/bin/../lib/gcc/avr/4.6.2/../../../../avr/lib/avr5/crtcan32.o
                0x00000000                __vector_default
                0x00000000                __vectors
 *(.vectors)
 *(.progmem.gcc*)
 .progmem.gcc_sw_table
                0x00000094      0x26a sources/Display.o
 *(.progmem*)
                0x000002fe                . = ALIGN (0x2)
                0x000002fe                __trampolines_start = .
 *(.trampolines)
 .trampolines   0x000002fe        0x0 linker stubs
 *(.trampolines*)
                0x000002fe                __trampolines_end = .
 *(.jumptables)
 *(.jumptables*)
 *(.lowtext)
 *(.lowtext*)
                0x000002fe                __ctors_start = .
 *(.ctors)
                0x000002fe                __ctors_end = .
                0x000002fe                __dtors_start = .
 *(.dtors)
                0x000002fe                __dtors_end = .
 SORT(*)(.ctors)
 SORT(*)(.dtors)
 *(.init0)
 .init0         0x000002fe        0x0 c:/program files (x86)/atmel/atmel studio 6.0/extensions/atmel/avrgcc/3.4.1.95/avrtoolchain/bin/../lib/gcc/avr/4.6.2/../../../../avr/lib/avr5/crtcan32.o
                0x000002fe                __init
 *(.init0)
 *(.init1)
 *(.init1)
 *(.init2)
 .init2         0x000002fe        0xc c:/program files (x86)/atmel/atmel studio 6.0/extensions/atmel/avrgcc/3.4.1.95/avrtoolchain/bin/../lib/gcc/avr/4.6.2/../../../../avr/lib/avr5/crtcan32.o
 *(.init2)
 *(.init3)
 *(.init3)
 *(.init4)
 .init4         0x0000030a       0x16 c:/program files (x86)/atmel/atmel studio 6.0/extensions/atmel/avrgcc/3.4.1.95/avrtoolchain/bin/../lib/gcc/avr/4.6.2/avr5\libgcc.a(_copy_data.o)
                0x0000030a                __do_copy_data
 .init4         0x00000320       0x10 c:/program files (x86)/atmel/atmel studio 6.0/extensions/atmel/avrgcc/3.4.1.95/avrtoolchain/bin/../lib/gcc/avr/4.6.2/avr5\libgcc.a(_clear_bss.o)
                0x00000320                __do_clear_bss
 *(.init4)
 *(.init5)
 *(.init5)
 *(.init6)
 *(.init6)
 *(.init7)
 *(.init7)
 *(.init8)
 *(.init8)
 *(.init9)
 .init9         0x00000330        0x8 c:/program files (x86)/atmel/atmel studio 6.0/extensions/atmel/avrgcc/3.4.1.95/avrtoolchain/bin/../lib/gcc/avr/4.6.2/../../../../avr/lib/avr5/crtcan32.o
 *(.init9)
 *(.text)
 .text          0x00000338        0x4 c:/program files (x86)/atmel/atmel studio 6.0/extensions/atmel/avrgcc/3.4.1.95/avrtoolchain/bin/../lib/gcc/avr/4.6.2/../../../../avr/lib/avr5/crtcan32.o
                0x00000338                __vector_22
                0x00000338                __vector_1
                0x00000338                __vector_32
                0x00000338                __vector_34
                0x00000338                __vector_24
                0x00000338                __bad_interrupt
                0x00000338                __vector_6
                0x00000338                __vector_35
                0x00000338                __vector_3
                0x00000338                __vector_23
                0x00000338                __vector_25
                0x00000338                __vector_11
                0x00000338                __vector_19
                0x00000338                __vector_7
                0x00000338                __vector_27
                0x00000338                __vector_5
                0x00000338                __vector_33
                0x00000338                __vector_4
                0x00000338                __vector_9
                0x00000338                __vector_2
                0x00000338                __vector_21
                0x00000338                __vector_36
                0x00000338                __vector_8
                0x00000338                __vector_26
                0x00000338                __vector_10
                0x00000338                __vector_20
 .text          0x0000033c        0xc main.o
                0x0000033c                main
 .text          0x00000348      0x3b8 sources/Button.o
                0x00000348                button_read_col
                0x0000041a                col1_input_high
                0x00000420                col2_input_high
                0x00000426                col3_input_high
                0x0000042c                col1_low
                0x00000432                col2_low
                0x00000438                col3_low
                0x0000043e                buttons_react
                0x000005a6                button_init
                0x000005e8                button_multiplex_cycle
                0x000006f2                button_get_button_state
 .text          0x00000700       0x20 sources/Buzzer.o
                0x00000700                buzzer_init
                0x00000706                buzzer_on
                0x0000070a                buzzer_off
                0x0000070e                buzzer_buzz_ready_to_drive
 .text          0x00000720      0x298 sources/CAN.o
                0x00000720                __vector_18
                0x000007a8                CANInit
                0x000007de                CANGetStruct
                0x00000800                CANStartRx
                0x0000081c                CANGetData
                0x0000082c                CANSendData
                0x000008a6                CANAddSendData
                0x000008f4                CANGetCurrentTx
                0x00000908                CANSendNext
                0x00000946                CANAbortCMD
                0x0000098e                CANRestartReceive
 .text          0x000009b8      0x516 sources/can_drv.o
                0x000009b8                can_clear_all_mob
                0x000009dc                can_get_mob_free
                0x00000a1c                can_get_mob_status
                0x00000a42                can_get_data
                0x00000a86                can_auto_baudrate
                0x00000e98                Can_conf_bt_flex
                0x00000ea8                can_fixed_baudrate
 .text          0x00000ece      0xd80 sources/can_lib.o
                0x00000f16                can_init
                0x00000f34                can_off
                0x00000f40                can_cmd
                0x00001af4                can_get_status
 .text          0x00001c4e      0xc2c sources/Display.o
                0x00001c4e                display_make_display_line_percent
                0x00001cb6                display_make_display_line_min_av_max_volt
                0x00001d46                display_make_display_line_percent_bar
                0x00001e2e                display_make_display_line_min_av_max_temp
                0x00001ebe                display_make_display_line_lv_voltage
                0x00001f10                display_make_display_line_error_or_message
                0x00002284                display_make_display_line_button_test
                0x00002290                display_make_display_line_blank
                0x000022da                display_make_display_line_select_player
                0x00002376                display_make_display_line_brake_balance
                0x0000240c                display_make_display_line_motor_temp
                0x000024ea                display_write_data
                0x00002502                display_write_instruction
                0x0000251a                display_write_display_lines
                0x00002584                display_update
                0x0000278e                display_init
                0x000027da                display_set_display_string
                0x000027ee                display_up
                0x0000282a                display_down
                0x0000285a                display_starting
 .text          0x0000287a       0x2a sources/Error.o
                0x0000287a                InitError
                0x00002888                AddError
                0x00002898                ClearErrors
 .text          0x000028a4      0x2da sources/Event.o
                0x000028a4                EventInit
                0x000028ae                EventAddEvent
                0x000028ea                EventGetNextEvent
                0x00002906                Dashboard
                0x00002b58                EventHandleEvent
 .text          0x00002b7e      0x30c sources/Led.o
                0x00002b7e                led_init
                0x00002b9a                led_set
                0x00002c0a                led_clear
                0x00002c7a                led_clear_all
                0x00002c8e                led_is_set
                0x00002d88                led_toggle
                0x00002da6                led_state_set
                0x00002df0                led_state_return
                0x00002e2a                led_percent_bar
 .text          0x00002e8a       0x76 sources/MyCommon.o
                0x00002e8a                main_deinit
                0x00002e8c                ports_init
                0x00002ebc                main_init
 .text          0x00002f00        0xe sources/Radio.o
                0x00002f00                radio_init
                0x00002f06                radio_on
                0x00002f0a                radio_off
 .text          0x00002f0e       0x5e sources/spi_lib.o
                0x00002f0e                spi_init
                0x00002f34                spi_test_hit
                0x00002f3a                spi_putchar
                0x00002f44                spi_getchar
                0x00002f4e                spi_transmit_master
 .text          0x00002f6c       0x8a sources/Startup.o
                0x00002f6c                startup_sequence
 .text          0x00002ff6      0x340 sources/Timer.o
                0x00002ff6                __vector_16
                0x0000300a                __vector_17
                0x0000301e                __vector_12
                0x00003078                __vector_13
                0x000030d2                __vector_14
                0x0000312c                __vector_28
                0x00003186                __vector_29
                0x000031e0                __vector_30
                0x0000323a                __vector_15
                0x0000324e                __vector_31
                0x00003262                Timer1_init
                0x0000326c                Timer3_init
                0x00003276                TIMER_Timer1_OCR1A_on
                0x00003296                TIMER_Timer1_OCR1B_on
                0x000032b6                TIMER_Timer1_OCR1C_on
                0x000032d6                TIMER_Timer3_OCR3A_on
                0x000032f6                TIMER_Timer3_OCR3B_on
                0x00003316                TIMER_Timer3_OCR3C_on
 .text          0x00003336       0x2c sources/WatchDog.o
                0x00003336                InitWDT
                0x0000334e                CheckWDT
 .text          0x00003362        0x0 c:/program files (x86)/atmel/atmel studio 6.0/extensions/atmel/avrgcc/3.4.1.95/avrtoolchain/bin/../lib/gcc/avr/4.6.2/avr5\libgcc.a(_udivmodqi4.o)
 .text          0x00003362        0x0 c:/program files (x86)/atmel/atmel studio 6.0/extensions/atmel/avrgcc/3.4.1.95/avrtoolchain/bin/../lib/gcc/avr/4.6.2/avr5\libgcc.a(_divmodhi4.o)
 .text          0x00003362        0x0 c:/program files (x86)/atmel/atmel studio 6.0/extensions/atmel/avrgcc/3.4.1.95/avrtoolchain/bin/../lib/gcc/avr/4.6.2/avr5\libgcc.a(_exit.o)
 .text          0x00003362        0x0 c:/program files (x86)/atmel/atmel studio 6.0/extensions/atmel/avrgcc/3.4.1.95/avrtoolchain/bin/../lib/gcc/avr/4.6.2/avr5\libgcc.a(_copy_data.o)
 .text          0x00003362        0x0 c:/program files (x86)/atmel/atmel studio 6.0/extensions/atmel/avrgcc/3.4.1.95/avrtoolchain/bin/../lib/gcc/avr/4.6.2/avr5\libgcc.a(_clear_bss.o)
 .text          0x00003362        0x0 c:/program files (x86)/atmel/atmel studio 6.0/extensions/atmel/avrgcc/3.4.1.95/avrtoolchain/bin/../lib/gcc/avr/4.6.2/avr5\libgcc.a(_udivmodhi4.o)
                0x00003362                . = ALIGN (0x2)
 *(.text.*)
 .text.libgcc   0x00003362       0x18 c:/program files (x86)/atmel/atmel studio 6.0/extensions/atmel/avrgcc/3.4.1.95/avrtoolchain/bin/../lib/gcc/avr/4.6.2/avr5\libgcc.a(_udivmodqi4.o)
                0x00003362                __udivmodqi4
 .text.libgcc   0x0000337a       0x26 c:/program files (x86)/atmel/atmel studio 6.0/extensions/atmel/avrgcc/3.4.1.95/avrtoolchain/bin/../lib/gcc/avr/4.6.2/avr5\libgcc.a(_divmodhi4.o)
                0x0000337a                _div
                0x0000337a                __divmodhi4
 .text.libgcc   0x000033a0        0x0 c:/program files (x86)/atmel/atmel studio 6.0/extensions/atmel/avrgcc/3.4.1.95/avrtoolchain/bin/../lib/gcc/avr/4.6.2/avr5\libgcc.a(_exit.o)
 .text.libgcc   0x000033a0        0x0 c:/program files (x86)/atmel/atmel studio 6.0/extensions/atmel/avrgcc/3.4.1.95/avrtoolchain/bin/../lib/gcc/avr/4.6.2/avr5\libgcc.a(_copy_data.o)
 .text.libgcc   0x000033a0        0x0 c:/program files (x86)/atmel/atmel studio 6.0/extensions/atmel/avrgcc/3.4.1.95/avrtoolchain/bin/../lib/gcc/avr/4.6.2/avr5\libgcc.a(_clear_bss.o)
 .text.libgcc   0x000033a0       0x28 c:/program files (x86)/atmel/atmel studio 6.0/extensions/atmel/avrgcc/3.4.1.95/avrtoolchain/bin/../lib/gcc/avr/4.6.2/avr5\libgcc.a(_udivmodhi4.o)
                0x000033a0                __udivmodhi4
                0x000033c8                . = ALIGN (0x2)
 *(.fini9)
 .fini9         0x000033c8        0x0 c:/program files (x86)/atmel/atmel studio 6.0/extensions/atmel/avrgcc/3.4.1.95/avrtoolchain/bin/../lib/gcc/avr/4.6.2/avr5\libgcc.a(_exit.o)
                0x000033c8                _exit
                0x000033c8                exit
 *(.fini9)
 *(.fini8)
 *(.fini8)
 *(.fini7)
 *(.fini7)
 *(.fini6)
 *(.fini6)
 *(.fini5)
 *(.fini5)
 *(.fini4)
 *(.fini4)
 *(.fini3)
 *(.fini3)
 *(.fini2)
 *(.fini2)
 *(.fini1)
 *(.fini1)
 *(.fini0)
 .fini0         0x000033c8        0x4 c:/program files (x86)/atmel/atmel studio 6.0/extensions/atmel/avrgcc/3.4.1.95/avrtoolchain/bin/../lib/gcc/avr/4.6.2/avr5\libgcc.a(_exit.o)
 *(.fini0)
                0x000033cc                _etext = .

.data           0x00800100      0x5f0 load address 0x000033cc
                0x00800100                PROVIDE (__data_start, .)
 *(.data)
 .data          0x00800100        0x0 c:/program files (x86)/atmel/atmel studio 6.0/extensions/atmel/avrgcc/3.4.1.95/avrtoolchain/bin/../lib/gcc/avr/4.6.2/../../../../avr/lib/avr5/crtcan32.o
 .data          0x00800100        0x0 main.o
 .data          0x00800100        0x0 sources/Button.o
 .data          0x00800100        0x0 sources/Buzzer.o
 .data          0x00800100        0x0 sources/CAN.o
 .data          0x00800100        0x0 sources/can_drv.o
 .data          0x00800100        0x0 sources/can_lib.o
 .data          0x00800100      0x5f0 sources/Display.o
                0x0080013c                test
                0x00800164                display_line_player_princess_peach
                0x00800178                display_line_player_donkey_kong
                0x0080018c                display_line_player_bowser
                0x008001a0                display_line_player_luigi
                0x008001b4                display_line_player_mario
                0x008001c8                display_line_player_yoshi
                0x008001dc                display_line_player_select
                0x008001f0                display_line_brake_balance
                0x00800204                display_line_starting
                0x00800218                display_line_tsal2
                0x0080022c                display_line_tsal1
                0x00800240                display_line_blank
                0x00800254                display_line_buttons_pressed
                0x00800268                display_line_accleration_mode_go_go
                0x0080027c                display_line_accleration_mode_ready
                0x00800290                display_line_accleration_mode_normal
                0x008002a4                display_line_accleration_mode
                0x008002b8                display_line_torque_vectoring
                0x008002cc                display_line_traction_control
                0x008002e0                display_line_motor_temp_rear
                0x008002f4                display_line_motor_temp_front
                0x00800308                display_line_motor_power_rear
                0x0080031c                display_line_motor_power_front
                0x00800330                display_line_lv_voltage
                0x00800344                display_line_cel_temp
                0x00800358                display_line_min_cv_max
                0x0080036c                display_line_soc
                0x00800380                display_line_message
                0x00800394                display_line_error
                0x008003a8                display_line_home
                0x008003bc                display_line_message_boot_up
                0x008003d0                display_line_message_mc_fail
                0x008003e4                display_line_message_precharge_fail
                0x008003f8                display_line_message_ms_open
                0x0080040c                display_line_message_enre_fail
                0x00800420                display_line_message_precharge_only
                0x00800434                display_line_message_manual_mc
                0x00800448                display_line_message_ready_2_drive
                0x0080045c                display_line_message_starting_motor_controller
                0x00800470                display_line_message_precharged
                0x00800484                display_line_message_precharging
                0x00800498                display_line_message_check_ms
                0x008004ac                display_line_message_starting_ts
                0x008004c0                display_line_air_ror
                0x008004d4                display_line_error_missing_shunt
                0x008004e8                display_line_error_missing_mc_right
                0x008004fc                display_line_error_missing_mc_left
                0x00800510                display_line_error_missing_mcm_ab
                0x00800524                display_line_error_missing_mcm_lvb
                0x00800538                display_line_error_missing_mcm_front
                0x0080054c                display_line_error_missing_mcm_rear
                0x00800560                display_line_brake_force_fail
                0x00800574                display_line_throttle_fail
                0x00800588                display_line_bms_overtemp
                0x0080059c                display_line_bms_overcurrent
                0x008005b0                display_line_bms_undervoltage
                0x008005c4                display_line_error_mcm
                0x008005d8                display_line_error_mc
                0x008005ec                display_line_error_bms_relay
                0x00800600                display_line_error_bms
                0x00800614                display_line_error_bad_request_id
                0x00800628                display_line_error_bpd
                0x0080063c                display_line_error_imdf
                0x00800650                display_line_error_imd
                0x00800664                display_line_error_hvdi
                0x00800678                display_line_error_bots
                0x0080068c                display_line_error_pre_bots
                0x008006a0                display_line_error_pre_enre
                0x008006b4                display_line_error_unknown_code
                0x008006c8                display_line_error_sc_down
                0x008006dc                display_line_error_none
 .data          0x008006f0        0x0 sources/Error.o
 .data          0x008006f0        0x0 sources/Event.o
 .data          0x008006f0        0x0 sources/Led.o
 .data          0x008006f0        0x0 sources/MyCommon.o
 .data          0x008006f0        0x0 sources/Radio.o
 .data          0x008006f0        0x0 sources/spi_lib.o
 .data          0x008006f0        0x0 sources/Startup.o
 .data          0x008006f0        0x0 sources/Timer.o
 .data          0x008006f0        0x0 sources/WatchDog.o
 .data          0x008006f0        0x0 c:/program files (x86)/atmel/atmel studio 6.0/extensions/atmel/avrgcc/3.4.1.95/avrtoolchain/bin/../lib/gcc/avr/4.6.2/avr5\libgcc.a(_udivmodqi4.o)
 .data          0x008006f0        0x0 c:/program files (x86)/atmel/atmel studio 6.0/extensions/atmel/avrgcc/3.4.1.95/avrtoolchain/bin/../lib/gcc/avr/4.6.2/avr5\libgcc.a(_divmodhi4.o)
 .data          0x008006f0        0x0 c:/program files (x86)/atmel/atmel studio 6.0/extensions/atmel/avrgcc/3.4.1.95/avrtoolchain/bin/../lib/gcc/avr/4.6.2/avr5\libgcc.a(_exit.o)
 .data          0x008006f0        0x0 c:/program files (x86)/atmel/atmel studio 6.0/extensions/atmel/avrgcc/3.4.1.95/avrtoolchain/bin/../lib/gcc/avr/4.6.2/avr5\libgcc.a(_copy_data.o)
 .data          0x008006f0        0x0 c:/program files (x86)/atmel/atmel studio 6.0/extensions/atmel/avrgcc/3.4.1.95/avrtoolchain/bin/../lib/gcc/avr/4.6.2/avr5\libgcc.a(_clear_bss.o)
 .data          0x008006f0        0x0 c:/program files (x86)/atmel/atmel studio 6.0/extensions/atmel/avrgcc/3.4.1.95/avrtoolchain/bin/../lib/gcc/avr/4.6.2/avr5\libgcc.a(_udivmodhi4.o)
 *(.data*)
 *(.rodata)
 *(.rodata*)
 *(.gnu.linkonce.d*)
                0x008006f0                . = ALIGN (0x2)
                0x008006f0                _edata = .
                0x008006f0                PROVIDE (__data_end, .)

.bss            0x008006f0      0x120
                0x008006f0                PROVIDE (__bss_start, .)
 *(.bss)
 .bss           0x008006f0        0x0 c:/program files (x86)/atmel/atmel studio 6.0/extensions/atmel/avrgcc/3.4.1.95/avrtoolchain/bin/../lib/gcc/avr/4.6.2/../../../../avr/lib/avr5/crtcan32.o
 .bss           0x008006f0        0x0 main.o
 .bss           0x008006f0        0x2 sources/Button.o
                0x008006f0                button_key2
                0x008006f1                button_key1
 .bss           0x008006f2        0x2 sources/Buzzer.o
                0x008006f2                buzz_cycles
                0x008006f3                buzzer_count
 .bss           0x008006f4        0x0 sources/CAN.o
 .bss           0x008006f4        0x0 sources/can_drv.o
 .bss           0x008006f4        0x0 sources/can_lib.o
 .bss           0x008006f4        0x0 sources/Display.o
 .bss           0x008006f4        0x2 sources/Error.o
 .bss           0x008006f6       0x30 sources/Event.o
 .bss           0x00800726        0x0 sources/Led.o
 .bss           0x00800726        0x0 sources/MyCommon.o
 .bss           0x00800726        0x0 sources/Radio.o
 .bss           0x00800726        0x0 sources/spi_lib.o
 .bss           0x00800726        0x1 sources/Startup.o
                0x00800726                start_up_count
 .bss           0x00800727        0x0 sources/Timer.o
 .bss           0x00800727        0x0 sources/WatchDog.o
 .bss           0x00800727        0x0 c:/program files (x86)/atmel/atmel studio 6.0/extensions/atmel/avrgcc/3.4.1.95/avrtoolchain/bin/../lib/gcc/avr/4.6.2/avr5\libgcc.a(_udivmodqi4.o)
 .bss           0x00800727        0x0 c:/program files (x86)/atmel/atmel studio 6.0/extensions/atmel/avrgcc/3.4.1.95/avrtoolchain/bin/../lib/gcc/avr/4.6.2/avr5\libgcc.a(_divmodhi4.o)
 .bss           0x00800727        0x0 c:/program files (x86)/atmel/atmel studio 6.0/extensions/atmel/avrgcc/3.4.1.95/avrtoolchain/bin/../lib/gcc/avr/4.6.2/avr5\libgcc.a(_exit.o)
 .bss           0x00800727        0x0 c:/program files (x86)/atmel/atmel studio 6.0/extensions/atmel/avrgcc/3.4.1.95/avrtoolchain/bin/../lib/gcc/avr/4.6.2/avr5\libgcc.a(_copy_data.o)
 .bss           0x00800727        0x0 c:/program files (x86)/atmel/atmel studio 6.0/extensions/atmel/avrgcc/3.4.1.95/avrtoolchain/bin/../lib/gcc/avr/4.6.2/avr5\libgcc.a(_clear_bss.o)
 .bss           0x00800727        0x0 c:/program files (x86)/atmel/atmel studio 6.0/extensions/atmel/avrgcc/3.4.1.95/avrtoolchain/bin/../lib/gcc/avr/4.6.2/avr5\libgcc.a(_udivmodhi4.o)
 *(.bss*)
 *(COMMON)
 COMMON         0x00800727       0x24 main.o
                0x00800727                led_pins
                0x00800732                dashboard_state
                0x00800733                led_state
                0x00800735                led_port
                0x00800740                led_dd
 COMMON         0x0080074b       0x6b sources/Button.o
                0x0080074b                selected_menu_pre_error
                0x0080074c                display_string
                0x00800774                button_counter
                0x00800780                button_pressed_previous
                0x00800782                button_state
                0x0080078e                selected_menu
                0x0080078f                button_previous_state
                0x0080079b                button_press
                0x008007a7                button_pressed_current
                0x008007a9                button_released
                0x008007b5                display_current_error
 COMMON         0x008007b6        0xf sources/CAN.o
                0x008007b6                can_queue
                0x008007c0                can_queue_head
                0x008007c1                can_Status
                0x008007c2                can_queue_tail
                0x008007c3                can_rx
 COMMON         0x008007c5       0x39 sources/Display.o
                0x008007c5                display_ddram_bottom_row
                0x008007e1                display_ddram_top_row
                0x008007fd                address_counter
 COMMON         0x008007fe       0x12 sources/Event.o
                0x008007fe                event_queue
                0x0080080e                event_queue_head
                0x0080080f                event_queue_tail
                0x00800810                PROVIDE (__bss_end, .)
                0x000033cc                __data_load_start = LOADADDR (.data)
                0x000039bc                __data_load_end = (__data_load_start + SIZEOF (.data))

.noinit         0x00800810        0x0
                0x00800810                PROVIDE (__noinit_start, .)
 *(.noinit*)
                0x00800810                PROVIDE (__noinit_end, .)
                0x00800810                _end = .
                0x00800810                PROVIDE (__heap_start, .)

.eeprom         0x00810000        0x0
 *(.eeprom*)
                0x00810000                __eeprom_end = .

.fuse
 *(.fuse)
 *(.lfuse)
 *(.hfuse)
 *(.efuse)

.lock
 *(.lock*)

.signature
 *(.signature*)

.stab           0x00000000      0x6cc
 *(.stab)
 .stab          0x00000000      0x6cc c:/program files (x86)/atmel/atmel studio 6.0/extensions/atmel/avrgcc/3.4.1.95/avrtoolchain/bin/../lib/gcc/avr/4.6.2/../../../../avr/lib/avr5/crtcan32.o

.stabstr        0x00000000       0x85
 *(.stabstr)
 .stabstr       0x00000000       0x85 c:/program files (x86)/atmel/atmel studio 6.0/extensions/atmel/avrgcc/3.4.1.95/avrtoolchain/bin/../lib/gcc/avr/4.6.2/../../../../avr/lib/avr5/crtcan32.o

.stab.excl
 *(.stab.excl)

.stab.exclstr
 *(.stab.exclstr)

.stab.index
 *(.stab.index)

.stab.indexstr
 *(.stab.indexstr)

.comment
 *(.comment)

.debug
 *(.debug)

.line
 *(.line)

.debug_srcinfo
 *(.debug_srcinfo)

.debug_sfnames
 *(.debug_sfnames)

.debug_aranges  0x00000000      0x2c0
 *(.debug_aranges)
 .debug_aranges
                0x00000000       0x20 main.o
 .debug_aranges
                0x00000020       0x20 sources/Button.o
 .debug_aranges
                0x00000040       0x20 sources/Buzzer.o
 .debug_aranges
                0x00000060       0x20 sources/CAN.o
 .debug_aranges
                0x00000080       0x20 sources/can_drv.o
 .debug_aranges
                0x000000a0       0x20 sources/can_lib.o
 .debug_aranges
                0x000000c0       0x20 sources/Display.o
 .debug_aranges
                0x000000e0       0x20 sources/Error.o
 .debug_aranges
                0x00000100       0x20 sources/Event.o
 .debug_aranges
                0x00000120       0x20 sources/Led.o
 .debug_aranges
                0x00000140       0x20 sources/MyCommon.o
 .debug_aranges
                0x00000160       0x20 sources/Radio.o
 .debug_aranges
                0x00000180       0x20 sources/spi_lib.o
 .debug_aranges
                0x000001a0       0x20 sources/Startup.o
 .debug_aranges
                0x000001c0       0x20 sources/Timer.o
 .debug_aranges
                0x000001e0       0x20 sources/WatchDog.o
 .debug_aranges
                0x00000200       0x20 c:/program files (x86)/atmel/atmel studio 6.0/extensions/atmel/avrgcc/3.4.1.95/avrtoolchain/bin/../lib/gcc/avr/4.6.2/avr5\libgcc.a(_udivmodqi4.o)
 .debug_aranges
                0x00000220       0x20 c:/program files (x86)/atmel/atmel studio 6.0/extensions/atmel/avrgcc/3.4.1.95/avrtoolchain/bin/../lib/gcc/avr/4.6.2/avr5\libgcc.a(_divmodhi4.o)
 .debug_aranges
                0x00000240       0x20 c:/program files (x86)/atmel/atmel studio 6.0/extensions/atmel/avrgcc/3.4.1.95/avrtoolchain/bin/../lib/gcc/avr/4.6.2/avr5\libgcc.a(_exit.o)
 .debug_aranges
                0x00000260       0x20 c:/program files (x86)/atmel/atmel studio 6.0/extensions/atmel/avrgcc/3.4.1.95/avrtoolchain/bin/../lib/gcc/avr/4.6.2/avr5\libgcc.a(_copy_data.o)
 .debug_aranges
                0x00000280       0x20 c:/program files (x86)/atmel/atmel studio 6.0/extensions/atmel/avrgcc/3.4.1.95/avrtoolchain/bin/../lib/gcc/avr/4.6.2/avr5\libgcc.a(_clear_bss.o)
 .debug_aranges
                0x000002a0       0x20 c:/program files (x86)/atmel/atmel studio 6.0/extensions/atmel/avrgcc/3.4.1.95/avrtoolchain/bin/../lib/gcc/avr/4.6.2/avr5\libgcc.a(_udivmodhi4.o)

.debug_pubnames
 *(.debug_pubnames)

.debug_info     0x00000000     0x5a60
 *(.debug_info)
 .debug_info    0x00000000      0x40c main.o
 .debug_info    0x0000040c      0x464 sources/Button.o
 .debug_info    0x00000870       0xfa sources/Buzzer.o
 .debug_info    0x0000096a      0x67c sources/CAN.o
 .debug_info    0x00000fe6      0x69b sources/can_drv.o
 .debug_info    0x00001681      0x4ce sources/can_lib.o
 .debug_info    0x00001b4f     0x13bf sources/Display.o
 .debug_info    0x00002f0e      0x41c sources/Error.o
 .debug_info    0x0000332a      0x783 sources/Event.o
 .debug_info    0x00003aad      0x272 sources/Led.o
 .debug_info    0x00003d1f      0x52c sources/MyCommon.o
 .debug_info    0x0000424b       0xa8 sources/Radio.o
 .debug_info    0x000042f3      0x452 sources/spi_lib.o
 .debug_info    0x00004745      0x483 sources/Startup.o
 .debug_info    0x00004bc8      0x58c sources/Timer.o
 .debug_info    0x00005154      0x3de sources/WatchDog.o
 .debug_info    0x00005532       0xdd c:/program files (x86)/atmel/atmel studio 6.0/extensions/atmel/avrgcc/3.4.1.95/avrtoolchain/bin/../lib/gcc/avr/4.6.2/avr5\libgcc.a(_udivmodqi4.o)
 .debug_info    0x0000560f       0xdd c:/program files (x86)/atmel/atmel studio 6.0/extensions/atmel/avrgcc/3.4.1.95/avrtoolchain/bin/../lib/gcc/avr/4.6.2/avr5\libgcc.a(_divmodhi4.o)
 .debug_info    0x000056ec       0xdd c:/program files (x86)/atmel/atmel studio 6.0/extensions/atmel/avrgcc/3.4.1.95/avrtoolchain/bin/../lib/gcc/avr/4.6.2/avr5\libgcc.a(_exit.o)
 .debug_info    0x000057c9       0xdd c:/program files (x86)/atmel/atmel studio 6.0/extensions/atmel/avrgcc/3.4.1.95/avrtoolchain/bin/../lib/gcc/avr/4.6.2/avr5\libgcc.a(_copy_data.o)
 .debug_info    0x000058a6       0xdd c:/program files (x86)/atmel/atmel studio 6.0/extensions/atmel/avrgcc/3.4.1.95/avrtoolchain/bin/../lib/gcc/avr/4.6.2/avr5\libgcc.a(_clear_bss.o)
 .debug_info    0x00005983       0xdd c:/program files (x86)/atmel/atmel studio 6.0/extensions/atmel/avrgcc/3.4.1.95/avrtoolchain/bin/../lib/gcc/avr/4.6.2/avr5\libgcc.a(_udivmodhi4.o)
 *(.gnu.linkonce.wi.*)

.debug_abbrev   0x00000000     0x1646
 *(.debug_abbrev)
 .debug_abbrev  0x00000000      0x11a main.o
 .debug_abbrev  0x0000011a      0x13b sources/Button.o
 .debug_abbrev  0x00000255       0x81 sources/Buzzer.o
 .debug_abbrev  0x000002d6      0x1aa sources/CAN.o
 .debug_abbrev  0x00000480      0x1e4 sources/can_drv.o
 .debug_abbrev  0x00000664      0x1d3 sources/can_lib.o
 .debug_abbrev  0x00000837      0x2ad sources/Display.o
 .debug_abbrev  0x00000ae4      0x14b sources/Error.o
 .debug_abbrev  0x00000c2f      0x1ba sources/Event.o
 .debug_abbrev  0x00000de9      0x115 sources/Led.o
 .debug_abbrev  0x00000efe      0x156 sources/MyCommon.o
 .debug_abbrev  0x00001054       0x4c sources/Radio.o
 .debug_abbrev  0x000010a0      0x179 sources/spi_lib.o
 .debug_abbrev  0x00001219      0x155 sources/Startup.o
 .debug_abbrev  0x0000136e      0x142 sources/Timer.o
 .debug_abbrev  0x000014b0      0x11e sources/WatchDog.o
 .debug_abbrev  0x000015ce       0x14 c:/program files (x86)/atmel/atmel studio 6.0/extensions/atmel/avrgcc/3.4.1.95/avrtoolchain/bin/../lib/gcc/avr/4.6.2/avr5\libgcc.a(_udivmodqi4.o)
 .debug_abbrev  0x000015e2       0x14 c:/program files (x86)/atmel/atmel studio 6.0/extensions/atmel/avrgcc/3.4.1.95/avrtoolchain/bin/../lib/gcc/avr/4.6.2/avr5\libgcc.a(_divmodhi4.o)
 .debug_abbrev  0x000015f6       0x14 c:/program files (x86)/atmel/atmel studio 6.0/extensions/atmel/avrgcc/3.4.1.95/avrtoolchain/bin/../lib/gcc/avr/4.6.2/avr5\libgcc.a(_exit.o)
 .debug_abbrev  0x0000160a       0x14 c:/program files (x86)/atmel/atmel studio 6.0/extensions/atmel/avrgcc/3.4.1.95/avrtoolchain/bin/../lib/gcc/avr/4.6.2/avr5\libgcc.a(_copy_data.o)
 .debug_abbrev  0x0000161e       0x14 c:/program files (x86)/atmel/atmel studio 6.0/extensions/atmel/avrgcc/3.4.1.95/avrtoolchain/bin/../lib/gcc/avr/4.6.2/avr5\libgcc.a(_clear_bss.o)
 .debug_abbrev  0x00001632       0x14 c:/program files (x86)/atmel/atmel studio 6.0/extensions/atmel/avrgcc/3.4.1.95/avrtoolchain/bin/../lib/gcc/avr/4.6.2/avr5\libgcc.a(_udivmodhi4.o)

.debug_line     0x00000000     0x1ec9
 *(.debug_line)
 .debug_line    0x00000000      0x130 main.o
 .debug_line    0x00000130      0x1e1 sources/Button.o
 .debug_line    0x00000311      0x10a sources/Buzzer.o
 .debug_line    0x0000041b      0x1ec sources/CAN.o
 .debug_line    0x00000607      0x312 sources/can_drv.o
 .debug_line    0x00000919      0x303 sources/can_lib.o
 .debug_line    0x00000c1c      0x32b sources/Display.o
 .debug_line    0x00000f47       0xfa sources/Error.o
 .debug_line    0x00001041      0x1c5 sources/Event.o
 .debug_line    0x00001206      0x186 sources/Led.o
 .debug_line    0x0000138c      0x178 sources/MyCommon.o
 .debug_line    0x00001504       0xe1 sources/Radio.o
 .debug_line    0x000015e5      0x17b sources/spi_lib.o
 .debug_line    0x00001760      0x146 sources/Startup.o
 .debug_line    0x000018a6      0x184 sources/Timer.o
 .debug_line    0x00001a2a      0x133 sources/WatchDog.o
 .debug_line    0x00001b5d       0x92 c:/program files (x86)/atmel/atmel studio 6.0/extensions/atmel/avrgcc/3.4.1.95/avrtoolchain/bin/../lib/gcc/avr/4.6.2/avr5\libgcc.a(_udivmodqi4.o)
 .debug_line    0x00001bef       0x99 c:/program files (x86)/atmel/atmel studio 6.0/extensions/atmel/avrgcc/3.4.1.95/avrtoolchain/bin/../lib/gcc/avr/4.6.2/avr5\libgcc.a(_divmodhi4.o)
 .debug_line    0x00001c88       0x88 c:/program files (x86)/atmel/atmel studio 6.0/extensions/atmel/avrgcc/3.4.1.95/avrtoolchain/bin/../lib/gcc/avr/4.6.2/avr5\libgcc.a(_exit.o)
 .debug_line    0x00001d10       0x91 c:/program files (x86)/atmel/atmel studio 6.0/extensions/atmel/avrgcc/3.4.1.95/avrtoolchain/bin/../lib/gcc/avr/4.6.2/avr5\libgcc.a(_copy_data.o)
 .debug_line    0x00001da1       0x8e c:/program files (x86)/atmel/atmel studio 6.0/extensions/atmel/avrgcc/3.4.1.95/avrtoolchain/bin/../lib/gcc/avr/4.6.2/avr5\libgcc.a(_clear_bss.o)
 .debug_line    0x00001e2f       0x9a c:/program files (x86)/atmel/atmel studio 6.0/extensions/atmel/avrgcc/3.4.1.95/avrtoolchain/bin/../lib/gcc/avr/4.6.2/avr5\libgcc.a(_udivmodhi4.o)

.debug_frame    0x00000000      0xca0
 *(.debug_frame)
 .debug_frame   0x00000000       0x24 main.o
 .debug_frame   0x00000024       0xec sources/Button.o
 .debug_frame   0x00000110       0x54 sources/Buzzer.o
 .debug_frame   0x00000164      0x128 sources/CAN.o
 .debug_frame   0x0000028c       0xf0 sources/can_drv.o
 .debug_frame   0x0000037c       0xa8 sources/can_lib.o
 .debug_frame   0x00000424      0x234 sources/Display.o
 .debug_frame   0x00000658       0x44 sources/Error.o
 .debug_frame   0x0000069c       0x8c sources/Event.o
 .debug_frame   0x00000728       0xf0 sources/Led.o
 .debug_frame   0x00000818       0x44 sources/MyCommon.o
 .debug_frame   0x0000085c       0x44 sources/Radio.o
 .debug_frame   0x000008a0       0x80 sources/spi_lib.o
 .debug_frame   0x00000920       0x38 sources/Startup.o
 .debug_frame   0x00000958      0x314 sources/Timer.o
 .debug_frame   0x00000c6c       0x34 sources/WatchDog.o

.debug_str      0x00000000     0x17ee
 *(.debug_str)
 .debug_str     0x00000000      0x2dd main.o
                                0x31f (size before relaxing)
 .debug_str     0x000002dd      0x19f sources/Button.o
                                0x2bc (size before relaxing)
 .debug_str     0x0000047c       0x69 sources/Buzzer.o
                                0x139 (size before relaxing)
 .debug_str     0x000004e5      0x21f sources/CAN.o
                                0x4f1 (size before relaxing)
 .debug_str     0x00000704      0x19f sources/can_drv.o
                                0x4bb (size before relaxing)
 .debug_str     0x000008a3       0x6d sources/can_lib.o
                                0x34e (size before relaxing)
 .debug_str     0x00000910      0xadd sources/Display.o
                                0xe99 (size before relaxing)
 .debug_str     0x000013ed       0x53 sources/Error.o
                                0x373 (size before relaxing)
 .debug_str     0x00001440       0xba sources/Event.o
                                0x5cd (size before relaxing)
 .debug_str     0x000014fa       0x94 sources/Led.o
                                0x198 (size before relaxing)
 .debug_str     0x0000158e       0x37 sources/MyCommon.o
                                0x454 (size before relaxing)
 .debug_str     0x000015c5       0x31 sources/Radio.o
                                0x101 (size before relaxing)
 .debug_str     0x000015f6       0x6a sources/spi_lib.o
                                0x33c (size before relaxing)
 .debug_str     0x00001660       0x24 sources/Startup.o
                                0x396 (size before relaxing)
 .debug_str     0x00001684      0x143 sources/Timer.o
                                0x4a2 (size before relaxing)
 .debug_str     0x000017c7       0x27 sources/WatchDog.o
                                0x358 (size before relaxing)

.debug_loc      0x00000000     0x344a
 *(.debug_loc)
 .debug_loc     0x00000000      0x152 sources/Button.o
 .debug_loc     0x00000152      0x201 sources/CAN.o
 .debug_loc     0x00000353      0x8a5 sources/can_drv.o
 .debug_loc     0x00000bf8      0x3f1 sources/can_lib.o
 .debug_loc     0x00000fe9     0x1a67 sources/Display.o
 .debug_loc     0x00002a50       0x2b sources/Error.o
 .debug_loc     0x00002a7b      0x140 sources/Event.o
 .debug_loc     0x00002bbb      0x286 sources/Led.o
 .debug_loc     0x00002e41       0x42 sources/spi_lib.o
 .debug_loc     0x00002e83       0x49 sources/Startup.o
 .debug_loc     0x00002ecc      0x57e sources/Timer.o

.debug_macinfo
 *(.debug_macinfo)
OUTPUT(Dashboard.elf elf32-avr)
LOAD linker stubs
