Archive member included because of file (symbol)

c:/program files (x86)/atmel/atmel studio 6.0/extensions/atmel/avrgcc/3.4.1.95/avrtoolchain/bin/../lib/gcc/avr/4.6.2/avr5\libgcc.a(_udivmodqi4.o)
                              sources/Display.o (__udivmodqi4)
c:/program files (x86)/atmel/atmel studio 6.0/extensions/atmel/avrgcc/3.4.1.95/avrtoolchain/bin/../lib/gcc/avr/4.6.2/avr5\libgcc.a(_divmodhi4.o)
                              sources/CAN.o (__divmodhi4)
c:/program files (x86)/atmel/atmel studio 6.0/extensions/atmel/avrgcc/3.4.1.95/avrtoolchain/bin/../lib/gcc/avr/4.6.2/avr5\libgcc.a(_exit.o)
                              c:/program files (x86)/atmel/atmel studio 6.0/extensions/atmel/avrgcc/3.4.1.95/avrtoolchain/bin/../lib/gcc/avr/4.6.2/../../../../avr/lib/avr5/crtcan32.o (exit)
c:/program files (x86)/atmel/atmel studio 6.0/extensions/atmel/avrgcc/3.4.1.95/avrtoolchain/bin/../lib/gcc/avr/4.6.2/avr5\libgcc.a(_copy_data.o)
                              main.o (__do_copy_data)
c:/program files (x86)/atmel/atmel studio 6.0/extensions/atmel/avrgcc/3.4.1.95/avrtoolchain/bin/../lib/gcc/avr/4.6.2/avr5\libgcc.a(_clear_bss.o)
                              main.o (__do_clear_bss)
c:/program files (x86)/atmel/atmel studio 6.0/extensions/atmel/avrgcc/3.4.1.95/avrtoolchain/bin/../lib/gcc/avr/4.6.2/avr5\libgcc.a(_udivmodhi4.o)
                              c:/program files (x86)/atmel/atmel studio 6.0/extensions/atmel/avrgcc/3.4.1.95/avrtoolchain/bin/../lib/gcc/avr/4.6.2/avr5\libgcc.a(_divmodhi4.o) (__udivmodhi4)

Allocating common symbols
Common symbol       size              file

event_queue         0x10              sources/Event.o
display_ddram_bottom_row
                    0x1c              sources/Display.o
display_ddram_top_row
                    0x1c              sources/Display.o
led_pins            0xb               main.o
event_queue_head    0x1               sources/Event.o
display_string      0x28              sources/Button.o
led_state           0x2               main.o
can_queue           0xa               sources/CAN.o
button_counter      0xc               sources/Button.o
led_port            0xb               main.o
led_dd              0xb               main.o
button_pressed_previous
                    0x2               sources/Button.o
can_queue_head      0x1               sources/CAN.o
can_Status          0x1               sources/CAN.o
address_counter     0x1               sources/Display.o
button_state        0xc               sources/Button.o
selected_menu       0x1               sources/Button.o
can_queue_tail      0x1               sources/CAN.o
button_previous_state
                    0xc               sources/Button.o
button_press        0xc               sources/Button.o
event_queue_tail    0x1               sources/Event.o
button_pressed_current
                    0x2               sources/Button.o
button_released     0xc               sources/Button.o
can_rx              0x2               sources/CAN.o

Memory Configuration

Name             Origin             Length             Attributes
text             0x00000000         0x00020000         xr
data             0x00800060         0x0000ffa0         rw !x
eeprom           0x00810000         0x00010000         rw !x
fuse             0x00820000         0x00000400         rw !x
lock             0x00830000         0x00000400         rw !x
signature        0x00840000         0x00000400         rw !x
*default*        0x00000000         0xffffffff

Linker script and memory map

Address of section .data set to 0x800100
LOAD c:/program files (x86)/atmel/atmel studio 6.0/extensions/atmel/avrgcc/3.4.1.95/avrtoolchain/bin/../lib/gcc/avr/4.6.2/../../../../avr/lib/avr5/crtcan32.o
LOAD main.o
LOAD sources/Button.o
LOAD sources/Buzzer.o
LOAD sources/CAN.o
LOAD sources/can_drv.o
LOAD sources/can_lib.o
LOAD sources/Display.o
LOAD sources/Error.o
LOAD sources/Event.o
LOAD sources/Led.o
LOAD sources/MyCommon.o
LOAD sources/Radio.o
LOAD sources/spi_lib.o
LOAD sources/Timer.o
LOAD sources/WatchDog.o
START GROUP
LOAD c:/program files (x86)/atmel/atmel studio 6.0/extensions/atmel/avrgcc/3.4.1.95/avrtoolchain/bin/../lib/gcc/avr/4.6.2/../../../../avr/lib/avr5\libm.a
END GROUP
LOAD c:/program files (x86)/atmel/atmel studio 6.0/extensions/atmel/avrgcc/3.4.1.95/avrtoolchain/bin/../lib/gcc/avr/4.6.2/avr5\libgcc.a
LOAD c:/program files (x86)/atmel/atmel studio 6.0/extensions/atmel/avrgcc/3.4.1.95/avrtoolchain/bin/../lib/gcc/avr/4.6.2/../../../../avr/lib/avr5\libc.a
LOAD c:/program files (x86)/atmel/atmel studio 6.0/extensions/atmel/avrgcc/3.4.1.95/avrtoolchain/bin/../lib/gcc/avr/4.6.2/avr5\libgcc.a

.hash
 *(.hash)

.dynsym
 *(.dynsym)

.dynstr
 *(.dynstr)

.gnu.version
 *(.gnu.version)

.gnu.version_d
 *(.gnu.version_d)

.gnu.version_r
 *(.gnu.version_r)

.rel.init
 *(.rel.init)

.rela.init
 *(.rela.init)

.rel.text
 *(.rel.text)
 *(.rel.text.*)
 *(.rel.gnu.linkonce.t*)

.rela.text
 *(.rela.text)
 *(.rela.text.*)
 *(.rela.gnu.linkonce.t*)

.rel.fini
 *(.rel.fini)

.rela.fini
 *(.rela.fini)

.rel.rodata
 *(.rel.rodata)
 *(.rel.rodata.*)
 *(.rel.gnu.linkonce.r*)

.rela.rodata
 *(.rela.rodata)
 *(.rela.rodata.*)
 *(.rela.gnu.linkonce.r*)

.rel.data
 *(.rel.data)
 *(.rel.data.*)
 *(.rel.gnu.linkonce.d*)

.rela.data
 *(.rela.data)
 *(.rela.data.*)
 *(.rela.gnu.linkonce.d*)

.rel.ctors
 *(.rel.ctors)

.rela.ctors
 *(.rela.ctors)

.rel.dtors
 *(.rel.dtors)

.rela.dtors
 *(.rela.dtors)

.rel.got
 *(.rel.got)

.rela.got
 *(.rela.got)

.rel.bss
 *(.rel.bss)

.rela.bss
 *(.rela.bss)

.rel.plt
 *(.rel.plt)

.rela.plt
 *(.rela.plt)

.text           0x00000000     0x2bc2
 *(.vectors)
 .vectors       0x00000000       0x94 c:/program files (x86)/atmel/atmel studio 6.0/extensions/atmel/avrgcc/3.4.1.95/avrtoolchain/bin/../lib/gcc/avr/4.6.2/../../../../avr/lib/avr5/crtcan32.o
                0x00000000                __vector_default
                0x00000000                __vectors
 *(.vectors)
 *(.progmem.gcc*)
 *(.progmem*)
                0x00000094                . = ALIGN (0x2)
                0x00000094                __trampolines_start = .
 *(.trampolines)
 .trampolines   0x00000094        0x0 linker stubs
 *(.trampolines*)
                0x00000094                __trampolines_end = .
 *(.jumptables)
 *(.jumptables*)
 *(.lowtext)
 *(.lowtext*)
                0x00000094                __ctors_start = .
 *(.ctors)
                0x00000094                __ctors_end = .
                0x00000094                __dtors_start = .
 *(.dtors)
                0x00000094                __dtors_end = .
 SORT(*)(.ctors)
 SORT(*)(.dtors)
 *(.init0)
 .init0         0x00000094        0x0 c:/program files (x86)/atmel/atmel studio 6.0/extensions/atmel/avrgcc/3.4.1.95/avrtoolchain/bin/../lib/gcc/avr/4.6.2/../../../../avr/lib/avr5/crtcan32.o
                0x00000094                __init
 *(.init0)
 *(.init1)
 *(.init1)
 *(.init2)
 .init2         0x00000094        0xc c:/program files (x86)/atmel/atmel studio 6.0/extensions/atmel/avrgcc/3.4.1.95/avrtoolchain/bin/../lib/gcc/avr/4.6.2/../../../../avr/lib/avr5/crtcan32.o
 *(.init2)
 *(.init3)
 *(.init3)
 *(.init4)
 .init4         0x000000a0       0x16 c:/program files (x86)/atmel/atmel studio 6.0/extensions/atmel/avrgcc/3.4.1.95/avrtoolchain/bin/../lib/gcc/avr/4.6.2/avr5\libgcc.a(_copy_data.o)
                0x000000a0                __do_copy_data
 .init4         0x000000b6       0x10 c:/program files (x86)/atmel/atmel studio 6.0/extensions/atmel/avrgcc/3.4.1.95/avrtoolchain/bin/../lib/gcc/avr/4.6.2/avr5\libgcc.a(_clear_bss.o)
                0x000000b6                __do_clear_bss
 *(.init4)
 *(.init5)
 *(.init5)
 *(.init6)
 *(.init6)
 *(.init7)
 *(.init7)
 *(.init8)
 *(.init8)
 *(.init9)
 .init9         0x000000c6        0x8 c:/program files (x86)/atmel/atmel studio 6.0/extensions/atmel/avrgcc/3.4.1.95/avrtoolchain/bin/../lib/gcc/avr/4.6.2/../../../../avr/lib/avr5/crtcan32.o
 *(.init9)
 *(.text)
 .text          0x000000ce        0x4 c:/program files (x86)/atmel/atmel studio 6.0/extensions/atmel/avrgcc/3.4.1.95/avrtoolchain/bin/../lib/gcc/avr/4.6.2/../../../../avr/lib/avr5/crtcan32.o
                0x000000ce                __vector_22
                0x000000ce                __vector_1
                0x000000ce                __vector_32
                0x000000ce                __vector_34
                0x000000ce                __vector_24
                0x000000ce                __bad_interrupt
                0x000000ce                __vector_6
                0x000000ce                __vector_35
                0x000000ce                __vector_3
                0x000000ce                __vector_23
                0x000000ce                __vector_25
                0x000000ce                __vector_11
                0x000000ce                __vector_19
                0x000000ce                __vector_7
                0x000000ce                __vector_27
                0x000000ce                __vector_5
                0x000000ce                __vector_33
                0x000000ce                __vector_4
                0x000000ce                __vector_9
                0x000000ce                __vector_2
                0x000000ce                __vector_21
                0x000000ce                __vector_36
                0x000000ce                __vector_8
                0x000000ce                __vector_26
                0x000000ce                __vector_10
                0x000000ce                __vector_20
 .text          0x000000d2        0xc main.o
                0x000000d2                main
 .text          0x000000de      0x382 sources/Button.o
                0x000000de                button_read_col
                0x000001b0                col1_input_high
                0x000001b6                col2_input_high
                0x000001bc                col3_input_high
                0x000001c2                col1_low
                0x000001c8                col2_low
                0x000001ce                col3_low
                0x000001d4                buttons_react
                0x00000306                button_init
                0x00000348                button_multiplex_cycle
                0x00000452                button_get_button_state
 .text          0x00000460       0x20 sources/Buzzer.o
                0x00000460                buzzer_init
                0x00000466                buzzer_on
                0x0000046a                buzzer_off
                0x0000046e                buzzer_buzz_ready_to_drive
 .text          0x00000480      0x298 sources/CAN.o
                0x00000480                __vector_18
                0x00000508                CANInit
                0x0000053e                CANGetStruct
                0x00000560                CANStartRx
                0x0000057c                CANGetData
                0x0000058c                CANSendData
                0x00000606                CANAddSendData
                0x00000654                CANGetCurrentTx
                0x00000668                CANSendNext
                0x000006a6                CANAbortCMD
                0x000006ee                CANRestartReceive
 .text          0x00000718      0x516 sources/can_drv.o
                0x00000718                can_clear_all_mob
                0x0000073c                can_get_mob_free
                0x0000077c                can_get_mob_status
                0x000007a2                can_get_data
                0x000007e6                can_auto_baudrate
                0x00000bf8                Can_conf_bt_flex
                0x00000c08                can_fixed_baudrate
 .text          0x00000c2e      0xd80 sources/can_lib.o
                0x00000c76                can_init
                0x00000c94                can_off
                0x00000ca0                can_cmd
                0x00001854                can_get_status
 .text          0x000019ae      0x828 sources/Display.o
                0x000019ae                display_make_display_line_percent
                0x00001a16                display_make_display_line_min_av_max_volt
                0x00001aa6                display_make_display_line_percent_bar
                0x00001b8e                display_make_display_line_min_av_max_temp
                0x00001c1e                display_make_display_line_lv_voltage
                0x00001c70                display_make_display_line_error
                0x00001d90                display_make_display_line_button_test
                0x00001d9c                display_make_display_line_blank
                0x00001de6                display_make_display_line_motor_temp
                0x00001ec4                display_write_data
                0x00001edc                display_write_instruction
                0x00001ef4                display_write_display_lines
                0x00001f5e                display_update
                0x00002118                display_init
                0x00002158                display_set_display_string
                0x0000216c                display_up
                0x00002196                display_down
 .text          0x000021d6       0x2a sources/Error.o
                0x000021d6                InitError
                0x000021e4                AddError
                0x000021f4                ClearErrors
 .text          0x00002200      0x254 sources/Event.o
                0x00002200                EventInit
                0x0000220a                EventAddEvent
                0x00002246                EventGetNextEvent
                0x00002262                Dashboard
                0x0000242e                EventHandleEvent
 .text          0x00002454      0x2ba sources/Led.o
                0x00002454                led_set
                0x000024c4                led_clear
                0x00002534                led_is_set
                0x0000262e                led_toggle
                0x0000264c                led_state_set
                0x00002696                led_init
                0x000026d4                led_state_return
 .text          0x0000270e       0x72 sources/MyCommon.o
                0x0000270e                main_deinit
                0x00002710                ports_init
                0x00002740                main_init
 .text          0x00002780        0xe sources/Radio.o
                0x00002780                radio_init
                0x00002786                radio_on
                0x0000278a                radio_off
 .text          0x0000278e       0x5e sources/spi_lib.o
                0x0000278e                spi_init
                0x000027b4                spi_test_hit
                0x000027ba                spi_putchar
                0x000027c4                spi_getchar
                0x000027ce                spi_transmit_master
 .text          0x000027ec      0x340 sources/Timer.o
                0x000027ec                __vector_16
                0x00002800                __vector_17
                0x00002814                __vector_12
                0x0000286e                __vector_13
                0x000028c8                __vector_14
                0x00002922                __vector_28
                0x0000297c                __vector_29
                0x000029d6                __vector_30
                0x00002a30                __vector_15
                0x00002a44                __vector_31
                0x00002a58                Timer1_init
                0x00002a62                Timer3_init
                0x00002a6c                TIMER_Timer1_OCR1A_on
                0x00002a8c                TIMER_Timer1_OCR1B_on
                0x00002aac                TIMER_Timer1_OCR1C_on
                0x00002acc                TIMER_Timer3_OCR3A_on
                0x00002aec                TIMER_Timer3_OCR3B_on
                0x00002b0c                TIMER_Timer3_OCR3C_on
 .text          0x00002b2c       0x2c sources/WatchDog.o
                0x00002b2c                InitWDT
                0x00002b44                CheckWDT
 .text          0x00002b58        0x0 c:/program files (x86)/atmel/atmel studio 6.0/extensions/atmel/avrgcc/3.4.1.95/avrtoolchain/bin/../lib/gcc/avr/4.6.2/avr5\libgcc.a(_udivmodqi4.o)
 .text          0x00002b58        0x0 c:/program files (x86)/atmel/atmel studio 6.0/extensions/atmel/avrgcc/3.4.1.95/avrtoolchain/bin/../lib/gcc/avr/4.6.2/avr5\libgcc.a(_divmodhi4.o)
 .text          0x00002b58        0x0 c:/program files (x86)/atmel/atmel studio 6.0/extensions/atmel/avrgcc/3.4.1.95/avrtoolchain/bin/../lib/gcc/avr/4.6.2/avr5\libgcc.a(_exit.o)
 .text          0x00002b58        0x0 c:/program files (x86)/atmel/atmel studio 6.0/extensions/atmel/avrgcc/3.4.1.95/avrtoolchain/bin/../lib/gcc/avr/4.6.2/avr5\libgcc.a(_copy_data.o)
 .text          0x00002b58        0x0 c:/program files (x86)/atmel/atmel studio 6.0/extensions/atmel/avrgcc/3.4.1.95/avrtoolchain/bin/../lib/gcc/avr/4.6.2/avr5\libgcc.a(_clear_bss.o)
 .text          0x00002b58        0x0 c:/program files (x86)/atmel/atmel studio 6.0/extensions/atmel/avrgcc/3.4.1.95/avrtoolchain/bin/../lib/gcc/avr/4.6.2/avr5\libgcc.a(_udivmodhi4.o)
                0x00002b58                . = ALIGN (0x2)
 *(.text.*)
 .text.libgcc   0x00002b58       0x18 c:/program files (x86)/atmel/atmel studio 6.0/extensions/atmel/avrgcc/3.4.1.95/avrtoolchain/bin/../lib/gcc/avr/4.6.2/avr5\libgcc.a(_udivmodqi4.o)
                0x00002b58                __udivmodqi4
 .text.libgcc   0x00002b70       0x26 c:/program files (x86)/atmel/atmel studio 6.0/extensions/atmel/avrgcc/3.4.1.95/avrtoolchain/bin/../lib/gcc/avr/4.6.2/avr5\libgcc.a(_divmodhi4.o)
                0x00002b70                _div
                0x00002b70                __divmodhi4
 .text.libgcc   0x00002b96        0x0 c:/program files (x86)/atmel/atmel studio 6.0/extensions/atmel/avrgcc/3.4.1.95/avrtoolchain/bin/../lib/gcc/avr/4.6.2/avr5\libgcc.a(_exit.o)
 .text.libgcc   0x00002b96        0x0 c:/program files (x86)/atmel/atmel studio 6.0/extensions/atmel/avrgcc/3.4.1.95/avrtoolchain/bin/../lib/gcc/avr/4.6.2/avr5\libgcc.a(_copy_data.o)
 .text.libgcc   0x00002b96        0x0 c:/program files (x86)/atmel/atmel studio 6.0/extensions/atmel/avrgcc/3.4.1.95/avrtoolchain/bin/../lib/gcc/avr/4.6.2/avr5\libgcc.a(_clear_bss.o)
 .text.libgcc   0x00002b96       0x28 c:/program files (x86)/atmel/atmel studio 6.0/extensions/atmel/avrgcc/3.4.1.95/avrtoolchain/bin/../lib/gcc/avr/4.6.2/avr5\libgcc.a(_udivmodhi4.o)
                0x00002b96                __udivmodhi4
                0x00002bbe                . = ALIGN (0x2)
 *(.fini9)
 .fini9         0x00002bbe        0x0 c:/program files (x86)/atmel/atmel studio 6.0/extensions/atmel/avrgcc/3.4.1.95/avrtoolchain/bin/../lib/gcc/avr/4.6.2/avr5\libgcc.a(_exit.o)
                0x00002bbe                _exit
                0x00002bbe                exit
 *(.fini9)
 *(.fini8)
 *(.fini8)
 *(.fini7)
 *(.fini7)
 *(.fini6)
 *(.fini6)
 *(.fini5)
 *(.fini5)
 *(.fini4)
 *(.fini4)
 *(.fini3)
 *(.fini3)
 *(.fini2)
 *(.fini2)
 *(.fini1)
 *(.fini1)
 *(.fini0)
 .fini0         0x00002bbe        0x4 c:/program files (x86)/atmel/atmel studio 6.0/extensions/atmel/avrgcc/3.4.1.95/avrtoolchain/bin/../lib/gcc/avr/4.6.2/avr5\libgcc.a(_exit.o)
 *(.fini0)
                0x00002bc2                _etext = .

.data           0x00800100      0x25a load address 0x00002bc2
                0x00800100                PROVIDE (__data_start, .)
 *(.data)
 .data          0x00800100        0x0 c:/program files (x86)/atmel/atmel studio 6.0/extensions/atmel/avrgcc/3.4.1.95/avrtoolchain/bin/../lib/gcc/avr/4.6.2/../../../../avr/lib/avr5/crtcan32.o
 .data          0x00800100        0x0 main.o
 .data          0x00800100        0x0 sources/Button.o
 .data          0x00800100        0x0 sources/Buzzer.o
 .data          0x00800100        0x0 sources/CAN.o
 .data          0x00800100        0x0 sources/can_drv.o
 .data          0x00800100        0x0 sources/can_lib.o
 .data          0x00800100      0x258 sources/Display.o
                0x00800128                test
                0x00800150                display_line_tsal
                0x00800164                display_line_blank
                0x00800178                display_line_buttons_pressed
                0x0080018c                display_line_accleration_mode
                0x008001a0                display_line_torque_vectoring
                0x008001b4                display_line_traction_control
                0x008001c8                display_line_motor_temp_rear
                0x008001dc                display_line_motor_temp_front
                0x008001f0                display_line_motor_power_rear
                0x00800204                display_line_motor_power_front
                0x00800218                display_line_lv_voltage
                0x0080022c                display_line_cel_temp
                0x00800240                display_line_min_cv_max
                0x00800254                display_line_soc
                0x00800268                display_line_error
                0x0080027c                display_line_home
                0x00800290                display_line_error_bad_request_id
                0x008002a4                display_line_error_bpd
                0x008002b8                display_line_error_imdf
                0x008002cc                display_line_error_imd
                0x008002e0                display_line_error_hvdi
                0x008002f4                display_line_error_pre_bots
                0x00800308                display_line_error_pre_master
                0x0080031c                display_line_error_unknown_code
                0x00800330                display_line_error_sc_down
                0x00800344                display_line_error_none
 .data          0x00800358        0x0 sources/Error.o
 .data          0x00800358        0x1 sources/Event.o
                0x00800358                leds
 .data          0x00800359        0x0 sources/Led.o
 .data          0x00800359        0x0 sources/MyCommon.o
 .data          0x00800359        0x0 sources/Radio.o
 .data          0x00800359        0x0 sources/spi_lib.o
 .data          0x00800359        0x0 sources/Timer.o
 .data          0x00800359        0x0 sources/WatchDog.o
 .data          0x00800359        0x0 c:/program files (x86)/atmel/atmel studio 6.0/extensions/atmel/avrgcc/3.4.1.95/avrtoolchain/bin/../lib/gcc/avr/4.6.2/avr5\libgcc.a(_udivmodqi4.o)
 .data          0x00800359        0x0 c:/program files (x86)/atmel/atmel studio 6.0/extensions/atmel/avrgcc/3.4.1.95/avrtoolchain/bin/../lib/gcc/avr/4.6.2/avr5\libgcc.a(_divmodhi4.o)
 .data          0x00800359        0x0 c:/program files (x86)/atmel/atmel studio 6.0/extensions/atmel/avrgcc/3.4.1.95/avrtoolchain/bin/../lib/gcc/avr/4.6.2/avr5\libgcc.a(_exit.o)
 .data          0x00800359        0x0 c:/program files (x86)/atmel/atmel studio 6.0/extensions/atmel/avrgcc/3.4.1.95/avrtoolchain/bin/../lib/gcc/avr/4.6.2/avr5\libgcc.a(_copy_data.o)
 .data          0x00800359        0x0 c:/program files (x86)/atmel/atmel studio 6.0/extensions/atmel/avrgcc/3.4.1.95/avrtoolchain/bin/../lib/gcc/avr/4.6.2/avr5\libgcc.a(_clear_bss.o)
 .data          0x00800359        0x0 c:/program files (x86)/atmel/atmel studio 6.0/extensions/atmel/avrgcc/3.4.1.95/avrtoolchain/bin/../lib/gcc/avr/4.6.2/avr5\libgcc.a(_udivmodhi4.o)
 *(.data*)
 *(.rodata)
 *(.rodata*)
 *(.gnu.linkonce.d*)
                0x0080035a                . = ALIGN (0x2)
 *fill*         0x00800359        0x1 00
                0x0080035a                _edata = .
                0x0080035a                PROVIDE (__data_end, .)

.bss            0x0080035a      0x11e
                0x0080035a                PROVIDE (__bss_start, .)
 *(.bss)
 .bss           0x0080035a        0x0 c:/program files (x86)/atmel/atmel studio 6.0/extensions/atmel/avrgcc/3.4.1.95/avrtoolchain/bin/../lib/gcc/avr/4.6.2/../../../../avr/lib/avr5/crtcan32.o
 .bss           0x0080035a        0x0 main.o
 .bss           0x0080035a        0x2 sources/Button.o
                0x0080035a                button_key2
                0x0080035b                button_key1
 .bss           0x0080035c        0x2 sources/Buzzer.o
                0x0080035c                buzz_cycles
                0x0080035d                buzzer_count
 .bss           0x0080035e        0x0 sources/CAN.o
 .bss           0x0080035e        0x0 sources/can_drv.o
 .bss           0x0080035e        0x0 sources/can_lib.o
 .bss           0x0080035e        0x0 sources/Display.o
 .bss           0x0080035e        0x2 sources/Error.o
 .bss           0x00800360       0x32 sources/Event.o
                0x00800360                k
                0x00800361                i
 .bss           0x00800392        0x0 sources/Led.o
 .bss           0x00800392        0x0 sources/MyCommon.o
 .bss           0x00800392        0x0 sources/Radio.o
 .bss           0x00800392        0x0 sources/spi_lib.o
 .bss           0x00800392        0x0 sources/Timer.o
 .bss           0x00800392        0x0 sources/WatchDog.o
 .bss           0x00800392        0x0 c:/program files (x86)/atmel/atmel studio 6.0/extensions/atmel/avrgcc/3.4.1.95/avrtoolchain/bin/../lib/gcc/avr/4.6.2/avr5\libgcc.a(_udivmodqi4.o)
 .bss           0x00800392        0x0 c:/program files (x86)/atmel/atmel studio 6.0/extensions/atmel/avrgcc/3.4.1.95/avrtoolchain/bin/../lib/gcc/avr/4.6.2/avr5\libgcc.a(_divmodhi4.o)
 .bss           0x00800392        0x0 c:/program files (x86)/atmel/atmel studio 6.0/extensions/atmel/avrgcc/3.4.1.95/avrtoolchain/bin/../lib/gcc/avr/4.6.2/avr5\libgcc.a(_exit.o)
 .bss           0x00800392        0x0 c:/program files (x86)/atmel/atmel studio 6.0/extensions/atmel/avrgcc/3.4.1.95/avrtoolchain/bin/../lib/gcc/avr/4.6.2/avr5\libgcc.a(_copy_data.o)
 .bss           0x00800392        0x0 c:/program files (x86)/atmel/atmel studio 6.0/extensions/atmel/avrgcc/3.4.1.95/avrtoolchain/bin/../lib/gcc/avr/4.6.2/avr5\libgcc.a(_clear_bss.o)
 .bss           0x00800392        0x0 c:/program files (x86)/atmel/atmel studio 6.0/extensions/atmel/avrgcc/3.4.1.95/avrtoolchain/bin/../lib/gcc/avr/4.6.2/avr5\libgcc.a(_udivmodhi4.o)
 *(.bss*)
 *(COMMON)
 COMMON         0x00800392       0x23 main.o
                0x00800392                led_pins
                0x0080039d                led_state
                0x0080039f                led_port
                0x008003aa                led_dd
 COMMON         0x008003b5       0x69 sources/Button.o
                0x008003b5                display_string
                0x008003dd                button_counter
                0x008003e9                button_pressed_previous
                0x008003eb                button_state
                0x008003f7                selected_menu
                0x008003f8                button_previous_state
                0x00800404                button_press
                0x00800410                button_pressed_current
                0x00800412                button_released
 COMMON         0x0080041e        0xf sources/CAN.o
                0x0080041e                can_queue
                0x00800428                can_queue_head
                0x00800429                can_Status
                0x0080042a                can_queue_tail
                0x0080042b                can_rx
 COMMON         0x0080042d       0x39 sources/Display.o
                0x0080042d                display_ddram_bottom_row
                0x00800449                display_ddram_top_row
                0x00800465                address_counter
 COMMON         0x00800466       0x12 sources/Event.o
                0x00800466                event_queue
                0x00800476                event_queue_head
                0x00800477                event_queue_tail
                0x00800478                PROVIDE (__bss_end, .)
                0x00002bc2                __data_load_start = LOADADDR (.data)
                0x00002e1c                __data_load_end = (__data_load_start + SIZEOF (.data))

.noinit         0x00800478        0x0
                0x00800478                PROVIDE (__noinit_start, .)
 *(.noinit*)
                0x00800478                PROVIDE (__noinit_end, .)
                0x00800478                _end = .
                0x00800478                PROVIDE (__heap_start, .)

.eeprom         0x00810000        0x0
 *(.eeprom*)
                0x00810000                __eeprom_end = .

.fuse
 *(.fuse)
 *(.lfuse)
 *(.hfuse)
 *(.efuse)

.lock
 *(.lock*)

.signature
 *(.signature*)

.stab           0x00000000      0x6cc
 *(.stab)
 .stab          0x00000000      0x6cc c:/program files (x86)/atmel/atmel studio 6.0/extensions/atmel/avrgcc/3.4.1.95/avrtoolchain/bin/../lib/gcc/avr/4.6.2/../../../../avr/lib/avr5/crtcan32.o

.stabstr        0x00000000       0x85
 *(.stabstr)
 .stabstr       0x00000000       0x85 c:/program files (x86)/atmel/atmel studio 6.0/extensions/atmel/avrgcc/3.4.1.95/avrtoolchain/bin/../lib/gcc/avr/4.6.2/../../../../avr/lib/avr5/crtcan32.o

.stab.excl
 *(.stab.excl)

.stab.exclstr
 *(.stab.exclstr)

.stab.index
 *(.stab.index)

.stab.indexstr
 *(.stab.indexstr)

.comment
 *(.comment)

.debug
 *(.debug)

.line
 *(.line)

.debug_srcinfo
 *(.debug_srcinfo)

.debug_sfnames
 *(.debug_sfnames)

.debug_aranges  0x00000000      0x2a0
 *(.debug_aranges)
 .debug_aranges
                0x00000000       0x20 main.o
 .debug_aranges
                0x00000020       0x20 sources/Button.o
 .debug_aranges
                0x00000040       0x20 sources/Buzzer.o
 .debug_aranges
                0x00000060       0x20 sources/CAN.o
 .debug_aranges
                0x00000080       0x20 sources/can_drv.o
 .debug_aranges
                0x000000a0       0x20 sources/can_lib.o
 .debug_aranges
                0x000000c0       0x20 sources/Display.o
 .debug_aranges
                0x000000e0       0x20 sources/Error.o
 .debug_aranges
                0x00000100       0x20 sources/Event.o
 .debug_aranges
                0x00000120       0x20 sources/Led.o
 .debug_aranges
                0x00000140       0x20 sources/MyCommon.o
 .debug_aranges
                0x00000160       0x20 sources/Radio.o
 .debug_aranges
                0x00000180       0x20 sources/spi_lib.o
 .debug_aranges
                0x000001a0       0x20 sources/Timer.o
 .debug_aranges
                0x000001c0       0x20 sources/WatchDog.o
 .debug_aranges
                0x000001e0       0x20 c:/program files (x86)/atmel/atmel studio 6.0/extensions/atmel/avrgcc/3.4.1.95/avrtoolchain/bin/../lib/gcc/avr/4.6.2/avr5\libgcc.a(_udivmodqi4.o)
 .debug_aranges
                0x00000200       0x20 c:/program files (x86)/atmel/atmel studio 6.0/extensions/atmel/avrgcc/3.4.1.95/avrtoolchain/bin/../lib/gcc/avr/4.6.2/avr5\libgcc.a(_divmodhi4.o)
 .debug_aranges
                0x00000220       0x20 c:/program files (x86)/atmel/atmel studio 6.0/extensions/atmel/avrgcc/3.4.1.95/avrtoolchain/bin/../lib/gcc/avr/4.6.2/avr5\libgcc.a(_exit.o)
 .debug_aranges
                0x00000240       0x20 c:/program files (x86)/atmel/atmel studio 6.0/extensions/atmel/avrgcc/3.4.1.95/avrtoolchain/bin/../lib/gcc/avr/4.6.2/avr5\libgcc.a(_copy_data.o)
 .debug_aranges
                0x00000260       0x20 c:/program files (x86)/atmel/atmel studio 6.0/extensions/atmel/avrgcc/3.4.1.95/avrtoolchain/bin/../lib/gcc/avr/4.6.2/avr5\libgcc.a(_clear_bss.o)
 .debug_aranges
                0x00000280       0x20 c:/program files (x86)/atmel/atmel studio 6.0/extensions/atmel/avrgcc/3.4.1.95/avrtoolchain/bin/../lib/gcc/avr/4.6.2/avr5\libgcc.a(_udivmodhi4.o)

.debug_pubnames
 *(.debug_pubnames)

.debug_info     0x00000000     0x4df5
 *(.debug_info)
 .debug_info    0x00000000      0x3fa main.o
 .debug_info    0x000003fa      0x440 sources/Button.o
 .debug_info    0x0000083a       0xfa sources/Buzzer.o
 .debug_info    0x00000934      0x67c sources/CAN.o
 .debug_info    0x00000fb0      0x69b sources/can_drv.o
 .debug_info    0x0000164b      0x4ce sources/can_lib.o
 .debug_info    0x00001b19      0xcdc sources/Display.o
 .debug_info    0x000027f5      0x41c sources/Error.o
 .debug_info    0x00002c11      0x743 sources/Event.o
 .debug_info    0x00003354      0x202 sources/Led.o
 .debug_info    0x00003556      0x50d sources/MyCommon.o
 .debug_info    0x00003a63       0xa8 sources/Radio.o
 .debug_info    0x00003b0b      0x452 sources/spi_lib.o
 .debug_info    0x00003f5d      0x58c sources/Timer.o
 .debug_info    0x000044e9      0x3de sources/WatchDog.o
 .debug_info    0x000048c7       0xdd c:/program files (x86)/atmel/atmel studio 6.0/extensions/atmel/avrgcc/3.4.1.95/avrtoolchain/bin/../lib/gcc/avr/4.6.2/avr5\libgcc.a(_udivmodqi4.o)
 .debug_info    0x000049a4       0xdd c:/program files (x86)/atmel/atmel studio 6.0/extensions/atmel/avrgcc/3.4.1.95/avrtoolchain/bin/../lib/gcc/avr/4.6.2/avr5\libgcc.a(_divmodhi4.o)
 .debug_info    0x00004a81       0xdd c:/program files (x86)/atmel/atmel studio 6.0/extensions/atmel/avrgcc/3.4.1.95/avrtoolchain/bin/../lib/gcc/avr/4.6.2/avr5\libgcc.a(_exit.o)
 .debug_info    0x00004b5e       0xdd c:/program files (x86)/atmel/atmel studio 6.0/extensions/atmel/avrgcc/3.4.1.95/avrtoolchain/bin/../lib/gcc/avr/4.6.2/avr5\libgcc.a(_copy_data.o)
 .debug_info    0x00004c3b       0xdd c:/program files (x86)/atmel/atmel studio 6.0/extensions/atmel/avrgcc/3.4.1.95/avrtoolchain/bin/../lib/gcc/avr/4.6.2/avr5\libgcc.a(_clear_bss.o)
 .debug_info    0x00004d18       0xdd c:/program files (x86)/atmel/atmel studio 6.0/extensions/atmel/avrgcc/3.4.1.95/avrtoolchain/bin/../lib/gcc/avr/4.6.2/avr5\libgcc.a(_udivmodhi4.o)
 *(.gnu.linkonce.wi.*)

.debug_abbrev   0x00000000     0x14da
 *(.debug_abbrev)
 .debug_abbrev  0x00000000      0x11a main.o
 .debug_abbrev  0x0000011a      0x13b sources/Button.o
 .debug_abbrev  0x00000255       0x81 sources/Buzzer.o
 .debug_abbrev  0x000002d6      0x1aa sources/CAN.o
 .debug_abbrev  0x00000480      0x1e4 sources/can_drv.o
 .debug_abbrev  0x00000664      0x1d3 sources/can_lib.o
 .debug_abbrev  0x00000837      0x2a2 sources/Display.o
 .debug_abbrev  0x00000ad9      0x14b sources/Error.o
 .debug_abbrev  0x00000c24      0x1b8 sources/Event.o
 .debug_abbrev  0x00000ddc      0x11c sources/Led.o
 .debug_abbrev  0x00000ef8      0x145 sources/MyCommon.o
 .debug_abbrev  0x0000103d       0x4c sources/Radio.o
 .debug_abbrev  0x00001089      0x179 sources/spi_lib.o
 .debug_abbrev  0x00001202      0x142 sources/Timer.o
 .debug_abbrev  0x00001344      0x11e sources/WatchDog.o
 .debug_abbrev  0x00001462       0x14 c:/program files (x86)/atmel/atmel studio 6.0/extensions/atmel/avrgcc/3.4.1.95/avrtoolchain/bin/../lib/gcc/avr/4.6.2/avr5\libgcc.a(_udivmodqi4.o)
 .debug_abbrev  0x00001476       0x14 c:/program files (x86)/atmel/atmel studio 6.0/extensions/atmel/avrgcc/3.4.1.95/avrtoolchain/bin/../lib/gcc/avr/4.6.2/avr5\libgcc.a(_divmodhi4.o)
 .debug_abbrev  0x0000148a       0x14 c:/program files (x86)/atmel/atmel studio 6.0/extensions/atmel/avrgcc/3.4.1.95/avrtoolchain/bin/../lib/gcc/avr/4.6.2/avr5\libgcc.a(_exit.o)
 .debug_abbrev  0x0000149e       0x14 c:/program files (x86)/atmel/atmel studio 6.0/extensions/atmel/avrgcc/3.4.1.95/avrtoolchain/bin/../lib/gcc/avr/4.6.2/avr5\libgcc.a(_copy_data.o)
 .debug_abbrev  0x000014b2       0x14 c:/program files (x86)/atmel/atmel studio 6.0/extensions/atmel/avrgcc/3.4.1.95/avrtoolchain/bin/../lib/gcc/avr/4.6.2/avr5\libgcc.a(_clear_bss.o)
 .debug_abbrev  0x000014c6       0x14 c:/program files (x86)/atmel/atmel studio 6.0/extensions/atmel/avrgcc/3.4.1.95/avrtoolchain/bin/../lib/gcc/avr/4.6.2/avr5\libgcc.a(_udivmodhi4.o)

.debug_line     0x00000000     0x1cc6
 *(.debug_line)
 .debug_line    0x00000000      0x122 main.o
 .debug_line    0x00000122      0x1db sources/Button.o
 .debug_line    0x000002fd      0x10a sources/Buzzer.o
 .debug_line    0x00000407      0x1ec sources/CAN.o
 .debug_line    0x000005f3      0x312 sources/can_drv.o
 .debug_line    0x00000905      0x303 sources/can_lib.o
 .debug_line    0x00000c08      0x2b5 sources/Display.o
 .debug_line    0x00000ebd       0xfa sources/Error.o
 .debug_line    0x00000fb7      0x1b5 sources/Event.o
 .debug_line    0x0000116c      0x172 sources/Led.o
 .debug_line    0x000012de      0x169 sources/MyCommon.o
 .debug_line    0x00001447       0xe1 sources/Radio.o
 .debug_line    0x00001528      0x17b sources/spi_lib.o
 .debug_line    0x000016a3      0x184 sources/Timer.o
 .debug_line    0x00001827      0x133 sources/WatchDog.o
 .debug_line    0x0000195a       0x92 c:/program files (x86)/atmel/atmel studio 6.0/extensions/atmel/avrgcc/3.4.1.95/avrtoolchain/bin/../lib/gcc/avr/4.6.2/avr5\libgcc.a(_udivmodqi4.o)
 .debug_line    0x000019ec       0x99 c:/program files (x86)/atmel/atmel studio 6.0/extensions/atmel/avrgcc/3.4.1.95/avrtoolchain/bin/../lib/gcc/avr/4.6.2/avr5\libgcc.a(_divmodhi4.o)
 .debug_line    0x00001a85       0x88 c:/program files (x86)/atmel/atmel studio 6.0/extensions/atmel/avrgcc/3.4.1.95/avrtoolchain/bin/../lib/gcc/avr/4.6.2/avr5\libgcc.a(_exit.o)
 .debug_line    0x00001b0d       0x91 c:/program files (x86)/atmel/atmel studio 6.0/extensions/atmel/avrgcc/3.4.1.95/avrtoolchain/bin/../lib/gcc/avr/4.6.2/avr5\libgcc.a(_copy_data.o)
 .debug_line    0x00001b9e       0x8e c:/program files (x86)/atmel/atmel studio 6.0/extensions/atmel/avrgcc/3.4.1.95/avrtoolchain/bin/../lib/gcc/avr/4.6.2/avr5\libgcc.a(_clear_bss.o)
 .debug_line    0x00001c2c       0x9a c:/program files (x86)/atmel/atmel studio 6.0/extensions/atmel/avrgcc/3.4.1.95/avrtoolchain/bin/../lib/gcc/avr/4.6.2/avr5\libgcc.a(_udivmodhi4.o)

.debug_frame    0x00000000      0xbec
 *(.debug_frame)
 .debug_frame   0x00000000       0x24 main.o
 .debug_frame   0x00000024       0xec sources/Button.o
 .debug_frame   0x00000110       0x54 sources/Buzzer.o
 .debug_frame   0x00000164      0x128 sources/CAN.o
 .debug_frame   0x0000028c       0xf0 sources/can_drv.o
 .debug_frame   0x0000037c       0xa8 sources/can_lib.o
 .debug_frame   0x00000424      0x1f0 sources/Display.o
 .debug_frame   0x00000614       0x44 sources/Error.o
 .debug_frame   0x00000658       0x84 sources/Event.o
 .debug_frame   0x000006dc       0xc0 sources/Led.o
 .debug_frame   0x0000079c       0x44 sources/MyCommon.o
 .debug_frame   0x000007e0       0x44 sources/Radio.o
 .debug_frame   0x00000824       0x80 sources/spi_lib.o
 .debug_frame   0x000008a4      0x314 sources/Timer.o
 .debug_frame   0x00000bb8       0x34 sources/WatchDog.o

.debug_str      0x00000000     0x1190
 *(.debug_str)
 .debug_str     0x00000000      0x2cd main.o
                                0x30f (size before relaxing)
 .debug_str     0x000002cd      0x171 sources/Button.o
                                0x28e (size before relaxing)
 .debug_str     0x0000043e       0x69 sources/Buzzer.o
                                0x139 (size before relaxing)
 .debug_str     0x000004a7      0x21f sources/CAN.o
                                0x4f1 (size before relaxing)
 .debug_str     0x000006c6      0x19f sources/can_drv.o
                                0x4bb (size before relaxing)
 .debug_str     0x00000865       0x6d sources/can_lib.o
                                0x34e (size before relaxing)
 .debug_str     0x000008d2      0x51b sources/Display.o
                                0x896 (size before relaxing)
 .debug_str     0x00000ded       0x53 sources/Error.o
                                0x373 (size before relaxing)
 .debug_str     0x00000e40       0x9e sources/Event.o
                                0x573 (size before relaxing)
 .debug_str     0x00000ede       0x76 sources/Led.o
                                0x172 (size before relaxing)
 .debug_str     0x00000f54       0x37 sources/MyCommon.o
                                0x444 (size before relaxing)
 .debug_str     0x00000f8b       0x31 sources/Radio.o
                                0x101 (size before relaxing)
 .debug_str     0x00000fbc       0x6a sources/spi_lib.o
                                0x33c (size before relaxing)
 .debug_str     0x00001026      0x143 sources/Timer.o
                                0x4a2 (size before relaxing)
 .debug_str     0x00001169       0x27 sources/WatchDog.o
                                0x358 (size before relaxing)

.debug_loc      0x00000000     0x30ec
 *(.debug_loc)
 .debug_loc     0x00000000      0x152 sources/Button.o
 .debug_loc     0x00000152      0x201 sources/CAN.o
 .debug_loc     0x00000353      0x8a5 sources/can_drv.o
 .debug_loc     0x00000bf8      0x3f1 sources/can_lib.o
 .debug_loc     0x00000fe9     0x17e3 sources/Display.o
 .debug_loc     0x000027cc       0x2b sources/Error.o
 .debug_loc     0x000027f7      0x130 sources/Event.o
 .debug_loc     0x00002927      0x205 sources/Led.o
 .debug_loc     0x00002b2c       0x42 sources/spi_lib.o
 .debug_loc     0x00002b6e      0x57e sources/Timer.o

.debug_macinfo
 *(.debug_macinfo)
OUTPUT(Dashboard.elf elf32-avr)
LOAD linker stubs
