Archive member included because of file (symbol)

c:/program files (x86)/atmel/atmel studio 6.0/extensions/atmel/avrgcc/3.4.1.95/avrtoolchain/bin/../lib/gcc/avr/4.6.2/avr5\libgcc.a(_udivmodqi4.o)
                              sources/Display.o (__udivmodqi4)
c:/program files (x86)/atmel/atmel studio 6.0/extensions/atmel/avrgcc/3.4.1.95/avrtoolchain/bin/../lib/gcc/avr/4.6.2/avr5\libgcc.a(_divmodhi4.o)
                              sources/CAN.o (__divmodhi4)
c:/program files (x86)/atmel/atmel studio 6.0/extensions/atmel/avrgcc/3.4.1.95/avrtoolchain/bin/../lib/gcc/avr/4.6.2/avr5\libgcc.a(_exit.o)
                              c:/program files (x86)/atmel/atmel studio 6.0/extensions/atmel/avrgcc/3.4.1.95/avrtoolchain/bin/../lib/gcc/avr/4.6.2/../../../../avr/lib/avr5/crtcan32.o (exit)
c:/program files (x86)/atmel/atmel studio 6.0/extensions/atmel/avrgcc/3.4.1.95/avrtoolchain/bin/../lib/gcc/avr/4.6.2/avr5\libgcc.a(_copy_data.o)
                              main.o (__do_copy_data)
c:/program files (x86)/atmel/atmel studio 6.0/extensions/atmel/avrgcc/3.4.1.95/avrtoolchain/bin/../lib/gcc/avr/4.6.2/avr5\libgcc.a(_clear_bss.o)
                              main.o (__do_clear_bss)
c:/program files (x86)/atmel/atmel studio 6.0/extensions/atmel/avrgcc/3.4.1.95/avrtoolchain/bin/../lib/gcc/avr/4.6.2/avr5\libgcc.a(_udivmodhi4.o)
                              c:/program files (x86)/atmel/atmel studio 6.0/extensions/atmel/avrgcc/3.4.1.95/avrtoolchain/bin/../lib/gcc/avr/4.6.2/avr5\libgcc.a(_divmodhi4.o) (__udivmodhi4)

Allocating common symbols
Common symbol       size              file

event_queue         0x10              sources/Event.o
display_ddram_bottom_row
                    0x1c              sources/Display.o
display_ddram_top_row
                    0x1c              sources/Display.o
led_pins            0xb               main.o
event_queue_head    0x1               sources/Event.o
display_string      0x28              sources/Button.o
led_state           0x2               main.o
can_queue           0xa               sources/CAN.o
button_counter      0xc               sources/Button.o
led_port            0xb               main.o
led_dd              0xb               main.o
button_pressed_previous
                    0x2               sources/Button.o
can_queue_head      0x1               sources/CAN.o
can_Status          0x1               sources/CAN.o
address_counter     0x1               sources/Display.o
button_state        0xc               sources/Button.o
selected_menu       0x1               sources/Button.o
can_queue_tail      0x1               sources/CAN.o
button_previous_state
                    0xc               sources/Button.o
button_press        0xc               sources/Button.o
event_queue_tail    0x1               sources/Event.o
button_pressed_current
                    0x2               sources/Button.o
button_released     0xc               sources/Button.o
can_rx              0x2               sources/CAN.o

Memory Configuration

Name             Origin             Length             Attributes
text             0x00000000         0x00020000         xr
data             0x00800060         0x0000ffa0         rw !x
eeprom           0x00810000         0x00010000         rw !x
fuse             0x00820000         0x00000400         rw !x
lock             0x00830000         0x00000400         rw !x
signature        0x00840000         0x00000400         rw !x
*default*        0x00000000         0xffffffff

Linker script and memory map

Address of section .data set to 0x800100
LOAD c:/program files (x86)/atmel/atmel studio 6.0/extensions/atmel/avrgcc/3.4.1.95/avrtoolchain/bin/../lib/gcc/avr/4.6.2/../../../../avr/lib/avr5/crtcan32.o
LOAD main.o
LOAD sources/Button.o
LOAD sources/Buzzer.o
LOAD sources/CAN.o
LOAD sources/can_drv.o
LOAD sources/can_lib.o
LOAD sources/Display.o
LOAD sources/Error.o
LOAD sources/Event.o
LOAD sources/Led.o
LOAD sources/MyCommon.o
LOAD sources/Radio.o
LOAD sources/spi_lib.o
LOAD sources/Timer.o
LOAD sources/WatchDog.o
START GROUP
LOAD c:/program files (x86)/atmel/atmel studio 6.0/extensions/atmel/avrgcc/3.4.1.95/avrtoolchain/bin/../lib/gcc/avr/4.6.2/../../../../avr/lib/avr5\libm.a
END GROUP
LOAD c:/program files (x86)/atmel/atmel studio 6.0/extensions/atmel/avrgcc/3.4.1.95/avrtoolchain/bin/../lib/gcc/avr/4.6.2/avr5\libgcc.a
LOAD c:/program files (x86)/atmel/atmel studio 6.0/extensions/atmel/avrgcc/3.4.1.95/avrtoolchain/bin/../lib/gcc/avr/4.6.2/../../../../avr/lib/avr5\libc.a
LOAD c:/program files (x86)/atmel/atmel studio 6.0/extensions/atmel/avrgcc/3.4.1.95/avrtoolchain/bin/../lib/gcc/avr/4.6.2/avr5\libgcc.a

.hash
 *(.hash)

.dynsym
 *(.dynsym)

.dynstr
 *(.dynstr)

.gnu.version
 *(.gnu.version)

.gnu.version_d
 *(.gnu.version_d)

.gnu.version_r
 *(.gnu.version_r)

.rel.init
 *(.rel.init)

.rela.init
 *(.rela.init)

.rel.text
 *(.rel.text)
 *(.rel.text.*)
 *(.rel.gnu.linkonce.t*)

.rela.text
 *(.rela.text)
 *(.rela.text.*)
 *(.rela.gnu.linkonce.t*)

.rel.fini
 *(.rel.fini)

.rela.fini
 *(.rela.fini)

.rel.rodata
 *(.rel.rodata)
 *(.rel.rodata.*)
 *(.rel.gnu.linkonce.r*)

.rela.rodata
 *(.rela.rodata)
 *(.rela.rodata.*)
 *(.rela.gnu.linkonce.r*)

.rel.data
 *(.rel.data)
 *(.rel.data.*)
 *(.rel.gnu.linkonce.d*)

.rela.data
 *(.rela.data)
 *(.rela.data.*)
 *(.rela.gnu.linkonce.d*)

.rel.ctors
 *(.rel.ctors)

.rela.ctors
 *(.rela.ctors)

.rel.dtors
 *(.rel.dtors)

.rela.dtors
 *(.rela.dtors)

.rel.got
 *(.rel.got)

.rela.got
 *(.rela.got)

.rel.bss
 *(.rel.bss)

.rela.bss
 *(.rela.bss)

.rel.plt
 *(.rel.plt)

.rela.plt
 *(.rela.plt)

.text           0x00000000     0x2afe
 *(.vectors)
 .vectors       0x00000000       0x94 c:/program files (x86)/atmel/atmel studio 6.0/extensions/atmel/avrgcc/3.4.1.95/avrtoolchain/bin/../lib/gcc/avr/4.6.2/../../../../avr/lib/avr5/crtcan32.o
                0x00000000                __vector_default
                0x00000000                __vectors
 *(.vectors)
 *(.progmem.gcc*)
 *(.progmem*)
                0x00000094                . = ALIGN (0x2)
                0x00000094                __trampolines_start = .
 *(.trampolines)
 .trampolines   0x00000094        0x0 linker stubs
 *(.trampolines*)
                0x00000094                __trampolines_end = .
 *(.jumptables)
 *(.jumptables*)
 *(.lowtext)
 *(.lowtext*)
                0x00000094                __ctors_start = .
 *(.ctors)
                0x00000094                __ctors_end = .
                0x00000094                __dtors_start = .
 *(.dtors)
                0x00000094                __dtors_end = .
 SORT(*)(.ctors)
 SORT(*)(.dtors)
 *(.init0)
 .init0         0x00000094        0x0 c:/program files (x86)/atmel/atmel studio 6.0/extensions/atmel/avrgcc/3.4.1.95/avrtoolchain/bin/../lib/gcc/avr/4.6.2/../../../../avr/lib/avr5/crtcan32.o
                0x00000094                __init
 *(.init0)
 *(.init1)
 *(.init1)
 *(.init2)
 .init2         0x00000094        0xc c:/program files (x86)/atmel/atmel studio 6.0/extensions/atmel/avrgcc/3.4.1.95/avrtoolchain/bin/../lib/gcc/avr/4.6.2/../../../../avr/lib/avr5/crtcan32.o
 *(.init2)
 *(.init3)
 *(.init3)
 *(.init4)
 .init4         0x000000a0       0x16 c:/program files (x86)/atmel/atmel studio 6.0/extensions/atmel/avrgcc/3.4.1.95/avrtoolchain/bin/../lib/gcc/avr/4.6.2/avr5\libgcc.a(_copy_data.o)
                0x000000a0                __do_copy_data
 .init4         0x000000b6       0x10 c:/program files (x86)/atmel/atmel studio 6.0/extensions/atmel/avrgcc/3.4.1.95/avrtoolchain/bin/../lib/gcc/avr/4.6.2/avr5\libgcc.a(_clear_bss.o)
                0x000000b6                __do_clear_bss
 *(.init4)
 *(.init5)
 *(.init5)
 *(.init6)
 *(.init6)
 *(.init7)
 *(.init7)
 *(.init8)
 *(.init8)
 *(.init9)
 .init9         0x000000c6        0x8 c:/program files (x86)/atmel/atmel studio 6.0/extensions/atmel/avrgcc/3.4.1.95/avrtoolchain/bin/../lib/gcc/avr/4.6.2/../../../../avr/lib/avr5/crtcan32.o
 *(.init9)
 *(.text)
 .text          0x000000ce        0x4 c:/program files (x86)/atmel/atmel studio 6.0/extensions/atmel/avrgcc/3.4.1.95/avrtoolchain/bin/../lib/gcc/avr/4.6.2/../../../../avr/lib/avr5/crtcan32.o
                0x000000ce                __vector_22
                0x000000ce                __vector_1
                0x000000ce                __vector_32
                0x000000ce                __vector_34
                0x000000ce                __vector_24
                0x000000ce                __bad_interrupt
                0x000000ce                __vector_6
                0x000000ce                __vector_35
                0x000000ce                __vector_3
                0x000000ce                __vector_23
                0x000000ce                __vector_25
                0x000000ce                __vector_11
                0x000000ce                __vector_19
                0x000000ce                __vector_7
                0x000000ce                __vector_27
                0x000000ce                __vector_5
                0x000000ce                __vector_33
                0x000000ce                __vector_4
                0x000000ce                __vector_9
                0x000000ce                __vector_2
                0x000000ce                __vector_21
                0x000000ce                __vector_36
                0x000000ce                __vector_8
                0x000000ce                __vector_26
                0x000000ce                __vector_10
                0x000000ce                __vector_20
 .text          0x000000d2        0xc main.o
                0x000000d2                main
 .text          0x000000de      0x3b0 sources/Button.o
                0x000000de                button_read_col
                0x000001b0                col1_input_high
                0x000001b6                col2_input_high
                0x000001bc                col3_input_high
                0x000001c2                col1_low
                0x000001c8                col2_low
                0x000001ce                col3_low
                0x000001d4                buttons_react
                0x00000334                button_init
                0x00000376                button_multiplex_cycle
                0x00000480                button_get_button_state
 .text          0x0000048e       0x20 sources/Buzzer.o
                0x0000048e                buzzer_init
                0x00000494                buzzer_on
                0x00000498                buzzer_off
                0x0000049c                buzzer_buzz_ready_to_drive
 .text          0x000004ae      0x298 sources/CAN.o
                0x000004ae                __vector_18
                0x00000536                CANInit
                0x0000056c                CANGetStruct
                0x0000058e                CANStartRx
                0x000005aa                CANGetData
                0x000005ba                CANSendData
                0x00000634                CANAddSendData
                0x00000682                CANGetCurrentTx
                0x00000696                CANSendNext
                0x000006d4                CANAbortCMD
                0x0000071c                CANRestartReceive
 .text          0x00000746      0x516 sources/can_drv.o
                0x00000746                can_clear_all_mob
                0x0000076a                can_get_mob_free
                0x000007aa                can_get_mob_status
                0x000007d0                can_get_data
                0x00000814                can_auto_baudrate
                0x00000c26                Can_conf_bt_flex
                0x00000c36                can_fixed_baudrate
 .text          0x00000c5c      0xd80 sources/can_lib.o
                0x00000ca4                can_init
                0x00000cc2                can_off
                0x00000cce                can_cmd
                0x00001882                can_get_status
 .text          0x000019dc      0x828 sources/Display.o
                0x000019dc                display_make_display_line_percent
                0x00001a44                display_make_display_line_min_av_max_volt
                0x00001ad4                display_make_display_line_percent_bar
                0x00001bbc                display_make_display_line_min_av_max_temp
                0x00001c4c                display_make_display_line_lv_voltage
                0x00001c9e                display_make_display_line_error
                0x00001dbe                display_make_display_line_button_test
                0x00001dca                display_make_display_line_blank
                0x00001e14                display_make_display_line_motor_temp
                0x00001ef2                display_write_data
                0x00001f0a                display_write_instruction
                0x00001f22                display_write_display_lines
                0x00001f8c                display_update
                0x00002146                display_init
                0x00002186                display_set_display_string
                0x0000219a                display_up
                0x000021c4                display_down
 .text          0x00002204       0x2a sources/Error.o
                0x00002204                InitError
                0x00002212                AddError
                0x00002222                ClearErrors
 .text          0x0000222e      0x198 sources/Event.o
                0x0000222e                EventInit
                0x00002238                EventAddEvent
                0x00002274                EventGetNextEvent
                0x00002290                Dashboard
                0x000023a0                EventHandleEvent
 .text          0x000023c6      0x284 sources/Led.o
                0x000023c6                led_set
                0x00002428                led_clear
                0x00002492                led_is_set
                0x0000256e                led_toggle
                0x0000258c                led_state_set
                0x000025d6                led_init
                0x00002610                led_state_return
 .text          0x0000264a       0x72 sources/MyCommon.o
                0x0000264a                main_deinit
                0x0000264c                ports_init
                0x0000267c                main_init
 .text          0x000026bc        0xe sources/Radio.o
                0x000026bc                radio_init
                0x000026c2                radio_on
                0x000026c6                radio_off
 .text          0x000026ca       0x5e sources/spi_lib.o
                0x000026ca                spi_init
                0x000026f0                spi_test_hit
                0x000026f6                spi_putchar
                0x00002700                spi_getchar
                0x0000270a                spi_transmit_master
 .text          0x00002728      0x340 sources/Timer.o
                0x00002728                __vector_16
                0x0000273c                __vector_17
                0x00002750                __vector_12
                0x000027aa                __vector_13
                0x00002804                __vector_14
                0x0000285e                __vector_28
                0x000028b8                __vector_29
                0x00002912                __vector_30
                0x0000296c                __vector_15
                0x00002980                __vector_31
                0x00002994                Timer1_init
                0x0000299e                Timer3_init
                0x000029a8                TIMER_Timer1_OCR1A_on
                0x000029c8                TIMER_Timer1_OCR1B_on
                0x000029e8                TIMER_Timer1_OCR1C_on
                0x00002a08                TIMER_Timer3_OCR3A_on
                0x00002a28                TIMER_Timer3_OCR3B_on
                0x00002a48                TIMER_Timer3_OCR3C_on
 .text          0x00002a68       0x2c sources/WatchDog.o
                0x00002a68                InitWDT
                0x00002a80                CheckWDT
 .text          0x00002a94        0x0 c:/program files (x86)/atmel/atmel studio 6.0/extensions/atmel/avrgcc/3.4.1.95/avrtoolchain/bin/../lib/gcc/avr/4.6.2/avr5\libgcc.a(_udivmodqi4.o)
 .text          0x00002a94        0x0 c:/program files (x86)/atmel/atmel studio 6.0/extensions/atmel/avrgcc/3.4.1.95/avrtoolchain/bin/../lib/gcc/avr/4.6.2/avr5\libgcc.a(_divmodhi4.o)
 .text          0x00002a94        0x0 c:/program files (x86)/atmel/atmel studio 6.0/extensions/atmel/avrgcc/3.4.1.95/avrtoolchain/bin/../lib/gcc/avr/4.6.2/avr5\libgcc.a(_exit.o)
 .text          0x00002a94        0x0 c:/program files (x86)/atmel/atmel studio 6.0/extensions/atmel/avrgcc/3.4.1.95/avrtoolchain/bin/../lib/gcc/avr/4.6.2/avr5\libgcc.a(_copy_data.o)
 .text          0x00002a94        0x0 c:/program files (x86)/atmel/atmel studio 6.0/extensions/atmel/avrgcc/3.4.1.95/avrtoolchain/bin/../lib/gcc/avr/4.6.2/avr5\libgcc.a(_clear_bss.o)
 .text          0x00002a94        0x0 c:/program files (x86)/atmel/atmel studio 6.0/extensions/atmel/avrgcc/3.4.1.95/avrtoolchain/bin/../lib/gcc/avr/4.6.2/avr5\libgcc.a(_udivmodhi4.o)
                0x00002a94                . = ALIGN (0x2)
 *(.text.*)
 .text.libgcc   0x00002a94       0x18 c:/program files (x86)/atmel/atmel studio 6.0/extensions/atmel/avrgcc/3.4.1.95/avrtoolchain/bin/../lib/gcc/avr/4.6.2/avr5\libgcc.a(_udivmodqi4.o)
                0x00002a94                __udivmodqi4
 .text.libgcc   0x00002aac       0x26 c:/program files (x86)/atmel/atmel studio 6.0/extensions/atmel/avrgcc/3.4.1.95/avrtoolchain/bin/../lib/gcc/avr/4.6.2/avr5\libgcc.a(_divmodhi4.o)
                0x00002aac                _div
                0x00002aac                __divmodhi4
 .text.libgcc   0x00002ad2        0x0 c:/program files (x86)/atmel/atmel studio 6.0/extensions/atmel/avrgcc/3.4.1.95/avrtoolchain/bin/../lib/gcc/avr/4.6.2/avr5\libgcc.a(_exit.o)
 .text.libgcc   0x00002ad2        0x0 c:/program files (x86)/atmel/atmel studio 6.0/extensions/atmel/avrgcc/3.4.1.95/avrtoolchain/bin/../lib/gcc/avr/4.6.2/avr5\libgcc.a(_copy_data.o)
 .text.libgcc   0x00002ad2        0x0 c:/program files (x86)/atmel/atmel studio 6.0/extensions/atmel/avrgcc/3.4.1.95/avrtoolchain/bin/../lib/gcc/avr/4.6.2/avr5\libgcc.a(_clear_bss.o)
 .text.libgcc   0x00002ad2       0x28 c:/program files (x86)/atmel/atmel studio 6.0/extensions/atmel/avrgcc/3.4.1.95/avrtoolchain/bin/../lib/gcc/avr/4.6.2/avr5\libgcc.a(_udivmodhi4.o)
                0x00002ad2                __udivmodhi4
                0x00002afa                . = ALIGN (0x2)
 *(.fini9)
 .fini9         0x00002afa        0x0 c:/program files (x86)/atmel/atmel studio 6.0/extensions/atmel/avrgcc/3.4.1.95/avrtoolchain/bin/../lib/gcc/avr/4.6.2/avr5\libgcc.a(_exit.o)
                0x00002afa                _exit
                0x00002afa                exit
 *(.fini9)
 *(.fini8)
 *(.fini8)
 *(.fini7)
 *(.fini7)
 *(.fini6)
 *(.fini6)
 *(.fini5)
 *(.fini5)
 *(.fini4)
 *(.fini4)
 *(.fini3)
 *(.fini3)
 *(.fini2)
 *(.fini2)
 *(.fini1)
 *(.fini1)
 *(.fini0)
 .fini0         0x00002afa        0x4 c:/program files (x86)/atmel/atmel studio 6.0/extensions/atmel/avrgcc/3.4.1.95/avrtoolchain/bin/../lib/gcc/avr/4.6.2/avr5\libgcc.a(_exit.o)
 *(.fini0)
                0x00002afe                _etext = .

.data           0x00800100      0x258 load address 0x00002afe
                0x00800100                PROVIDE (__data_start, .)
 *(.data)
 .data          0x00800100        0x0 c:/program files (x86)/atmel/atmel studio 6.0/extensions/atmel/avrgcc/3.4.1.95/avrtoolchain/bin/../lib/gcc/avr/4.6.2/../../../../avr/lib/avr5/crtcan32.o
 .data          0x00800100        0x0 main.o
 .data          0x00800100        0x0 sources/Button.o
 .data          0x00800100        0x0 sources/Buzzer.o
 .data          0x00800100        0x0 sources/CAN.o
 .data          0x00800100        0x0 sources/can_drv.o
 .data          0x00800100        0x0 sources/can_lib.o
 .data          0x00800100      0x258 sources/Display.o
                0x00800128                test
                0x00800150                display_line_tsal
                0x00800164                display_line_blank
                0x00800178                display_line_buttons_pressed
                0x0080018c                display_line_accleration_mode
                0x008001a0                display_line_torque_vectoring
                0x008001b4                display_line_traction_control
                0x008001c8                display_line_motor_temp_rear
                0x008001dc                display_line_motor_temp_front
                0x008001f0                display_line_motor_power_rear
                0x00800204                display_line_motor_power_front
                0x00800218                display_line_lv_voltage
                0x0080022c                display_line_cel_temp
                0x00800240                display_line_min_cv_max
                0x00800254                display_line_soc
                0x00800268                display_line_error
                0x0080027c                display_line_home
                0x00800290                display_line_error_bad_request_id
                0x008002a4                display_line_error_bpd
                0x008002b8                display_line_error_imdf
                0x008002cc                display_line_error_imd
                0x008002e0                display_line_error_hvdi
                0x008002f4                display_line_error_pre_bots
                0x00800308                display_line_error_pre_master
                0x0080031c                display_line_error_unknown_code
                0x00800330                display_line_error_sc_down
                0x00800344                display_line_error_none
 .data          0x00800358        0x0 sources/Error.o
 .data          0x00800358        0x0 sources/Event.o
 .data          0x00800358        0x0 sources/Led.o
 .data          0x00800358        0x0 sources/MyCommon.o
 .data          0x00800358        0x0 sources/Radio.o
 .data          0x00800358        0x0 sources/spi_lib.o
 .data          0x00800358        0x0 sources/Timer.o
 .data          0x00800358        0x0 sources/WatchDog.o
 .data          0x00800358        0x0 c:/program files (x86)/atmel/atmel studio 6.0/extensions/atmel/avrgcc/3.4.1.95/avrtoolchain/bin/../lib/gcc/avr/4.6.2/avr5\libgcc.a(_udivmodqi4.o)
 .data          0x00800358        0x0 c:/program files (x86)/atmel/atmel studio 6.0/extensions/atmel/avrgcc/3.4.1.95/avrtoolchain/bin/../lib/gcc/avr/4.6.2/avr5\libgcc.a(_divmodhi4.o)
 .data          0x00800358        0x0 c:/program files (x86)/atmel/atmel studio 6.0/extensions/atmel/avrgcc/3.4.1.95/avrtoolchain/bin/../lib/gcc/avr/4.6.2/avr5\libgcc.a(_exit.o)
 .data          0x00800358        0x0 c:/program files (x86)/atmel/atmel studio 6.0/extensions/atmel/avrgcc/3.4.1.95/avrtoolchain/bin/../lib/gcc/avr/4.6.2/avr5\libgcc.a(_copy_data.o)
 .data          0x00800358        0x0 c:/program files (x86)/atmel/atmel studio 6.0/extensions/atmel/avrgcc/3.4.1.95/avrtoolchain/bin/../lib/gcc/avr/4.6.2/avr5\libgcc.a(_clear_bss.o)
 .data          0x00800358        0x0 c:/program files (x86)/atmel/atmel studio 6.0/extensions/atmel/avrgcc/3.4.1.95/avrtoolchain/bin/../lib/gcc/avr/4.6.2/avr5\libgcc.a(_udivmodhi4.o)
 *(.data*)
 *(.rodata)
 *(.rodata*)
 *(.gnu.linkonce.d*)
                0x00800358                . = ALIGN (0x2)
                0x00800358                _edata = .
                0x00800358                PROVIDE (__data_end, .)

.bss            0x00800358      0x11c
                0x00800358                PROVIDE (__bss_start, .)
 *(.bss)
 .bss           0x00800358        0x0 c:/program files (x86)/atmel/atmel studio 6.0/extensions/atmel/avrgcc/3.4.1.95/avrtoolchain/bin/../lib/gcc/avr/4.6.2/../../../../avr/lib/avr5/crtcan32.o
 .bss           0x00800358        0x0 main.o
 .bss           0x00800358        0x2 sources/Button.o
                0x00800358                button_key2
                0x00800359                button_key1
 .bss           0x0080035a        0x2 sources/Buzzer.o
                0x0080035a                buzz_cycles
                0x0080035b                buzzer_count
 .bss           0x0080035c        0x0 sources/CAN.o
 .bss           0x0080035c        0x0 sources/can_drv.o
 .bss           0x0080035c        0x0 sources/can_lib.o
 .bss           0x0080035c        0x0 sources/Display.o
 .bss           0x0080035c        0x2 sources/Error.o
 .bss           0x0080035e       0x30 sources/Event.o
 .bss           0x0080038e        0x0 sources/Led.o
 .bss           0x0080038e        0x0 sources/MyCommon.o
 .bss           0x0080038e        0x0 sources/Radio.o
 .bss           0x0080038e        0x0 sources/spi_lib.o
 .bss           0x0080038e        0x0 sources/Timer.o
 .bss           0x0080038e        0x0 sources/WatchDog.o
 .bss           0x0080038e        0x0 c:/program files (x86)/atmel/atmel studio 6.0/extensions/atmel/avrgcc/3.4.1.95/avrtoolchain/bin/../lib/gcc/avr/4.6.2/avr5\libgcc.a(_udivmodqi4.o)
 .bss           0x0080038e        0x0 c:/program files (x86)/atmel/atmel studio 6.0/extensions/atmel/avrgcc/3.4.1.95/avrtoolchain/bin/../lib/gcc/avr/4.6.2/avr5\libgcc.a(_divmodhi4.o)
 .bss           0x0080038e        0x0 c:/program files (x86)/atmel/atmel studio 6.0/extensions/atmel/avrgcc/3.4.1.95/avrtoolchain/bin/../lib/gcc/avr/4.6.2/avr5\libgcc.a(_exit.o)
 .bss           0x0080038e        0x0 c:/program files (x86)/atmel/atmel studio 6.0/extensions/atmel/avrgcc/3.4.1.95/avrtoolchain/bin/../lib/gcc/avr/4.6.2/avr5\libgcc.a(_copy_data.o)
 .bss           0x0080038e        0x0 c:/program files (x86)/atmel/atmel studio 6.0/extensions/atmel/avrgcc/3.4.1.95/avrtoolchain/bin/../lib/gcc/avr/4.6.2/avr5\libgcc.a(_clear_bss.o)
 .bss           0x0080038e        0x0 c:/program files (x86)/atmel/atmel studio 6.0/extensions/atmel/avrgcc/3.4.1.95/avrtoolchain/bin/../lib/gcc/avr/4.6.2/avr5\libgcc.a(_udivmodhi4.o)
 *(.bss*)
 *(COMMON)
 COMMON         0x0080038e       0x23 main.o
                0x0080038e                led_pins
                0x00800399                led_state
                0x0080039b                led_port
                0x008003a6                led_dd
 COMMON         0x008003b1       0x69 sources/Button.o
                0x008003b1                display_string
                0x008003d9                button_counter
                0x008003e5                button_pressed_previous
                0x008003e7                button_state
                0x008003f3                selected_menu
                0x008003f4                button_previous_state
                0x00800400                button_press
                0x0080040c                button_pressed_current
                0x0080040e                button_released
 COMMON         0x0080041a        0xf sources/CAN.o
                0x0080041a                can_queue
                0x00800424                can_queue_head
                0x00800425                can_Status
                0x00800426                can_queue_tail
                0x00800427                can_rx
 COMMON         0x00800429       0x39 sources/Display.o
                0x00800429                display_ddram_bottom_row
                0x00800445                display_ddram_top_row
                0x00800461                address_counter
 COMMON         0x00800462       0x12 sources/Event.o
                0x00800462                event_queue
                0x00800472                event_queue_head
                0x00800473                event_queue_tail
                0x00800474                PROVIDE (__bss_end, .)
                0x00002afe                __data_load_start = LOADADDR (.data)
                0x00002d56                __data_load_end = (__data_load_start + SIZEOF (.data))

.noinit         0x00800474        0x0
                0x00800474                PROVIDE (__noinit_start, .)
 *(.noinit*)
                0x00800474                PROVIDE (__noinit_end, .)
                0x00800474                _end = .
                0x00800474                PROVIDE (__heap_start, .)

.eeprom         0x00810000        0x0
 *(.eeprom*)
                0x00810000                __eeprom_end = .

.fuse
 *(.fuse)
 *(.lfuse)
 *(.hfuse)
 *(.efuse)

.lock
 *(.lock*)

.signature
 *(.signature*)

.stab           0x00000000      0x6cc
 *(.stab)
 .stab          0x00000000      0x6cc c:/program files (x86)/atmel/atmel studio 6.0/extensions/atmel/avrgcc/3.4.1.95/avrtoolchain/bin/../lib/gcc/avr/4.6.2/../../../../avr/lib/avr5/crtcan32.o

.stabstr        0x00000000       0x85
 *(.stabstr)
 .stabstr       0x00000000       0x85 c:/program files (x86)/atmel/atmel studio 6.0/extensions/atmel/avrgcc/3.4.1.95/avrtoolchain/bin/../lib/gcc/avr/4.6.2/../../../../avr/lib/avr5/crtcan32.o

.stab.excl
 *(.stab.excl)

.stab.exclstr
 *(.stab.exclstr)

.stab.index
 *(.stab.index)

.stab.indexstr
 *(.stab.indexstr)

.comment
 *(.comment)

.debug
 *(.debug)

.line
 *(.line)

.debug_srcinfo
 *(.debug_srcinfo)

.debug_sfnames
 *(.debug_sfnames)

.debug_aranges  0x00000000      0x2a0
 *(.debug_aranges)
 .debug_aranges
                0x00000000       0x20 main.o
 .debug_aranges
                0x00000020       0x20 sources/Button.o
 .debug_aranges
                0x00000040       0x20 sources/Buzzer.o
 .debug_aranges
                0x00000060       0x20 sources/CAN.o
 .debug_aranges
                0x00000080       0x20 sources/can_drv.o
 .debug_aranges
                0x000000a0       0x20 sources/can_lib.o
 .debug_aranges
                0x000000c0       0x20 sources/Display.o
 .debug_aranges
                0x000000e0       0x20 sources/Error.o
 .debug_aranges
                0x00000100       0x20 sources/Event.o
 .debug_aranges
                0x00000120       0x20 sources/Led.o
 .debug_aranges
                0x00000140       0x20 sources/MyCommon.o
 .debug_aranges
                0x00000160       0x20 sources/Radio.o
 .debug_aranges
                0x00000180       0x20 sources/spi_lib.o
 .debug_aranges
                0x000001a0       0x20 sources/Timer.o
 .debug_aranges
                0x000001c0       0x20 sources/WatchDog.o
 .debug_aranges
                0x000001e0       0x20 c:/program files (x86)/atmel/atmel studio 6.0/extensions/atmel/avrgcc/3.4.1.95/avrtoolchain/bin/../lib/gcc/avr/4.6.2/avr5\libgcc.a(_udivmodqi4.o)
 .debug_aranges
                0x00000200       0x20 c:/program files (x86)/atmel/atmel studio 6.0/extensions/atmel/avrgcc/3.4.1.95/avrtoolchain/bin/../lib/gcc/avr/4.6.2/avr5\libgcc.a(_divmodhi4.o)
 .debug_aranges
                0x00000220       0x20 c:/program files (x86)/atmel/atmel studio 6.0/extensions/atmel/avrgcc/3.4.1.95/avrtoolchain/bin/../lib/gcc/avr/4.6.2/avr5\libgcc.a(_exit.o)
 .debug_aranges
                0x00000240       0x20 c:/program files (x86)/atmel/atmel studio 6.0/extensions/atmel/avrgcc/3.4.1.95/avrtoolchain/bin/../lib/gcc/avr/4.6.2/avr5\libgcc.a(_copy_data.o)
 .debug_aranges
                0x00000260       0x20 c:/program files (x86)/atmel/atmel studio 6.0/extensions/atmel/avrgcc/3.4.1.95/avrtoolchain/bin/../lib/gcc/avr/4.6.2/avr5\libgcc.a(_clear_bss.o)
 .debug_aranges
                0x00000280       0x20 c:/program files (x86)/atmel/atmel studio 6.0/extensions/atmel/avrgcc/3.4.1.95/avrtoolchain/bin/../lib/gcc/avr/4.6.2/avr5\libgcc.a(_udivmodhi4.o)

.debug_pubnames
 *(.debug_pubnames)

.debug_info     0x00000000     0x4da9
 *(.debug_info)
 .debug_info    0x00000000      0x3fa main.o
 .debug_info    0x000003fa      0x440 sources/Button.o
 .debug_info    0x0000083a       0xfa sources/Buzzer.o
 .debug_info    0x00000934      0x67c sources/CAN.o
 .debug_info    0x00000fb0      0x69b sources/can_drv.o
 .debug_info    0x0000164b      0x4ce sources/can_lib.o
 .debug_info    0x00001b19      0xcdc sources/Display.o
 .debug_info    0x000027f5      0x41c sources/Error.o
 .debug_info    0x00002c11      0x6f5 sources/Event.o
 .debug_info    0x00003306      0x204 sources/Led.o
 .debug_info    0x0000350a      0x50d sources/MyCommon.o
 .debug_info    0x00003a17       0xa8 sources/Radio.o
 .debug_info    0x00003abf      0x452 sources/spi_lib.o
 .debug_info    0x00003f11      0x58c sources/Timer.o
 .debug_info    0x0000449d      0x3de sources/WatchDog.o
 .debug_info    0x0000487b       0xdd c:/program files (x86)/atmel/atmel studio 6.0/extensions/atmel/avrgcc/3.4.1.95/avrtoolchain/bin/../lib/gcc/avr/4.6.2/avr5\libgcc.a(_udivmodqi4.o)
 .debug_info    0x00004958       0xdd c:/program files (x86)/atmel/atmel studio 6.0/extensions/atmel/avrgcc/3.4.1.95/avrtoolchain/bin/../lib/gcc/avr/4.6.2/avr5\libgcc.a(_divmodhi4.o)
 .debug_info    0x00004a35       0xdd c:/program files (x86)/atmel/atmel studio 6.0/extensions/atmel/avrgcc/3.4.1.95/avrtoolchain/bin/../lib/gcc/avr/4.6.2/avr5\libgcc.a(_exit.o)
 .debug_info    0x00004b12       0xdd c:/program files (x86)/atmel/atmel studio 6.0/extensions/atmel/avrgcc/3.4.1.95/avrtoolchain/bin/../lib/gcc/avr/4.6.2/avr5\libgcc.a(_copy_data.o)
 .debug_info    0x00004bef       0xdd c:/program files (x86)/atmel/atmel studio 6.0/extensions/atmel/avrgcc/3.4.1.95/avrtoolchain/bin/../lib/gcc/avr/4.6.2/avr5\libgcc.a(_clear_bss.o)
 .debug_info    0x00004ccc       0xdd c:/program files (x86)/atmel/atmel studio 6.0/extensions/atmel/avrgcc/3.4.1.95/avrtoolchain/bin/../lib/gcc/avr/4.6.2/avr5\libgcc.a(_udivmodhi4.o)
 *(.gnu.linkonce.wi.*)

.debug_abbrev   0x00000000     0x14ba
 *(.debug_abbrev)
 .debug_abbrev  0x00000000      0x11a main.o
 .debug_abbrev  0x0000011a      0x13b sources/Button.o
 .debug_abbrev  0x00000255       0x81 sources/Buzzer.o
 .debug_abbrev  0x000002d6      0x1aa sources/CAN.o
 .debug_abbrev  0x00000480      0x1e4 sources/can_drv.o
 .debug_abbrev  0x00000664      0x1d3 sources/can_lib.o
 .debug_abbrev  0x00000837      0x2a2 sources/Display.o
 .debug_abbrev  0x00000ad9      0x14b sources/Error.o
 .debug_abbrev  0x00000c24      0x198 sources/Event.o
 .debug_abbrev  0x00000dbc      0x11c sources/Led.o
 .debug_abbrev  0x00000ed8      0x145 sources/MyCommon.o
 .debug_abbrev  0x0000101d       0x4c sources/Radio.o
 .debug_abbrev  0x00001069      0x179 sources/spi_lib.o
 .debug_abbrev  0x000011e2      0x142 sources/Timer.o
 .debug_abbrev  0x00001324      0x11e sources/WatchDog.o
 .debug_abbrev  0x00001442       0x14 c:/program files (x86)/atmel/atmel studio 6.0/extensions/atmel/avrgcc/3.4.1.95/avrtoolchain/bin/../lib/gcc/avr/4.6.2/avr5\libgcc.a(_udivmodqi4.o)
 .debug_abbrev  0x00001456       0x14 c:/program files (x86)/atmel/atmel studio 6.0/extensions/atmel/avrgcc/3.4.1.95/avrtoolchain/bin/../lib/gcc/avr/4.6.2/avr5\libgcc.a(_divmodhi4.o)
 .debug_abbrev  0x0000146a       0x14 c:/program files (x86)/atmel/atmel studio 6.0/extensions/atmel/avrgcc/3.4.1.95/avrtoolchain/bin/../lib/gcc/avr/4.6.2/avr5\libgcc.a(_exit.o)
 .debug_abbrev  0x0000147e       0x14 c:/program files (x86)/atmel/atmel studio 6.0/extensions/atmel/avrgcc/3.4.1.95/avrtoolchain/bin/../lib/gcc/avr/4.6.2/avr5\libgcc.a(_copy_data.o)
 .debug_abbrev  0x00001492       0x14 c:/program files (x86)/atmel/atmel studio 6.0/extensions/atmel/avrgcc/3.4.1.95/avrtoolchain/bin/../lib/gcc/avr/4.6.2/avr5\libgcc.a(_clear_bss.o)
 .debug_abbrev  0x000014a6       0x14 c:/program files (x86)/atmel/atmel studio 6.0/extensions/atmel/avrgcc/3.4.1.95/avrtoolchain/bin/../lib/gcc/avr/4.6.2/avr5\libgcc.a(_udivmodhi4.o)

.debug_line     0x00000000     0x1cac
 *(.debug_line)
 .debug_line    0x00000000      0x122 main.o
 .debug_line    0x00000122      0x1e4 sources/Button.o
 .debug_line    0x00000306      0x10a sources/Buzzer.o
 .debug_line    0x00000410      0x1ec sources/CAN.o
 .debug_line    0x000005fc      0x312 sources/can_drv.o
 .debug_line    0x0000090e      0x303 sources/can_lib.o
 .debug_line    0x00000c11      0x2b5 sources/Display.o
 .debug_line    0x00000ec6       0xfa sources/Error.o
 .debug_line    0x00000fc0      0x198 sources/Event.o
 .debug_line    0x00001158      0x16c sources/Led.o
 .debug_line    0x000012c4      0x169 sources/MyCommon.o
 .debug_line    0x0000142d       0xe1 sources/Radio.o
 .debug_line    0x0000150e      0x17b sources/spi_lib.o
 .debug_line    0x00001689      0x184 sources/Timer.o
 .debug_line    0x0000180d      0x133 sources/WatchDog.o
 .debug_line    0x00001940       0x92 c:/program files (x86)/atmel/atmel studio 6.0/extensions/atmel/avrgcc/3.4.1.95/avrtoolchain/bin/../lib/gcc/avr/4.6.2/avr5\libgcc.a(_udivmodqi4.o)
 .debug_line    0x000019d2       0x99 c:/program files (x86)/atmel/atmel studio 6.0/extensions/atmel/avrgcc/3.4.1.95/avrtoolchain/bin/../lib/gcc/avr/4.6.2/avr5\libgcc.a(_divmodhi4.o)
 .debug_line    0x00001a6b       0x88 c:/program files (x86)/atmel/atmel studio 6.0/extensions/atmel/avrgcc/3.4.1.95/avrtoolchain/bin/../lib/gcc/avr/4.6.2/avr5\libgcc.a(_exit.o)
 .debug_line    0x00001af3       0x91 c:/program files (x86)/atmel/atmel studio 6.0/extensions/atmel/avrgcc/3.4.1.95/avrtoolchain/bin/../lib/gcc/avr/4.6.2/avr5\libgcc.a(_copy_data.o)
 .debug_line    0x00001b84       0x8e c:/program files (x86)/atmel/atmel studio 6.0/extensions/atmel/avrgcc/3.4.1.95/avrtoolchain/bin/../lib/gcc/avr/4.6.2/avr5\libgcc.a(_clear_bss.o)
 .debug_line    0x00001c12       0x9a c:/program files (x86)/atmel/atmel studio 6.0/extensions/atmel/avrgcc/3.4.1.95/avrtoolchain/bin/../lib/gcc/avr/4.6.2/avr5\libgcc.a(_udivmodhi4.o)

.debug_frame    0x00000000      0xbec
 *(.debug_frame)
 .debug_frame   0x00000000       0x24 main.o
 .debug_frame   0x00000024       0xec sources/Button.o
 .debug_frame   0x00000110       0x54 sources/Buzzer.o
 .debug_frame   0x00000164      0x128 sources/CAN.o
 .debug_frame   0x0000028c       0xf0 sources/can_drv.o
 .debug_frame   0x0000037c       0xa8 sources/can_lib.o
 .debug_frame   0x00000424      0x1f0 sources/Display.o
 .debug_frame   0x00000614       0x44 sources/Error.o
 .debug_frame   0x00000658       0x84 sources/Event.o
 .debug_frame   0x000006dc       0xc0 sources/Led.o
 .debug_frame   0x0000079c       0x44 sources/MyCommon.o
 .debug_frame   0x000007e0       0x44 sources/Radio.o
 .debug_frame   0x00000824       0x80 sources/spi_lib.o
 .debug_frame   0x000008a4      0x314 sources/Timer.o
 .debug_frame   0x00000bb8       0x34 sources/WatchDog.o

.debug_str      0x00000000     0x118b
 *(.debug_str)
 .debug_str     0x00000000      0x2cd main.o
                                0x30f (size before relaxing)
 .debug_str     0x000002cd      0x171 sources/Button.o
                                0x28e (size before relaxing)
 .debug_str     0x0000043e       0x69 sources/Buzzer.o
                                0x139 (size before relaxing)
 .debug_str     0x000004a7      0x21f sources/CAN.o
                                0x4f1 (size before relaxing)
 .debug_str     0x000006c6      0x19f sources/can_drv.o
                                0x4bb (size before relaxing)
 .debug_str     0x00000865       0x6d sources/can_lib.o
                                0x34e (size before relaxing)
 .debug_str     0x000008d2      0x51b sources/Display.o
                                0x896 (size before relaxing)
 .debug_str     0x00000ded       0x53 sources/Error.o
                                0x373 (size before relaxing)
 .debug_str     0x00000e40       0x99 sources/Event.o
                                0x56e (size before relaxing)
 .debug_str     0x00000ed9       0x76 sources/Led.o
                                0x172 (size before relaxing)
 .debug_str     0x00000f4f       0x37 sources/MyCommon.o
                                0x444 (size before relaxing)
 .debug_str     0x00000f86       0x31 sources/Radio.o
                                0x101 (size before relaxing)
 .debug_str     0x00000fb7       0x6a sources/spi_lib.o
                                0x33c (size before relaxing)
 .debug_str     0x00001021      0x143 sources/Timer.o
                                0x4a2 (size before relaxing)
 .debug_str     0x00001164       0x27 sources/WatchDog.o
                                0x358 (size before relaxing)

.debug_loc      0x00000000     0x30bc
 *(.debug_loc)
 .debug_loc     0x00000000      0x152 sources/Button.o
 .debug_loc     0x00000152      0x201 sources/CAN.o
 .debug_loc     0x00000353      0x8a5 sources/can_drv.o
 .debug_loc     0x00000bf8      0x3f1 sources/can_lib.o
 .debug_loc     0x00000fe9     0x17e3 sources/Display.o
 .debug_loc     0x000027cc       0x2b sources/Error.o
 .debug_loc     0x000027f7       0xe2 sources/Event.o
 .debug_loc     0x000028d9      0x223 sources/Led.o
 .debug_loc     0x00002afc       0x42 sources/spi_lib.o
 .debug_loc     0x00002b3e      0x57e sources/Timer.o

.debug_macinfo
 *(.debug_macinfo)
OUTPUT(Dashboard.elf elf32-avr)
LOAD linker stubs
