Archive member included because of file (symbol)

c:/program files (x86)/atmel/atmel studio 6.0/extensions/atmel/avrgcc/3.4.1.95/avrtoolchain/bin/../lib/gcc/avr/4.6.2/avr5\libgcc.a(_udivmodqi4.o)
                              sources/Display.o (__udivmodqi4)
c:/program files (x86)/atmel/atmel studio 6.0/extensions/atmel/avrgcc/3.4.1.95/avrtoolchain/bin/../lib/gcc/avr/4.6.2/avr5\libgcc.a(_divmodhi4.o)
                              sources/CAN.o (__divmodhi4)
c:/program files (x86)/atmel/atmel studio 6.0/extensions/atmel/avrgcc/3.4.1.95/avrtoolchain/bin/../lib/gcc/avr/4.6.2/avr5\libgcc.a(_exit.o)
                              c:/program files (x86)/atmel/atmel studio 6.0/extensions/atmel/avrgcc/3.4.1.95/avrtoolchain/bin/../lib/gcc/avr/4.6.2/../../../../avr/lib/avr5/crtcan32.o (exit)
c:/program files (x86)/atmel/atmel studio 6.0/extensions/atmel/avrgcc/3.4.1.95/avrtoolchain/bin/../lib/gcc/avr/4.6.2/avr5\libgcc.a(_copy_data.o)
                              main.o (__do_copy_data)
c:/program files (x86)/atmel/atmel studio 6.0/extensions/atmel/avrgcc/3.4.1.95/avrtoolchain/bin/../lib/gcc/avr/4.6.2/avr5\libgcc.a(_clear_bss.o)
                              main.o (__do_clear_bss)
c:/program files (x86)/atmel/atmel studio 6.0/extensions/atmel/avrgcc/3.4.1.95/avrtoolchain/bin/../lib/gcc/avr/4.6.2/avr5\libgcc.a(_udivmodhi4.o)
                              c:/program files (x86)/atmel/atmel studio 6.0/extensions/atmel/avrgcc/3.4.1.95/avrtoolchain/bin/../lib/gcc/avr/4.6.2/avr5\libgcc.a(_divmodhi4.o) (__udivmodhi4)

Allocating common symbols
Common symbol       size              file

event_queue         0x10              sources/Event.o
display_ddram_bottom_row
                    0x1c              sources/Display.o
display_ddram_top_row
                    0x1c              sources/Display.o
led_pins            0xb               main.o
event_queue_head    0x1               sources/Event.o
display_string      0x28              sources/Button.o
dashboard_state     0x1               main.o
led_state           0x2               main.o
can_queue           0xa               sources/CAN.o
button_counter      0xc               sources/Button.o
led_port            0xb               main.o
led_dd              0xb               main.o
button_pressed_previous
                    0x2               sources/Button.o
can_queue_head      0x1               sources/CAN.o
can_Status          0x1               sources/CAN.o
address_counter     0x1               sources/Display.o
button_state        0xc               sources/Button.o
selected_menu       0x1               sources/Button.o
can_queue_tail      0x1               sources/CAN.o
button_previous_state
                    0xc               sources/Button.o
button_press        0xc               sources/Button.o
event_queue_tail    0x1               sources/Event.o
button_pressed_current
                    0x2               sources/Button.o
button_released     0xc               sources/Button.o
can_rx              0x2               sources/CAN.o

Memory Configuration

Name             Origin             Length             Attributes
text             0x00000000         0x00020000         xr
data             0x00800060         0x0000ffa0         rw !x
eeprom           0x00810000         0x00010000         rw !x
fuse             0x00820000         0x00000400         rw !x
lock             0x00830000         0x00000400         rw !x
signature        0x00840000         0x00000400         rw !x
*default*        0x00000000         0xffffffff

Linker script and memory map

Address of section .data set to 0x800100
LOAD c:/program files (x86)/atmel/atmel studio 6.0/extensions/atmel/avrgcc/3.4.1.95/avrtoolchain/bin/../lib/gcc/avr/4.6.2/../../../../avr/lib/avr5/crtcan32.o
LOAD main.o
LOAD sources/Button.o
LOAD sources/Buzzer.o
LOAD sources/CAN.o
LOAD sources/can_drv.o
LOAD sources/can_lib.o
LOAD sources/Display.o
LOAD sources/Error.o
LOAD sources/Event.o
LOAD sources/Led.o
LOAD sources/MyCommon.o
LOAD sources/Radio.o
LOAD sources/spi_lib.o
LOAD sources/Startup.o
LOAD sources/Timer.o
LOAD sources/WatchDog.o
START GROUP
LOAD c:/program files (x86)/atmel/atmel studio 6.0/extensions/atmel/avrgcc/3.4.1.95/avrtoolchain/bin/../lib/gcc/avr/4.6.2/../../../../avr/lib/avr5\libm.a
END GROUP
LOAD c:/program files (x86)/atmel/atmel studio 6.0/extensions/atmel/avrgcc/3.4.1.95/avrtoolchain/bin/../lib/gcc/avr/4.6.2/avr5\libgcc.a
LOAD c:/program files (x86)/atmel/atmel studio 6.0/extensions/atmel/avrgcc/3.4.1.95/avrtoolchain/bin/../lib/gcc/avr/4.6.2/../../../../avr/lib/avr5\libc.a
LOAD c:/program files (x86)/atmel/atmel studio 6.0/extensions/atmel/avrgcc/3.4.1.95/avrtoolchain/bin/../lib/gcc/avr/4.6.2/avr5\libgcc.a

.hash
 *(.hash)

.dynsym
 *(.dynsym)

.dynstr
 *(.dynstr)

.gnu.version
 *(.gnu.version)

.gnu.version_d
 *(.gnu.version_d)

.gnu.version_r
 *(.gnu.version_r)

.rel.init
 *(.rel.init)

.rela.init
 *(.rela.init)

.rel.text
 *(.rel.text)
 *(.rel.text.*)
 *(.rel.gnu.linkonce.t*)

.rela.text
 *(.rela.text)
 *(.rela.text.*)
 *(.rela.gnu.linkonce.t*)

.rel.fini
 *(.rel.fini)

.rela.fini
 *(.rela.fini)

.rel.rodata
 *(.rel.rodata)
 *(.rel.rodata.*)
 *(.rel.gnu.linkonce.r*)

.rela.rodata
 *(.rela.rodata)
 *(.rela.rodata.*)
 *(.rela.gnu.linkonce.r*)

.rel.data
 *(.rel.data)
 *(.rel.data.*)
 *(.rel.gnu.linkonce.d*)

.rela.data
 *(.rela.data)
 *(.rela.data.*)
 *(.rela.gnu.linkonce.d*)

.rel.ctors
 *(.rel.ctors)

.rela.ctors
 *(.rela.ctors)

.rel.dtors
 *(.rel.dtors)

.rela.dtors
 *(.rela.dtors)

.rel.got
 *(.rel.got)

.rela.got
 *(.rela.got)

.rel.bss
 *(.rel.bss)

.rela.bss
 *(.rela.bss)

.rel.plt
 *(.rel.plt)

.rela.plt
 *(.rela.plt)

.text           0x00000000     0x2d66
 *(.vectors)
 .vectors       0x00000000       0x94 c:/program files (x86)/atmel/atmel studio 6.0/extensions/atmel/avrgcc/3.4.1.95/avrtoolchain/bin/../lib/gcc/avr/4.6.2/../../../../avr/lib/avr5/crtcan32.o
                0x00000000                __vector_default
                0x00000000                __vectors
 *(.vectors)
 *(.progmem.gcc*)
 *(.progmem*)
                0x00000094                . = ALIGN (0x2)
                0x00000094                __trampolines_start = .
 *(.trampolines)
 .trampolines   0x00000094        0x0 linker stubs
 *(.trampolines*)
                0x00000094                __trampolines_end = .
 *(.jumptables)
 *(.jumptables*)
 *(.lowtext)
 *(.lowtext*)
                0x00000094                __ctors_start = .
 *(.ctors)
                0x00000094                __ctors_end = .
                0x00000094                __dtors_start = .
 *(.dtors)
                0x00000094                __dtors_end = .
 SORT(*)(.ctors)
 SORT(*)(.dtors)
 *(.init0)
 .init0         0x00000094        0x0 c:/program files (x86)/atmel/atmel studio 6.0/extensions/atmel/avrgcc/3.4.1.95/avrtoolchain/bin/../lib/gcc/avr/4.6.2/../../../../avr/lib/avr5/crtcan32.o
                0x00000094                __init
 *(.init0)
 *(.init1)
 *(.init1)
 *(.init2)
 .init2         0x00000094        0xc c:/program files (x86)/atmel/atmel studio 6.0/extensions/atmel/avrgcc/3.4.1.95/avrtoolchain/bin/../lib/gcc/avr/4.6.2/../../../../avr/lib/avr5/crtcan32.o
 *(.init2)
 *(.init3)
 *(.init3)
 *(.init4)
 .init4         0x000000a0       0x16 c:/program files (x86)/atmel/atmel studio 6.0/extensions/atmel/avrgcc/3.4.1.95/avrtoolchain/bin/../lib/gcc/avr/4.6.2/avr5\libgcc.a(_copy_data.o)
                0x000000a0                __do_copy_data
 .init4         0x000000b6       0x10 c:/program files (x86)/atmel/atmel studio 6.0/extensions/atmel/avrgcc/3.4.1.95/avrtoolchain/bin/../lib/gcc/avr/4.6.2/avr5\libgcc.a(_clear_bss.o)
                0x000000b6                __do_clear_bss
 *(.init4)
 *(.init5)
 *(.init5)
 *(.init6)
 *(.init6)
 *(.init7)
 *(.init7)
 *(.init8)
 *(.init8)
 *(.init9)
 .init9         0x000000c6        0x8 c:/program files (x86)/atmel/atmel studio 6.0/extensions/atmel/avrgcc/3.4.1.95/avrtoolchain/bin/../lib/gcc/avr/4.6.2/../../../../avr/lib/avr5/crtcan32.o
 *(.init9)
 *(.text)
 .text          0x000000ce        0x4 c:/program files (x86)/atmel/atmel studio 6.0/extensions/atmel/avrgcc/3.4.1.95/avrtoolchain/bin/../lib/gcc/avr/4.6.2/../../../../avr/lib/avr5/crtcan32.o
                0x000000ce                __vector_22
                0x000000ce                __vector_1
                0x000000ce                __vector_32
                0x000000ce                __vector_34
                0x000000ce                __vector_24
                0x000000ce                __bad_interrupt
                0x000000ce                __vector_6
                0x000000ce                __vector_35
                0x000000ce                __vector_3
                0x000000ce                __vector_23
                0x000000ce                __vector_25
                0x000000ce                __vector_11
                0x000000ce                __vector_19
                0x000000ce                __vector_7
                0x000000ce                __vector_27
                0x000000ce                __vector_5
                0x000000ce                __vector_33
                0x000000ce                __vector_4
                0x000000ce                __vector_9
                0x000000ce                __vector_2
                0x000000ce                __vector_21
                0x000000ce                __vector_36
                0x000000ce                __vector_8
                0x000000ce                __vector_26
                0x000000ce                __vector_10
                0x000000ce                __vector_20
 .text          0x000000d2        0xc main.o
                0x000000d2                main
 .text          0x000000de      0x3b8 sources/Button.o
                0x000000de                button_read_col
                0x000001b0                col1_input_high
                0x000001b6                col2_input_high
                0x000001bc                col3_input_high
                0x000001c2                col1_low
                0x000001c8                col2_low
                0x000001ce                col3_low
                0x000001d4                buttons_react
                0x0000033c                button_init
                0x0000037e                button_multiplex_cycle
                0x00000488                button_get_button_state
 .text          0x00000496       0x20 sources/Buzzer.o
                0x00000496                buzzer_init
                0x0000049c                buzzer_on
                0x000004a0                buzzer_off
                0x000004a4                buzzer_buzz_ready_to_drive
 .text          0x000004b6      0x298 sources/CAN.o
                0x000004b6                __vector_18
                0x0000053e                CANInit
                0x00000574                CANGetStruct
                0x00000596                CANStartRx
                0x000005b2                CANGetData
                0x000005c2                CANSendData
                0x0000063c                CANAddSendData
                0x0000068a                CANGetCurrentTx
                0x0000069e                CANSendNext
                0x000006dc                CANAbortCMD
                0x00000724                CANRestartReceive
 .text          0x0000074e      0x516 sources/can_drv.o
                0x0000074e                can_clear_all_mob
                0x00000772                can_get_mob_free
                0x000007b2                can_get_mob_status
                0x000007d8                can_get_data
                0x0000081c                can_auto_baudrate
                0x00000c2e                Can_conf_bt_flex
                0x00000c3e                can_fixed_baudrate
 .text          0x00000c64      0xd80 sources/can_lib.o
                0x00000cac                can_init
                0x00000cca                can_off
                0x00000cd6                can_cmd
                0x0000188a                can_get_status
 .text          0x000019e4      0x94e sources/Display.o
                0x000019e4                display_make_display_line_percent
                0x00001a4c                display_make_display_line_min_av_max_volt
                0x00001adc                display_make_display_line_percent_bar
                0x00001bc4                display_make_display_line_min_av_max_temp
                0x00001c54                display_make_display_line_lv_voltage
                0x00001ca6                display_make_display_line_error
                0x00001f02                display_make_display_line_button_test
                0x00001f0e                display_make_display_line_blank
                0x00001f58                display_make_display_line_motor_temp
                0x00002036                display_write_data
                0x0000204e                display_write_instruction
                0x00002066                display_write_display_lines
                0x000020d0                display_update
                0x0000228a                display_init
                0x000022ca                display_set_display_string
                0x000022de                display_up
                0x000022fa                display_down
                0x00002312                display_starting
 .text          0x00002332       0x2a sources/Error.o
                0x00002332                InitError
                0x00002340                AddError
                0x00002350                ClearErrors
 .text          0x0000235c      0x264 sources/Event.o
                0x0000235c                EventInit
                0x00002366                EventAddEvent
                0x000023a2                EventGetNextEvent
                0x000023be                Dashboard
                0x0000259a                EventHandleEvent
 .text          0x000025c0      0x2b6 sources/Led.o
                0x000025c0                led_set
                0x00002630                led_clear
                0x000026a0                led_is_set
                0x0000279a                led_toggle
                0x000027b8                led_state_set
                0x00002802                led_init
                0x0000283c                led_state_return
 .text          0x00002876       0x76 sources/MyCommon.o
                0x00002876                main_deinit
                0x00002878                ports_init
                0x000028a8                main_init
 .text          0x000028ec        0xe sources/Radio.o
                0x000028ec                radio_init
                0x000028f2                radio_on
                0x000028f6                radio_off
 .text          0x000028fa       0x5e sources/spi_lib.o
                0x000028fa                spi_init
                0x00002920                spi_test_hit
                0x00002926                spi_putchar
                0x00002930                spi_getchar
                0x0000293a                spi_transmit_master
 .text          0x00002958       0x38 sources/Startup.o
                0x00002958                startup_sequence
 .text          0x00002990      0x340 sources/Timer.o
                0x00002990                __vector_16
                0x000029a4                __vector_17
                0x000029b8                __vector_12
                0x00002a12                __vector_13
                0x00002a6c                __vector_14
                0x00002ac6                __vector_28
                0x00002b20                __vector_29
                0x00002b7a                __vector_30
                0x00002bd4                __vector_15
                0x00002be8                __vector_31
                0x00002bfc                Timer1_init
                0x00002c06                Timer3_init
                0x00002c10                TIMER_Timer1_OCR1A_on
                0x00002c30                TIMER_Timer1_OCR1B_on
                0x00002c50                TIMER_Timer1_OCR1C_on
                0x00002c70                TIMER_Timer3_OCR3A_on
                0x00002c90                TIMER_Timer3_OCR3B_on
                0x00002cb0                TIMER_Timer3_OCR3C_on
 .text          0x00002cd0       0x2c sources/WatchDog.o
                0x00002cd0                InitWDT
                0x00002ce8                CheckWDT
 .text          0x00002cfc        0x0 c:/program files (x86)/atmel/atmel studio 6.0/extensions/atmel/avrgcc/3.4.1.95/avrtoolchain/bin/../lib/gcc/avr/4.6.2/avr5\libgcc.a(_udivmodqi4.o)
 .text          0x00002cfc        0x0 c:/program files (x86)/atmel/atmel studio 6.0/extensions/atmel/avrgcc/3.4.1.95/avrtoolchain/bin/../lib/gcc/avr/4.6.2/avr5\libgcc.a(_divmodhi4.o)
 .text          0x00002cfc        0x0 c:/program files (x86)/atmel/atmel studio 6.0/extensions/atmel/avrgcc/3.4.1.95/avrtoolchain/bin/../lib/gcc/avr/4.6.2/avr5\libgcc.a(_exit.o)
 .text          0x00002cfc        0x0 c:/program files (x86)/atmel/atmel studio 6.0/extensions/atmel/avrgcc/3.4.1.95/avrtoolchain/bin/../lib/gcc/avr/4.6.2/avr5\libgcc.a(_copy_data.o)
 .text          0x00002cfc        0x0 c:/program files (x86)/atmel/atmel studio 6.0/extensions/atmel/avrgcc/3.4.1.95/avrtoolchain/bin/../lib/gcc/avr/4.6.2/avr5\libgcc.a(_clear_bss.o)
 .text          0x00002cfc        0x0 c:/program files (x86)/atmel/atmel studio 6.0/extensions/atmel/avrgcc/3.4.1.95/avrtoolchain/bin/../lib/gcc/avr/4.6.2/avr5\libgcc.a(_udivmodhi4.o)
                0x00002cfc                . = ALIGN (0x2)
 *(.text.*)
 .text.libgcc   0x00002cfc       0x18 c:/program files (x86)/atmel/atmel studio 6.0/extensions/atmel/avrgcc/3.4.1.95/avrtoolchain/bin/../lib/gcc/avr/4.6.2/avr5\libgcc.a(_udivmodqi4.o)
                0x00002cfc                __udivmodqi4
 .text.libgcc   0x00002d14       0x26 c:/program files (x86)/atmel/atmel studio 6.0/extensions/atmel/avrgcc/3.4.1.95/avrtoolchain/bin/../lib/gcc/avr/4.6.2/avr5\libgcc.a(_divmodhi4.o)
                0x00002d14                _div
                0x00002d14                __divmodhi4
 .text.libgcc   0x00002d3a        0x0 c:/program files (x86)/atmel/atmel studio 6.0/extensions/atmel/avrgcc/3.4.1.95/avrtoolchain/bin/../lib/gcc/avr/4.6.2/avr5\libgcc.a(_exit.o)
 .text.libgcc   0x00002d3a        0x0 c:/program files (x86)/atmel/atmel studio 6.0/extensions/atmel/avrgcc/3.4.1.95/avrtoolchain/bin/../lib/gcc/avr/4.6.2/avr5\libgcc.a(_copy_data.o)
 .text.libgcc   0x00002d3a        0x0 c:/program files (x86)/atmel/atmel studio 6.0/extensions/atmel/avrgcc/3.4.1.95/avrtoolchain/bin/../lib/gcc/avr/4.6.2/avr5\libgcc.a(_clear_bss.o)
 .text.libgcc   0x00002d3a       0x28 c:/program files (x86)/atmel/atmel studio 6.0/extensions/atmel/avrgcc/3.4.1.95/avrtoolchain/bin/../lib/gcc/avr/4.6.2/avr5\libgcc.a(_udivmodhi4.o)
                0x00002d3a                __udivmodhi4
                0x00002d62                . = ALIGN (0x2)
 *(.fini9)
 .fini9         0x00002d62        0x0 c:/program files (x86)/atmel/atmel studio 6.0/extensions/atmel/avrgcc/3.4.1.95/avrtoolchain/bin/../lib/gcc/avr/4.6.2/avr5\libgcc.a(_exit.o)
                0x00002d62                _exit
                0x00002d62                exit
 *(.fini9)
 *(.fini8)
 *(.fini8)
 *(.fini7)
 *(.fini7)
 *(.fini6)
 *(.fini6)
 *(.fini5)
 *(.fini5)
 *(.fini4)
 *(.fini4)
 *(.fini3)
 *(.fini3)
 *(.fini2)
 *(.fini2)
 *(.fini1)
 *(.fini1)
 *(.fini0)
 .fini0         0x00002d62        0x4 c:/program files (x86)/atmel/atmel studio 6.0/extensions/atmel/avrgcc/3.4.1.95/avrtoolchain/bin/../lib/gcc/avr/4.6.2/avr5\libgcc.a(_exit.o)
 *(.fini0)
                0x00002d66                _etext = .

.data           0x00800100      0x35c load address 0x00002d66
                0x00800100                PROVIDE (__data_start, .)
 *(.data)
 .data          0x00800100        0x0 c:/program files (x86)/atmel/atmel studio 6.0/extensions/atmel/avrgcc/3.4.1.95/avrtoolchain/bin/../lib/gcc/avr/4.6.2/../../../../avr/lib/avr5/crtcan32.o
 .data          0x00800100        0x0 main.o
 .data          0x00800100        0x0 sources/Button.o
 .data          0x00800100        0x0 sources/Buzzer.o
 .data          0x00800100        0x0 sources/CAN.o
 .data          0x00800100        0x0 sources/can_drv.o
 .data          0x00800100        0x0 sources/can_lib.o
 .data          0x00800100      0x35c sources/Display.o
                0x00800128                test
                0x00800150                display_line_starting
                0x00800164                display_line_tsal
                0x00800178                display_line_blank
                0x0080018c                display_line_buttons_pressed
                0x008001a0                display_line_accleration_mode
                0x008001b4                display_line_torque_vectoring
                0x008001c8                display_line_traction_control
                0x008001dc                display_line_motor_temp_rear
                0x008001f0                display_line_motor_temp_front
                0x00800204                display_line_motor_power_rear
                0x00800218                display_line_motor_power_front
                0x0080022c                display_line_lv_voltage
                0x00800240                display_line_cel_temp
                0x00800254                display_line_min_cv_max
                0x00800268                display_line_soc
                0x0080027c                display_line_message
                0x00800290                display_line_error
                0x008002a4                display_line_home
                0x008002b8                display_line_error_missing_shunt
                0x008002cc                display_line_error_missing_mc_right
                0x008002e0                display_line_error_missing_mc_left
                0x008002f4                display_line_error_missing_mcm_ab
                0x00800308                display_line_error_missing_mcm_lvb
                0x0080031c                display_line_error_missing_mcm_front
                0x00800330                display_line_error_missing_mcm_rear
                0x00800344                display_line_error_mcm
                0x00800358                display_line_error_mc
                0x0080036c                display_line_error_bms
                0x00800380                display_line_error_bad_request_id
                0x00800394                display_line_error_bpd
                0x008003a8                display_line_error_imdf
                0x008003bc                display_line_error_imd
                0x008003d0                display_line_error_hvdi
                0x008003e4                display_line_error_bots
                0x008003f8                display_line_error_pre_bots
                0x0080040c                display_line_error_pre_enre
                0x00800420                display_line_error_unknown_code
                0x00800434                display_line_error_sc_down
                0x00800448                display_line_error_none
 .data          0x0080045c        0x0 sources/Error.o
 .data          0x0080045c        0x0 sources/Event.o
 .data          0x0080045c        0x0 sources/Led.o
 .data          0x0080045c        0x0 sources/MyCommon.o
 .data          0x0080045c        0x0 sources/Radio.o
 .data          0x0080045c        0x0 sources/spi_lib.o
 .data          0x0080045c        0x0 sources/Startup.o
 .data          0x0080045c        0x0 sources/Timer.o
 .data          0x0080045c        0x0 sources/WatchDog.o
 .data          0x0080045c        0x0 c:/program files (x86)/atmel/atmel studio 6.0/extensions/atmel/avrgcc/3.4.1.95/avrtoolchain/bin/../lib/gcc/avr/4.6.2/avr5\libgcc.a(_udivmodqi4.o)
 .data          0x0080045c        0x0 c:/program files (x86)/atmel/atmel studio 6.0/extensions/atmel/avrgcc/3.4.1.95/avrtoolchain/bin/../lib/gcc/avr/4.6.2/avr5\libgcc.a(_divmodhi4.o)
 .data          0x0080045c        0x0 c:/program files (x86)/atmel/atmel studio 6.0/extensions/atmel/avrgcc/3.4.1.95/avrtoolchain/bin/../lib/gcc/avr/4.6.2/avr5\libgcc.a(_exit.o)
 .data          0x0080045c        0x0 c:/program files (x86)/atmel/atmel studio 6.0/extensions/atmel/avrgcc/3.4.1.95/avrtoolchain/bin/../lib/gcc/avr/4.6.2/avr5\libgcc.a(_copy_data.o)
 .data          0x0080045c        0x0 c:/program files (x86)/atmel/atmel studio 6.0/extensions/atmel/avrgcc/3.4.1.95/avrtoolchain/bin/../lib/gcc/avr/4.6.2/avr5\libgcc.a(_clear_bss.o)
 .data          0x0080045c        0x0 c:/program files (x86)/atmel/atmel studio 6.0/extensions/atmel/avrgcc/3.4.1.95/avrtoolchain/bin/../lib/gcc/avr/4.6.2/avr5\libgcc.a(_udivmodhi4.o)
 *(.data*)
 *(.rodata)
 *(.rodata*)
 *(.gnu.linkonce.d*)
                0x0080045c                . = ALIGN (0x2)
                0x0080045c                _edata = .
                0x0080045c                PROVIDE (__data_end, .)

.bss            0x0080045c      0x11e
                0x0080045c                PROVIDE (__bss_start, .)
 *(.bss)
 .bss           0x0080045c        0x0 c:/program files (x86)/atmel/atmel studio 6.0/extensions/atmel/avrgcc/3.4.1.95/avrtoolchain/bin/../lib/gcc/avr/4.6.2/../../../../avr/lib/avr5/crtcan32.o
 .bss           0x0080045c        0x0 main.o
 .bss           0x0080045c        0x2 sources/Button.o
                0x0080045c                button_key2
                0x0080045d                button_key1
 .bss           0x0080045e        0x2 sources/Buzzer.o
                0x0080045e                buzz_cycles
                0x0080045f                buzzer_count
 .bss           0x00800460        0x0 sources/CAN.o
 .bss           0x00800460        0x0 sources/can_drv.o
 .bss           0x00800460        0x0 sources/can_lib.o
 .bss           0x00800460        0x0 sources/Display.o
 .bss           0x00800460        0x2 sources/Error.o
 .bss           0x00800462       0x30 sources/Event.o
 .bss           0x00800492        0x0 sources/Led.o
 .bss           0x00800492        0x0 sources/MyCommon.o
 .bss           0x00800492        0x0 sources/Radio.o
 .bss           0x00800492        0x0 sources/spi_lib.o
 .bss           0x00800492        0x1 sources/Startup.o
                0x00800492                start_up_count
 .bss           0x00800493        0x0 sources/Timer.o
 .bss           0x00800493        0x0 sources/WatchDog.o
 .bss           0x00800493        0x0 c:/program files (x86)/atmel/atmel studio 6.0/extensions/atmel/avrgcc/3.4.1.95/avrtoolchain/bin/../lib/gcc/avr/4.6.2/avr5\libgcc.a(_udivmodqi4.o)
 .bss           0x00800493        0x0 c:/program files (x86)/atmel/atmel studio 6.0/extensions/atmel/avrgcc/3.4.1.95/avrtoolchain/bin/../lib/gcc/avr/4.6.2/avr5\libgcc.a(_divmodhi4.o)
 .bss           0x00800493        0x0 c:/program files (x86)/atmel/atmel studio 6.0/extensions/atmel/avrgcc/3.4.1.95/avrtoolchain/bin/../lib/gcc/avr/4.6.2/avr5\libgcc.a(_exit.o)
 .bss           0x00800493        0x0 c:/program files (x86)/atmel/atmel studio 6.0/extensions/atmel/avrgcc/3.4.1.95/avrtoolchain/bin/../lib/gcc/avr/4.6.2/avr5\libgcc.a(_copy_data.o)
 .bss           0x00800493        0x0 c:/program files (x86)/atmel/atmel studio 6.0/extensions/atmel/avrgcc/3.4.1.95/avrtoolchain/bin/../lib/gcc/avr/4.6.2/avr5\libgcc.a(_clear_bss.o)
 .bss           0x00800493        0x0 c:/program files (x86)/atmel/atmel studio 6.0/extensions/atmel/avrgcc/3.4.1.95/avrtoolchain/bin/../lib/gcc/avr/4.6.2/avr5\libgcc.a(_udivmodhi4.o)
 *(.bss*)
 *(COMMON)
 COMMON         0x00800493       0x24 main.o
                0x00800493                led_pins
                0x0080049e                dashboard_state
                0x0080049f                led_state
                0x008004a1                led_port
                0x008004ac                led_dd
 COMMON         0x008004b7       0x69 sources/Button.o
                0x008004b7                display_string
                0x008004df                button_counter
                0x008004eb                button_pressed_previous
                0x008004ed                button_state
                0x008004f9                selected_menu
                0x008004fa                button_previous_state
                0x00800506                button_press
                0x00800512                button_pressed_current
                0x00800514                button_released
 COMMON         0x00800520        0xf sources/CAN.o
                0x00800520                can_queue
                0x0080052a                can_queue_head
                0x0080052b                can_Status
                0x0080052c                can_queue_tail
                0x0080052d                can_rx
 COMMON         0x0080052f       0x39 sources/Display.o
                0x0080052f                display_ddram_bottom_row
                0x0080054b                display_ddram_top_row
                0x00800567                address_counter
 COMMON         0x00800568       0x12 sources/Event.o
                0x00800568                event_queue
                0x00800578                event_queue_head
                0x00800579                event_queue_tail
                0x0080057a                PROVIDE (__bss_end, .)
                0x00002d66                __data_load_start = LOADADDR (.data)
                0x000030c2                __data_load_end = (__data_load_start + SIZEOF (.data))

.noinit         0x0080057a        0x0
                0x0080057a                PROVIDE (__noinit_start, .)
 *(.noinit*)
                0x0080057a                PROVIDE (__noinit_end, .)
                0x0080057a                _end = .
                0x0080057a                PROVIDE (__heap_start, .)

.eeprom         0x00810000        0x0
 *(.eeprom*)
                0x00810000                __eeprom_end = .

.fuse
 *(.fuse)
 *(.lfuse)
 *(.hfuse)
 *(.efuse)

.lock
 *(.lock*)

.signature
 *(.signature*)

.stab           0x00000000      0x6cc
 *(.stab)
 .stab          0x00000000      0x6cc c:/program files (x86)/atmel/atmel studio 6.0/extensions/atmel/avrgcc/3.4.1.95/avrtoolchain/bin/../lib/gcc/avr/4.6.2/../../../../avr/lib/avr5/crtcan32.o

.stabstr        0x00000000       0x85
 *(.stabstr)
 .stabstr       0x00000000       0x85 c:/program files (x86)/atmel/atmel studio 6.0/extensions/atmel/avrgcc/3.4.1.95/avrtoolchain/bin/../lib/gcc/avr/4.6.2/../../../../avr/lib/avr5/crtcan32.o

.stab.excl
 *(.stab.excl)

.stab.exclstr
 *(.stab.exclstr)

.stab.index
 *(.stab.index)

.stab.indexstr
 *(.stab.indexstr)

.comment
 *(.comment)

.debug
 *(.debug)

.line
 *(.line)

.debug_srcinfo
 *(.debug_srcinfo)

.debug_sfnames
 *(.debug_sfnames)

.debug_aranges  0x00000000      0x2c0
 *(.debug_aranges)
 .debug_aranges
                0x00000000       0x20 main.o
 .debug_aranges
                0x00000020       0x20 sources/Button.o
 .debug_aranges
                0x00000040       0x20 sources/Buzzer.o
 .debug_aranges
                0x00000060       0x20 sources/CAN.o
 .debug_aranges
                0x00000080       0x20 sources/can_drv.o
 .debug_aranges
                0x000000a0       0x20 sources/can_lib.o
 .debug_aranges
                0x000000c0       0x20 sources/Display.o
 .debug_aranges
                0x000000e0       0x20 sources/Error.o
 .debug_aranges
                0x00000100       0x20 sources/Event.o
 .debug_aranges
                0x00000120       0x20 sources/Led.o
 .debug_aranges
                0x00000140       0x20 sources/MyCommon.o
 .debug_aranges
                0x00000160       0x20 sources/Radio.o
 .debug_aranges
                0x00000180       0x20 sources/spi_lib.o
 .debug_aranges
                0x000001a0       0x20 sources/Startup.o
 .debug_aranges
                0x000001c0       0x20 sources/Timer.o
 .debug_aranges
                0x000001e0       0x20 sources/WatchDog.o
 .debug_aranges
                0x00000200       0x20 c:/program files (x86)/atmel/atmel studio 6.0/extensions/atmel/avrgcc/3.4.1.95/avrtoolchain/bin/../lib/gcc/avr/4.6.2/avr5\libgcc.a(_udivmodqi4.o)
 .debug_aranges
                0x00000220       0x20 c:/program files (x86)/atmel/atmel studio 6.0/extensions/atmel/avrgcc/3.4.1.95/avrtoolchain/bin/../lib/gcc/avr/4.6.2/avr5\libgcc.a(_divmodhi4.o)
 .debug_aranges
                0x00000240       0x20 c:/program files (x86)/atmel/atmel studio 6.0/extensions/atmel/avrgcc/3.4.1.95/avrtoolchain/bin/../lib/gcc/avr/4.6.2/avr5\libgcc.a(_exit.o)
 .debug_aranges
                0x00000260       0x20 c:/program files (x86)/atmel/atmel studio 6.0/extensions/atmel/avrgcc/3.4.1.95/avrtoolchain/bin/../lib/gcc/avr/4.6.2/avr5\libgcc.a(_copy_data.o)
 .debug_aranges
                0x00000280       0x20 c:/program files (x86)/atmel/atmel studio 6.0/extensions/atmel/avrgcc/3.4.1.95/avrtoolchain/bin/../lib/gcc/avr/4.6.2/avr5\libgcc.a(_clear_bss.o)
 .debug_aranges
                0x000002a0       0x20 c:/program files (x86)/atmel/atmel studio 6.0/extensions/atmel/avrgcc/3.4.1.95/avrtoolchain/bin/../lib/gcc/avr/4.6.2/avr5\libgcc.a(_udivmodhi4.o)

.debug_pubnames
 *(.debug_pubnames)

.debug_info     0x00000000     0x53de
 *(.debug_info)
 .debug_info    0x00000000      0x40c main.o
 .debug_info    0x0000040c      0x440 sources/Button.o
 .debug_info    0x0000084c       0xfa sources/Buzzer.o
 .debug_info    0x00000946      0x67c sources/CAN.o
 .debug_info    0x00000fc2      0x69b sources/can_drv.o
 .debug_info    0x0000165d      0x4ce sources/can_lib.o
 .debug_info    0x00001b2b      0xea0 sources/Display.o
 .debug_info    0x000029cb      0x41c sources/Error.o
 .debug_info    0x00002de7      0x736 sources/Event.o
 .debug_info    0x0000351d      0x214 sources/Led.o
 .debug_info    0x00003731      0x52c sources/MyCommon.o
 .debug_info    0x00003c5d       0xa8 sources/Radio.o
 .debug_info    0x00003d05      0x452 sources/spi_lib.o
 .debug_info    0x00004157      0x3ef sources/Startup.o
 .debug_info    0x00004546      0x58c sources/Timer.o
 .debug_info    0x00004ad2      0x3de sources/WatchDog.o
 .debug_info    0x00004eb0       0xdd c:/program files (x86)/atmel/atmel studio 6.0/extensions/atmel/avrgcc/3.4.1.95/avrtoolchain/bin/../lib/gcc/avr/4.6.2/avr5\libgcc.a(_udivmodqi4.o)
 .debug_info    0x00004f8d       0xdd c:/program files (x86)/atmel/atmel studio 6.0/extensions/atmel/avrgcc/3.4.1.95/avrtoolchain/bin/../lib/gcc/avr/4.6.2/avr5\libgcc.a(_divmodhi4.o)
 .debug_info    0x0000506a       0xdd c:/program files (x86)/atmel/atmel studio 6.0/extensions/atmel/avrgcc/3.4.1.95/avrtoolchain/bin/../lib/gcc/avr/4.6.2/avr5\libgcc.a(_exit.o)
 .debug_info    0x00005147       0xdd c:/program files (x86)/atmel/atmel studio 6.0/extensions/atmel/avrgcc/3.4.1.95/avrtoolchain/bin/../lib/gcc/avr/4.6.2/avr5\libgcc.a(_copy_data.o)
 .debug_info    0x00005224       0xdd c:/program files (x86)/atmel/atmel studio 6.0/extensions/atmel/avrgcc/3.4.1.95/avrtoolchain/bin/../lib/gcc/avr/4.6.2/avr5\libgcc.a(_clear_bss.o)
 .debug_info    0x00005301       0xdd c:/program files (x86)/atmel/atmel studio 6.0/extensions/atmel/avrgcc/3.4.1.95/avrtoolchain/bin/../lib/gcc/avr/4.6.2/avr5\libgcc.a(_udivmodhi4.o)
 *(.gnu.linkonce.wi.*)

.debug_abbrev   0x00000000     0x1631
 *(.debug_abbrev)
 .debug_abbrev  0x00000000      0x11a main.o
 .debug_abbrev  0x0000011a      0x13b sources/Button.o
 .debug_abbrev  0x00000255       0x81 sources/Buzzer.o
 .debug_abbrev  0x000002d6      0x1aa sources/CAN.o
 .debug_abbrev  0x00000480      0x1e4 sources/can_drv.o
 .debug_abbrev  0x00000664      0x1d3 sources/can_lib.o
 .debug_abbrev  0x00000837      0x2b1 sources/Display.o
 .debug_abbrev  0x00000ae8      0x14b sources/Error.o
 .debug_abbrev  0x00000c33      0x1ba sources/Event.o
 .debug_abbrev  0x00000ded      0x107 sources/Led.o
 .debug_abbrev  0x00000ef4      0x156 sources/MyCommon.o
 .debug_abbrev  0x0000104a       0x4c sources/Radio.o
 .debug_abbrev  0x00001096      0x179 sources/spi_lib.o
 .debug_abbrev  0x0000120f      0x14a sources/Startup.o
 .debug_abbrev  0x00001359      0x142 sources/Timer.o
 .debug_abbrev  0x0000149b      0x11e sources/WatchDog.o
 .debug_abbrev  0x000015b9       0x14 c:/program files (x86)/atmel/atmel studio 6.0/extensions/atmel/avrgcc/3.4.1.95/avrtoolchain/bin/../lib/gcc/avr/4.6.2/avr5\libgcc.a(_udivmodqi4.o)
 .debug_abbrev  0x000015cd       0x14 c:/program files (x86)/atmel/atmel studio 6.0/extensions/atmel/avrgcc/3.4.1.95/avrtoolchain/bin/../lib/gcc/avr/4.6.2/avr5\libgcc.a(_divmodhi4.o)
 .debug_abbrev  0x000015e1       0x14 c:/program files (x86)/atmel/atmel studio 6.0/extensions/atmel/avrgcc/3.4.1.95/avrtoolchain/bin/../lib/gcc/avr/4.6.2/avr5\libgcc.a(_exit.o)
 .debug_abbrev  0x000015f5       0x14 c:/program files (x86)/atmel/atmel studio 6.0/extensions/atmel/avrgcc/3.4.1.95/avrtoolchain/bin/../lib/gcc/avr/4.6.2/avr5\libgcc.a(_copy_data.o)
 .debug_abbrev  0x00001609       0x14 c:/program files (x86)/atmel/atmel studio 6.0/extensions/atmel/avrgcc/3.4.1.95/avrtoolchain/bin/../lib/gcc/avr/4.6.2/avr5\libgcc.a(_clear_bss.o)
 .debug_abbrev  0x0000161d       0x14 c:/program files (x86)/atmel/atmel studio 6.0/extensions/atmel/avrgcc/3.4.1.95/avrtoolchain/bin/../lib/gcc/avr/4.6.2/avr5\libgcc.a(_udivmodhi4.o)

.debug_line     0x00000000     0x1e3c
 *(.debug_line)
 .debug_line    0x00000000      0x130 main.o
 .debug_line    0x00000130      0x1e1 sources/Button.o
 .debug_line    0x00000311      0x10a sources/Buzzer.o
 .debug_line    0x0000041b      0x1ec sources/CAN.o
 .debug_line    0x00000607      0x312 sources/can_drv.o
 .debug_line    0x00000919      0x303 sources/can_lib.o
 .debug_line    0x00000c1c      0x2cf sources/Display.o
 .debug_line    0x00000eeb       0xfa sources/Error.o
 .debug_line    0x00000fe5      0x1bb sources/Event.o
 .debug_line    0x000011a0      0x172 sources/Led.o
 .debug_line    0x00001312      0x178 sources/MyCommon.o
 .debug_line    0x0000148a       0xe1 sources/Radio.o
 .debug_line    0x0000156b      0x17b sources/spi_lib.o
 .debug_line    0x000016e6      0x133 sources/Startup.o
 .debug_line    0x00001819      0x184 sources/Timer.o
 .debug_line    0x0000199d      0x133 sources/WatchDog.o
 .debug_line    0x00001ad0       0x92 c:/program files (x86)/atmel/atmel studio 6.0/extensions/atmel/avrgcc/3.4.1.95/avrtoolchain/bin/../lib/gcc/avr/4.6.2/avr5\libgcc.a(_udivmodqi4.o)
 .debug_line    0x00001b62       0x99 c:/program files (x86)/atmel/atmel studio 6.0/extensions/atmel/avrgcc/3.4.1.95/avrtoolchain/bin/../lib/gcc/avr/4.6.2/avr5\libgcc.a(_divmodhi4.o)
 .debug_line    0x00001bfb       0x88 c:/program files (x86)/atmel/atmel studio 6.0/extensions/atmel/avrgcc/3.4.1.95/avrtoolchain/bin/../lib/gcc/avr/4.6.2/avr5\libgcc.a(_exit.o)
 .debug_line    0x00001c83       0x91 c:/program files (x86)/atmel/atmel studio 6.0/extensions/atmel/avrgcc/3.4.1.95/avrtoolchain/bin/../lib/gcc/avr/4.6.2/avr5\libgcc.a(_copy_data.o)
 .debug_line    0x00001d14       0x8e c:/program files (x86)/atmel/atmel studio 6.0/extensions/atmel/avrgcc/3.4.1.95/avrtoolchain/bin/../lib/gcc/avr/4.6.2/avr5\libgcc.a(_clear_bss.o)
 .debug_line    0x00001da2       0x9a c:/program files (x86)/atmel/atmel studio 6.0/extensions/atmel/avrgcc/3.4.1.95/avrtoolchain/bin/../lib/gcc/avr/4.6.2/avr5\libgcc.a(_udivmodhi4.o)

.debug_frame    0x00000000      0xc1c
 *(.debug_frame)
 .debug_frame   0x00000000       0x24 main.o
 .debug_frame   0x00000024       0xec sources/Button.o
 .debug_frame   0x00000110       0x54 sources/Buzzer.o
 .debug_frame   0x00000164      0x128 sources/CAN.o
 .debug_frame   0x0000028c       0xf0 sources/can_drv.o
 .debug_frame   0x0000037c       0xa8 sources/can_lib.o
 .debug_frame   0x00000424      0x1f4 sources/Display.o
 .debug_frame   0x00000618       0x44 sources/Error.o
 .debug_frame   0x0000065c       0x84 sources/Event.o
 .debug_frame   0x000006e0       0xc8 sources/Led.o
 .debug_frame   0x000007a8       0x44 sources/MyCommon.o
 .debug_frame   0x000007ec       0x44 sources/Radio.o
 .debug_frame   0x00000830       0x80 sources/spi_lib.o
 .debug_frame   0x000008b0       0x24 sources/Startup.o
 .debug_frame   0x000008d4      0x314 sources/Timer.o
 .debug_frame   0x00000be8       0x34 sources/WatchDog.o

.debug_str      0x00000000     0x1361
 *(.debug_str)
 .debug_str     0x00000000      0x2dd main.o
                                0x31f (size before relaxing)
 .debug_str     0x000002dd      0x171 sources/Button.o
                                0x28e (size before relaxing)
 .debug_str     0x0000044e       0x69 sources/Buzzer.o
                                0x139 (size before relaxing)
 .debug_str     0x000004b7      0x21f sources/CAN.o
                                0x4f1 (size before relaxing)
 .debug_str     0x000006d6      0x19f sources/can_drv.o
                                0x4bb (size before relaxing)
 .debug_str     0x00000875       0x6d sources/can_lib.o
                                0x34e (size before relaxing)
 .debug_str     0x000008e2      0x6a7 sources/Display.o
                                0xa22 (size before relaxing)
 .debug_str     0x00000f89       0x53 sources/Error.o
                                0x373 (size before relaxing)
 .debug_str     0x00000fdc       0xaf sources/Event.o
                                0x594 (size before relaxing)
 .debug_str     0x0000108b       0x76 sources/Led.o
                                0x172 (size before relaxing)
 .debug_str     0x00001101       0x37 sources/MyCommon.o
                                0x454 (size before relaxing)
 .debug_str     0x00001138       0x31 sources/Radio.o
                                0x101 (size before relaxing)
 .debug_str     0x00001169       0x6a sources/spi_lib.o
                                0x33c (size before relaxing)
 .debug_str     0x000011d3       0x24 sources/Startup.o
                                0x328 (size before relaxing)
 .debug_str     0x000011f7      0x143 sources/Timer.o
                                0x4a2 (size before relaxing)
 .debug_str     0x0000133a       0x27 sources/WatchDog.o
                                0x358 (size before relaxing)

.debug_loc      0x00000000     0x3102
 *(.debug_loc)
 .debug_loc     0x00000000      0x152 sources/Button.o
 .debug_loc     0x00000152      0x201 sources/CAN.o
 .debug_loc     0x00000353      0x8a5 sources/can_drv.o
 .debug_loc     0x00000bf8      0x3f1 sources/can_lib.o
 .debug_loc     0x00000fe9     0x17d7 sources/Display.o
 .debug_loc     0x000027c0       0x2b sources/Error.o
 .debug_loc     0x000027eb      0x111 sources/Event.o
 .debug_loc     0x000028fc      0x246 sources/Led.o
 .debug_loc     0x00002b42       0x42 sources/spi_lib.o
 .debug_loc     0x00002b84      0x57e sources/Timer.o

.debug_macinfo
 *(.debug_macinfo)
OUTPUT(Dashboard.elf elf32-avr)
LOAD linker stubs
