Archive member included because of file (symbol)

c:/program files (x86)/atmel/atmel studio 6.0/extensions/atmel/avrgcc/3.4.1.95/avrtoolchain/bin/../lib/gcc/avr/4.6.2/avr51\libgcc.a(_udivmodqi4.o)
                              sources/Display.o (__udivmodqi4)
c:/program files (x86)/atmel/atmel studio 6.0/extensions/atmel/avrgcc/3.4.1.95/avrtoolchain/bin/../lib/gcc/avr/4.6.2/avr51\libgcc.a(_divmodhi4.o)
                              sources/CAN.o (__divmodhi4)
c:/program files (x86)/atmel/atmel studio 6.0/extensions/atmel/avrgcc/3.4.1.95/avrtoolchain/bin/../lib/gcc/avr/4.6.2/avr51\libgcc.a(_exit.o)
                              c:/program files (x86)/atmel/atmel studio 6.0/extensions/atmel/avrgcc/3.4.1.95/avrtoolchain/bin/../lib/gcc/avr/4.6.2/../../../../avr/lib/avr51/crtcan128.o (exit)
c:/program files (x86)/atmel/atmel studio 6.0/extensions/atmel/avrgcc/3.4.1.95/avrtoolchain/bin/../lib/gcc/avr/4.6.2/avr51\libgcc.a(_copy_data.o)
                              main.o (__do_copy_data)
c:/program files (x86)/atmel/atmel studio 6.0/extensions/atmel/avrgcc/3.4.1.95/avrtoolchain/bin/../lib/gcc/avr/4.6.2/avr51\libgcc.a(_clear_bss.o)
                              main.o (__do_clear_bss)
c:/program files (x86)/atmel/atmel studio 6.0/extensions/atmel/avrgcc/3.4.1.95/avrtoolchain/bin/../lib/gcc/avr/4.6.2/avr51\libgcc.a(_udivmodhi4.o)
                              c:/program files (x86)/atmel/atmel studio 6.0/extensions/atmel/avrgcc/3.4.1.95/avrtoolchain/bin/../lib/gcc/avr/4.6.2/avr51\libgcc.a(_divmodhi4.o) (__udivmodhi4)

Allocating common symbols
Common symbol       size              file

event_queue         0x10              sources/Event.o
display_ddram_bottom_row
                    0x1c              sources/Display.o
display_ddram_top_row
                    0x1c              sources/Display.o
led_pins            0xb               main.o
event_queue_head    0x1               sources/Event.o
display_string      0x28              sources/Display.o
led_state           0x2               main.o
can_queue           0xa               sources/CAN.o
led_port            0xb               main.o
led_dd              0xb               main.o
button_pressed_previous
                    0x2               sources/Button.o
can_queue_head      0x1               sources/CAN.o
can_Status          0x1               sources/CAN.o
address_counter     0x1               sources/Display.o
selected_menu       0x1               sources/Display.o
can_queue_tail      0x1               sources/CAN.o
event_queue_tail    0x1               sources/Event.o
button_pressed_current
                    0x2               sources/Button.o
can_rx              0x2               sources/CAN.o

Memory Configuration

Name             Origin             Length             Attributes
text             0x00000000         0x00020000         xr
data             0x00800100         0x0000ff00         rw !x
eeprom           0x00810000         0x00010000         rw !x
fuse             0x00820000         0x00000400         rw !x
lock             0x00830000         0x00000400         rw !x
signature        0x00840000         0x00000400         rw !x
*default*        0x00000000         0xffffffff

Linker script and memory map

Address of section .data set to 0x800100
LOAD c:/program files (x86)/atmel/atmel studio 6.0/extensions/atmel/avrgcc/3.4.1.95/avrtoolchain/bin/../lib/gcc/avr/4.6.2/../../../../avr/lib/avr51/crtcan128.o
LOAD main.o
LOAD sources/Button.o
LOAD sources/Buzzer.o
LOAD sources/CAN.o
LOAD sources/can_drv.o
LOAD sources/can_lib.o
LOAD sources/Display.o
LOAD sources/Error.o
LOAD sources/Event.o
LOAD sources/Led.o
LOAD sources/MyCommon.o
LOAD sources/Radio.o
LOAD sources/spi_lib.o
LOAD sources/Timer.o
LOAD sources/WatchDog.o
START GROUP
LOAD c:/program files (x86)/atmel/atmel studio 6.0/extensions/atmel/avrgcc/3.4.1.95/avrtoolchain/bin/../lib/gcc/avr/4.6.2/../../../../avr/lib/avr51\libm.a
END GROUP
LOAD c:/program files (x86)/atmel/atmel studio 6.0/extensions/atmel/avrgcc/3.4.1.95/avrtoolchain/bin/../lib/gcc/avr/4.6.2/avr51\libgcc.a
LOAD c:/program files (x86)/atmel/atmel studio 6.0/extensions/atmel/avrgcc/3.4.1.95/avrtoolchain/bin/../lib/gcc/avr/4.6.2/../../../../avr/lib/avr51\libc.a
LOAD c:/program files (x86)/atmel/atmel studio 6.0/extensions/atmel/avrgcc/3.4.1.95/avrtoolchain/bin/../lib/gcc/avr/4.6.2/avr51\libgcc.a

.hash
 *(.hash)

.dynsym
 *(.dynsym)

.dynstr
 *(.dynstr)

.gnu.version
 *(.gnu.version)

.gnu.version_d
 *(.gnu.version_d)

.gnu.version_r
 *(.gnu.version_r)

.rel.init
 *(.rel.init)

.rela.init
 *(.rela.init)

.rel.text
 *(.rel.text)
 *(.rel.text.*)
 *(.rel.gnu.linkonce.t*)

.rela.text
 *(.rela.text)
 *(.rela.text.*)
 *(.rela.gnu.linkonce.t*)

.rel.fini
 *(.rel.fini)

.rela.fini
 *(.rela.fini)

.rel.rodata
 *(.rel.rodata)
 *(.rel.rodata.*)
 *(.rel.gnu.linkonce.r*)

.rela.rodata
 *(.rela.rodata)
 *(.rela.rodata.*)
 *(.rela.gnu.linkonce.r*)

.rel.data
 *(.rel.data)
 *(.rel.data.*)
 *(.rel.gnu.linkonce.d*)

.rela.data
 *(.rela.data)
 *(.rela.data.*)
 *(.rela.gnu.linkonce.d*)

.rel.ctors
 *(.rel.ctors)

.rela.ctors
 *(.rela.ctors)

.rel.dtors
 *(.rel.dtors)

.rela.dtors
 *(.rela.dtors)

.rel.got
 *(.rel.got)

.rela.got
 *(.rela.got)

.rel.bss
 *(.rel.bss)

.rela.bss
 *(.rela.bss)

.rel.plt
 *(.rel.plt)

.rela.plt
 *(.rela.plt)

.text           0x00000000     0x26a0
 *(.vectors)
 .vectors       0x00000000       0x94 c:/program files (x86)/atmel/atmel studio 6.0/extensions/atmel/avrgcc/3.4.1.95/avrtoolchain/bin/../lib/gcc/avr/4.6.2/../../../../avr/lib/avr51/crtcan128.o
                0x00000000                __vector_default
                0x00000000                __vectors
 *(.vectors)
 *(.progmem.gcc*)
 *(.progmem*)
                0x00000094                . = ALIGN (0x2)
                0x00000094                __trampolines_start = .
 *(.trampolines)
 .trampolines   0x00000094        0x0 linker stubs
 *(.trampolines*)
                0x00000094                __trampolines_end = .
 *(.jumptables)
 *(.jumptables*)
 *(.lowtext)
 *(.lowtext*)
                0x00000094                __ctors_start = .
 *(.ctors)
                0x00000094                __ctors_end = .
                0x00000094                __dtors_start = .
 *(.dtors)
                0x00000094                __dtors_end = .
 SORT(*)(.ctors)
 SORT(*)(.dtors)
 *(.init0)
 .init0         0x00000094        0x0 c:/program files (x86)/atmel/atmel studio 6.0/extensions/atmel/avrgcc/3.4.1.95/avrtoolchain/bin/../lib/gcc/avr/4.6.2/../../../../avr/lib/avr51/crtcan128.o
                0x00000094                __init
 *(.init0)
 *(.init1)
 *(.init1)
 *(.init2)
 .init2         0x00000094        0xc c:/program files (x86)/atmel/atmel studio 6.0/extensions/atmel/avrgcc/3.4.1.95/avrtoolchain/bin/../lib/gcc/avr/4.6.2/../../../../avr/lib/avr51/crtcan128.o
 *(.init2)
 *(.init3)
 *(.init3)
 *(.init4)
 .init4         0x000000a0       0x1c c:/program files (x86)/atmel/atmel studio 6.0/extensions/atmel/avrgcc/3.4.1.95/avrtoolchain/bin/../lib/gcc/avr/4.6.2/avr51\libgcc.a(_copy_data.o)
                0x000000a0                __do_copy_data
 .init4         0x000000bc       0x10 c:/program files (x86)/atmel/atmel studio 6.0/extensions/atmel/avrgcc/3.4.1.95/avrtoolchain/bin/../lib/gcc/avr/4.6.2/avr51\libgcc.a(_clear_bss.o)
                0x000000bc                __do_clear_bss
 *(.init4)
 *(.init5)
 *(.init5)
 *(.init6)
 *(.init6)
 *(.init7)
 *(.init7)
 *(.init8)
 *(.init8)
 *(.init9)
 .init9         0x000000cc        0x8 c:/program files (x86)/atmel/atmel studio 6.0/extensions/atmel/avrgcc/3.4.1.95/avrtoolchain/bin/../lib/gcc/avr/4.6.2/../../../../avr/lib/avr51/crtcan128.o
 *(.init9)
 *(.text)
 .text          0x000000d4        0x4 c:/program files (x86)/atmel/atmel studio 6.0/extensions/atmel/avrgcc/3.4.1.95/avrtoolchain/bin/../lib/gcc/avr/4.6.2/../../../../avr/lib/avr51/crtcan128.o
                0x000000d4                __vector_22
                0x000000d4                __vector_1
                0x000000d4                __vector_32
                0x000000d4                __vector_34
                0x000000d4                __vector_24
                0x000000d4                __bad_interrupt
                0x000000d4                __vector_6
                0x000000d4                __vector_35
                0x000000d4                __vector_3
                0x000000d4                __vector_23
                0x000000d4                __vector_25
                0x000000d4                __vector_11
                0x000000d4                __vector_19
                0x000000d4                __vector_7
                0x000000d4                __vector_27
                0x000000d4                __vector_5
                0x000000d4                __vector_33
                0x000000d4                __vector_4
                0x000000d4                __vector_9
                0x000000d4                __vector_2
                0x000000d4                __vector_21
                0x000000d4                __vector_36
                0x000000d4                __vector_8
                0x000000d4                __vector_26
                0x000000d4                __vector_10
                0x000000d4                __vector_20
 .text          0x000000d8        0xc main.o
                0x000000d8                main
 .text          0x000000e4      0x11e sources/Button.o
                0x000000e4                button_read_col
                0x00000154                button_init
                0x00000190                button_multiplex_cycle
                0x000001e8                button_get_button_state
 .text          0x00000202       0x46 sources/Buzzer.o
                0x00000202                buzzer_init
                0x00000206                buzzer_on
                0x0000020a                buzzer_off
                0x0000020e                buzzer_buzz
                0x00000246                buzzer_puls
 .text          0x00000248      0x2a0 sources/CAN.o
                0x00000248                __vector_18
                0x000002d8                CANInit
                0x0000030e                CANGetStruct
                0x00000330                CANStartRx
                0x0000034c                CANGetData
                0x0000035c                CANSendData
                0x000003d6                CANAddSendData
                0x00000424                CANGetCurrentTx
                0x00000438                CANSendNext
                0x00000476                CANAbortCMD
                0x000004be                CANRestartReceive
 .text          0x000004e8      0x516 sources/can_drv.o
                0x000004e8                can_clear_all_mob
                0x0000050c                can_get_mob_free
                0x0000054c                can_get_mob_status
                0x00000572                can_get_data
                0x000005b6                can_auto_baudrate
                0x000009c8                Can_conf_bt_flex
                0x000009d8                can_fixed_baudrate
 .text          0x000009fe      0xd80 sources/can_lib.o
                0x00000a46                can_init
                0x00000a64                can_off
                0x00000a70                can_cmd
                0x00001624                can_get_status
 .text          0x0000177e      0x62e sources/Display.o
                0x0000177e                display_make_display_line_percent
                0x000017e6                display_make_display_line_min_av_max_volt
                0x00001876                display_make_display_line_percent_bar
                0x0000195e                display_make_display_line_min_av_max_temp
                0x000019ee                display_make_display_line_motor_temp
                0x00001a88                display_make_display_line_lv_voltage
                0x00001b22                display_write_data
                0x00001b3a                display_write_instruction
                0x00001b52                display_write_display_lines
                0x00001bbc                display_init
                0x00001be4                display_update
                0x00001d5c                display_set_display_string
                0x00001d70                display_make_display_line_min_max_temp
 .text          0x00001dac       0x2a sources/Error.o
                0x00001dac                InitError
                0x00001dba                AddError
                0x00001dca                ClearErrors
 .text          0x00001dd6      0x158 sources/Event.o
                0x00001dd6                EventInit
                0x00001de0                EventAddEvent
                0x00001e1c                EventGetNextEvent
                0x00001e38                Dashboard
                0x00001f08                EventHandleEvent
 .text          0x00001f2e      0x29a sources/Led.o
                0x00001f2e                led_set
                0x00001f90                led_clear
                0x00002010                led_is_set
                0x000020ec                led_toggle
                0x0000210a                led_state_set
                0x00002154                led_init
                0x0000218e                led_state_return
 .text          0x000021c8       0x66 sources/MyCommon.o
                0x000021c8                main_deinit
                0x000021ca                ports_init
                0x000021fa                main_init
 .text          0x0000222e        0xe sources/Radio.o
                0x0000222e                radio_init
                0x00002234                radio_on
                0x00002238                radio_off
 .text          0x0000223c       0x5e sources/spi_lib.o
                0x0000223c                spi_init
                0x00002262                spi_test_hit
                0x00002268                spi_putchar
                0x00002272                spi_getchar
                0x0000227c                spi_transmit_master
 .text          0x0000229a      0x370 sources/Timer.o
                0x0000229a                __vector_16
                0x000022ae                __vector_17
                0x000022c2                __vector_12
                0x00002324                __vector_13
                0x00002386                __vector_14
                0x000023e8                __vector_28
                0x0000244a                __vector_29
                0x000024ac                __vector_30
                0x0000250e                __vector_15
                0x00002522                __vector_31
                0x00002536                Timer1_init
                0x00002540                Timer3_init
                0x0000254a                TIMER_Timer1_OCR1A_on
                0x0000256a                TIMER_Timer1_OCR1B_on
                0x0000258a                TIMER_Timer1_OCR1C_on
                0x000025aa                TIMER_Timer3_OCR3A_on
                0x000025ca                TIMER_Timer3_OCR3B_on
                0x000025ea                TIMER_Timer3_OCR3C_on
 .text          0x0000260a       0x2c sources/WatchDog.o
                0x0000260a                InitWDT
                0x00002622                CheckWDT
 .text          0x00002636        0x0 c:/program files (x86)/atmel/atmel studio 6.0/extensions/atmel/avrgcc/3.4.1.95/avrtoolchain/bin/../lib/gcc/avr/4.6.2/avr51\libgcc.a(_udivmodqi4.o)
 .text          0x00002636        0x0 c:/program files (x86)/atmel/atmel studio 6.0/extensions/atmel/avrgcc/3.4.1.95/avrtoolchain/bin/../lib/gcc/avr/4.6.2/avr51\libgcc.a(_divmodhi4.o)
 .text          0x00002636        0x0 c:/program files (x86)/atmel/atmel studio 6.0/extensions/atmel/avrgcc/3.4.1.95/avrtoolchain/bin/../lib/gcc/avr/4.6.2/avr51\libgcc.a(_exit.o)
 .text          0x00002636        0x0 c:/program files (x86)/atmel/atmel studio 6.0/extensions/atmel/avrgcc/3.4.1.95/avrtoolchain/bin/../lib/gcc/avr/4.6.2/avr51\libgcc.a(_copy_data.o)
 .text          0x00002636        0x0 c:/program files (x86)/atmel/atmel studio 6.0/extensions/atmel/avrgcc/3.4.1.95/avrtoolchain/bin/../lib/gcc/avr/4.6.2/avr51\libgcc.a(_clear_bss.o)
 .text          0x00002636        0x0 c:/program files (x86)/atmel/atmel studio 6.0/extensions/atmel/avrgcc/3.4.1.95/avrtoolchain/bin/../lib/gcc/avr/4.6.2/avr51\libgcc.a(_udivmodhi4.o)
                0x00002636                . = ALIGN (0x2)
 *(.text.*)
 .text.libgcc   0x00002636       0x18 c:/program files (x86)/atmel/atmel studio 6.0/extensions/atmel/avrgcc/3.4.1.95/avrtoolchain/bin/../lib/gcc/avr/4.6.2/avr51\libgcc.a(_udivmodqi4.o)
                0x00002636                __udivmodqi4
 .text.libgcc   0x0000264e       0x26 c:/program files (x86)/atmel/atmel studio 6.0/extensions/atmel/avrgcc/3.4.1.95/avrtoolchain/bin/../lib/gcc/avr/4.6.2/avr51\libgcc.a(_divmodhi4.o)
                0x0000264e                _div
                0x0000264e                __divmodhi4
 .text.libgcc   0x00002674        0x0 c:/program files (x86)/atmel/atmel studio 6.0/extensions/atmel/avrgcc/3.4.1.95/avrtoolchain/bin/../lib/gcc/avr/4.6.2/avr51\libgcc.a(_exit.o)
 .text.libgcc   0x00002674        0x0 c:/program files (x86)/atmel/atmel studio 6.0/extensions/atmel/avrgcc/3.4.1.95/avrtoolchain/bin/../lib/gcc/avr/4.6.2/avr51\libgcc.a(_copy_data.o)
 .text.libgcc   0x00002674        0x0 c:/program files (x86)/atmel/atmel studio 6.0/extensions/atmel/avrgcc/3.4.1.95/avrtoolchain/bin/../lib/gcc/avr/4.6.2/avr51\libgcc.a(_clear_bss.o)
 .text.libgcc   0x00002674       0x28 c:/program files (x86)/atmel/atmel studio 6.0/extensions/atmel/avrgcc/3.4.1.95/avrtoolchain/bin/../lib/gcc/avr/4.6.2/avr51\libgcc.a(_udivmodhi4.o)
                0x00002674                __udivmodhi4
                0x0000269c                . = ALIGN (0x2)
 *(.fini9)
 .fini9         0x0000269c        0x0 c:/program files (x86)/atmel/atmel studio 6.0/extensions/atmel/avrgcc/3.4.1.95/avrtoolchain/bin/../lib/gcc/avr/4.6.2/avr51\libgcc.a(_exit.o)
                0x0000269c                _exit
                0x0000269c                exit
 *(.fini9)
 *(.fini8)
 *(.fini8)
 *(.fini7)
 *(.fini7)
 *(.fini6)
 *(.fini6)
 *(.fini5)
 *(.fini5)
 *(.fini4)
 *(.fini4)
 *(.fini3)
 *(.fini3)
 *(.fini2)
 *(.fini2)
 *(.fini1)
 *(.fini1)
 *(.fini0)
 .fini0         0x0000269c        0x4 c:/program files (x86)/atmel/atmel studio 6.0/extensions/atmel/avrgcc/3.4.1.95/avrtoolchain/bin/../lib/gcc/avr/4.6.2/avr51\libgcc.a(_exit.o)
 *(.fini0)
                0x000026a0                _etext = .

.data           0x00800100      0x154 load address 0x000026a0
                0x00800100                PROVIDE (__data_start, .)
 *(.data)
 .data          0x00800100        0x0 c:/program files (x86)/atmel/atmel studio 6.0/extensions/atmel/avrgcc/3.4.1.95/avrtoolchain/bin/../lib/gcc/avr/4.6.2/../../../../avr/lib/avr51/crtcan128.o
 .data          0x00800100        0x0 main.o
 .data          0x00800100        0x0 sources/Button.o
 .data          0x00800100        0x0 sources/Buzzer.o
 .data          0x00800100        0x0 sources/CAN.o
 .data          0x00800100        0x0 sources/can_drv.o
 .data          0x00800100        0x0 sources/can_lib.o
 .data          0x00800100      0x154 sources/Display.o
                0x00800114                test
                0x0080013c                display_line_blank
                0x00800150                display_line_accleration_mode
                0x00800164                display_line_torque_vectoring
                0x00800178                display_line_traction_control
                0x0080018c                display_line_motor_temp_rear
                0x008001a0                display_line_motor_temp_front
                0x008001b4                display_line_motor_power_rear
                0x008001c8                display_line_motor_power_front
                0x008001dc                display_line_lv_voltage
                0x008001f0                display_line_cel_temp
                0x00800204                display_line_min_cv_max
                0x00800218                display_line_soc
                0x0080022c                display_line_error
                0x00800240                display_line_home
 .data          0x00800254        0x0 sources/Error.o
 .data          0x00800254        0x0 sources/Event.o
 .data          0x00800254        0x0 sources/Led.o
 .data          0x00800254        0x0 sources/MyCommon.o
 .data          0x00800254        0x0 sources/Radio.o
 .data          0x00800254        0x0 sources/spi_lib.o
 .data          0x00800254        0x0 sources/Timer.o
 .data          0x00800254        0x0 sources/WatchDog.o
 .data          0x00800254        0x0 c:/program files (x86)/atmel/atmel studio 6.0/extensions/atmel/avrgcc/3.4.1.95/avrtoolchain/bin/../lib/gcc/avr/4.6.2/avr51\libgcc.a(_udivmodqi4.o)
 .data          0x00800254        0x0 c:/program files (x86)/atmel/atmel studio 6.0/extensions/atmel/avrgcc/3.4.1.95/avrtoolchain/bin/../lib/gcc/avr/4.6.2/avr51\libgcc.a(_divmodhi4.o)
 .data          0x00800254        0x0 c:/program files (x86)/atmel/atmel studio 6.0/extensions/atmel/avrgcc/3.4.1.95/avrtoolchain/bin/../lib/gcc/avr/4.6.2/avr51\libgcc.a(_exit.o)
 .data          0x00800254        0x0 c:/program files (x86)/atmel/atmel studio 6.0/extensions/atmel/avrgcc/3.4.1.95/avrtoolchain/bin/../lib/gcc/avr/4.6.2/avr51\libgcc.a(_copy_data.o)
 .data          0x00800254        0x0 c:/program files (x86)/atmel/atmel studio 6.0/extensions/atmel/avrgcc/3.4.1.95/avrtoolchain/bin/../lib/gcc/avr/4.6.2/avr51\libgcc.a(_clear_bss.o)
 .data          0x00800254        0x0 c:/program files (x86)/atmel/atmel studio 6.0/extensions/atmel/avrgcc/3.4.1.95/avrtoolchain/bin/../lib/gcc/avr/4.6.2/avr51\libgcc.a(_udivmodhi4.o)
 *(.data*)
 *(.rodata)
 *(.rodata*)
 *(.gnu.linkonce.d*)
                0x00800254                . = ALIGN (0x2)
                0x00800254                _edata = .
                0x00800254                PROVIDE (__data_end, .)

.bss            0x00800254       0xdc
                0x00800254                PROVIDE (__bss_start, .)
 *(.bss)
 .bss           0x00800254        0x0 c:/program files (x86)/atmel/atmel studio 6.0/extensions/atmel/avrgcc/3.4.1.95/avrtoolchain/bin/../lib/gcc/avr/4.6.2/../../../../avr/lib/avr51/crtcan128.o
 .bss           0x00800254        0x0 main.o
 .bss           0x00800254        0x0 sources/Button.o
 .bss           0x00800254        0x0 sources/Buzzer.o
 .bss           0x00800254        0x0 sources/CAN.o
 .bss           0x00800254        0x0 sources/can_drv.o
 .bss           0x00800254        0x0 sources/can_lib.o
 .bss           0x00800254        0x0 sources/Display.o
 .bss           0x00800254        0x2 sources/Error.o
 .bss           0x00800256       0x30 sources/Event.o
 .bss           0x00800286        0x0 sources/Led.o
 .bss           0x00800286        0x0 sources/MyCommon.o
 .bss           0x00800286        0x0 sources/Radio.o
 .bss           0x00800286        0x0 sources/spi_lib.o
 .bss           0x00800286        0x0 sources/Timer.o
 .bss           0x00800286        0x0 sources/WatchDog.o
 .bss           0x00800286        0x0 c:/program files (x86)/atmel/atmel studio 6.0/extensions/atmel/avrgcc/3.4.1.95/avrtoolchain/bin/../lib/gcc/avr/4.6.2/avr51\libgcc.a(_udivmodqi4.o)
 .bss           0x00800286        0x0 c:/program files (x86)/atmel/atmel studio 6.0/extensions/atmel/avrgcc/3.4.1.95/avrtoolchain/bin/../lib/gcc/avr/4.6.2/avr51\libgcc.a(_divmodhi4.o)
 .bss           0x00800286        0x0 c:/program files (x86)/atmel/atmel studio 6.0/extensions/atmel/avrgcc/3.4.1.95/avrtoolchain/bin/../lib/gcc/avr/4.6.2/avr51\libgcc.a(_exit.o)
 .bss           0x00800286        0x0 c:/program files (x86)/atmel/atmel studio 6.0/extensions/atmel/avrgcc/3.4.1.95/avrtoolchain/bin/../lib/gcc/avr/4.6.2/avr51\libgcc.a(_copy_data.o)
 .bss           0x00800286        0x0 c:/program files (x86)/atmel/atmel studio 6.0/extensions/atmel/avrgcc/3.4.1.95/avrtoolchain/bin/../lib/gcc/avr/4.6.2/avr51\libgcc.a(_clear_bss.o)
 .bss           0x00800286        0x0 c:/program files (x86)/atmel/atmel studio 6.0/extensions/atmel/avrgcc/3.4.1.95/avrtoolchain/bin/../lib/gcc/avr/4.6.2/avr51\libgcc.a(_udivmodhi4.o)
 *(.bss*)
 *(COMMON)
 COMMON         0x00800286       0x23 main.o
                0x00800286                led_pins
                0x00800291                led_state
                0x00800293                led_port
                0x0080029e                led_dd
 COMMON         0x008002a9        0x4 sources/Button.o
                0x008002a9                button_pressed_previous
                0x008002ab                button_pressed_current
 COMMON         0x008002ad        0xf sources/CAN.o
                0x008002ad                can_queue
                0x008002b7                can_queue_head
                0x008002b8                can_Status
                0x008002b9                can_queue_tail
                0x008002ba                can_rx
 COMMON         0x008002bc       0x62 sources/Display.o
                0x008002bc                display_ddram_bottom_row
                0x008002d8                display_ddram_top_row
                0x008002f4                display_string
                0x0080031c                address_counter
                0x0080031d                selected_menu
 COMMON         0x0080031e       0x12 sources/Event.o
                0x0080031e                event_queue
                0x0080032e                event_queue_head
                0x0080032f                event_queue_tail
                0x00800330                PROVIDE (__bss_end, .)
                0x000026a0                __data_load_start = LOADADDR (.data)
                0x000027f4                __data_load_end = (__data_load_start + SIZEOF (.data))

.noinit         0x00800330        0x0
                0x00800330                PROVIDE (__noinit_start, .)
 *(.noinit*)
                0x00800330                PROVIDE (__noinit_end, .)
                0x00800330                _end = .
                0x00800330                PROVIDE (__heap_start, .)

.eeprom         0x00810000        0x0
 *(.eeprom*)
                0x00810000                __eeprom_end = .

.fuse
 *(.fuse)
 *(.lfuse)
 *(.hfuse)
 *(.efuse)

.lock
 *(.lock*)

.signature
 *(.signature*)

.stab           0x00000000      0x6cc
 *(.stab)
 .stab          0x00000000      0x6cc c:/program files (x86)/atmel/atmel studio 6.0/extensions/atmel/avrgcc/3.4.1.95/avrtoolchain/bin/../lib/gcc/avr/4.6.2/../../../../avr/lib/avr51/crtcan128.o

.stabstr        0x00000000       0x85
 *(.stabstr)
 .stabstr       0x00000000       0x85 c:/program files (x86)/atmel/atmel studio 6.0/extensions/atmel/avrgcc/3.4.1.95/avrtoolchain/bin/../lib/gcc/avr/4.6.2/../../../../avr/lib/avr51/crtcan128.o

.stab.excl
 *(.stab.excl)

.stab.exclstr
 *(.stab.exclstr)

.stab.index
 *(.stab.index)

.stab.indexstr
 *(.stab.indexstr)

.comment
 *(.comment)

.debug
 *(.debug)

.line
 *(.line)

.debug_srcinfo
 *(.debug_srcinfo)

.debug_sfnames
 *(.debug_sfnames)

.debug_aranges  0x00000000      0x2a0
 *(.debug_aranges)
 .debug_aranges
                0x00000000       0x20 main.o
 .debug_aranges
                0x00000020       0x20 sources/Button.o
 .debug_aranges
                0x00000040       0x20 sources/Buzzer.o
 .debug_aranges
                0x00000060       0x20 sources/CAN.o
 .debug_aranges
                0x00000080       0x20 sources/can_drv.o
 .debug_aranges
                0x000000a0       0x20 sources/can_lib.o
 .debug_aranges
                0x000000c0       0x20 sources/Display.o
 .debug_aranges
                0x000000e0       0x20 sources/Error.o
 .debug_aranges
                0x00000100       0x20 sources/Event.o
 .debug_aranges
                0x00000120       0x20 sources/Led.o
 .debug_aranges
                0x00000140       0x20 sources/MyCommon.o
 .debug_aranges
                0x00000160       0x20 sources/Radio.o
 .debug_aranges
                0x00000180       0x20 sources/spi_lib.o
 .debug_aranges
                0x000001a0       0x20 sources/Timer.o
 .debug_aranges
                0x000001c0       0x20 sources/WatchDog.o
 .debug_aranges
                0x000001e0       0x20 c:/program files (x86)/atmel/atmel studio 6.0/extensions/atmel/avrgcc/3.4.1.95/avrtoolchain/bin/../lib/gcc/avr/4.6.2/avr51\libgcc.a(_udivmodqi4.o)
 .debug_aranges
                0x00000200       0x20 c:/program files (x86)/atmel/atmel studio 6.0/extensions/atmel/avrgcc/3.4.1.95/avrtoolchain/bin/../lib/gcc/avr/4.6.2/avr51\libgcc.a(_divmodhi4.o)
 .debug_aranges
                0x00000220       0x20 c:/program files (x86)/atmel/atmel studio 6.0/extensions/atmel/avrgcc/3.4.1.95/avrtoolchain/bin/../lib/gcc/avr/4.6.2/avr51\libgcc.a(_exit.o)
 .debug_aranges
                0x00000240       0x20 c:/program files (x86)/atmel/atmel studio 6.0/extensions/atmel/avrgcc/3.4.1.95/avrtoolchain/bin/../lib/gcc/avr/4.6.2/avr51\libgcc.a(_copy_data.o)
 .debug_aranges
                0x00000260       0x20 c:/program files (x86)/atmel/atmel studio 6.0/extensions/atmel/avrgcc/3.4.1.95/avrtoolchain/bin/../lib/gcc/avr/4.6.2/avr51\libgcc.a(_clear_bss.o)
 .debug_aranges
                0x00000280       0x20 c:/program files (x86)/atmel/atmel studio 6.0/extensions/atmel/avrgcc/3.4.1.95/avrtoolchain/bin/../lib/gcc/avr/4.6.2/avr51\libgcc.a(_udivmodhi4.o)

.debug_pubnames
 *(.debug_pubnames)

.debug_info     0x00000000     0x4715
 *(.debug_info)
 .debug_info    0x00000000      0x3fa main.o
 .debug_info    0x000003fa      0x146 sources/Button.o
 .debug_info    0x00000540      0x10e sources/Buzzer.o
 .debug_info    0x0000064e      0x67c sources/CAN.o
 .debug_info    0x00000cca      0x69b sources/can_drv.o
 .debug_info    0x00001365      0x4ce sources/can_lib.o
 .debug_info    0x00001833      0xa8d sources/Display.o
 .debug_info    0x000022c0      0x41c sources/Error.o
 .debug_info    0x000026dc      0x5fa sources/Event.o
 .debug_info    0x00002cd6      0x204 sources/Led.o
 .debug_info    0x00002eda      0x4a3 sources/MyCommon.o
 .debug_info    0x0000337d       0xa8 sources/Radio.o
 .debug_info    0x00003425      0x452 sources/spi_lib.o
 .debug_info    0x00003877      0x58c sources/Timer.o
 .debug_info    0x00003e03      0x3de sources/WatchDog.o
 .debug_info    0x000041e1       0xde c:/program files (x86)/atmel/atmel studio 6.0/extensions/atmel/avrgcc/3.4.1.95/avrtoolchain/bin/../lib/gcc/avr/4.6.2/avr51\libgcc.a(_udivmodqi4.o)
 .debug_info    0x000042bf       0xde c:/program files (x86)/atmel/atmel studio 6.0/extensions/atmel/avrgcc/3.4.1.95/avrtoolchain/bin/../lib/gcc/avr/4.6.2/avr51\libgcc.a(_divmodhi4.o)
 .debug_info    0x0000439d       0xde c:/program files (x86)/atmel/atmel studio 6.0/extensions/atmel/avrgcc/3.4.1.95/avrtoolchain/bin/../lib/gcc/avr/4.6.2/avr51\libgcc.a(_exit.o)
 .debug_info    0x0000447b       0xde c:/program files (x86)/atmel/atmel studio 6.0/extensions/atmel/avrgcc/3.4.1.95/avrtoolchain/bin/../lib/gcc/avr/4.6.2/avr51\libgcc.a(_copy_data.o)
 .debug_info    0x00004559       0xde c:/program files (x86)/atmel/atmel studio 6.0/extensions/atmel/avrgcc/3.4.1.95/avrtoolchain/bin/../lib/gcc/avr/4.6.2/avr51\libgcc.a(_clear_bss.o)
 .debug_info    0x00004637       0xde c:/program files (x86)/atmel/atmel studio 6.0/extensions/atmel/avrgcc/3.4.1.95/avrtoolchain/bin/../lib/gcc/avr/4.6.2/avr51\libgcc.a(_udivmodhi4.o)
 *(.gnu.linkonce.wi.*)

.debug_abbrev   0x00000000     0x1456
 *(.debug_abbrev)
 .debug_abbrev  0x00000000      0x11a main.o
 .debug_abbrev  0x0000011a       0xe9 sources/Button.o
 .debug_abbrev  0x00000203       0xa5 sources/Buzzer.o
 .debug_abbrev  0x000002a8      0x1aa sources/CAN.o
 .debug_abbrev  0x00000452      0x1e4 sources/can_drv.o
 .debug_abbrev  0x00000636      0x1d3 sources/can_lib.o
 .debug_abbrev  0x00000809      0x276 sources/Display.o
 .debug_abbrev  0x00000a7f      0x14b sources/Error.o
 .debug_abbrev  0x00000bca      0x18e sources/Event.o
 .debug_abbrev  0x00000d58      0x11c sources/Led.o
 .debug_abbrev  0x00000e74      0x145 sources/MyCommon.o
 .debug_abbrev  0x00000fb9       0x4c sources/Radio.o
 .debug_abbrev  0x00001005      0x179 sources/spi_lib.o
 .debug_abbrev  0x0000117e      0x142 sources/Timer.o
 .debug_abbrev  0x000012c0      0x11e sources/WatchDog.o
 .debug_abbrev  0x000013de       0x14 c:/program files (x86)/atmel/atmel studio 6.0/extensions/atmel/avrgcc/3.4.1.95/avrtoolchain/bin/../lib/gcc/avr/4.6.2/avr51\libgcc.a(_udivmodqi4.o)
 .debug_abbrev  0x000013f2       0x14 c:/program files (x86)/atmel/atmel studio 6.0/extensions/atmel/avrgcc/3.4.1.95/avrtoolchain/bin/../lib/gcc/avr/4.6.2/avr51\libgcc.a(_divmodhi4.o)
 .debug_abbrev  0x00001406       0x14 c:/program files (x86)/atmel/atmel studio 6.0/extensions/atmel/avrgcc/3.4.1.95/avrtoolchain/bin/../lib/gcc/avr/4.6.2/avr51\libgcc.a(_exit.o)
 .debug_abbrev  0x0000141a       0x14 c:/program files (x86)/atmel/atmel studio 6.0/extensions/atmel/avrgcc/3.4.1.95/avrtoolchain/bin/../lib/gcc/avr/4.6.2/avr51\libgcc.a(_copy_data.o)
 .debug_abbrev  0x0000142e       0x14 c:/program files (x86)/atmel/atmel studio 6.0/extensions/atmel/avrgcc/3.4.1.95/avrtoolchain/bin/../lib/gcc/avr/4.6.2/avr51\libgcc.a(_clear_bss.o)
 .debug_abbrev  0x00001442       0x14 c:/program files (x86)/atmel/atmel studio 6.0/extensions/atmel/avrgcc/3.4.1.95/avrtoolchain/bin/../lib/gcc/avr/4.6.2/avr51\libgcc.a(_udivmodhi4.o)

.debug_line     0x00000000     0x1b7a
 *(.debug_line)
 .debug_line    0x00000000      0x122 main.o
 .debug_line    0x00000122      0x129 sources/Button.o
 .debug_line    0x0000024b       0xef sources/Buzzer.o
 .debug_line    0x0000033a      0x1ec sources/CAN.o
 .debug_line    0x00000526      0x312 sources/can_drv.o
 .debug_line    0x00000838      0x303 sources/can_lib.o
 .debug_line    0x00000b3b      0x262 sources/Display.o
 .debug_line    0x00000d9d       0xfa sources/Error.o
 .debug_line    0x00000e97      0x181 sources/Event.o
 .debug_line    0x00001018      0x16c sources/Led.o
 .debug_line    0x00001184      0x166 sources/MyCommon.o
 .debug_line    0x000012ea       0xe1 sources/Radio.o
 .debug_line    0x000013cb      0x17b sources/spi_lib.o
 .debug_line    0x00001546      0x190 sources/Timer.o
 .debug_line    0x000016d6      0x133 sources/WatchDog.o
 .debug_line    0x00001809       0x92 c:/program files (x86)/atmel/atmel studio 6.0/extensions/atmel/avrgcc/3.4.1.95/avrtoolchain/bin/../lib/gcc/avr/4.6.2/avr51\libgcc.a(_udivmodqi4.o)
 .debug_line    0x0000189b       0x99 c:/program files (x86)/atmel/atmel studio 6.0/extensions/atmel/avrgcc/3.4.1.95/avrtoolchain/bin/../lib/gcc/avr/4.6.2/avr51\libgcc.a(_divmodhi4.o)
 .debug_line    0x00001934       0x88 c:/program files (x86)/atmel/atmel studio 6.0/extensions/atmel/avrgcc/3.4.1.95/avrtoolchain/bin/../lib/gcc/avr/4.6.2/avr51\libgcc.a(_exit.o)
 .debug_line    0x000019bc       0x96 c:/program files (x86)/atmel/atmel studio 6.0/extensions/atmel/avrgcc/3.4.1.95/avrtoolchain/bin/../lib/gcc/avr/4.6.2/avr51\libgcc.a(_copy_data.o)
 .debug_line    0x00001a52       0x8e c:/program files (x86)/atmel/atmel studio 6.0/extensions/atmel/avrgcc/3.4.1.95/avrtoolchain/bin/../lib/gcc/avr/4.6.2/avr51\libgcc.a(_clear_bss.o)
 .debug_line    0x00001ae0       0x9a c:/program files (x86)/atmel/atmel studio 6.0/extensions/atmel/avrgcc/3.4.1.95/avrtoolchain/bin/../lib/gcc/avr/4.6.2/avr51\libgcc.a(_udivmodhi4.o)

.debug_frame    0x00000000      0xb0c
 *(.debug_frame)
 .debug_frame   0x00000000       0x24 main.o
 .debug_frame   0x00000024       0x60 sources/Button.o
 .debug_frame   0x00000084       0x6c sources/Buzzer.o
 .debug_frame   0x000000f0      0x128 sources/CAN.o
 .debug_frame   0x00000218       0xf0 sources/can_drv.o
 .debug_frame   0x00000308       0xa8 sources/can_lib.o
 .debug_frame   0x000003b0      0x184 sources/Display.o
 .debug_frame   0x00000534       0x44 sources/Error.o
 .debug_frame   0x00000578       0x84 sources/Event.o
 .debug_frame   0x000005fc       0xc0 sources/Led.o
 .debug_frame   0x000006bc       0x44 sources/MyCommon.o
 .debug_frame   0x00000700       0x44 sources/Radio.o
 .debug_frame   0x00000744       0x80 sources/spi_lib.o
 .debug_frame   0x000007c4      0x314 sources/Timer.o
 .debug_frame   0x00000ad8       0x34 sources/WatchDog.o

.debug_str      0x00000000      0xf43
 *(.debug_str)
 .debug_str     0x00000000      0x2cf main.o
                                0x311 (size before relaxing)
 .debug_str     0x000002cf       0x98 sources/Button.o
                                0x171 (size before relaxing)
 .debug_str     0x00000367       0x5d sources/Buzzer.o
                                0x12d (size before relaxing)
 .debug_str     0x000003c4      0x21f sources/CAN.o
                                0x4f3 (size before relaxing)
 .debug_str     0x000005e3      0x19f sources/can_drv.o
                                0x4bd (size before relaxing)
 .debug_str     0x00000782       0x6d sources/can_lib.o
                                0x350 (size before relaxing)
 .debug_str     0x000007ef      0x3b6 sources/Display.o
                                0x6d8 (size before relaxing)
 .debug_str     0x00000ba5       0x53 sources/Error.o
                                0x375 (size before relaxing)
 .debug_str     0x00000bf8       0x99 sources/Event.o
                                0x4d5 (size before relaxing)
 .debug_str     0x00000c91       0x76 sources/Led.o
                                0x172 (size before relaxing)
 .debug_str     0x00000d07       0x37 sources/MyCommon.o
                                0x3f7 (size before relaxing)
 .debug_str     0x00000d3e       0x31 sources/Radio.o
                                0x101 (size before relaxing)
 .debug_str     0x00000d6f       0x6a sources/spi_lib.o
                                0x33e (size before relaxing)
 .debug_str     0x00000dd9      0x143 sources/Timer.o
                                0x4a4 (size before relaxing)
 .debug_str     0x00000f1c       0x27 sources/WatchDog.o
                                0x35a (size before relaxing)

.debug_loc      0x00000000     0x2e3f
 *(.debug_loc)
 .debug_loc     0x00000000       0x55 sources/Button.o
 .debug_loc     0x00000055       0x64 sources/Buzzer.o
 .debug_loc     0x000000b9      0x201 sources/CAN.o
 .debug_loc     0x000002ba      0x8a5 sources/can_drv.o
 .debug_loc     0x00000b5f      0x3f1 sources/can_lib.o
 .debug_loc     0x00000f50     0x15dd sources/Display.o
 .debug_loc     0x0000252d       0x2b sources/Error.o
 .debug_loc     0x00002558       0xcd sources/Event.o
 .debug_loc     0x00002625      0x25a sources/Led.o
 .debug_loc     0x0000287f       0x42 sources/spi_lib.o
 .debug_loc     0x000028c1      0x57e sources/Timer.o

.debug_macinfo
 *(.debug_macinfo)
OUTPUT(Dashboard.elf elf32-avr)
LOAD linker stubs
