Archive member included because of file (symbol)

c:/program files (x86)/atmel/atmel studio 6.0/extensions/atmel/avrgcc/3.4.1.95/avrtoolchain/bin/../lib/gcc/avr/4.6.2/avr51\libgcc.a(_divmodhi4.o)
                              sources/CAN.o (__divmodhi4)
c:/program files (x86)/atmel/atmel studio 6.0/extensions/atmel/avrgcc/3.4.1.95/avrtoolchain/bin/../lib/gcc/avr/4.6.2/avr51\libgcc.a(_exit.o)
                              c:/program files (x86)/atmel/atmel studio 6.0/extensions/atmel/avrgcc/3.4.1.95/avrtoolchain/bin/../lib/gcc/avr/4.6.2/../../../../avr/lib/avr51/crtcan128.o (exit)
c:/program files (x86)/atmel/atmel studio 6.0/extensions/atmel/avrgcc/3.4.1.95/avrtoolchain/bin/../lib/gcc/avr/4.6.2/avr51\libgcc.a(_copy_data.o)
                              main.o (__do_copy_data)
c:/program files (x86)/atmel/atmel studio 6.0/extensions/atmel/avrgcc/3.4.1.95/avrtoolchain/bin/../lib/gcc/avr/4.6.2/avr51\libgcc.a(_clear_bss.o)
                              main.o (__do_clear_bss)
c:/program files (x86)/atmel/atmel studio 6.0/extensions/atmel/avrgcc/3.4.1.95/avrtoolchain/bin/../lib/gcc/avr/4.6.2/avr51\libgcc.a(_udivmodhi4.o)
                              c:/program files (x86)/atmel/atmel studio 6.0/extensions/atmel/avrgcc/3.4.1.95/avrtoolchain/bin/../lib/gcc/avr/4.6.2/avr51\libgcc.a(_divmodhi4.o) (__udivmodhi4)

Allocating common symbols
Common symbol       size              file

event_queue         0x10              sources/Event.o
display_ddram_bottom_row
                    0x1c              sources/Display.o
display_ddram_top_row
                    0x1c              sources/Display.o
event_queue_head    0x1               sources/Event.o
led_state           0x2               sources/Led.o
can_queue           0xa               sources/CAN.o
can_queue_head      0x1               sources/CAN.o
can_Status          0x1               sources/CAN.o
address_counter     0x1               sources/Display.o
button_pressed      0x2               sources/Button.o
can_queue_tail      0x1               sources/CAN.o
event_queue_tail    0x1               sources/Event.o
button_current      0x1               sources/Button.o
can_rx              0x2               sources/CAN.o

Memory Configuration

Name             Origin             Length             Attributes
text             0x00000000         0x00020000         xr
data             0x00800100         0x0000ff00         rw !x
eeprom           0x00810000         0x00010000         rw !x
fuse             0x00820000         0x00000400         rw !x
lock             0x00830000         0x00000400         rw !x
signature        0x00840000         0x00000400         rw !x
*default*        0x00000000         0xffffffff

Linker script and memory map

Address of section .data set to 0x800100
LOAD c:/program files (x86)/atmel/atmel studio 6.0/extensions/atmel/avrgcc/3.4.1.95/avrtoolchain/bin/../lib/gcc/avr/4.6.2/../../../../avr/lib/avr51/crtcan128.o
LOAD main.o
LOAD sources/adc.o
LOAD sources/Button.o
LOAD sources/Buzzer.o
LOAD sources/CAN.o
LOAD sources/can_drv.o
LOAD sources/can_lib.o
LOAD sources/Display.o
LOAD sources/Error.o
LOAD sources/Event.o
LOAD sources/Led.o
LOAD sources/MyCommon.o
LOAD sources/Timer.o
LOAD sources/WatchDog.o
START GROUP
LOAD c:/program files (x86)/atmel/atmel studio 6.0/extensions/atmel/avrgcc/3.4.1.95/avrtoolchain/bin/../lib/gcc/avr/4.6.2/../../../../avr/lib/avr51\libm.a
END GROUP
LOAD c:/program files (x86)/atmel/atmel studio 6.0/extensions/atmel/avrgcc/3.4.1.95/avrtoolchain/bin/../lib/gcc/avr/4.6.2/avr51\libgcc.a
LOAD c:/program files (x86)/atmel/atmel studio 6.0/extensions/atmel/avrgcc/3.4.1.95/avrtoolchain/bin/../lib/gcc/avr/4.6.2/../../../../avr/lib/avr51\libc.a
LOAD c:/program files (x86)/atmel/atmel studio 6.0/extensions/atmel/avrgcc/3.4.1.95/avrtoolchain/bin/../lib/gcc/avr/4.6.2/avr51\libgcc.a

.hash
 *(.hash)

.dynsym
 *(.dynsym)

.dynstr
 *(.dynstr)

.gnu.version
 *(.gnu.version)

.gnu.version_d
 *(.gnu.version_d)

.gnu.version_r
 *(.gnu.version_r)

.rel.init
 *(.rel.init)

.rela.init
 *(.rela.init)

.rel.text
 *(.rel.text)
 *(.rel.text.*)
 *(.rel.gnu.linkonce.t*)

.rela.text
 *(.rela.text)
 *(.rela.text.*)
 *(.rela.gnu.linkonce.t*)

.rel.fini
 *(.rel.fini)

.rela.fini
 *(.rela.fini)

.rel.rodata
 *(.rel.rodata)
 *(.rel.rodata.*)
 *(.rel.gnu.linkonce.r*)

.rela.rodata
 *(.rela.rodata)
 *(.rela.rodata.*)
 *(.rela.gnu.linkonce.r*)

.rel.data
 *(.rel.data)
 *(.rel.data.*)
 *(.rel.gnu.linkonce.d*)

.rela.data
 *(.rela.data)
 *(.rela.data.*)
 *(.rela.gnu.linkonce.d*)

.rel.ctors
 *(.rel.ctors)

.rela.ctors
 *(.rela.ctors)

.rel.dtors
 *(.rel.dtors)

.rela.dtors
 *(.rela.dtors)

.rel.got
 *(.rel.got)

.rela.got
 *(.rela.got)

.rel.bss
 *(.rel.bss)

.rela.bss
 *(.rela.bss)

.rel.plt
 *(.rel.plt)

.rela.plt
 *(.rela.plt)

.text           0x00000000     0x1ce0
 *(.vectors)
 .vectors       0x00000000       0x94 c:/program files (x86)/atmel/atmel studio 6.0/extensions/atmel/avrgcc/3.4.1.95/avrtoolchain/bin/../lib/gcc/avr/4.6.2/../../../../avr/lib/avr51/crtcan128.o
                0x00000000                __vector_default
                0x00000000                __vectors
 *(.vectors)
 *(.progmem.gcc*)
 *(.progmem*)
                0x00000094                . = ALIGN (0x2)
                0x00000094                __trampolines_start = .
 *(.trampolines)
 .trampolines   0x00000094        0x0 linker stubs
 *(.trampolines*)
                0x00000094                __trampolines_end = .
 *(.jumptables)
 *(.jumptables*)
 *(.lowtext)
 *(.lowtext*)
                0x00000094                __ctors_start = .
 *(.ctors)
                0x00000094                __ctors_end = .
                0x00000094                __dtors_start = .
 *(.dtors)
                0x00000094                __dtors_end = .
 SORT(*)(.ctors)
 SORT(*)(.dtors)
 *(.init0)
 .init0         0x00000094        0x0 c:/program files (x86)/atmel/atmel studio 6.0/extensions/atmel/avrgcc/3.4.1.95/avrtoolchain/bin/../lib/gcc/avr/4.6.2/../../../../avr/lib/avr51/crtcan128.o
                0x00000094                __init
 *(.init0)
 *(.init1)
 *(.init1)
 *(.init2)
 .init2         0x00000094        0xc c:/program files (x86)/atmel/atmel studio 6.0/extensions/atmel/avrgcc/3.4.1.95/avrtoolchain/bin/../lib/gcc/avr/4.6.2/../../../../avr/lib/avr51/crtcan128.o
 *(.init2)
 *(.init3)
 *(.init3)
 *(.init4)
 .init4         0x000000a0       0x1c c:/program files (x86)/atmel/atmel studio 6.0/extensions/atmel/avrgcc/3.4.1.95/avrtoolchain/bin/../lib/gcc/avr/4.6.2/avr51\libgcc.a(_copy_data.o)
                0x000000a0                __do_copy_data
 .init4         0x000000bc       0x10 c:/program files (x86)/atmel/atmel studio 6.0/extensions/atmel/avrgcc/3.4.1.95/avrtoolchain/bin/../lib/gcc/avr/4.6.2/avr51\libgcc.a(_clear_bss.o)
                0x000000bc                __do_clear_bss
 *(.init4)
 *(.init5)
 *(.init5)
 *(.init6)
 *(.init6)
 *(.init7)
 *(.init7)
 *(.init8)
 *(.init8)
 *(.init9)
 .init9         0x000000cc        0x8 c:/program files (x86)/atmel/atmel studio 6.0/extensions/atmel/avrgcc/3.4.1.95/avrtoolchain/bin/../lib/gcc/avr/4.6.2/../../../../avr/lib/avr51/crtcan128.o
 *(.init9)
 *(.text)
 .text          0x000000d4        0x4 c:/program files (x86)/atmel/atmel studio 6.0/extensions/atmel/avrgcc/3.4.1.95/avrtoolchain/bin/../lib/gcc/avr/4.6.2/../../../../avr/lib/avr51/crtcan128.o
                0x000000d4                __vector_22
                0x000000d4                __vector_1
                0x000000d4                __vector_32
                0x000000d4                __vector_34
                0x000000d4                __vector_24
                0x000000d4                __bad_interrupt
                0x000000d4                __vector_6
                0x000000d4                __vector_35
                0x000000d4                __vector_3
                0x000000d4                __vector_23
                0x000000d4                __vector_11
                0x000000d4                __vector_17
                0x000000d4                __vector_19
                0x000000d4                __vector_7
                0x000000d4                __vector_27
                0x000000d4                __vector_5
                0x000000d4                __vector_33
                0x000000d4                __vector_4
                0x000000d4                __vector_9
                0x000000d4                __vector_2
                0x000000d4                __vector_21
                0x000000d4                __vector_36
                0x000000d4                __vector_8
                0x000000d4                __vector_26
                0x000000d4                __vector_10
                0x000000d4                __vector_16
                0x000000d4                __vector_20
 .text          0x000000d8        0xe main.o
                0x000000d8                main
 .text          0x000000e6       0xc4 sources/adc.o
                0x000000e6                __vector_25
                0x00000138                ADInit
                0x0000016e                ADStart
                0x000001a0                ADGetVal
 .text          0x000001aa        0xa sources/Button.o
                0x000001aa                button_init
 .text          0x000001b4       0x46 sources/Buzzer.o
                0x000001b4                buzzer_init
                0x000001b8                buzzer_on
                0x000001bc                buzzer_off
                0x000001c0                buzzer_buzz
                0x000001f8                buzzer_puls
 .text          0x000001fa      0x290 sources/CAN.o
                0x000001fa                __vector_18
                0x0000028a                CANInit
                0x000002b8                CANGetStruct
                0x000002da                CANStartRx
                0x000002f6                CANGetData
                0x00000306                CANSendData
                0x00000378                CANAddSendData
                0x000003c6                CANGetCurrentTx
                0x000003da                CANSendNext
                0x00000418                CANAbortCMD
                0x00000460                CANRestartReceive
 .text          0x0000048a      0x566 sources/can_drv.o
                0x0000048a                can_clear_all_mob
                0x000004ae                can_get_mob_free
                0x000004ee                can_get_mob_status
                0x00000514                can_get_data
                0x00000558                can_auto_baudrate
                0x0000096a                Can_conf_bt_flex
                0x0000097a                can_fixed_baudrate
 .text          0x000009f0      0xd80 sources/can_lib.o
                0x00000a38                can_init
                0x00000a56                can_off
                0x00000a62                can_cmd
                0x00001616                can_get_status
 .text          0x00001770        0x4 sources/Display.o
                0x00001770                display_test
                0x00001772                display_init
 .text          0x00001774       0x2a sources/Error.o
                0x00001774                InitError
                0x00001782                AddError
                0x00001792                ClearErrors
 .text          0x0000179e       0x80 sources/Event.o
                0x0000179e                EventInit
                0x000017a8                EventAddEvent
                0x000017e4                EventGetNextEvent
                0x00001800                EventHandleEvent
 .text          0x0000181e       0xd0 sources/Led.o
                0x0000181e                led_set
                0x00001826                led_clear
                0x0000182a                led_state_set
                0x00001874                led_init
                0x00001890                led_is_set
                0x00001896                led_state_return
                0x000018d0                led_toggle
 .text          0x000018ee       0x2c sources/MyCommon.o
                0x000018ee                main_init
                0x00001918                main_deinit
 .text          0x0000191a      0x348 sources/Timer.o
                0x0000191a                __vector_12
                0x0000197c                __vector_13
                0x000019de                __vector_14
                0x00001a40                __vector_28
                0x00001aa2                __vector_29
                0x00001b04                __vector_30
                0x00001b66                __vector_15
                0x00001b7a                __vector_31
                0x00001b8e                Timer1_init
                0x00001b98                Timer3_init
                0x00001ba2                TIMER_Timer1_OCR1A_on
                0x00001bc2                TIMER_Timer1_OCR1B_on
                0x00001be2                TIMER_Timer1_OCR1C_on
                0x00001c02                TIMER_Timer3_OCR3A_on
                0x00001c22                TIMER_Timer3_OCR3B_on
                0x00001c42                TIMER_Timer3_OCR3C_on
 .text          0x00001c62       0x2c sources/WatchDog.o
                0x00001c62                InitWDT
                0x00001c7a                CheckWDT
 .text          0x00001c8e        0x0 c:/program files (x86)/atmel/atmel studio 6.0/extensions/atmel/avrgcc/3.4.1.95/avrtoolchain/bin/../lib/gcc/avr/4.6.2/avr51\libgcc.a(_divmodhi4.o)
 .text          0x00001c8e        0x0 c:/program files (x86)/atmel/atmel studio 6.0/extensions/atmel/avrgcc/3.4.1.95/avrtoolchain/bin/../lib/gcc/avr/4.6.2/avr51\libgcc.a(_exit.o)
 .text          0x00001c8e        0x0 c:/program files (x86)/atmel/atmel studio 6.0/extensions/atmel/avrgcc/3.4.1.95/avrtoolchain/bin/../lib/gcc/avr/4.6.2/avr51\libgcc.a(_copy_data.o)
 .text          0x00001c8e        0x0 c:/program files (x86)/atmel/atmel studio 6.0/extensions/atmel/avrgcc/3.4.1.95/avrtoolchain/bin/../lib/gcc/avr/4.6.2/avr51\libgcc.a(_clear_bss.o)
 .text          0x00001c8e        0x0 c:/program files (x86)/atmel/atmel studio 6.0/extensions/atmel/avrgcc/3.4.1.95/avrtoolchain/bin/../lib/gcc/avr/4.6.2/avr51\libgcc.a(_udivmodhi4.o)
                0x00001c8e                . = ALIGN (0x2)
 *(.text.*)
 .text.libgcc   0x00001c8e       0x26 c:/program files (x86)/atmel/atmel studio 6.0/extensions/atmel/avrgcc/3.4.1.95/avrtoolchain/bin/../lib/gcc/avr/4.6.2/avr51\libgcc.a(_divmodhi4.o)
                0x00001c8e                _div
                0x00001c8e                __divmodhi4
 .text.libgcc   0x00001cb4        0x0 c:/program files (x86)/atmel/atmel studio 6.0/extensions/atmel/avrgcc/3.4.1.95/avrtoolchain/bin/../lib/gcc/avr/4.6.2/avr51\libgcc.a(_exit.o)
 .text.libgcc   0x00001cb4        0x0 c:/program files (x86)/atmel/atmel studio 6.0/extensions/atmel/avrgcc/3.4.1.95/avrtoolchain/bin/../lib/gcc/avr/4.6.2/avr51\libgcc.a(_copy_data.o)
 .text.libgcc   0x00001cb4        0x0 c:/program files (x86)/atmel/atmel studio 6.0/extensions/atmel/avrgcc/3.4.1.95/avrtoolchain/bin/../lib/gcc/avr/4.6.2/avr51\libgcc.a(_clear_bss.o)
 .text.libgcc   0x00001cb4       0x28 c:/program files (x86)/atmel/atmel studio 6.0/extensions/atmel/avrgcc/3.4.1.95/avrtoolchain/bin/../lib/gcc/avr/4.6.2/avr51\libgcc.a(_udivmodhi4.o)
                0x00001cb4                __udivmodhi4
                0x00001cdc                . = ALIGN (0x2)
 *(.fini9)
 .fini9         0x00001cdc        0x0 c:/program files (x86)/atmel/atmel studio 6.0/extensions/atmel/avrgcc/3.4.1.95/avrtoolchain/bin/../lib/gcc/avr/4.6.2/avr51\libgcc.a(_exit.o)
                0x00001cdc                _exit
                0x00001cdc                exit
 *(.fini9)
 *(.fini8)
 *(.fini8)
 *(.fini7)
 *(.fini7)
 *(.fini6)
 *(.fini6)
 *(.fini5)
 *(.fini5)
 *(.fini4)
 *(.fini4)
 *(.fini3)
 *(.fini3)
 *(.fini2)
 *(.fini2)
 *(.fini1)
 *(.fini1)
 *(.fini0)
 .fini0         0x00001cdc        0x4 c:/program files (x86)/atmel/atmel studio 6.0/extensions/atmel/avrgcc/3.4.1.95/avrtoolchain/bin/../lib/gcc/avr/4.6.2/avr51\libgcc.a(_exit.o)
 *(.fini0)
                0x00001ce0                _etext = .

.data           0x00800100       0x14 load address 0x00001ce0
                0x00800100                PROVIDE (__data_start, .)
 *(.data)
 .data          0x00800100        0x0 c:/program files (x86)/atmel/atmel studio 6.0/extensions/atmel/avrgcc/3.4.1.95/avrtoolchain/bin/../lib/gcc/avr/4.6.2/../../../../avr/lib/avr51/crtcan128.o
 .data          0x00800100        0x0 main.o
 .data          0x00800100        0x0 sources/adc.o
 .data          0x00800100        0x0 sources/Button.o
 .data          0x00800100        0x0 sources/Buzzer.o
 .data          0x00800100        0x0 sources/CAN.o
 .data          0x00800100        0x0 sources/can_drv.o
 .data          0x00800100        0x0 sources/can_lib.o
 .data          0x00800100       0x14 sources/Display.o
                0x00800100                test
 .data          0x00800114        0x0 sources/Error.o
 .data          0x00800114        0x0 sources/Event.o
 .data          0x00800114        0x0 sources/Led.o
 .data          0x00800114        0x0 sources/MyCommon.o
 .data          0x00800114        0x0 sources/Timer.o
 .data          0x00800114        0x0 sources/WatchDog.o
 .data          0x00800114        0x0 c:/program files (x86)/atmel/atmel studio 6.0/extensions/atmel/avrgcc/3.4.1.95/avrtoolchain/bin/../lib/gcc/avr/4.6.2/avr51\libgcc.a(_divmodhi4.o)
 .data          0x00800114        0x0 c:/program files (x86)/atmel/atmel studio 6.0/extensions/atmel/avrgcc/3.4.1.95/avrtoolchain/bin/../lib/gcc/avr/4.6.2/avr51\libgcc.a(_exit.o)
 .data          0x00800114        0x0 c:/program files (x86)/atmel/atmel studio 6.0/extensions/atmel/avrgcc/3.4.1.95/avrtoolchain/bin/../lib/gcc/avr/4.6.2/avr51\libgcc.a(_copy_data.o)
 .data          0x00800114        0x0 c:/program files (x86)/atmel/atmel studio 6.0/extensions/atmel/avrgcc/3.4.1.95/avrtoolchain/bin/../lib/gcc/avr/4.6.2/avr51\libgcc.a(_clear_bss.o)
 .data          0x00800114        0x0 c:/program files (x86)/atmel/atmel studio 6.0/extensions/atmel/avrgcc/3.4.1.95/avrtoolchain/bin/../lib/gcc/avr/4.6.2/avr51\libgcc.a(_udivmodhi4.o)
 *(.data*)
 *(.rodata)
 *(.rodata*)
 *(.gnu.linkonce.d*)
                0x00800114                . = ALIGN (0x2)
                0x00800114                _edata = .
                0x00800114                PROVIDE (__data_end, .)

.bss            0x00800114       0x61
                0x00800114                PROVIDE (__bss_start, .)
 *(.bss)
 .bss           0x00800114        0x0 c:/program files (x86)/atmel/atmel studio 6.0/extensions/atmel/avrgcc/3.4.1.95/avrtoolchain/bin/../lib/gcc/avr/4.6.2/../../../../avr/lib/avr51/crtcan128.o
 .bss           0x00800114        0x0 main.o
 .bss           0x00800114        0x0 sources/adc.o
 .bss           0x00800114        0x0 sources/Button.o
 .bss           0x00800114        0x0 sources/Buzzer.o
 .bss           0x00800114        0x0 sources/CAN.o
 .bss           0x00800114        0x0 sources/can_drv.o
 .bss           0x00800114        0x0 sources/can_lib.o
 .bss           0x00800114        0x0 sources/Display.o
 .bss           0x00800114        0x2 sources/Error.o
 .bss           0x00800116        0x0 sources/Event.o
 .bss           0x00800116        0x0 sources/Led.o
 .bss           0x00800116        0x0 sources/MyCommon.o
 .bss           0x00800116        0x0 sources/Timer.o
 .bss           0x00800116        0x0 sources/WatchDog.o
 .bss           0x00800116        0x0 c:/program files (x86)/atmel/atmel studio 6.0/extensions/atmel/avrgcc/3.4.1.95/avrtoolchain/bin/../lib/gcc/avr/4.6.2/avr51\libgcc.a(_divmodhi4.o)
 .bss           0x00800116        0x0 c:/program files (x86)/atmel/atmel studio 6.0/extensions/atmel/avrgcc/3.4.1.95/avrtoolchain/bin/../lib/gcc/avr/4.6.2/avr51\libgcc.a(_exit.o)
 .bss           0x00800116        0x0 c:/program files (x86)/atmel/atmel studio 6.0/extensions/atmel/avrgcc/3.4.1.95/avrtoolchain/bin/../lib/gcc/avr/4.6.2/avr51\libgcc.a(_copy_data.o)
 .bss           0x00800116        0x0 c:/program files (x86)/atmel/atmel studio 6.0/extensions/atmel/avrgcc/3.4.1.95/avrtoolchain/bin/../lib/gcc/avr/4.6.2/avr51\libgcc.a(_clear_bss.o)
 .bss           0x00800116        0x0 c:/program files (x86)/atmel/atmel studio 6.0/extensions/atmel/avrgcc/3.4.1.95/avrtoolchain/bin/../lib/gcc/avr/4.6.2/avr51\libgcc.a(_udivmodhi4.o)
 *(.bss*)
 *(COMMON)
 COMMON         0x00800116        0x3 sources/Button.o
                0x00800116                button_pressed
                0x00800118                button_current
 COMMON         0x00800119        0xf sources/CAN.o
                0x00800119                can_queue
                0x00800123                can_queue_head
                0x00800124                can_Status
                0x00800125                can_queue_tail
                0x00800126                can_rx
 COMMON         0x00800128       0x39 sources/Display.o
                0x00800128                display_ddram_bottom_row
                0x00800144                display_ddram_top_row
                0x00800160                address_counter
 COMMON         0x00800161       0x12 sources/Event.o
                0x00800161                event_queue
                0x00800171                event_queue_head
                0x00800172                event_queue_tail
 COMMON         0x00800173        0x2 sources/Led.o
                0x00800173                led_state
                0x00800175                PROVIDE (__bss_end, .)
                0x00001ce0                __data_load_start = LOADADDR (.data)
                0x00001cf4                __data_load_end = (__data_load_start + SIZEOF (.data))

.noinit         0x00800175        0x0
                0x00800175                PROVIDE (__noinit_start, .)
 *(.noinit*)
                0x00800175                PROVIDE (__noinit_end, .)
                0x00800175                _end = .
                0x00800175                PROVIDE (__heap_start, .)

.eeprom         0x00810000        0x0
 *(.eeprom*)
                0x00810000                __eeprom_end = .

.fuse
 *(.fuse)
 *(.lfuse)
 *(.hfuse)
 *(.efuse)

.lock
 *(.lock*)

.signature
 *(.signature*)

.stab           0x00000000      0x6cc
 *(.stab)
 .stab          0x00000000      0x6cc c:/program files (x86)/atmel/atmel studio 6.0/extensions/atmel/avrgcc/3.4.1.95/avrtoolchain/bin/../lib/gcc/avr/4.6.2/../../../../avr/lib/avr51/crtcan128.o

.stabstr        0x00000000       0x85
 *(.stabstr)
 .stabstr       0x00000000       0x85 c:/program files (x86)/atmel/atmel studio 6.0/extensions/atmel/avrgcc/3.4.1.95/avrtoolchain/bin/../lib/gcc/avr/4.6.2/../../../../avr/lib/avr51/crtcan128.o

.stab.excl
 *(.stab.excl)

.stab.exclstr
 *(.stab.exclstr)

.stab.index
 *(.stab.index)

.stab.indexstr
 *(.stab.indexstr)

.comment
 *(.comment)

.debug
 *(.debug)

.line
 *(.line)

.debug_srcinfo
 *(.debug_srcinfo)

.debug_sfnames
 *(.debug_sfnames)

.debug_aranges  0x00000000      0x260
 *(.debug_aranges)
 .debug_aranges
                0x00000000       0x20 main.o
 .debug_aranges
                0x00000020       0x20 sources/adc.o
 .debug_aranges
                0x00000040       0x20 sources/Button.o
 .debug_aranges
                0x00000060       0x20 sources/Buzzer.o
 .debug_aranges
                0x00000080       0x20 sources/CAN.o
 .debug_aranges
                0x000000a0       0x20 sources/can_drv.o
 .debug_aranges
                0x000000c0       0x20 sources/can_lib.o
 .debug_aranges
                0x000000e0       0x20 sources/Display.o
 .debug_aranges
                0x00000100       0x20 sources/Error.o
 .debug_aranges
                0x00000120       0x20 sources/Event.o
 .debug_aranges
                0x00000140       0x20 sources/Led.o
 .debug_aranges
                0x00000160       0x20 sources/MyCommon.o
 .debug_aranges
                0x00000180       0x20 sources/Timer.o
 .debug_aranges
                0x000001a0       0x20 sources/WatchDog.o
 .debug_aranges
                0x000001c0       0x20 c:/program files (x86)/atmel/atmel studio 6.0/extensions/atmel/avrgcc/3.4.1.95/avrtoolchain/bin/../lib/gcc/avr/4.6.2/avr51\libgcc.a(_divmodhi4.o)
 .debug_aranges
                0x000001e0       0x20 c:/program files (x86)/atmel/atmel studio 6.0/extensions/atmel/avrgcc/3.4.1.95/avrtoolchain/bin/../lib/gcc/avr/4.6.2/avr51\libgcc.a(_exit.o)
 .debug_aranges
                0x00000200       0x20 c:/program files (x86)/atmel/atmel studio 6.0/extensions/atmel/avrgcc/3.4.1.95/avrtoolchain/bin/../lib/gcc/avr/4.6.2/avr51\libgcc.a(_copy_data.o)
 .debug_aranges
                0x00000220       0x20 c:/program files (x86)/atmel/atmel studio 6.0/extensions/atmel/avrgcc/3.4.1.95/avrtoolchain/bin/../lib/gcc/avr/4.6.2/avr51\libgcc.a(_clear_bss.o)
 .debug_aranges
                0x00000240       0x20 c:/program files (x86)/atmel/atmel studio 6.0/extensions/atmel/avrgcc/3.4.1.95/avrtoolchain/bin/../lib/gcc/avr/4.6.2/avr51\libgcc.a(_udivmodhi4.o)

.debug_pubnames
 *(.debug_pubnames)

.debug_info     0x00000000     0x36fe
 *(.debug_info)
 .debug_info    0x00000000      0x35d main.o
 .debug_info    0x0000035d      0x438 sources/adc.o
 .debug_info    0x00000795       0xba sources/Button.o
 .debug_info    0x0000084f      0x10e sources/Buzzer.o
 .debug_info    0x0000095d      0x653 sources/CAN.o
 .debug_info    0x00000fb0      0x66c sources/can_drv.o
 .debug_info    0x0000161c      0x49f sources/can_lib.o
 .debug_info    0x00001abb      0x11e sources/Display.o
 .debug_info    0x00001bd9      0x3ed sources/Error.o
 .debug_info    0x00001fc6      0x4b3 sources/Event.o
 .debug_info    0x00002479      0x1ce sources/Led.o
 .debug_info    0x00002647      0x379 sources/MyCommon.o
 .debug_info    0x000029c0      0x539 sources/Timer.o
 .debug_info    0x00002ef9      0x3af sources/WatchDog.o
 .debug_info    0x000032a8       0xde c:/program files (x86)/atmel/atmel studio 6.0/extensions/atmel/avrgcc/3.4.1.95/avrtoolchain/bin/../lib/gcc/avr/4.6.2/avr51\libgcc.a(_divmodhi4.o)
 .debug_info    0x00003386       0xde c:/program files (x86)/atmel/atmel studio 6.0/extensions/atmel/avrgcc/3.4.1.95/avrtoolchain/bin/../lib/gcc/avr/4.6.2/avr51\libgcc.a(_exit.o)
 .debug_info    0x00003464       0xde c:/program files (x86)/atmel/atmel studio 6.0/extensions/atmel/avrgcc/3.4.1.95/avrtoolchain/bin/../lib/gcc/avr/4.6.2/avr51\libgcc.a(_copy_data.o)
 .debug_info    0x00003542       0xde c:/program files (x86)/atmel/atmel studio 6.0/extensions/atmel/avrgcc/3.4.1.95/avrtoolchain/bin/../lib/gcc/avr/4.6.2/avr51\libgcc.a(_clear_bss.o)
 .debug_info    0x00003620       0xde c:/program files (x86)/atmel/atmel studio 6.0/extensions/atmel/avrgcc/3.4.1.95/avrtoolchain/bin/../lib/gcc/avr/4.6.2/avr51\libgcc.a(_udivmodhi4.o)
 *(.gnu.linkonce.wi.*)

.debug_abbrev   0x00000000     0x1228
 *(.debug_abbrev)
 .debug_abbrev  0x00000000      0x127 main.o
 .debug_abbrev  0x00000127      0x171 sources/adc.o
 .debug_abbrev  0x00000298       0x6e sources/Button.o
 .debug_abbrev  0x00000306       0xa5 sources/Buzzer.o
 .debug_abbrev  0x000003ab      0x1c8 sources/CAN.o
 .debug_abbrev  0x00000573      0x202 sources/can_drv.o
 .debug_abbrev  0x00000775      0x1f1 sources/can_lib.o
 .debug_abbrev  0x00000966       0x95 sources/Display.o
 .debug_abbrev  0x000009fb      0x169 sources/Error.o
 .debug_abbrev  0x00000b64      0x1aa sources/Event.o
 .debug_abbrev  0x00000d0e       0xf5 sources/Led.o
 .debug_abbrev  0x00000e03      0x125 sources/MyCommon.o
 .debug_abbrev  0x00000f28      0x160 sources/Timer.o
 .debug_abbrev  0x00001088      0x13c sources/WatchDog.o
 .debug_abbrev  0x000011c4       0x14 c:/program files (x86)/atmel/atmel studio 6.0/extensions/atmel/avrgcc/3.4.1.95/avrtoolchain/bin/../lib/gcc/avr/4.6.2/avr51\libgcc.a(_divmodhi4.o)
 .debug_abbrev  0x000011d8       0x14 c:/program files (x86)/atmel/atmel studio 6.0/extensions/atmel/avrgcc/3.4.1.95/avrtoolchain/bin/../lib/gcc/avr/4.6.2/avr51\libgcc.a(_exit.o)
 .debug_abbrev  0x000011ec       0x14 c:/program files (x86)/atmel/atmel studio 6.0/extensions/atmel/avrgcc/3.4.1.95/avrtoolchain/bin/../lib/gcc/avr/4.6.2/avr51\libgcc.a(_copy_data.o)
 .debug_abbrev  0x00001200       0x14 c:/program files (x86)/atmel/atmel studio 6.0/extensions/atmel/avrgcc/3.4.1.95/avrtoolchain/bin/../lib/gcc/avr/4.6.2/avr51\libgcc.a(_clear_bss.o)
 .debug_abbrev  0x00001214       0x14 c:/program files (x86)/atmel/atmel studio 6.0/extensions/atmel/avrgcc/3.4.1.95/avrtoolchain/bin/../lib/gcc/avr/4.6.2/avr51\libgcc.a(_udivmodhi4.o)

.debug_line     0x00000000     0x169f
 *(.debug_line)
 .debug_line    0x00000000       0x80 main.o
 .debug_line    0x00000080      0x159 sources/adc.o
 .debug_line    0x000001d9       0xfe sources/Button.o
 .debug_line    0x000002d7       0xef sources/Buzzer.o
 .debug_line    0x000003c6      0x1e9 sources/CAN.o
 .debug_line    0x000005af      0x338 sources/can_drv.o
 .debug_line    0x000008e7      0x303 sources/can_lib.o
 .debug_line    0x00000bea      0x102 sources/Display.o
 .debug_line    0x00000cec       0xfa sources/Error.o
 .debug_line    0x00000de6       0xb1 sources/Event.o
 .debug_line    0x00000e97      0x136 sources/Led.o
 .debug_line    0x00000fcd      0x134 sources/MyCommon.o
 .debug_line    0x00001101      0x18c sources/Timer.o
 .debug_line    0x0000128d      0x133 sources/WatchDog.o
 .debug_line    0x000013c0       0x99 c:/program files (x86)/atmel/atmel studio 6.0/extensions/atmel/avrgcc/3.4.1.95/avrtoolchain/bin/../lib/gcc/avr/4.6.2/avr51\libgcc.a(_divmodhi4.o)
 .debug_line    0x00001459       0x88 c:/program files (x86)/atmel/atmel studio 6.0/extensions/atmel/avrgcc/3.4.1.95/avrtoolchain/bin/../lib/gcc/avr/4.6.2/avr51\libgcc.a(_exit.o)
 .debug_line    0x000014e1       0x96 c:/program files (x86)/atmel/atmel studio 6.0/extensions/atmel/avrgcc/3.4.1.95/avrtoolchain/bin/../lib/gcc/avr/4.6.2/avr51\libgcc.a(_copy_data.o)
 .debug_line    0x00001577       0x8e c:/program files (x86)/atmel/atmel studio 6.0/extensions/atmel/avrgcc/3.4.1.95/avrtoolchain/bin/../lib/gcc/avr/4.6.2/avr51\libgcc.a(_clear_bss.o)
 .debug_line    0x00001605       0x9a c:/program files (x86)/atmel/atmel studio 6.0/extensions/atmel/avrgcc/3.4.1.95/avrtoolchain/bin/../lib/gcc/avr/4.6.2/avr51\libgcc.a(_udivmodhi4.o)

.debug_frame    0x00000000      0x8ec
 *(.debug_frame)
 .debug_frame   0x00000000       0x24 main.o
 .debug_frame   0x00000024       0x9c sources/adc.o
 .debug_frame   0x000000c0       0x24 sources/Button.o
 .debug_frame   0x000000e4       0x6c sources/Buzzer.o
 .debug_frame   0x00000150      0x128 sources/CAN.o
 .debug_frame   0x00000278       0xf0 sources/can_drv.o
 .debug_frame   0x00000368       0xa8 sources/can_lib.o
 .debug_frame   0x00000410       0x34 sources/Display.o
 .debug_frame   0x00000444       0x44 sources/Error.o
 .debug_frame   0x00000488       0x60 sources/Event.o
 .debug_frame   0x000004e8       0xc0 sources/Led.o
 .debug_frame   0x000005a8       0x34 sources/MyCommon.o
 .debug_frame   0x000005dc      0x2dc sources/Timer.o
 .debug_frame   0x000008b8       0x34 sources/WatchDog.o

.debug_str      0x00000000      0xb0b
 *(.debug_str)
 .debug_str     0x00000000      0x272 main.o
                                0x2b4 (size before relaxing)
 .debug_str     0x00000272       0xff sources/adc.o
                                0x3a2 (size before relaxing)
 .debug_str     0x00000371       0x3e sources/Button.o
                                0x117 (size before relaxing)
 .debug_str     0x000003af       0x5d sources/Buzzer.o
                                0x12d (size before relaxing)
 .debug_str     0x0000040c      0x19b sources/CAN.o
                                0x4d9 (size before relaxing)
 .debug_str     0x000005a7      0x1a4 sources/can_drv.o
                                0x494 (size before relaxing)
 .debug_str     0x0000074b       0x6d sources/can_lib.o
                                0x327 (size before relaxing)
 .debug_str     0x000007b8       0x87 sources/Display.o
                                0x161 (size before relaxing)
 .debug_str     0x0000083f       0x49 sources/Error.o
                                0x342 (size before relaxing)
 .debug_str     0x00000888       0x8f sources/Event.o
                                0x41b (size before relaxing)
 .debug_str     0x00000917       0x80 sources/Led.o
                                0x159 (size before relaxing)
 .debug_str     0x00000997       0x2c sources/MyCommon.o
                                0x2d7 (size before relaxing)
 .debug_str     0x000009c3      0x121 sources/Timer.o
                                0x472 (size before relaxing)
 .debug_str     0x00000ae4       0x27 sources/WatchDog.o
                                0x331 (size before relaxing)

.debug_loc      0x00000000     0x1792
 *(.debug_loc)
 .debug_loc     0x00000000       0xfc sources/adc.o
 .debug_loc     0x000000fc       0x64 sources/Buzzer.o
 .debug_loc     0x00000160      0x201 sources/CAN.o
 .debug_loc     0x00000361      0x8dc sources/can_drv.o
 .debug_loc     0x00000c3d      0x3f1 sources/can_lib.o
 .debug_loc     0x0000102e       0x2b sources/Error.o
 .debug_loc     0x00001059       0x84 sources/Event.o
 .debug_loc     0x000010dd      0x195 sources/Led.o
 .debug_loc     0x00001272      0x520 sources/Timer.o

.debug_macinfo
 *(.debug_macinfo)
OUTPUT(Dashboard.elf elf32-avr)
LOAD linker stubs
