Archive member included because of file (symbol)

c:/program files (x86)/atmel/atmel studio 6.0/extensions/atmel/avrgcc/3.4.1.95/avrtoolchain/bin/../lib/gcc/avr/4.6.2/avr51\libgcc.a(_divmodhi4.o)
                              sources/CAN.o (__divmodhi4)
c:/program files (x86)/atmel/atmel studio 6.0/extensions/atmel/avrgcc/3.4.1.95/avrtoolchain/bin/../lib/gcc/avr/4.6.2/avr51\libgcc.a(_exit.o)
                              c:/program files (x86)/atmel/atmel studio 6.0/extensions/atmel/avrgcc/3.4.1.95/avrtoolchain/bin/../lib/gcc/avr/4.6.2/../../../../avr/lib/avr51/crtcan128.o (exit)
c:/program files (x86)/atmel/atmel studio 6.0/extensions/atmel/avrgcc/3.4.1.95/avrtoolchain/bin/../lib/gcc/avr/4.6.2/avr51\libgcc.a(_copy_data.o)
                              main.o (__do_copy_data)
c:/program files (x86)/atmel/atmel studio 6.0/extensions/atmel/avrgcc/3.4.1.95/avrtoolchain/bin/../lib/gcc/avr/4.6.2/avr51\libgcc.a(_clear_bss.o)
                              main.o (__do_clear_bss)
c:/program files (x86)/atmel/atmel studio 6.0/extensions/atmel/avrgcc/3.4.1.95/avrtoolchain/bin/../lib/gcc/avr/4.6.2/avr51\libgcc.a(_udivmodhi4.o)
                              c:/program files (x86)/atmel/atmel studio 6.0/extensions/atmel/avrgcc/3.4.1.95/avrtoolchain/bin/../lib/gcc/avr/4.6.2/avr51\libgcc.a(_divmodhi4.o) (__udivmodhi4)

Allocating common symbols
Common symbol       size              file

event_queue         0x10              sources/Event.o
spi_second_byte_sent
                    0x1               sources/Display.o
display_ddram_bottom_row
                    0x1c              sources/Display.o
display_ddram_top_row
                    0x1c              sources/Display.o
led_pins            0xb               main.o
event_queue_head    0x1               sources/Event.o
led_state           0x2               main.o
can_queue           0xa               sources/CAN.o
led_port            0xb               main.o
led_dd              0xb               main.o
button_pressed_previous
                    0x2               sources/Button.o
can_queue_head      0x1               sources/CAN.o
spi_second_byte     0x1               sources/Display.o
can_Status          0x1               sources/CAN.o
address_counter     0x1               sources/Display.o
can_queue_tail      0x1               sources/CAN.o
event_queue_tail    0x1               sources/Event.o
button_pressed_current
                    0x2               sources/Button.o
can_rx              0x2               sources/CAN.o

Memory Configuration

Name             Origin             Length             Attributes
text             0x00000000         0x00020000         xr
data             0x00800100         0x0000ff00         rw !x
eeprom           0x00810000         0x00010000         rw !x
fuse             0x00820000         0x00000400         rw !x
lock             0x00830000         0x00000400         rw !x
signature        0x00840000         0x00000400         rw !x
*default*        0x00000000         0xffffffff

Linker script and memory map

Address of section .data set to 0x800100
LOAD c:/program files (x86)/atmel/atmel studio 6.0/extensions/atmel/avrgcc/3.4.1.95/avrtoolchain/bin/../lib/gcc/avr/4.6.2/../../../../avr/lib/avr51/crtcan128.o
LOAD main.o
LOAD sources/Button.o
LOAD sources/Buzzer.o
LOAD sources/CAN.o
LOAD sources/can_drv.o
LOAD sources/can_lib.o
LOAD sources/Display.o
LOAD sources/Error.o
LOAD sources/Event.o
LOAD sources/Led.o
LOAD sources/MyCommon.o
LOAD sources/spi_lib.o
LOAD sources/Timer.o
LOAD sources/WatchDog.o
START GROUP
LOAD c:/program files (x86)/atmel/atmel studio 6.0/extensions/atmel/avrgcc/3.4.1.95/avrtoolchain/bin/../lib/gcc/avr/4.6.2/../../../../avr/lib/avr51\libm.a
END GROUP
LOAD c:/program files (x86)/atmel/atmel studio 6.0/extensions/atmel/avrgcc/3.4.1.95/avrtoolchain/bin/../lib/gcc/avr/4.6.2/avr51\libgcc.a
LOAD c:/program files (x86)/atmel/atmel studio 6.0/extensions/atmel/avrgcc/3.4.1.95/avrtoolchain/bin/../lib/gcc/avr/4.6.2/../../../../avr/lib/avr51\libc.a
LOAD c:/program files (x86)/atmel/atmel studio 6.0/extensions/atmel/avrgcc/3.4.1.95/avrtoolchain/bin/../lib/gcc/avr/4.6.2/avr51\libgcc.a

.hash
 *(.hash)

.dynsym
 *(.dynsym)

.dynstr
 *(.dynstr)

.gnu.version
 *(.gnu.version)

.gnu.version_d
 *(.gnu.version_d)

.gnu.version_r
 *(.gnu.version_r)

.rel.init
 *(.rel.init)

.rela.init
 *(.rela.init)

.rel.text
 *(.rel.text)
 *(.rel.text.*)
 *(.rel.gnu.linkonce.t*)

.rela.text
 *(.rela.text)
 *(.rela.text.*)
 *(.rela.gnu.linkonce.t*)

.rel.fini
 *(.rel.fini)

.rela.fini
 *(.rela.fini)

.rel.rodata
 *(.rel.rodata)
 *(.rel.rodata.*)
 *(.rel.gnu.linkonce.r*)

.rela.rodata
 *(.rela.rodata)
 *(.rela.rodata.*)
 *(.rela.gnu.linkonce.r*)

.rel.data
 *(.rel.data)
 *(.rel.data.*)
 *(.rel.gnu.linkonce.d*)

.rela.data
 *(.rela.data)
 *(.rela.data.*)
 *(.rela.gnu.linkonce.d*)

.rel.ctors
 *(.rel.ctors)

.rela.ctors
 *(.rela.ctors)

.rel.dtors
 *(.rel.dtors)

.rela.dtors
 *(.rela.dtors)

.rel.got
 *(.rel.got)

.rela.got
 *(.rela.got)

.rel.bss
 *(.rel.bss)

.rela.bss
 *(.rela.bss)

.rel.plt
 *(.rel.plt)

.rela.plt
 *(.rela.plt)

.text           0x00000000     0x2150
 *(.vectors)
 .vectors       0x00000000       0x94 c:/program files (x86)/atmel/atmel studio 6.0/extensions/atmel/avrgcc/3.4.1.95/avrtoolchain/bin/../lib/gcc/avr/4.6.2/../../../../avr/lib/avr51/crtcan128.o
                0x00000000                __vector_default
                0x00000000                __vectors
 *(.vectors)
 *(.progmem.gcc*)
 *(.progmem*)
                0x00000094                . = ALIGN (0x2)
                0x00000094                __trampolines_start = .
 *(.trampolines)
 .trampolines   0x00000094        0x0 linker stubs
 *(.trampolines*)
                0x00000094                __trampolines_end = .
 *(.jumptables)
 *(.jumptables*)
 *(.lowtext)
 *(.lowtext*)
                0x00000094                __ctors_start = .
 *(.ctors)
                0x00000094                __ctors_end = .
                0x00000094                __dtors_start = .
 *(.dtors)
                0x00000094                __dtors_end = .
 SORT(*)(.ctors)
 SORT(*)(.dtors)
 *(.init0)
 .init0         0x00000094        0x0 c:/program files (x86)/atmel/atmel studio 6.0/extensions/atmel/avrgcc/3.4.1.95/avrtoolchain/bin/../lib/gcc/avr/4.6.2/../../../../avr/lib/avr51/crtcan128.o
                0x00000094                __init
 *(.init0)
 *(.init1)
 *(.init1)
 *(.init2)
 .init2         0x00000094        0xc c:/program files (x86)/atmel/atmel studio 6.0/extensions/atmel/avrgcc/3.4.1.95/avrtoolchain/bin/../lib/gcc/avr/4.6.2/../../../../avr/lib/avr51/crtcan128.o
 *(.init2)
 *(.init3)
 *(.init3)
 *(.init4)
 .init4         0x000000a0       0x1c c:/program files (x86)/atmel/atmel studio 6.0/extensions/atmel/avrgcc/3.4.1.95/avrtoolchain/bin/../lib/gcc/avr/4.6.2/avr51\libgcc.a(_copy_data.o)
                0x000000a0                __do_copy_data
 .init4         0x000000bc       0x10 c:/program files (x86)/atmel/atmel studio 6.0/extensions/atmel/avrgcc/3.4.1.95/avrtoolchain/bin/../lib/gcc/avr/4.6.2/avr51\libgcc.a(_clear_bss.o)
                0x000000bc                __do_clear_bss
 *(.init4)
 *(.init5)
 *(.init5)
 *(.init6)
 *(.init6)
 *(.init7)
 *(.init7)
 *(.init8)
 *(.init8)
 *(.init9)
 .init9         0x000000cc        0x8 c:/program files (x86)/atmel/atmel studio 6.0/extensions/atmel/avrgcc/3.4.1.95/avrtoolchain/bin/../lib/gcc/avr/4.6.2/../../../../avr/lib/avr51/crtcan128.o
 *(.init9)
 *(.text)
 .text          0x000000d4        0x4 c:/program files (x86)/atmel/atmel studio 6.0/extensions/atmel/avrgcc/3.4.1.95/avrtoolchain/bin/../lib/gcc/avr/4.6.2/../../../../avr/lib/avr51/crtcan128.o
                0x000000d4                __vector_22
                0x000000d4                __vector_1
                0x000000d4                __vector_32
                0x000000d4                __vector_34
                0x000000d4                __vector_24
                0x000000d4                __bad_interrupt
                0x000000d4                __vector_6
                0x000000d4                __vector_35
                0x000000d4                __vector_3
                0x000000d4                __vector_23
                0x000000d4                __vector_25
                0x000000d4                __vector_11
                0x000000d4                __vector_19
                0x000000d4                __vector_7
                0x000000d4                __vector_27
                0x000000d4                __vector_5
                0x000000d4                __vector_33
                0x000000d4                __vector_4
                0x000000d4                __vector_9
                0x000000d4                __vector_2
                0x000000d4                __vector_21
                0x000000d4                __vector_36
                0x000000d4                __vector_8
                0x000000d4                __vector_26
                0x000000d4                __vector_10
                0x000000d4                __vector_20
 .text          0x000000d8        0xc main.o
                0x000000d8                main
 .text          0x000000e4      0x11e sources/Button.o
                0x000000e4                button_read_col
                0x00000154                button_init
                0x00000190                button_multiplex_cycle
                0x000001e8                button_get_button_state
 .text          0x00000202       0x46 sources/Buzzer.o
                0x00000202                buzzer_init
                0x00000206                buzzer_on
                0x0000020a                buzzer_off
                0x0000020e                buzzer_buzz
                0x00000246                buzzer_puls
 .text          0x00000248      0x2a0 sources/CAN.o
                0x00000248                __vector_18
                0x000002d8                CANInit
                0x0000030e                CANGetStruct
                0x00000330                CANStartRx
                0x0000034c                CANGetData
                0x0000035c                CANSendData
                0x000003d6                CANAddSendData
                0x00000424                CANGetCurrentTx
                0x00000438                CANSendNext
                0x00000476                CANAbortCMD
                0x000004be                CANRestartReceive
 .text          0x000004e8      0x516 sources/can_drv.o
                0x000004e8                can_clear_all_mob
                0x0000050c                can_get_mob_free
                0x0000054c                can_get_mob_status
                0x00000572                can_get_data
                0x000005b6                can_auto_baudrate
                0x000009c8                Can_conf_bt_flex
                0x000009d8                can_fixed_baudrate
 .text          0x000009fe      0xd80 sources/can_lib.o
                0x00000a46                can_init
                0x00000a64                can_off
                0x00000a70                can_cmd
                0x00001624                can_get_status
 .text          0x0000177e        0xa sources/Display.o
                0x0000177e                display_write_data
                0x00001780                display_init
 .text          0x00001788       0x2a sources/Error.o
                0x00001788                InitError
                0x00001796                AddError
                0x000017a6                ClearErrors
 .text          0x000017b2      0x178 sources/Event.o
                0x000017b2                EventInit
                0x000017bc                EventAddEvent
                0x000017f8                EventGetNextEvent
                0x00001814                EventHandleEvent
 .text          0x0000192a      0x29a sources/Led.o
                0x0000192a                led_set
                0x0000198c                led_clear
                0x00001a0c                led_is_set
                0x00001ae8                led_toggle
                0x00001b06                led_state_set
                0x00001b50                led_init
                0x00001b8a                led_state_return
 .text          0x00001bc4       0x62 sources/MyCommon.o
                0x00001bc4                ports_init
                0x00001bf4                main_init
                0x00001c24                main_deinit
 .text          0x00001c26       0xda sources/spi_lib.o
                0x00001c26                spi_init
                0x00001c5a                spi_test_hit
                0x00001c60                spi_putchar
                0x00001c6a                spi_getchar
                0x00001c74                spi_transmit_master
                0x00001c7e                spi_write_buffer
 .text          0x00001d00      0x3d2 sources/Timer.o
                0x00001d00                __vector_16
                0x00001d14                __vector_17
                0x00001d28                __vector_12
                0x00001d8a                __vector_13
                0x00001dec                __vector_14
                0x00001e4e                __vector_28
                0x00001eb0                __vector_29
                0x00001f12                __vector_30
                0x00001f74                __vector_15
                0x00001f88                __vector_31
                0x00001f9c                Timer1_init
                0x00001fa6                Timer3_init
                0x00001fb0                TIMER_Timer1_OCR1A_on
                0x00001fd0                TIMER_Timer1_OCR1B_on
                0x00001ff0                TIMER_Timer1_OCR1C_on
                0x00002010                TIMER_Timer3_OCR3A_on
                0x00002030                TIMER_Timer3_OCR3B_on
                0x00002050                TIMER_Timer3_OCR3C_on
                0x00002070                TIMER_SetPWMVal
 .text          0x000020d2       0x2c sources/WatchDog.o
                0x000020d2                InitWDT
                0x000020ea                CheckWDT
 .text          0x000020fe        0x0 c:/program files (x86)/atmel/atmel studio 6.0/extensions/atmel/avrgcc/3.4.1.95/avrtoolchain/bin/../lib/gcc/avr/4.6.2/avr51\libgcc.a(_divmodhi4.o)
 .text          0x000020fe        0x0 c:/program files (x86)/atmel/atmel studio 6.0/extensions/atmel/avrgcc/3.4.1.95/avrtoolchain/bin/../lib/gcc/avr/4.6.2/avr51\libgcc.a(_exit.o)
 .text          0x000020fe        0x0 c:/program files (x86)/atmel/atmel studio 6.0/extensions/atmel/avrgcc/3.4.1.95/avrtoolchain/bin/../lib/gcc/avr/4.6.2/avr51\libgcc.a(_copy_data.o)
 .text          0x000020fe        0x0 c:/program files (x86)/atmel/atmel studio 6.0/extensions/atmel/avrgcc/3.4.1.95/avrtoolchain/bin/../lib/gcc/avr/4.6.2/avr51\libgcc.a(_clear_bss.o)
 .text          0x000020fe        0x0 c:/program files (x86)/atmel/atmel studio 6.0/extensions/atmel/avrgcc/3.4.1.95/avrtoolchain/bin/../lib/gcc/avr/4.6.2/avr51\libgcc.a(_udivmodhi4.o)
                0x000020fe                . = ALIGN (0x2)
 *(.text.*)
 .text.libgcc   0x000020fe       0x26 c:/program files (x86)/atmel/atmel studio 6.0/extensions/atmel/avrgcc/3.4.1.95/avrtoolchain/bin/../lib/gcc/avr/4.6.2/avr51\libgcc.a(_divmodhi4.o)
                0x000020fe                _div
                0x000020fe                __divmodhi4
 .text.libgcc   0x00002124        0x0 c:/program files (x86)/atmel/atmel studio 6.0/extensions/atmel/avrgcc/3.4.1.95/avrtoolchain/bin/../lib/gcc/avr/4.6.2/avr51\libgcc.a(_exit.o)
 .text.libgcc   0x00002124        0x0 c:/program files (x86)/atmel/atmel studio 6.0/extensions/atmel/avrgcc/3.4.1.95/avrtoolchain/bin/../lib/gcc/avr/4.6.2/avr51\libgcc.a(_copy_data.o)
 .text.libgcc   0x00002124        0x0 c:/program files (x86)/atmel/atmel studio 6.0/extensions/atmel/avrgcc/3.4.1.95/avrtoolchain/bin/../lib/gcc/avr/4.6.2/avr51\libgcc.a(_clear_bss.o)
 .text.libgcc   0x00002124       0x28 c:/program files (x86)/atmel/atmel studio 6.0/extensions/atmel/avrgcc/3.4.1.95/avrtoolchain/bin/../lib/gcc/avr/4.6.2/avr51\libgcc.a(_udivmodhi4.o)
                0x00002124                __udivmodhi4
                0x0000214c                . = ALIGN (0x2)
 *(.fini9)
 .fini9         0x0000214c        0x0 c:/program files (x86)/atmel/atmel studio 6.0/extensions/atmel/avrgcc/3.4.1.95/avrtoolchain/bin/../lib/gcc/avr/4.6.2/avr51\libgcc.a(_exit.o)
                0x0000214c                _exit
                0x0000214c                exit
 *(.fini9)
 *(.fini8)
 *(.fini8)
 *(.fini7)
 *(.fini7)
 *(.fini6)
 *(.fini6)
 *(.fini5)
 *(.fini5)
 *(.fini4)
 *(.fini4)
 *(.fini3)
 *(.fini3)
 *(.fini2)
 *(.fini2)
 *(.fini1)
 *(.fini1)
 *(.fini0)
 .fini0         0x0000214c        0x4 c:/program files (x86)/atmel/atmel studio 6.0/extensions/atmel/avrgcc/3.4.1.95/avrtoolchain/bin/../lib/gcc/avr/4.6.2/avr51\libgcc.a(_exit.o)
 *(.fini0)
                0x00002150                _etext = .

.data           0x00800100       0x14 load address 0x00002150
                0x00800100                PROVIDE (__data_start, .)
 *(.data)
 .data          0x00800100        0x0 c:/program files (x86)/atmel/atmel studio 6.0/extensions/atmel/avrgcc/3.4.1.95/avrtoolchain/bin/../lib/gcc/avr/4.6.2/../../../../avr/lib/avr51/crtcan128.o
 .data          0x00800100        0x0 main.o
 .data          0x00800100        0x0 sources/Button.o
 .data          0x00800100        0x0 sources/Buzzer.o
 .data          0x00800100        0x0 sources/CAN.o
 .data          0x00800100        0x0 sources/can_drv.o
 .data          0x00800100        0x0 sources/can_lib.o
 .data          0x00800100       0x14 sources/Display.o
                0x00800100                test
 .data          0x00800114        0x0 sources/Error.o
 .data          0x00800114        0x0 sources/Event.o
 .data          0x00800114        0x0 sources/Led.o
 .data          0x00800114        0x0 sources/MyCommon.o
 .data          0x00800114        0x0 sources/spi_lib.o
 .data          0x00800114        0x0 sources/Timer.o
 .data          0x00800114        0x0 sources/WatchDog.o
 .data          0x00800114        0x0 c:/program files (x86)/atmel/atmel studio 6.0/extensions/atmel/avrgcc/3.4.1.95/avrtoolchain/bin/../lib/gcc/avr/4.6.2/avr51\libgcc.a(_divmodhi4.o)
 .data          0x00800114        0x0 c:/program files (x86)/atmel/atmel studio 6.0/extensions/atmel/avrgcc/3.4.1.95/avrtoolchain/bin/../lib/gcc/avr/4.6.2/avr51\libgcc.a(_exit.o)
 .data          0x00800114        0x0 c:/program files (x86)/atmel/atmel studio 6.0/extensions/atmel/avrgcc/3.4.1.95/avrtoolchain/bin/../lib/gcc/avr/4.6.2/avr51\libgcc.a(_copy_data.o)
 .data          0x00800114        0x0 c:/program files (x86)/atmel/atmel studio 6.0/extensions/atmel/avrgcc/3.4.1.95/avrtoolchain/bin/../lib/gcc/avr/4.6.2/avr51\libgcc.a(_clear_bss.o)
 .data          0x00800114        0x0 c:/program files (x86)/atmel/atmel studio 6.0/extensions/atmel/avrgcc/3.4.1.95/avrtoolchain/bin/../lib/gcc/avr/4.6.2/avr51\libgcc.a(_udivmodhi4.o)
 *(.data*)
 *(.rodata)
 *(.rodata*)
 *(.gnu.linkonce.d*)
                0x00800114                . = ALIGN (0x2)
                0x00800114                _edata = .
                0x00800114                PROVIDE (__data_end, .)

.bss            0x00800114       0xd1
                0x00800114                PROVIDE (__bss_start, .)
 *(.bss)
 .bss           0x00800114        0x0 c:/program files (x86)/atmel/atmel studio 6.0/extensions/atmel/avrgcc/3.4.1.95/avrtoolchain/bin/../lib/gcc/avr/4.6.2/../../../../avr/lib/avr51/crtcan128.o
 .bss           0x00800114        0x0 main.o
 .bss           0x00800114        0x0 sources/Button.o
 .bss           0x00800114        0x0 sources/Buzzer.o
 .bss           0x00800114        0x0 sources/CAN.o
 .bss           0x00800114        0x0 sources/can_drv.o
 .bss           0x00800114        0x0 sources/can_lib.o
 .bss           0x00800114        0x0 sources/Display.o
 .bss           0x00800114        0x2 sources/Error.o
 .bss           0x00800116       0x48 sources/Event.o
 .bss           0x0080015e        0x0 sources/Led.o
 .bss           0x0080015e        0x0 sources/MyCommon.o
 .bss           0x0080015e        0x0 sources/spi_lib.o
 .bss           0x0080015e        0x4 sources/Timer.o
 .bss           0x00800162        0x0 sources/WatchDog.o
 .bss           0x00800162        0x0 c:/program files (x86)/atmel/atmel studio 6.0/extensions/atmel/avrgcc/3.4.1.95/avrtoolchain/bin/../lib/gcc/avr/4.6.2/avr51\libgcc.a(_divmodhi4.o)
 .bss           0x00800162        0x0 c:/program files (x86)/atmel/atmel studio 6.0/extensions/atmel/avrgcc/3.4.1.95/avrtoolchain/bin/../lib/gcc/avr/4.6.2/avr51\libgcc.a(_exit.o)
 .bss           0x00800162        0x0 c:/program files (x86)/atmel/atmel studio 6.0/extensions/atmel/avrgcc/3.4.1.95/avrtoolchain/bin/../lib/gcc/avr/4.6.2/avr51\libgcc.a(_copy_data.o)
 .bss           0x00800162        0x0 c:/program files (x86)/atmel/atmel studio 6.0/extensions/atmel/avrgcc/3.4.1.95/avrtoolchain/bin/../lib/gcc/avr/4.6.2/avr51\libgcc.a(_clear_bss.o)
 .bss           0x00800162        0x0 c:/program files (x86)/atmel/atmel studio 6.0/extensions/atmel/avrgcc/3.4.1.95/avrtoolchain/bin/../lib/gcc/avr/4.6.2/avr51\libgcc.a(_udivmodhi4.o)
 *(.bss*)
 *(COMMON)
 COMMON         0x00800162       0x23 main.o
                0x00800162                led_pins
                0x0080016d                led_state
                0x0080016f                led_port
                0x0080017a                led_dd
 COMMON         0x00800185        0x4 sources/Button.o
                0x00800185                button_pressed_previous
                0x00800187                button_pressed_current
 COMMON         0x00800189        0xf sources/CAN.o
                0x00800189                can_queue
                0x00800193                can_queue_head
                0x00800194                can_Status
                0x00800195                can_queue_tail
                0x00800196                can_rx
 COMMON         0x00800198       0x3b sources/Display.o
                0x00800198                spi_second_byte_sent
                0x00800199                display_ddram_bottom_row
                0x008001b5                display_ddram_top_row
                0x008001d1                spi_second_byte
                0x008001d2                address_counter
 COMMON         0x008001d3       0x12 sources/Event.o
                0x008001d3                event_queue
                0x008001e3                event_queue_head
                0x008001e4                event_queue_tail
                0x008001e5                PROVIDE (__bss_end, .)
                0x00002150                __data_load_start = LOADADDR (.data)
                0x00002164                __data_load_end = (__data_load_start + SIZEOF (.data))

.noinit         0x008001e5        0x0
                0x008001e5                PROVIDE (__noinit_start, .)
 *(.noinit*)
                0x008001e5                PROVIDE (__noinit_end, .)
                0x008001e5                _end = .
                0x008001e5                PROVIDE (__heap_start, .)

.eeprom         0x00810000        0x0
 *(.eeprom*)
                0x00810000                __eeprom_end = .

.fuse
 *(.fuse)
 *(.lfuse)
 *(.hfuse)
 *(.efuse)

.lock
 *(.lock*)

.signature
 *(.signature*)

.stab           0x00000000      0x6cc
 *(.stab)
 .stab          0x00000000      0x6cc c:/program files (x86)/atmel/atmel studio 6.0/extensions/atmel/avrgcc/3.4.1.95/avrtoolchain/bin/../lib/gcc/avr/4.6.2/../../../../avr/lib/avr51/crtcan128.o

.stabstr        0x00000000       0x85
 *(.stabstr)
 .stabstr       0x00000000       0x85 c:/program files (x86)/atmel/atmel studio 6.0/extensions/atmel/avrgcc/3.4.1.95/avrtoolchain/bin/../lib/gcc/avr/4.6.2/../../../../avr/lib/avr51/crtcan128.o

.stab.excl
 *(.stab.excl)

.stab.exclstr
 *(.stab.exclstr)

.stab.index
 *(.stab.index)

.stab.indexstr
 *(.stab.indexstr)

.comment
 *(.comment)

.debug
 *(.debug)

.line
 *(.line)

.debug_srcinfo
 *(.debug_srcinfo)

.debug_sfnames
 *(.debug_sfnames)

.debug_aranges  0x00000000      0x260
 *(.debug_aranges)
 .debug_aranges
                0x00000000       0x20 main.o
 .debug_aranges
                0x00000020       0x20 sources/Button.o
 .debug_aranges
                0x00000040       0x20 sources/Buzzer.o
 .debug_aranges
                0x00000060       0x20 sources/CAN.o
 .debug_aranges
                0x00000080       0x20 sources/can_drv.o
 .debug_aranges
                0x000000a0       0x20 sources/can_lib.o
 .debug_aranges
                0x000000c0       0x20 sources/Display.o
 .debug_aranges
                0x000000e0       0x20 sources/Error.o
 .debug_aranges
                0x00000100       0x20 sources/Event.o
 .debug_aranges
                0x00000120       0x20 sources/Led.o
 .debug_aranges
                0x00000140       0x20 sources/MyCommon.o
 .debug_aranges
                0x00000160       0x20 sources/spi_lib.o
 .debug_aranges
                0x00000180       0x20 sources/Timer.o
 .debug_aranges
                0x000001a0       0x20 sources/WatchDog.o
 .debug_aranges
                0x000001c0       0x20 c:/program files (x86)/atmel/atmel studio 6.0/extensions/atmel/avrgcc/3.4.1.95/avrtoolchain/bin/../lib/gcc/avr/4.6.2/avr51\libgcc.a(_divmodhi4.o)
 .debug_aranges
                0x000001e0       0x20 c:/program files (x86)/atmel/atmel studio 6.0/extensions/atmel/avrgcc/3.4.1.95/avrtoolchain/bin/../lib/gcc/avr/4.6.2/avr51\libgcc.a(_exit.o)
 .debug_aranges
                0x00000200       0x20 c:/program files (x86)/atmel/atmel studio 6.0/extensions/atmel/avrgcc/3.4.1.95/avrtoolchain/bin/../lib/gcc/avr/4.6.2/avr51\libgcc.a(_copy_data.o)
 .debug_aranges
                0x00000220       0x20 c:/program files (x86)/atmel/atmel studio 6.0/extensions/atmel/avrgcc/3.4.1.95/avrtoolchain/bin/../lib/gcc/avr/4.6.2/avr51\libgcc.a(_clear_bss.o)
 .debug_aranges
                0x00000240       0x20 c:/program files (x86)/atmel/atmel studio 6.0/extensions/atmel/avrgcc/3.4.1.95/avrtoolchain/bin/../lib/gcc/avr/4.6.2/avr51\libgcc.a(_udivmodhi4.o)

.debug_pubnames
 *(.debug_pubnames)

.debug_info     0x00000000     0x632b
 *(.debug_info)
 .debug_info    0x00000000      0x712 main.o
 .debug_info    0x00000712      0x146 sources/Button.o
 .debug_info    0x00000858      0x10e sources/Buzzer.o
 .debug_info    0x00000966      0x9a6 sources/CAN.o
 .debug_info    0x0000130c      0x9b3 sources/can_drv.o
 .debug_info    0x00001cbf      0x7e6 sources/can_lib.o
 .debug_info    0x000024a5      0x7a2 sources/Display.o
 .debug_info    0x00002c47      0x734 sources/Error.o
 .debug_info    0x0000337b      0x8d1 sources/Event.o
 .debug_info    0x00003c4c      0x204 sources/Led.o
 .debug_info    0x00003e50      0x77f sources/MyCommon.o
 .debug_info    0x000045cf      0x904 sources/spi_lib.o
 .debug_info    0x00004ed3      0x90c sources/Timer.o
 .debug_info    0x000057df      0x6f6 sources/WatchDog.o
 .debug_info    0x00005ed5       0xde c:/program files (x86)/atmel/atmel studio 6.0/extensions/atmel/avrgcc/3.4.1.95/avrtoolchain/bin/../lib/gcc/avr/4.6.2/avr51\libgcc.a(_divmodhi4.o)
 .debug_info    0x00005fb3       0xde c:/program files (x86)/atmel/atmel studio 6.0/extensions/atmel/avrgcc/3.4.1.95/avrtoolchain/bin/../lib/gcc/avr/4.6.2/avr51\libgcc.a(_exit.o)
 .debug_info    0x00006091       0xde c:/program files (x86)/atmel/atmel studio 6.0/extensions/atmel/avrgcc/3.4.1.95/avrtoolchain/bin/../lib/gcc/avr/4.6.2/avr51\libgcc.a(_copy_data.o)
 .debug_info    0x0000616f       0xde c:/program files (x86)/atmel/atmel studio 6.0/extensions/atmel/avrgcc/3.4.1.95/avrtoolchain/bin/../lib/gcc/avr/4.6.2/avr51\libgcc.a(_clear_bss.o)
 .debug_info    0x0000624d       0xde c:/program files (x86)/atmel/atmel studio 6.0/extensions/atmel/avrgcc/3.4.1.95/avrtoolchain/bin/../lib/gcc/avr/4.6.2/avr51\libgcc.a(_udivmodhi4.o)
 *(.gnu.linkonce.wi.*)

.debug_abbrev   0x00000000     0x1531
 *(.debug_abbrev)
 .debug_abbrev  0x00000000      0x138 main.o
 .debug_abbrev  0x00000138       0xe9 sources/Button.o
 .debug_abbrev  0x00000221       0xa5 sources/Buzzer.o
 .debug_abbrev  0x000002c6      0x1c8 sources/CAN.o
 .debug_abbrev  0x0000048e      0x202 sources/can_drv.o
 .debug_abbrev  0x00000690      0x1f1 sources/can_lib.o
 .debug_abbrev  0x00000881      0x178 sources/Display.o
 .debug_abbrev  0x000009f9      0x169 sources/Error.o
 .debug_abbrev  0x00000b62      0x1d9 sources/Event.o
 .debug_abbrev  0x00000d3b      0x11c sources/Led.o
 .debug_abbrev  0x00000e57      0x165 sources/MyCommon.o
 .debug_abbrev  0x00000fbc      0x257 sources/spi_lib.o
 .debug_abbrev  0x00001213      0x17e sources/Timer.o
 .debug_abbrev  0x00001391      0x13c sources/WatchDog.o
 .debug_abbrev  0x000014cd       0x14 c:/program files (x86)/atmel/atmel studio 6.0/extensions/atmel/avrgcc/3.4.1.95/avrtoolchain/bin/../lib/gcc/avr/4.6.2/avr51\libgcc.a(_divmodhi4.o)
 .debug_abbrev  0x000014e1       0x14 c:/program files (x86)/atmel/atmel studio 6.0/extensions/atmel/avrgcc/3.4.1.95/avrtoolchain/bin/../lib/gcc/avr/4.6.2/avr51\libgcc.a(_exit.o)
 .debug_abbrev  0x000014f5       0x14 c:/program files (x86)/atmel/atmel studio 6.0/extensions/atmel/avrgcc/3.4.1.95/avrtoolchain/bin/../lib/gcc/avr/4.6.2/avr51\libgcc.a(_copy_data.o)
 .debug_abbrev  0x00001509       0x14 c:/program files (x86)/atmel/atmel studio 6.0/extensions/atmel/avrgcc/3.4.1.95/avrtoolchain/bin/../lib/gcc/avr/4.6.2/avr51\libgcc.a(_clear_bss.o)
 .debug_abbrev  0x0000151d       0x14 c:/program files (x86)/atmel/atmel studio 6.0/extensions/atmel/avrgcc/3.4.1.95/avrtoolchain/bin/../lib/gcc/avr/4.6.2/avr51\libgcc.a(_udivmodhi4.o)

.debug_line     0x00000000     0x1a08
 *(.debug_line)
 .debug_line    0x00000000      0x122 main.o
 .debug_line    0x00000122      0x129 sources/Button.o
 .debug_line    0x0000024b       0xef sources/Buzzer.o
 .debug_line    0x0000033a      0x1ec sources/CAN.o
 .debug_line    0x00000526      0x312 sources/can_drv.o
 .debug_line    0x00000838      0x303 sources/can_lib.o
 .debug_line    0x00000b3b      0x188 sources/Display.o
 .debug_line    0x00000cc3       0xfa sources/Error.o
 .debug_line    0x00000dbd      0x168 sources/Event.o
 .debug_line    0x00000f25      0x16c sources/Led.o
 .debug_line    0x00001091      0x151 sources/MyCommon.o
 .debug_line    0x000011e2      0x27b sources/spi_lib.o
 .debug_line    0x0000145d      0x199 sources/Timer.o
 .debug_line    0x000015f6      0x133 sources/WatchDog.o
 .debug_line    0x00001729       0x99 c:/program files (x86)/atmel/atmel studio 6.0/extensions/atmel/avrgcc/3.4.1.95/avrtoolchain/bin/../lib/gcc/avr/4.6.2/avr51\libgcc.a(_divmodhi4.o)
 .debug_line    0x000017c2       0x88 c:/program files (x86)/atmel/atmel studio 6.0/extensions/atmel/avrgcc/3.4.1.95/avrtoolchain/bin/../lib/gcc/avr/4.6.2/avr51\libgcc.a(_exit.o)
 .debug_line    0x0000184a       0x96 c:/program files (x86)/atmel/atmel studio 6.0/extensions/atmel/avrgcc/3.4.1.95/avrtoolchain/bin/../lib/gcc/avr/4.6.2/avr51\libgcc.a(_copy_data.o)
 .debug_line    0x000018e0       0x8e c:/program files (x86)/atmel/atmel studio 6.0/extensions/atmel/avrgcc/3.4.1.95/avrtoolchain/bin/../lib/gcc/avr/4.6.2/avr51\libgcc.a(_clear_bss.o)
 .debug_line    0x0000196e       0x9a c:/program files (x86)/atmel/atmel studio 6.0/extensions/atmel/avrgcc/3.4.1.95/avrtoolchain/bin/../lib/gcc/avr/4.6.2/avr51\libgcc.a(_udivmodhi4.o)

.debug_frame    0x00000000      0x9bc
 *(.debug_frame)
 .debug_frame   0x00000000       0x24 main.o
 .debug_frame   0x00000024       0x60 sources/Button.o
 .debug_frame   0x00000084       0x6c sources/Buzzer.o
 .debug_frame   0x000000f0      0x128 sources/CAN.o
 .debug_frame   0x00000218       0xf0 sources/can_drv.o
 .debug_frame   0x00000308       0xa8 sources/can_lib.o
 .debug_frame   0x000003b0       0x34 sources/Display.o
 .debug_frame   0x000003e4       0x44 sources/Error.o
 .debug_frame   0x00000428       0x6c sources/Event.o
 .debug_frame   0x00000494       0xc0 sources/Led.o
 .debug_frame   0x00000554       0x44 sources/MyCommon.o
 .debug_frame   0x00000598       0xcc sources/spi_lib.o
 .debug_frame   0x00000664      0x324 sources/Timer.o
 .debug_frame   0x00000988       0x34 sources/WatchDog.o

.debug_str      0x00000000      0xe54
 *(.debug_str)
 .debug_str     0x00000000      0x493 main.o
                                0x4d5 (size before relaxing)
 .debug_str     0x00000493       0x98 sources/Button.o
                                0x171 (size before relaxing)
 .debug_str     0x0000052b       0x5d sources/Buzzer.o
                                0x12d (size before relaxing)
 .debug_str     0x00000588      0x244 sources/CAN.o
                                0x6dc (size before relaxing)
 .debug_str     0x000007cc      0x1a4 sources/can_drv.o
                                0x681 (size before relaxing)
 .debug_str     0x00000970       0x6d sources/can_lib.o
                                0x514 (size before relaxing)
 .debug_str     0x000009dd       0xb2 sources/Display.o
                                0x55b (size before relaxing)
 .debug_str     0x00000a8f       0x53 sources/Error.o
                                0x539 (size before relaxing)
 .debug_str     0x00000ae2       0x99 sources/Event.o
                                0x65c (size before relaxing)
 .debug_str     0x00000b7b       0x76 sources/Led.o
                                0x172 (size before relaxing)
 .debug_str     0x00000bf1       0x37 sources/MyCommon.o
                                0x599 (size before relaxing)
 .debug_str     0x00000c28       0xa5 sources/spi_lib.o
                                0x562 (size before relaxing)
 .debug_str     0x00000ccd      0x160 sources/Timer.o
                                0x6aa (size before relaxing)
 .debug_str     0x00000e2d       0x27 sources/WatchDog.o
                                0x51e (size before relaxing)

.debug_loc      0x00000000     0x19ea
 *(.debug_loc)
 .debug_loc     0x00000000       0x55 sources/Button.o
 .debug_loc     0x00000055       0x64 sources/Buzzer.o
 .debug_loc     0x000000b9      0x201 sources/CAN.o
 .debug_loc     0x000002ba      0x8a5 sources/can_drv.o
 .debug_loc     0x00000b5f      0x3f1 sources/can_lib.o
 .debug_loc     0x00000f50       0x2b sources/Error.o
 .debug_loc     0x00000f7b       0xb3 sources/Event.o
 .debug_loc     0x0000102e      0x25a sources/Led.o
 .debug_loc     0x00001288      0x1c6 sources/spi_lib.o
 .debug_loc     0x0000144e      0x59c sources/Timer.o

.debug_macinfo
 *(.debug_macinfo)
OUTPUT(Dashboard.elf elf32-avr)
LOAD linker stubs
