Archive member included because of file (symbol)

c:/program files (x86)/atmel/atmel studio 6.0/extensions/atmel/avrgcc/3.4.1.95/avrtoolchain/bin/../lib/gcc/avr/4.6.2/avr5\libgcc.a(_udivmodqi4.o)
                              sources/Display.o (__udivmodqi4)
c:/program files (x86)/atmel/atmel studio 6.0/extensions/atmel/avrgcc/3.4.1.95/avrtoolchain/bin/../lib/gcc/avr/4.6.2/avr5\libgcc.a(_divmodhi4.o)
                              sources/CAN.o (__divmodhi4)
c:/program files (x86)/atmel/atmel studio 6.0/extensions/atmel/avrgcc/3.4.1.95/avrtoolchain/bin/../lib/gcc/avr/4.6.2/avr5\libgcc.a(_exit.o)
                              c:/program files (x86)/atmel/atmel studio 6.0/extensions/atmel/avrgcc/3.4.1.95/avrtoolchain/bin/../lib/gcc/avr/4.6.2/../../../../avr/lib/avr5/crtcan32.o (exit)
c:/program files (x86)/atmel/atmel studio 6.0/extensions/atmel/avrgcc/3.4.1.95/avrtoolchain/bin/../lib/gcc/avr/4.6.2/avr5\libgcc.a(_copy_data.o)
                              main.o (__do_copy_data)
c:/program files (x86)/atmel/atmel studio 6.0/extensions/atmel/avrgcc/3.4.1.95/avrtoolchain/bin/../lib/gcc/avr/4.6.2/avr5\libgcc.a(_clear_bss.o)
                              main.o (__do_clear_bss)
c:/program files (x86)/atmel/atmel studio 6.0/extensions/atmel/avrgcc/3.4.1.95/avrtoolchain/bin/../lib/gcc/avr/4.6.2/avr5\libgcc.a(_udivmodhi4.o)
                              c:/program files (x86)/atmel/atmel studio 6.0/extensions/atmel/avrgcc/3.4.1.95/avrtoolchain/bin/../lib/gcc/avr/4.6.2/avr5\libgcc.a(_divmodhi4.o) (__udivmodhi4)

Allocating common symbols
Common symbol       size              file

event_queue         0x10              sources/Event.o
display_ddram_bottom_row
                    0x1c              sources/Display.o
display_ddram_top_row
                    0x1c              sources/Display.o
led_pins            0xb               main.o
event_queue_head    0x1               sources/Event.o
display_string      0x28              sources/Display.o
led_state           0x2               main.o
can_queue           0xa               sources/CAN.o
led_port            0xb               main.o
led_dd              0xb               main.o
button_pressed_previous
                    0x2               sources/Button.o
can_queue_head      0x1               sources/CAN.o
can_Status          0x1               sources/CAN.o
address_counter     0x1               sources/Display.o
selected_menu       0x1               sources/Display.o
can_queue_tail      0x1               sources/CAN.o
event_queue_tail    0x1               sources/Event.o
button_pressed_current
                    0x2               sources/Button.o
can_rx              0x2               sources/CAN.o

Memory Configuration

Name             Origin             Length             Attributes
text             0x00000000         0x00020000         xr
data             0x00800060         0x0000ffa0         rw !x
eeprom           0x00810000         0x00010000         rw !x
fuse             0x00820000         0x00000400         rw !x
lock             0x00830000         0x00000400         rw !x
signature        0x00840000         0x00000400         rw !x
*default*        0x00000000         0xffffffff

Linker script and memory map

Address of section .data set to 0x800100
LOAD c:/program files (x86)/atmel/atmel studio 6.0/extensions/atmel/avrgcc/3.4.1.95/avrtoolchain/bin/../lib/gcc/avr/4.6.2/../../../../avr/lib/avr5/crtcan32.o
LOAD main.o
LOAD sources/Button.o
LOAD sources/Buzzer.o
LOAD sources/CAN.o
LOAD sources/can_drv.o
LOAD sources/can_lib.o
LOAD sources/Display.o
LOAD sources/Error.o
LOAD sources/Event.o
LOAD sources/Led.o
LOAD sources/MyCommon.o
LOAD sources/Radio.o
LOAD sources/spi_lib.o
LOAD sources/Timer.o
LOAD sources/WatchDog.o
START GROUP
LOAD c:/program files (x86)/atmel/atmel studio 6.0/extensions/atmel/avrgcc/3.4.1.95/avrtoolchain/bin/../lib/gcc/avr/4.6.2/../../../../avr/lib/avr5\libm.a
END GROUP
LOAD c:/program files (x86)/atmel/atmel studio 6.0/extensions/atmel/avrgcc/3.4.1.95/avrtoolchain/bin/../lib/gcc/avr/4.6.2/avr5\libgcc.a
LOAD c:/program files (x86)/atmel/atmel studio 6.0/extensions/atmel/avrgcc/3.4.1.95/avrtoolchain/bin/../lib/gcc/avr/4.6.2/../../../../avr/lib/avr5\libc.a
LOAD c:/program files (x86)/atmel/atmel studio 6.0/extensions/atmel/avrgcc/3.4.1.95/avrtoolchain/bin/../lib/gcc/avr/4.6.2/avr5\libgcc.a

.hash
 *(.hash)

.dynsym
 *(.dynsym)

.dynstr
 *(.dynstr)

.gnu.version
 *(.gnu.version)

.gnu.version_d
 *(.gnu.version_d)

.gnu.version_r
 *(.gnu.version_r)

.rel.init
 *(.rel.init)

.rela.init
 *(.rela.init)

.rel.text
 *(.rel.text)
 *(.rel.text.*)
 *(.rel.gnu.linkonce.t*)

.rela.text
 *(.rela.text)
 *(.rela.text.*)
 *(.rela.gnu.linkonce.t*)

.rel.fini
 *(.rel.fini)

.rela.fini
 *(.rela.fini)

.rel.rodata
 *(.rel.rodata)
 *(.rel.rodata.*)
 *(.rel.gnu.linkonce.r*)

.rela.rodata
 *(.rela.rodata)
 *(.rela.rodata.*)
 *(.rela.gnu.linkonce.r*)

.rel.data
 *(.rel.data)
 *(.rel.data.*)
 *(.rel.gnu.linkonce.d*)

.rela.data
 *(.rela.data)
 *(.rela.data.*)
 *(.rela.gnu.linkonce.d*)

.rel.ctors
 *(.rel.ctors)

.rela.ctors
 *(.rela.ctors)

.rel.dtors
 *(.rel.dtors)

.rela.dtors
 *(.rela.dtors)

.rel.got
 *(.rel.got)

.rela.got
 *(.rela.got)

.rel.bss
 *(.rel.bss)

.rela.bss
 *(.rela.bss)

.rel.plt
 *(.rel.plt)

.rela.plt
 *(.rela.plt)

.text           0x00000000     0x286a
 *(.vectors)
 .vectors       0x00000000       0x94 c:/program files (x86)/atmel/atmel studio 6.0/extensions/atmel/avrgcc/3.4.1.95/avrtoolchain/bin/../lib/gcc/avr/4.6.2/../../../../avr/lib/avr5/crtcan32.o
                0x00000000                __vector_default
                0x00000000                __vectors
 *(.vectors)
 *(.progmem.gcc*)
 *(.progmem*)
                0x00000094                . = ALIGN (0x2)
                0x00000094                __trampolines_start = .
 *(.trampolines)
 .trampolines   0x00000094        0x0 linker stubs
 *(.trampolines*)
                0x00000094                __trampolines_end = .
 *(.jumptables)
 *(.jumptables*)
 *(.lowtext)
 *(.lowtext*)
                0x00000094                __ctors_start = .
 *(.ctors)
                0x00000094                __ctors_end = .
                0x00000094                __dtors_start = .
 *(.dtors)
                0x00000094                __dtors_end = .
 SORT(*)(.ctors)
 SORT(*)(.dtors)
 *(.init0)
 .init0         0x00000094        0x0 c:/program files (x86)/atmel/atmel studio 6.0/extensions/atmel/avrgcc/3.4.1.95/avrtoolchain/bin/../lib/gcc/avr/4.6.2/../../../../avr/lib/avr5/crtcan32.o
                0x00000094                __init
 *(.init0)
 *(.init1)
 *(.init1)
 *(.init2)
 .init2         0x00000094        0xc c:/program files (x86)/atmel/atmel studio 6.0/extensions/atmel/avrgcc/3.4.1.95/avrtoolchain/bin/../lib/gcc/avr/4.6.2/../../../../avr/lib/avr5/crtcan32.o
 *(.init2)
 *(.init3)
 *(.init3)
 *(.init4)
 .init4         0x000000a0       0x16 c:/program files (x86)/atmel/atmel studio 6.0/extensions/atmel/avrgcc/3.4.1.95/avrtoolchain/bin/../lib/gcc/avr/4.6.2/avr5\libgcc.a(_copy_data.o)
                0x000000a0                __do_copy_data
 .init4         0x000000b6       0x10 c:/program files (x86)/atmel/atmel studio 6.0/extensions/atmel/avrgcc/3.4.1.95/avrtoolchain/bin/../lib/gcc/avr/4.6.2/avr5\libgcc.a(_clear_bss.o)
                0x000000b6                __do_clear_bss
 *(.init4)
 *(.init5)
 *(.init5)
 *(.init6)
 *(.init6)
 *(.init7)
 *(.init7)
 *(.init8)
 *(.init8)
 *(.init9)
 .init9         0x000000c6        0x8 c:/program files (x86)/atmel/atmel studio 6.0/extensions/atmel/avrgcc/3.4.1.95/avrtoolchain/bin/../lib/gcc/avr/4.6.2/../../../../avr/lib/avr5/crtcan32.o
 *(.init9)
 *(.text)
 .text          0x000000ce        0x4 c:/program files (x86)/atmel/atmel studio 6.0/extensions/atmel/avrgcc/3.4.1.95/avrtoolchain/bin/../lib/gcc/avr/4.6.2/../../../../avr/lib/avr5/crtcan32.o
                0x000000ce                __vector_22
                0x000000ce                __vector_1
                0x000000ce                __vector_32
                0x000000ce                __vector_34
                0x000000ce                __vector_24
                0x000000ce                __bad_interrupt
                0x000000ce                __vector_6
                0x000000ce                __vector_35
                0x000000ce                __vector_3
                0x000000ce                __vector_23
                0x000000ce                __vector_25
                0x000000ce                __vector_11
                0x000000ce                __vector_19
                0x000000ce                __vector_7
                0x000000ce                __vector_27
                0x000000ce                __vector_5
                0x000000ce                __vector_33
                0x000000ce                __vector_4
                0x000000ce                __vector_9
                0x000000ce                __vector_2
                0x000000ce                __vector_21
                0x000000ce                __vector_36
                0x000000ce                __vector_8
                0x000000ce                __vector_26
                0x000000ce                __vector_10
                0x000000ce                __vector_20
 .text          0x000000d2        0xc main.o
                0x000000d2                main
 .text          0x000000de      0x1a4 sources/Button.o
                0x000000de                button_read_col
                0x0000016a                col1_input_high
                0x00000174                col2_input_high
                0x0000017e                col3_input_high
                0x00000188                col1_low
                0x0000018e                col2_low
                0x00000194                col3_low
                0x0000019a                button_init
                0x000001d2                button_multiplex_cycle
                0x00000268                button_get_button_state
 .text          0x00000282       0x48 sources/Buzzer.o
                0x00000282                buzzer_init
                0x00000288                buzzer_on
                0x0000028c                buzzer_off
                0x00000290                buzzer_buzz
                0x000002c8                buzzer_puls
 .text          0x000002ca      0x298 sources/CAN.o
                0x000002ca                __vector_18
                0x00000352                CANInit
                0x00000388                CANGetStruct
                0x000003aa                CANStartRx
                0x000003c6                CANGetData
                0x000003d6                CANSendData
                0x00000450                CANAddSendData
                0x0000049e                CANGetCurrentTx
                0x000004b2                CANSendNext
                0x000004f0                CANAbortCMD
                0x00000538                CANRestartReceive
 .text          0x00000562      0x516 sources/can_drv.o
                0x00000562                can_clear_all_mob
                0x00000586                can_get_mob_free
                0x000005c6                can_get_mob_status
                0x000005ec                can_get_data
                0x00000630                can_auto_baudrate
                0x00000a42                Can_conf_bt_flex
                0x00000a52                can_fixed_baudrate
 .text          0x00000a78      0xd80 sources/can_lib.o
                0x00000ac0                can_init
                0x00000ade                can_off
                0x00000aea                can_cmd
                0x0000169e                can_get_status
 .text          0x000017f8      0x78e sources/Display.o
                0x000017f8                display_make_display_line_percent
                0x00001860                display_make_display_line_min_av_max_volt
                0x000018f0                display_make_display_line_percent_bar
                0x000019d8                display_make_display_line_min_av_max_temp
                0x00001a68                display_make_display_line_lv_voltage
                0x00001aba                display_make_display_line_error
                0x00001bda                display_make_display_line_button_test
                0x00001c22                display_make_display_line_motor_temp
                0x00001d00                display_write_data
                0x00001d18                display_write_instruction
                0x00001d30                display_write_display_lines
                0x00001d9a                display_update
                0x00001f32                display_init
                0x00001f72                display_set_display_string
 .text          0x00001f86       0x2a sources/Error.o
                0x00001f86                InitError
                0x00001f94                AddError
                0x00001fa4                ClearErrors
 .text          0x00001fb0      0x186 sources/Event.o
                0x00001fb0                EventInit
                0x00001fba                EventAddEvent
                0x00001ff6                EventGetNextEvent
                0x00002012                Dashboard
                0x00002110                EventHandleEvent
 .text          0x00002136      0x284 sources/Led.o
                0x00002136                led_set
                0x00002198                led_clear
                0x00002202                led_is_set
                0x000022de                led_toggle
                0x000022fc                led_state_set
                0x00002346                led_init
                0x00002380                led_state_return
 .text          0x000023ba       0x6e sources/MyCommon.o
                0x000023ba                main_deinit
                0x000023bc                ports_init
                0x000023ec                main_init
 .text          0x00002428        0xe sources/Radio.o
                0x00002428                radio_init
                0x0000242e                radio_on
                0x00002432                radio_off
 .text          0x00002436       0x5e sources/spi_lib.o
                0x00002436                spi_init
                0x0000245c                spi_test_hit
                0x00002462                spi_putchar
                0x0000246c                spi_getchar
                0x00002476                spi_transmit_master
 .text          0x00002494      0x340 sources/Timer.o
                0x00002494                __vector_16
                0x000024a8                __vector_17
                0x000024bc                __vector_12
                0x00002516                __vector_13
                0x00002570                __vector_14
                0x000025ca                __vector_28
                0x00002624                __vector_29
                0x0000267e                __vector_30
                0x000026d8                __vector_15
                0x000026ec                __vector_31
                0x00002700                Timer1_init
                0x0000270a                Timer3_init
                0x00002714                TIMER_Timer1_OCR1A_on
                0x00002734                TIMER_Timer1_OCR1B_on
                0x00002754                TIMER_Timer1_OCR1C_on
                0x00002774                TIMER_Timer3_OCR3A_on
                0x00002794                TIMER_Timer3_OCR3B_on
                0x000027b4                TIMER_Timer3_OCR3C_on
 .text          0x000027d4       0x2c sources/WatchDog.o
                0x000027d4                InitWDT
                0x000027ec                CheckWDT
 .text          0x00002800        0x0 c:/program files (x86)/atmel/atmel studio 6.0/extensions/atmel/avrgcc/3.4.1.95/avrtoolchain/bin/../lib/gcc/avr/4.6.2/avr5\libgcc.a(_udivmodqi4.o)
 .text          0x00002800        0x0 c:/program files (x86)/atmel/atmel studio 6.0/extensions/atmel/avrgcc/3.4.1.95/avrtoolchain/bin/../lib/gcc/avr/4.6.2/avr5\libgcc.a(_divmodhi4.o)
 .text          0x00002800        0x0 c:/program files (x86)/atmel/atmel studio 6.0/extensions/atmel/avrgcc/3.4.1.95/avrtoolchain/bin/../lib/gcc/avr/4.6.2/avr5\libgcc.a(_exit.o)
 .text          0x00002800        0x0 c:/program files (x86)/atmel/atmel studio 6.0/extensions/atmel/avrgcc/3.4.1.95/avrtoolchain/bin/../lib/gcc/avr/4.6.2/avr5\libgcc.a(_copy_data.o)
 .text          0x00002800        0x0 c:/program files (x86)/atmel/atmel studio 6.0/extensions/atmel/avrgcc/3.4.1.95/avrtoolchain/bin/../lib/gcc/avr/4.6.2/avr5\libgcc.a(_clear_bss.o)
 .text          0x00002800        0x0 c:/program files (x86)/atmel/atmel studio 6.0/extensions/atmel/avrgcc/3.4.1.95/avrtoolchain/bin/../lib/gcc/avr/4.6.2/avr5\libgcc.a(_udivmodhi4.o)
                0x00002800                . = ALIGN (0x2)
 *(.text.*)
 .text.libgcc   0x00002800       0x18 c:/program files (x86)/atmel/atmel studio 6.0/extensions/atmel/avrgcc/3.4.1.95/avrtoolchain/bin/../lib/gcc/avr/4.6.2/avr5\libgcc.a(_udivmodqi4.o)
                0x00002800                __udivmodqi4
 .text.libgcc   0x00002818       0x26 c:/program files (x86)/atmel/atmel studio 6.0/extensions/atmel/avrgcc/3.4.1.95/avrtoolchain/bin/../lib/gcc/avr/4.6.2/avr5\libgcc.a(_divmodhi4.o)
                0x00002818                _div
                0x00002818                __divmodhi4
 .text.libgcc   0x0000283e        0x0 c:/program files (x86)/atmel/atmel studio 6.0/extensions/atmel/avrgcc/3.4.1.95/avrtoolchain/bin/../lib/gcc/avr/4.6.2/avr5\libgcc.a(_exit.o)
 .text.libgcc   0x0000283e        0x0 c:/program files (x86)/atmel/atmel studio 6.0/extensions/atmel/avrgcc/3.4.1.95/avrtoolchain/bin/../lib/gcc/avr/4.6.2/avr5\libgcc.a(_copy_data.o)
 .text.libgcc   0x0000283e        0x0 c:/program files (x86)/atmel/atmel studio 6.0/extensions/atmel/avrgcc/3.4.1.95/avrtoolchain/bin/../lib/gcc/avr/4.6.2/avr5\libgcc.a(_clear_bss.o)
 .text.libgcc   0x0000283e       0x28 c:/program files (x86)/atmel/atmel studio 6.0/extensions/atmel/avrgcc/3.4.1.95/avrtoolchain/bin/../lib/gcc/avr/4.6.2/avr5\libgcc.a(_udivmodhi4.o)
                0x0000283e                __udivmodhi4
                0x00002866                . = ALIGN (0x2)
 *(.fini9)
 .fini9         0x00002866        0x0 c:/program files (x86)/atmel/atmel studio 6.0/extensions/atmel/avrgcc/3.4.1.95/avrtoolchain/bin/../lib/gcc/avr/4.6.2/avr5\libgcc.a(_exit.o)
                0x00002866                _exit
                0x00002866                exit
 *(.fini9)
 *(.fini8)
 *(.fini8)
 *(.fini7)
 *(.fini7)
 *(.fini6)
 *(.fini6)
 *(.fini5)
 *(.fini5)
 *(.fini4)
 *(.fini4)
 *(.fini3)
 *(.fini3)
 *(.fini2)
 *(.fini2)
 *(.fini1)
 *(.fini1)
 *(.fini0)
 .fini0         0x00002866        0x4 c:/program files (x86)/atmel/atmel studio 6.0/extensions/atmel/avrgcc/3.4.1.95/avrtoolchain/bin/../lib/gcc/avr/4.6.2/avr5\libgcc.a(_exit.o)
 *(.fini0)
                0x0000286a                _etext = .

.data           0x00800100      0x230 load address 0x0000286a
                0x00800100                PROVIDE (__data_start, .)
 *(.data)
 .data          0x00800100        0x0 c:/program files (x86)/atmel/atmel studio 6.0/extensions/atmel/avrgcc/3.4.1.95/avrtoolchain/bin/../lib/gcc/avr/4.6.2/../../../../avr/lib/avr5/crtcan32.o
 .data          0x00800100        0x0 main.o
 .data          0x00800100        0x0 sources/Button.o
 .data          0x00800100        0x0 sources/Buzzer.o
 .data          0x00800100        0x0 sources/CAN.o
 .data          0x00800100        0x0 sources/can_drv.o
 .data          0x00800100        0x0 sources/can_lib.o
 .data          0x00800100      0x230 sources/Display.o
                0x00800114                test
                0x0080013c                display_line_blank
                0x00800150                display_line_buttons_pressed
                0x00800164                display_line_accleration_mode
                0x00800178                display_line_torque_vectoring
                0x0080018c                display_line_traction_control
                0x008001a0                display_line_motor_temp_rear
                0x008001b4                display_line_motor_temp_front
                0x008001c8                display_line_motor_power_rear
                0x008001dc                display_line_motor_power_front
                0x008001f0                display_line_lv_voltage
                0x00800204                display_line_cel_temp
                0x00800218                display_line_min_cv_max
                0x0080022c                display_line_soc
                0x00800240                display_line_error
                0x00800254                display_line_home
                0x00800268                display_line_error_bad_request_id
                0x0080027c                display_line_error_bpd
                0x00800290                display_line_error_imdf
                0x008002a4                display_line_error_imd
                0x008002b8                display_line_error_hvdi
                0x008002cc                display_line_error_pre_bots
                0x008002e0                display_line_error_pre_master
                0x008002f4                display_line_error_unknown_code
                0x00800308                display_line_error_sc_down
                0x0080031c                display_line_error_none
 .data          0x00800330        0x0 sources/Error.o
 .data          0x00800330        0x0 sources/Event.o
 .data          0x00800330        0x0 sources/Led.o
 .data          0x00800330        0x0 sources/MyCommon.o
 .data          0x00800330        0x0 sources/Radio.o
 .data          0x00800330        0x0 sources/spi_lib.o
 .data          0x00800330        0x0 sources/Timer.o
 .data          0x00800330        0x0 sources/WatchDog.o
 .data          0x00800330        0x0 c:/program files (x86)/atmel/atmel studio 6.0/extensions/atmel/avrgcc/3.4.1.95/avrtoolchain/bin/../lib/gcc/avr/4.6.2/avr5\libgcc.a(_udivmodqi4.o)
 .data          0x00800330        0x0 c:/program files (x86)/atmel/atmel studio 6.0/extensions/atmel/avrgcc/3.4.1.95/avrtoolchain/bin/../lib/gcc/avr/4.6.2/avr5\libgcc.a(_divmodhi4.o)
 .data          0x00800330        0x0 c:/program files (x86)/atmel/atmel studio 6.0/extensions/atmel/avrgcc/3.4.1.95/avrtoolchain/bin/../lib/gcc/avr/4.6.2/avr5\libgcc.a(_exit.o)
 .data          0x00800330        0x0 c:/program files (x86)/atmel/atmel studio 6.0/extensions/atmel/avrgcc/3.4.1.95/avrtoolchain/bin/../lib/gcc/avr/4.6.2/avr5\libgcc.a(_copy_data.o)
 .data          0x00800330        0x0 c:/program files (x86)/atmel/atmel studio 6.0/extensions/atmel/avrgcc/3.4.1.95/avrtoolchain/bin/../lib/gcc/avr/4.6.2/avr5\libgcc.a(_clear_bss.o)
 .data          0x00800330        0x0 c:/program files (x86)/atmel/atmel studio 6.0/extensions/atmel/avrgcc/3.4.1.95/avrtoolchain/bin/../lib/gcc/avr/4.6.2/avr5\libgcc.a(_udivmodhi4.o)
 *(.data*)
 *(.rodata)
 *(.rodata*)
 *(.gnu.linkonce.d*)
                0x00800330                . = ALIGN (0x2)
                0x00800330                _edata = .
                0x00800330                PROVIDE (__data_end, .)

.bss            0x00800330       0xdc
                0x00800330                PROVIDE (__bss_start, .)
 *(.bss)
 .bss           0x00800330        0x0 c:/program files (x86)/atmel/atmel studio 6.0/extensions/atmel/avrgcc/3.4.1.95/avrtoolchain/bin/../lib/gcc/avr/4.6.2/../../../../avr/lib/avr5/crtcan32.o
 .bss           0x00800330        0x0 main.o
 .bss           0x00800330        0x0 sources/Button.o
 .bss           0x00800330        0x0 sources/Buzzer.o
 .bss           0x00800330        0x0 sources/CAN.o
 .bss           0x00800330        0x0 sources/can_drv.o
 .bss           0x00800330        0x0 sources/can_lib.o
 .bss           0x00800330        0x0 sources/Display.o
 .bss           0x00800330        0x2 sources/Error.o
 .bss           0x00800332       0x30 sources/Event.o
 .bss           0x00800362        0x0 sources/Led.o
 .bss           0x00800362        0x0 sources/MyCommon.o
 .bss           0x00800362        0x0 sources/Radio.o
 .bss           0x00800362        0x0 sources/spi_lib.o
 .bss           0x00800362        0x0 sources/Timer.o
 .bss           0x00800362        0x0 sources/WatchDog.o
 .bss           0x00800362        0x0 c:/program files (x86)/atmel/atmel studio 6.0/extensions/atmel/avrgcc/3.4.1.95/avrtoolchain/bin/../lib/gcc/avr/4.6.2/avr5\libgcc.a(_udivmodqi4.o)
 .bss           0x00800362        0x0 c:/program files (x86)/atmel/atmel studio 6.0/extensions/atmel/avrgcc/3.4.1.95/avrtoolchain/bin/../lib/gcc/avr/4.6.2/avr5\libgcc.a(_divmodhi4.o)
 .bss           0x00800362        0x0 c:/program files (x86)/atmel/atmel studio 6.0/extensions/atmel/avrgcc/3.4.1.95/avrtoolchain/bin/../lib/gcc/avr/4.6.2/avr5\libgcc.a(_exit.o)
 .bss           0x00800362        0x0 c:/program files (x86)/atmel/atmel studio 6.0/extensions/atmel/avrgcc/3.4.1.95/avrtoolchain/bin/../lib/gcc/avr/4.6.2/avr5\libgcc.a(_copy_data.o)
 .bss           0x00800362        0x0 c:/program files (x86)/atmel/atmel studio 6.0/extensions/atmel/avrgcc/3.4.1.95/avrtoolchain/bin/../lib/gcc/avr/4.6.2/avr5\libgcc.a(_clear_bss.o)
 .bss           0x00800362        0x0 c:/program files (x86)/atmel/atmel studio 6.0/extensions/atmel/avrgcc/3.4.1.95/avrtoolchain/bin/../lib/gcc/avr/4.6.2/avr5\libgcc.a(_udivmodhi4.o)
 *(.bss*)
 *(COMMON)
 COMMON         0x00800362       0x23 main.o
                0x00800362                led_pins
                0x0080036d                led_state
                0x0080036f                led_port
                0x0080037a                led_dd
 COMMON         0x00800385        0x4 sources/Button.o
                0x00800385                button_pressed_previous
                0x00800387                button_pressed_current
 COMMON         0x00800389        0xf sources/CAN.o
                0x00800389                can_queue
                0x00800393                can_queue_head
                0x00800394                can_Status
                0x00800395                can_queue_tail
                0x00800396                can_rx
 COMMON         0x00800398       0x62 sources/Display.o
                0x00800398                display_ddram_bottom_row
                0x008003b4                display_ddram_top_row
                0x008003d0                display_string
                0x008003f8                address_counter
                0x008003f9                selected_menu
 COMMON         0x008003fa       0x12 sources/Event.o
                0x008003fa                event_queue
                0x0080040a                event_queue_head
                0x0080040b                event_queue_tail
                0x0080040c                PROVIDE (__bss_end, .)
                0x0000286a                __data_load_start = LOADADDR (.data)
                0x00002a9a                __data_load_end = (__data_load_start + SIZEOF (.data))

.noinit         0x0080040c        0x0
                0x0080040c                PROVIDE (__noinit_start, .)
 *(.noinit*)
                0x0080040c                PROVIDE (__noinit_end, .)
                0x0080040c                _end = .
                0x0080040c                PROVIDE (__heap_start, .)

.eeprom         0x00810000        0x0
 *(.eeprom*)
                0x00810000                __eeprom_end = .

.fuse
 *(.fuse)
 *(.lfuse)
 *(.hfuse)
 *(.efuse)

.lock
 *(.lock*)

.signature
 *(.signature*)

.stab           0x00000000      0x6cc
 *(.stab)
 .stab          0x00000000      0x6cc c:/program files (x86)/atmel/atmel studio 6.0/extensions/atmel/avrgcc/3.4.1.95/avrtoolchain/bin/../lib/gcc/avr/4.6.2/../../../../avr/lib/avr5/crtcan32.o

.stabstr        0x00000000       0x85
 *(.stabstr)
 .stabstr       0x00000000       0x85 c:/program files (x86)/atmel/atmel studio 6.0/extensions/atmel/avrgcc/3.4.1.95/avrtoolchain/bin/../lib/gcc/avr/4.6.2/../../../../avr/lib/avr5/crtcan32.o

.stab.excl
 *(.stab.excl)

.stab.exclstr
 *(.stab.exclstr)

.stab.index
 *(.stab.index)

.stab.indexstr
 *(.stab.indexstr)

.comment
 *(.comment)

.debug
 *(.debug)

.line
 *(.line)

.debug_srcinfo
 *(.debug_srcinfo)

.debug_sfnames
 *(.debug_sfnames)

.debug_aranges  0x00000000      0x2a0
 *(.debug_aranges)
 .debug_aranges
                0x00000000       0x20 main.o
 .debug_aranges
                0x00000020       0x20 sources/Button.o
 .debug_aranges
                0x00000040       0x20 sources/Buzzer.o
 .debug_aranges
                0x00000060       0x20 sources/CAN.o
 .debug_aranges
                0x00000080       0x20 sources/can_drv.o
 .debug_aranges
                0x000000a0       0x20 sources/can_lib.o
 .debug_aranges
                0x000000c0       0x20 sources/Display.o
 .debug_aranges
                0x000000e0       0x20 sources/Error.o
 .debug_aranges
                0x00000100       0x20 sources/Event.o
 .debug_aranges
                0x00000120       0x20 sources/Led.o
 .debug_aranges
                0x00000140       0x20 sources/MyCommon.o
 .debug_aranges
                0x00000160       0x20 sources/Radio.o
 .debug_aranges
                0x00000180       0x20 sources/spi_lib.o
 .debug_aranges
                0x000001a0       0x20 sources/Timer.o
 .debug_aranges
                0x000001c0       0x20 sources/WatchDog.o
 .debug_aranges
                0x000001e0       0x20 c:/program files (x86)/atmel/atmel studio 6.0/extensions/atmel/avrgcc/3.4.1.95/avrtoolchain/bin/../lib/gcc/avr/4.6.2/avr5\libgcc.a(_udivmodqi4.o)
 .debug_aranges
                0x00000200       0x20 c:/program files (x86)/atmel/atmel studio 6.0/extensions/atmel/avrgcc/3.4.1.95/avrtoolchain/bin/../lib/gcc/avr/4.6.2/avr5\libgcc.a(_divmodhi4.o)
 .debug_aranges
                0x00000220       0x20 c:/program files (x86)/atmel/atmel studio 6.0/extensions/atmel/avrgcc/3.4.1.95/avrtoolchain/bin/../lib/gcc/avr/4.6.2/avr5\libgcc.a(_exit.o)
 .debug_aranges
                0x00000240       0x20 c:/program files (x86)/atmel/atmel studio 6.0/extensions/atmel/avrgcc/3.4.1.95/avrtoolchain/bin/../lib/gcc/avr/4.6.2/avr5\libgcc.a(_copy_data.o)
 .debug_aranges
                0x00000260       0x20 c:/program files (x86)/atmel/atmel studio 6.0/extensions/atmel/avrgcc/3.4.1.95/avrtoolchain/bin/../lib/gcc/avr/4.6.2/avr5\libgcc.a(_clear_bss.o)
 .debug_aranges
                0x00000280       0x20 c:/program files (x86)/atmel/atmel studio 6.0/extensions/atmel/avrgcc/3.4.1.95/avrtoolchain/bin/../lib/gcc/avr/4.6.2/avr5\libgcc.a(_udivmodhi4.o)

.debug_pubnames
 *(.debug_pubnames)

.debug_info     0x00000000     0x4a72
 *(.debug_info)
 .debug_info    0x00000000      0x3fa main.o
 .debug_info    0x000003fa      0x26b sources/Button.o
 .debug_info    0x00000665      0x10e sources/Buzzer.o
 .debug_info    0x00000773      0x67c sources/CAN.o
 .debug_info    0x00000def      0x69b sources/can_drv.o
 .debug_info    0x0000148a      0x4ce sources/can_lib.o
 .debug_info    0x00001958      0xcbe sources/Display.o
 .debug_info    0x00002616      0x41c sources/Error.o
 .debug_info    0x00002a32      0x607 sources/Event.o
 .debug_info    0x00003039      0x204 sources/Led.o
 .debug_info    0x0000323d      0x4a3 sources/MyCommon.o
 .debug_info    0x000036e0       0xa8 sources/Radio.o
 .debug_info    0x00003788      0x452 sources/spi_lib.o
 .debug_info    0x00003bda      0x58c sources/Timer.o
 .debug_info    0x00004166      0x3de sources/WatchDog.o
 .debug_info    0x00004544       0xdd c:/program files (x86)/atmel/atmel studio 6.0/extensions/atmel/avrgcc/3.4.1.95/avrtoolchain/bin/../lib/gcc/avr/4.6.2/avr5\libgcc.a(_udivmodqi4.o)
 .debug_info    0x00004621       0xdd c:/program files (x86)/atmel/atmel studio 6.0/extensions/atmel/avrgcc/3.4.1.95/avrtoolchain/bin/../lib/gcc/avr/4.6.2/avr5\libgcc.a(_divmodhi4.o)
 .debug_info    0x000046fe       0xdd c:/program files (x86)/atmel/atmel studio 6.0/extensions/atmel/avrgcc/3.4.1.95/avrtoolchain/bin/../lib/gcc/avr/4.6.2/avr5\libgcc.a(_exit.o)
 .debug_info    0x000047db       0xdd c:/program files (x86)/atmel/atmel studio 6.0/extensions/atmel/avrgcc/3.4.1.95/avrtoolchain/bin/../lib/gcc/avr/4.6.2/avr5\libgcc.a(_copy_data.o)
 .debug_info    0x000048b8       0xdd c:/program files (x86)/atmel/atmel studio 6.0/extensions/atmel/avrgcc/3.4.1.95/avrtoolchain/bin/../lib/gcc/avr/4.6.2/avr5\libgcc.a(_clear_bss.o)
 .debug_info    0x00004995       0xdd c:/program files (x86)/atmel/atmel studio 6.0/extensions/atmel/avrgcc/3.4.1.95/avrtoolchain/bin/../lib/gcc/avr/4.6.2/avr5\libgcc.a(_udivmodhi4.o)
 *(.gnu.linkonce.wi.*)

.debug_abbrev   0x00000000     0x149e
 *(.debug_abbrev)
 .debug_abbrev  0x00000000      0x11a main.o
 .debug_abbrev  0x0000011a      0x11a sources/Button.o
 .debug_abbrev  0x00000234       0xa5 sources/Buzzer.o
 .debug_abbrev  0x000002d9      0x1aa sources/CAN.o
 .debug_abbrev  0x00000483      0x1e4 sources/can_drv.o
 .debug_abbrev  0x00000667      0x1d3 sources/can_lib.o
 .debug_abbrev  0x0000083a      0x28d sources/Display.o
 .debug_abbrev  0x00000ac7      0x14b sources/Error.o
 .debug_abbrev  0x00000c12      0x18e sources/Event.o
 .debug_abbrev  0x00000da0      0x11c sources/Led.o
 .debug_abbrev  0x00000ebc      0x145 sources/MyCommon.o
 .debug_abbrev  0x00001001       0x4c sources/Radio.o
 .debug_abbrev  0x0000104d      0x179 sources/spi_lib.o
 .debug_abbrev  0x000011c6      0x142 sources/Timer.o
 .debug_abbrev  0x00001308      0x11e sources/WatchDog.o
 .debug_abbrev  0x00001426       0x14 c:/program files (x86)/atmel/atmel studio 6.0/extensions/atmel/avrgcc/3.4.1.95/avrtoolchain/bin/../lib/gcc/avr/4.6.2/avr5\libgcc.a(_udivmodqi4.o)
 .debug_abbrev  0x0000143a       0x14 c:/program files (x86)/atmel/atmel studio 6.0/extensions/atmel/avrgcc/3.4.1.95/avrtoolchain/bin/../lib/gcc/avr/4.6.2/avr5\libgcc.a(_divmodhi4.o)
 .debug_abbrev  0x0000144e       0x14 c:/program files (x86)/atmel/atmel studio 6.0/extensions/atmel/avrgcc/3.4.1.95/avrtoolchain/bin/../lib/gcc/avr/4.6.2/avr5\libgcc.a(_exit.o)
 .debug_abbrev  0x00001462       0x14 c:/program files (x86)/atmel/atmel studio 6.0/extensions/atmel/avrgcc/3.4.1.95/avrtoolchain/bin/../lib/gcc/avr/4.6.2/avr5\libgcc.a(_copy_data.o)
 .debug_abbrev  0x00001476       0x14 c:/program files (x86)/atmel/atmel studio 6.0/extensions/atmel/avrgcc/3.4.1.95/avrtoolchain/bin/../lib/gcc/avr/4.6.2/avr5\libgcc.a(_clear_bss.o)
 .debug_abbrev  0x0000148a       0x14 c:/program files (x86)/atmel/atmel studio 6.0/extensions/atmel/avrgcc/3.4.1.95/avrtoolchain/bin/../lib/gcc/avr/4.6.2/avr5\libgcc.a(_udivmodhi4.o)

.debug_line     0x00000000     0x1bd4
 *(.debug_line)
 .debug_line    0x00000000      0x122 main.o
 .debug_line    0x00000122      0x14d sources/Button.o
 .debug_line    0x0000026f       0xf0 sources/Buzzer.o
 .debug_line    0x0000035f      0x1ec sources/CAN.o
 .debug_line    0x0000054b      0x312 sources/can_drv.o
 .debug_line    0x0000085d      0x303 sources/can_lib.o
 .debug_line    0x00000b60      0x2a3 sources/Display.o
 .debug_line    0x00000e03       0xfa sources/Error.o
 .debug_line    0x00000efd      0x184 sources/Event.o
 .debug_line    0x00001081      0x16c sources/Led.o
 .debug_line    0x000011ed      0x168 sources/MyCommon.o
 .debug_line    0x00001355       0xe1 sources/Radio.o
 .debug_line    0x00001436      0x17b sources/spi_lib.o
 .debug_line    0x000015b1      0x184 sources/Timer.o
 .debug_line    0x00001735      0x133 sources/WatchDog.o
 .debug_line    0x00001868       0x92 c:/program files (x86)/atmel/atmel studio 6.0/extensions/atmel/avrgcc/3.4.1.95/avrtoolchain/bin/../lib/gcc/avr/4.6.2/avr5\libgcc.a(_udivmodqi4.o)
 .debug_line    0x000018fa       0x99 c:/program files (x86)/atmel/atmel studio 6.0/extensions/atmel/avrgcc/3.4.1.95/avrtoolchain/bin/../lib/gcc/avr/4.6.2/avr5\libgcc.a(_divmodhi4.o)
 .debug_line    0x00001993       0x88 c:/program files (x86)/atmel/atmel studio 6.0/extensions/atmel/avrgcc/3.4.1.95/avrtoolchain/bin/../lib/gcc/avr/4.6.2/avr5\libgcc.a(_exit.o)
 .debug_line    0x00001a1b       0x91 c:/program files (x86)/atmel/atmel studio 6.0/extensions/atmel/avrgcc/3.4.1.95/avrtoolchain/bin/../lib/gcc/avr/4.6.2/avr5\libgcc.a(_copy_data.o)
 .debug_line    0x00001aac       0x8e c:/program files (x86)/atmel/atmel studio 6.0/extensions/atmel/avrgcc/3.4.1.95/avrtoolchain/bin/../lib/gcc/avr/4.6.2/avr5\libgcc.a(_clear_bss.o)
 .debug_line    0x00001b3a       0x9a c:/program files (x86)/atmel/atmel studio 6.0/extensions/atmel/avrgcc/3.4.1.95/avrtoolchain/bin/../lib/gcc/avr/4.6.2/avr5\libgcc.a(_udivmodhi4.o)

.debug_frame    0x00000000      0xb9c
 *(.debug_frame)
 .debug_frame   0x00000000       0x24 main.o
 .debug_frame   0x00000024       0xdc sources/Button.o
 .debug_frame   0x00000100       0x6c sources/Buzzer.o
 .debug_frame   0x0000016c      0x128 sources/CAN.o
 .debug_frame   0x00000294       0xf0 sources/can_drv.o
 .debug_frame   0x00000384       0xa8 sources/can_lib.o
 .debug_frame   0x0000042c      0x198 sources/Display.o
 .debug_frame   0x000005c4       0x44 sources/Error.o
 .debug_frame   0x00000608       0x84 sources/Event.o
 .debug_frame   0x0000068c       0xc0 sources/Led.o
 .debug_frame   0x0000074c       0x44 sources/MyCommon.o
 .debug_frame   0x00000790       0x44 sources/Radio.o
 .debug_frame   0x000007d4       0x80 sources/spi_lib.o
 .debug_frame   0x00000854      0x314 sources/Timer.o
 .debug_frame   0x00000b68       0x34 sources/WatchDog.o

.debug_str      0x00000000     0x1107
 *(.debug_str)
 .debug_str     0x00000000      0x2d7 main.o
                                0x319 (size before relaxing)
 .debug_str     0x000002d7       0xe3 sources/Button.o
                                0x1bc (size before relaxing)
 .debug_str     0x000003ba       0x5d sources/Buzzer.o
                                0x12d (size before relaxing)
 .debug_str     0x00000417      0x21f sources/CAN.o
                                0x4fb (size before relaxing)
 .debug_str     0x00000636      0x19f sources/can_drv.o
                                0x4c5 (size before relaxing)
 .debug_str     0x000007d5       0x6d sources/can_lib.o
                                0x358 (size before relaxing)
 .debug_str     0x00000842      0x527 sources/Display.o
                                0x885 (size before relaxing)
 .debug_str     0x00000d69       0x53 sources/Error.o
                                0x37d (size before relaxing)
 .debug_str     0x00000dbc       0x99 sources/Event.o
                                0x4dd (size before relaxing)
 .debug_str     0x00000e55       0x76 sources/Led.o
                                0x172 (size before relaxing)
 .debug_str     0x00000ecb       0x37 sources/MyCommon.o
                                0x3ff (size before relaxing)
 .debug_str     0x00000f02       0x31 sources/Radio.o
                                0x101 (size before relaxing)
 .debug_str     0x00000f33       0x6a sources/spi_lib.o
                                0x346 (size before relaxing)
 .debug_str     0x00000f9d      0x143 sources/Timer.o
                                0x4ac (size before relaxing)
 .debug_str     0x000010e0       0x27 sources/WatchDog.o
                                0x362 (size before relaxing)

.debug_loc      0x00000000     0x2fd2
 *(.debug_loc)
 .debug_loc     0x00000000       0xee sources/Button.o
 .debug_loc     0x000000ee       0x64 sources/Buzzer.o
 .debug_loc     0x00000152      0x201 sources/CAN.o
 .debug_loc     0x00000353      0x8a5 sources/can_drv.o
 .debug_loc     0x00000bf8      0x3f1 sources/can_lib.o
 .debug_loc     0x00000fe9     0x170e sources/Display.o
 .debug_loc     0x000026f7       0x2b sources/Error.o
 .debug_loc     0x00002722       0xcd sources/Event.o
 .debug_loc     0x000027ef      0x223 sources/Led.o
 .debug_loc     0x00002a12       0x42 sources/spi_lib.o
 .debug_loc     0x00002a54      0x57e sources/Timer.o

.debug_macinfo
 *(.debug_macinfo)
OUTPUT(Dashboard.elf elf32-avr)
LOAD linker stubs
