Archive member included because of file (symbol)

c:/program files (x86)/atmel/atmel studio 6.0/extensions/atmel/avrgcc/3.4.1.95/avrtoolchain/bin/../lib/gcc/avr/4.6.2/avr51\libgcc.a(_divmodhi4.o)
                              sources/CAN.o (__divmodhi4)
c:/program files (x86)/atmel/atmel studio 6.0/extensions/atmel/avrgcc/3.4.1.95/avrtoolchain/bin/../lib/gcc/avr/4.6.2/avr51\libgcc.a(_exit.o)
                              c:/program files (x86)/atmel/atmel studio 6.0/extensions/atmel/avrgcc/3.4.1.95/avrtoolchain/bin/../lib/gcc/avr/4.6.2/../../../../avr/lib/avr51/crtcan128.o (exit)
c:/program files (x86)/atmel/atmel studio 6.0/extensions/atmel/avrgcc/3.4.1.95/avrtoolchain/bin/../lib/gcc/avr/4.6.2/avr51\libgcc.a(_copy_data.o)
                              main.o (__do_copy_data)
c:/program files (x86)/atmel/atmel studio 6.0/extensions/atmel/avrgcc/3.4.1.95/avrtoolchain/bin/../lib/gcc/avr/4.6.2/avr51\libgcc.a(_clear_bss.o)
                              main.o (__do_clear_bss)
c:/program files (x86)/atmel/atmel studio 6.0/extensions/atmel/avrgcc/3.4.1.95/avrtoolchain/bin/../lib/gcc/avr/4.6.2/avr51\libgcc.a(_udivmodhi4.o)
                              c:/program files (x86)/atmel/atmel studio 6.0/extensions/atmel/avrgcc/3.4.1.95/avrtoolchain/bin/../lib/gcc/avr/4.6.2/avr51\libgcc.a(_divmodhi4.o) (__udivmodhi4)

Allocating common symbols
Common symbol       size              file

event_queue         0x10              sources/Event.o
display_ddram_bottom_row
                    0x1c              sources/Display.o
display_ddram_top_row
                    0x1c              sources/Display.o
led_pins            0xb               main.o
event_queue_head    0x1               sources/Event.o
led_state           0x2               main.o
can_queue           0xa               sources/CAN.o
led_port            0xb               main.o
led_dd              0xb               main.o
can_queue_head      0x1               sources/CAN.o
can_Status          0x1               sources/CAN.o
address_counter     0x1               sources/Display.o
button_pressed      0x2               sources/Button.o
can_queue_tail      0x1               sources/CAN.o
event_queue_tail    0x1               sources/Event.o
button_current      0x1               sources/Button.o
can_rx              0x2               sources/CAN.o

Memory Configuration

Name             Origin             Length             Attributes
text             0x00000000         0x00020000         xr
data             0x00800100         0x0000ff00         rw !x
eeprom           0x00810000         0x00010000         rw !x
fuse             0x00820000         0x00000400         rw !x
lock             0x00830000         0x00000400         rw !x
signature        0x00840000         0x00000400         rw !x
*default*        0x00000000         0xffffffff

Linker script and memory map

Address of section .data set to 0x800100
LOAD c:/program files (x86)/atmel/atmel studio 6.0/extensions/atmel/avrgcc/3.4.1.95/avrtoolchain/bin/../lib/gcc/avr/4.6.2/../../../../avr/lib/avr51/crtcan128.o
LOAD main.o
LOAD sources/Button.o
LOAD sources/Buzzer.o
LOAD sources/CAN.o
LOAD sources/can_drv.o
LOAD sources/can_lib.o
LOAD sources/Display.o
LOAD sources/Error.o
LOAD sources/Event.o
LOAD sources/Led.o
LOAD sources/MyCommon.o
LOAD sources/Timer.o
LOAD sources/WatchDog.o
START GROUP
LOAD c:/program files (x86)/atmel/atmel studio 6.0/extensions/atmel/avrgcc/3.4.1.95/avrtoolchain/bin/../lib/gcc/avr/4.6.2/../../../../avr/lib/avr51\libm.a
END GROUP
LOAD c:/program files (x86)/atmel/atmel studio 6.0/extensions/atmel/avrgcc/3.4.1.95/avrtoolchain/bin/../lib/gcc/avr/4.6.2/avr51\libgcc.a
LOAD c:/program files (x86)/atmel/atmel studio 6.0/extensions/atmel/avrgcc/3.4.1.95/avrtoolchain/bin/../lib/gcc/avr/4.6.2/../../../../avr/lib/avr51\libc.a
LOAD c:/program files (x86)/atmel/atmel studio 6.0/extensions/atmel/avrgcc/3.4.1.95/avrtoolchain/bin/../lib/gcc/avr/4.6.2/avr51\libgcc.a

.hash
 *(.hash)

.dynsym
 *(.dynsym)

.dynstr
 *(.dynstr)

.gnu.version
 *(.gnu.version)

.gnu.version_d
 *(.gnu.version_d)

.gnu.version_r
 *(.gnu.version_r)

.rel.init
 *(.rel.init)

.rela.init
 *(.rela.init)

.rel.text
 *(.rel.text)
 *(.rel.text.*)
 *(.rel.gnu.linkonce.t*)

.rela.text
 *(.rela.text)
 *(.rela.text.*)
 *(.rela.gnu.linkonce.t*)

.rel.fini
 *(.rel.fini)

.rela.fini
 *(.rela.fini)

.rel.rodata
 *(.rel.rodata)
 *(.rel.rodata.*)
 *(.rel.gnu.linkonce.r*)

.rela.rodata
 *(.rela.rodata)
 *(.rela.rodata.*)
 *(.rela.gnu.linkonce.r*)

.rel.data
 *(.rel.data)
 *(.rel.data.*)
 *(.rel.gnu.linkonce.d*)

.rela.data
 *(.rela.data)
 *(.rela.data.*)
 *(.rela.gnu.linkonce.d*)

.rel.ctors
 *(.rel.ctors)

.rela.ctors
 *(.rela.ctors)

.rel.dtors
 *(.rel.dtors)

.rela.dtors
 *(.rela.dtors)

.rel.got
 *(.rel.got)

.rela.got
 *(.rela.got)

.rel.bss
 *(.rel.bss)

.rela.bss
 *(.rela.bss)

.rel.plt
 *(.rel.plt)

.rela.plt
 *(.rela.plt)

.text           0x00000000     0x1f20
 *(.vectors)
 .vectors       0x00000000       0x94 c:/program files (x86)/atmel/atmel studio 6.0/extensions/atmel/avrgcc/3.4.1.95/avrtoolchain/bin/../lib/gcc/avr/4.6.2/../../../../avr/lib/avr51/crtcan128.o
                0x00000000                __vector_default
                0x00000000                __vectors
 *(.vectors)
 *(.progmem.gcc*)
 *(.progmem*)
                0x00000094                . = ALIGN (0x2)
                0x00000094                __trampolines_start = .
 *(.trampolines)
 .trampolines   0x00000094        0x0 linker stubs
 *(.trampolines*)
                0x00000094                __trampolines_end = .
 *(.jumptables)
 *(.jumptables*)
 *(.lowtext)
 *(.lowtext*)
                0x00000094                __ctors_start = .
 *(.ctors)
                0x00000094                __ctors_end = .
                0x00000094                __dtors_start = .
 *(.dtors)
                0x00000094                __dtors_end = .
 SORT(*)(.ctors)
 SORT(*)(.dtors)
 *(.init0)
 .init0         0x00000094        0x0 c:/program files (x86)/atmel/atmel studio 6.0/extensions/atmel/avrgcc/3.4.1.95/avrtoolchain/bin/../lib/gcc/avr/4.6.2/../../../../avr/lib/avr51/crtcan128.o
                0x00000094                __init
 *(.init0)
 *(.init1)
 *(.init1)
 *(.init2)
 .init2         0x00000094        0xc c:/program files (x86)/atmel/atmel studio 6.0/extensions/atmel/avrgcc/3.4.1.95/avrtoolchain/bin/../lib/gcc/avr/4.6.2/../../../../avr/lib/avr51/crtcan128.o
 *(.init2)
 *(.init3)
 *(.init3)
 *(.init4)
 .init4         0x000000a0       0x1c c:/program files (x86)/atmel/atmel studio 6.0/extensions/atmel/avrgcc/3.4.1.95/avrtoolchain/bin/../lib/gcc/avr/4.6.2/avr51\libgcc.a(_copy_data.o)
                0x000000a0                __do_copy_data
 .init4         0x000000bc       0x10 c:/program files (x86)/atmel/atmel studio 6.0/extensions/atmel/avrgcc/3.4.1.95/avrtoolchain/bin/../lib/gcc/avr/4.6.2/avr51\libgcc.a(_clear_bss.o)
                0x000000bc                __do_clear_bss
 *(.init4)
 *(.init5)
 *(.init5)
 *(.init6)
 *(.init6)
 *(.init7)
 *(.init7)
 *(.init8)
 *(.init8)
 *(.init9)
 .init9         0x000000cc        0x8 c:/program files (x86)/atmel/atmel studio 6.0/extensions/atmel/avrgcc/3.4.1.95/avrtoolchain/bin/../lib/gcc/avr/4.6.2/../../../../avr/lib/avr51/crtcan128.o
 *(.init9)
 *(.text)
 .text          0x000000d4        0x4 c:/program files (x86)/atmel/atmel studio 6.0/extensions/atmel/avrgcc/3.4.1.95/avrtoolchain/bin/../lib/gcc/avr/4.6.2/../../../../avr/lib/avr51/crtcan128.o
                0x000000d4                __vector_22
                0x000000d4                __vector_1
                0x000000d4                __vector_32
                0x000000d4                __vector_34
                0x000000d4                __vector_24
                0x000000d4                __bad_interrupt
                0x000000d4                __vector_6
                0x000000d4                __vector_35
                0x000000d4                __vector_3
                0x000000d4                __vector_23
                0x000000d4                __vector_25
                0x000000d4                __vector_11
                0x000000d4                __vector_19
                0x000000d4                __vector_7
                0x000000d4                __vector_27
                0x000000d4                __vector_5
                0x000000d4                __vector_33
                0x000000d4                __vector_4
                0x000000d4                __vector_9
                0x000000d4                __vector_2
                0x000000d4                __vector_21
                0x000000d4                __vector_36
                0x000000d4                __vector_8
                0x000000d4                __vector_26
                0x000000d4                __vector_10
                0x000000d4                __vector_20
 .text          0x000000d8       0x26 main.o
                0x000000d8                main
 .text          0x000000fe        0xa sources/Button.o
                0x000000fe                button_init
 .text          0x00000108       0x46 sources/Buzzer.o
                0x00000108                buzzer_init
                0x0000010c                buzzer_on
                0x00000110                buzzer_off
                0x00000114                buzzer_buzz
                0x0000014c                buzzer_puls
 .text          0x0000014e      0x2a0 sources/CAN.o
                0x0000014e                __vector_18
                0x000001de                CANInit
                0x00000214                CANGetStruct
                0x00000236                CANStartRx
                0x00000252                CANGetData
                0x00000262                CANSendData
                0x000002dc                CANAddSendData
                0x0000032a                CANGetCurrentTx
                0x0000033e                CANSendNext
                0x0000037c                CANAbortCMD
                0x000003c4                CANRestartReceive
 .text          0x000003ee      0x516 sources/can_drv.o
                0x000003ee                can_clear_all_mob
                0x00000412                can_get_mob_free
                0x00000452                can_get_mob_status
                0x00000478                can_get_data
                0x000004bc                can_auto_baudrate
                0x000008ce                Can_conf_bt_flex
                0x000008de                can_fixed_baudrate
 .text          0x00000904      0xd80 sources/can_lib.o
                0x0000094c                can_init
                0x0000096a                can_off
                0x00000976                can_cmd
                0x0000152a                can_get_status
 .text          0x00001684        0x4 sources/Display.o
                0x00001684                display_test
                0x00001686                display_init
 .text          0x00001688       0x2a sources/Error.o
                0x00001688                InitError
                0x00001696                AddError
                0x000016a6                ClearErrors
 .text          0x000016b2      0x178 sources/Event.o
                0x000016b2                EventInit
                0x000016bc                EventAddEvent
                0x000016f8                EventGetNextEvent
                0x00001714                EventHandleEvent
 .text          0x0000182a      0x1f8 sources/Led.o
                0x0000182a                led_set
                0x00001854                led_clear
                0x0000187c                led_state_set
                0x000018c6                led_init
                0x000019a4                led_is_set
                0x000019ca                led_state_return
                0x00001a04                led_toggle
 .text          0x00001a22       0x50 sources/MyCommon.o
                0x00001a22                main_init
                0x00001a70                main_deinit
 .text          0x00001a72      0x430 sources/Timer.o
                0x00001a72                __vector_16
                0x00001a86                __vector_17
                0x00001ad8                __vector_12
                0x00001b3a                __vector_13
                0x00001b9c                __vector_14
                0x00001bfe                __vector_28
                0x00001c60                __vector_29
                0x00001cc2                __vector_30
                0x00001d24                __vector_15
                0x00001d38                __vector_31
                0x00001d4c                Timer1_init
                0x00001d56                Timer3_init
                0x00001d60                TIMER_Timer1_OCR1A_on
                0x00001d80                TIMER_Timer1_OCR1B_on
                0x00001da0                TIMER_Timer1_OCR1C_on
                0x00001dc0                TIMER_Timer3_OCR3A_on
                0x00001de0                TIMER_Timer3_OCR3B_on
                0x00001e00                TIMER_Timer3_OCR3C_on
                0x00001e20                PWM_init
                0x00001e40                TIMER_SetPWMVal
 .text          0x00001ea2       0x2c sources/WatchDog.o
                0x00001ea2                InitWDT
                0x00001eba                CheckWDT
 .text          0x00001ece        0x0 c:/program files (x86)/atmel/atmel studio 6.0/extensions/atmel/avrgcc/3.4.1.95/avrtoolchain/bin/../lib/gcc/avr/4.6.2/avr51\libgcc.a(_divmodhi4.o)
 .text          0x00001ece        0x0 c:/program files (x86)/atmel/atmel studio 6.0/extensions/atmel/avrgcc/3.4.1.95/avrtoolchain/bin/../lib/gcc/avr/4.6.2/avr51\libgcc.a(_exit.o)
 .text          0x00001ece        0x0 c:/program files (x86)/atmel/atmel studio 6.0/extensions/atmel/avrgcc/3.4.1.95/avrtoolchain/bin/../lib/gcc/avr/4.6.2/avr51\libgcc.a(_copy_data.o)
 .text          0x00001ece        0x0 c:/program files (x86)/atmel/atmel studio 6.0/extensions/atmel/avrgcc/3.4.1.95/avrtoolchain/bin/../lib/gcc/avr/4.6.2/avr51\libgcc.a(_clear_bss.o)
 .text          0x00001ece        0x0 c:/program files (x86)/atmel/atmel studio 6.0/extensions/atmel/avrgcc/3.4.1.95/avrtoolchain/bin/../lib/gcc/avr/4.6.2/avr51\libgcc.a(_udivmodhi4.o)
                0x00001ece                . = ALIGN (0x2)
 *(.text.*)
 .text.libgcc   0x00001ece       0x26 c:/program files (x86)/atmel/atmel studio 6.0/extensions/atmel/avrgcc/3.4.1.95/avrtoolchain/bin/../lib/gcc/avr/4.6.2/avr51\libgcc.a(_divmodhi4.o)
                0x00001ece                _div
                0x00001ece                __divmodhi4
 .text.libgcc   0x00001ef4        0x0 c:/program files (x86)/atmel/atmel studio 6.0/extensions/atmel/avrgcc/3.4.1.95/avrtoolchain/bin/../lib/gcc/avr/4.6.2/avr51\libgcc.a(_exit.o)
 .text.libgcc   0x00001ef4        0x0 c:/program files (x86)/atmel/atmel studio 6.0/extensions/atmel/avrgcc/3.4.1.95/avrtoolchain/bin/../lib/gcc/avr/4.6.2/avr51\libgcc.a(_copy_data.o)
 .text.libgcc   0x00001ef4        0x0 c:/program files (x86)/atmel/atmel studio 6.0/extensions/atmel/avrgcc/3.4.1.95/avrtoolchain/bin/../lib/gcc/avr/4.6.2/avr51\libgcc.a(_clear_bss.o)
 .text.libgcc   0x00001ef4       0x28 c:/program files (x86)/atmel/atmel studio 6.0/extensions/atmel/avrgcc/3.4.1.95/avrtoolchain/bin/../lib/gcc/avr/4.6.2/avr51\libgcc.a(_udivmodhi4.o)
                0x00001ef4                __udivmodhi4
                0x00001f1c                . = ALIGN (0x2)
 *(.fini9)
 .fini9         0x00001f1c        0x0 c:/program files (x86)/atmel/atmel studio 6.0/extensions/atmel/avrgcc/3.4.1.95/avrtoolchain/bin/../lib/gcc/avr/4.6.2/avr51\libgcc.a(_exit.o)
                0x00001f1c                _exit
                0x00001f1c                exit
 *(.fini9)
 *(.fini8)
 *(.fini8)
 *(.fini7)
 *(.fini7)
 *(.fini6)
 *(.fini6)
 *(.fini5)
 *(.fini5)
 *(.fini4)
 *(.fini4)
 *(.fini3)
 *(.fini3)
 *(.fini2)
 *(.fini2)
 *(.fini1)
 *(.fini1)
 *(.fini0)
 .fini0         0x00001f1c        0x4 c:/program files (x86)/atmel/atmel studio 6.0/extensions/atmel/avrgcc/3.4.1.95/avrtoolchain/bin/../lib/gcc/avr/4.6.2/avr51\libgcc.a(_exit.o)
 *(.fini0)
                0x00001f20                _etext = .

.data           0x00800100       0x14 load address 0x00001f20
                0x00800100                PROVIDE (__data_start, .)
 *(.data)
 .data          0x00800100        0x0 c:/program files (x86)/atmel/atmel studio 6.0/extensions/atmel/avrgcc/3.4.1.95/avrtoolchain/bin/../lib/gcc/avr/4.6.2/../../../../avr/lib/avr51/crtcan128.o
 .data          0x00800100        0x0 main.o
 .data          0x00800100        0x0 sources/Button.o
 .data          0x00800100        0x0 sources/Buzzer.o
 .data          0x00800100        0x0 sources/CAN.o
 .data          0x00800100        0x0 sources/can_drv.o
 .data          0x00800100        0x0 sources/can_lib.o
 .data          0x00800100       0x14 sources/Display.o
                0x00800100                test
 .data          0x00800114        0x0 sources/Error.o
 .data          0x00800114        0x0 sources/Event.o
 .data          0x00800114        0x0 sources/Led.o
 .data          0x00800114        0x0 sources/MyCommon.o
 .data          0x00800114        0x0 sources/Timer.o
 .data          0x00800114        0x0 sources/WatchDog.o
 .data          0x00800114        0x0 c:/program files (x86)/atmel/atmel studio 6.0/extensions/atmel/avrgcc/3.4.1.95/avrtoolchain/bin/../lib/gcc/avr/4.6.2/avr51\libgcc.a(_divmodhi4.o)
 .data          0x00800114        0x0 c:/program files (x86)/atmel/atmel studio 6.0/extensions/atmel/avrgcc/3.4.1.95/avrtoolchain/bin/../lib/gcc/avr/4.6.2/avr51\libgcc.a(_exit.o)
 .data          0x00800114        0x0 c:/program files (x86)/atmel/atmel studio 6.0/extensions/atmel/avrgcc/3.4.1.95/avrtoolchain/bin/../lib/gcc/avr/4.6.2/avr51\libgcc.a(_copy_data.o)
 .data          0x00800114        0x0 c:/program files (x86)/atmel/atmel studio 6.0/extensions/atmel/avrgcc/3.4.1.95/avrtoolchain/bin/../lib/gcc/avr/4.6.2/avr51\libgcc.a(_clear_bss.o)
 .data          0x00800114        0x0 c:/program files (x86)/atmel/atmel studio 6.0/extensions/atmel/avrgcc/3.4.1.95/avrtoolchain/bin/../lib/gcc/avr/4.6.2/avr51\libgcc.a(_udivmodhi4.o)
 *(.data*)
 *(.rodata)
 *(.rodata*)
 *(.gnu.linkonce.d*)
                0x00800114                . = ALIGN (0x2)
                0x00800114                _edata = .
                0x00800114                PROVIDE (__data_end, .)

.bss            0x00800114       0xce
                0x00800114                PROVIDE (__bss_start, .)
 *(.bss)
 .bss           0x00800114        0x0 c:/program files (x86)/atmel/atmel studio 6.0/extensions/atmel/avrgcc/3.4.1.95/avrtoolchain/bin/../lib/gcc/avr/4.6.2/../../../../avr/lib/avr51/crtcan128.o
 .bss           0x00800114        0x0 main.o
 .bss           0x00800114        0x0 sources/Button.o
 .bss           0x00800114        0x0 sources/Buzzer.o
 .bss           0x00800114        0x0 sources/CAN.o
 .bss           0x00800114        0x0 sources/can_drv.o
 .bss           0x00800114        0x0 sources/can_lib.o
 .bss           0x00800114        0x0 sources/Display.o
 .bss           0x00800114        0x2 sources/Error.o
 .bss           0x00800116       0x48 sources/Event.o
 .bss           0x0080015e        0x0 sources/Led.o
 .bss           0x0080015e        0x0 sources/MyCommon.o
 .bss           0x0080015e        0x4 sources/Timer.o
 .bss           0x00800162        0x0 sources/WatchDog.o
 .bss           0x00800162        0x0 c:/program files (x86)/atmel/atmel studio 6.0/extensions/atmel/avrgcc/3.4.1.95/avrtoolchain/bin/../lib/gcc/avr/4.6.2/avr51\libgcc.a(_divmodhi4.o)
 .bss           0x00800162        0x0 c:/program files (x86)/atmel/atmel studio 6.0/extensions/atmel/avrgcc/3.4.1.95/avrtoolchain/bin/../lib/gcc/avr/4.6.2/avr51\libgcc.a(_exit.o)
 .bss           0x00800162        0x0 c:/program files (x86)/atmel/atmel studio 6.0/extensions/atmel/avrgcc/3.4.1.95/avrtoolchain/bin/../lib/gcc/avr/4.6.2/avr51\libgcc.a(_copy_data.o)
 .bss           0x00800162        0x0 c:/program files (x86)/atmel/atmel studio 6.0/extensions/atmel/avrgcc/3.4.1.95/avrtoolchain/bin/../lib/gcc/avr/4.6.2/avr51\libgcc.a(_clear_bss.o)
 .bss           0x00800162        0x0 c:/program files (x86)/atmel/atmel studio 6.0/extensions/atmel/avrgcc/3.4.1.95/avrtoolchain/bin/../lib/gcc/avr/4.6.2/avr51\libgcc.a(_udivmodhi4.o)
 *(.bss*)
 *(COMMON)
 COMMON         0x00800162       0x23 main.o
                0x00800162                led_pins
                0x0080016d                led_state
                0x0080016f                led_port
                0x0080017a                led_dd
 COMMON         0x00800185        0x3 sources/Button.o
                0x00800185                button_pressed
                0x00800187                button_current
 COMMON         0x00800188        0xf sources/CAN.o
                0x00800188                can_queue
                0x00800192                can_queue_head
                0x00800193                can_Status
                0x00800194                can_queue_tail
                0x00800195                can_rx
 COMMON         0x00800197       0x39 sources/Display.o
                0x00800197                display_ddram_bottom_row
                0x008001b3                display_ddram_top_row
                0x008001cf                address_counter
 COMMON         0x008001d0       0x12 sources/Event.o
                0x008001d0                event_queue
                0x008001e0                event_queue_head
                0x008001e1                event_queue_tail
                0x008001e2                PROVIDE (__bss_end, .)
                0x00001f20                __data_load_start = LOADADDR (.data)
                0x00001f34                __data_load_end = (__data_load_start + SIZEOF (.data))

.noinit         0x008001e2        0x0
                0x008001e2                PROVIDE (__noinit_start, .)
 *(.noinit*)
                0x008001e2                PROVIDE (__noinit_end, .)
                0x008001e2                _end = .
                0x008001e2                PROVIDE (__heap_start, .)

.eeprom         0x00810000        0x0
 *(.eeprom*)
                0x00810000                __eeprom_end = .

.fuse
 *(.fuse)
 *(.lfuse)
 *(.hfuse)
 *(.efuse)

.lock
 *(.lock*)

.signature
 *(.signature*)

.stab           0x00000000      0x6cc
 *(.stab)
 .stab          0x00000000      0x6cc c:/program files (x86)/atmel/atmel studio 6.0/extensions/atmel/avrgcc/3.4.1.95/avrtoolchain/bin/../lib/gcc/avr/4.6.2/../../../../avr/lib/avr51/crtcan128.o

.stabstr        0x00000000       0x85
 *(.stabstr)
 .stabstr       0x00000000       0x85 c:/program files (x86)/atmel/atmel studio 6.0/extensions/atmel/avrgcc/3.4.1.95/avrtoolchain/bin/../lib/gcc/avr/4.6.2/../../../../avr/lib/avr51/crtcan128.o

.stab.excl
 *(.stab.excl)

.stab.exclstr
 *(.stab.exclstr)

.stab.index
 *(.stab.index)

.stab.indexstr
 *(.stab.indexstr)

.comment
 *(.comment)

.debug
 *(.debug)

.line
 *(.line)

.debug_srcinfo
 *(.debug_srcinfo)

.debug_sfnames
 *(.debug_sfnames)

.debug_aranges  0x00000000      0x240
 *(.debug_aranges)
 .debug_aranges
                0x00000000       0x20 main.o
 .debug_aranges
                0x00000020       0x20 sources/Button.o
 .debug_aranges
                0x00000040       0x20 sources/Buzzer.o
 .debug_aranges
                0x00000060       0x20 sources/CAN.o
 .debug_aranges
                0x00000080       0x20 sources/can_drv.o
 .debug_aranges
                0x000000a0       0x20 sources/can_lib.o
 .debug_aranges
                0x000000c0       0x20 sources/Display.o
 .debug_aranges
                0x000000e0       0x20 sources/Error.o
 .debug_aranges
                0x00000100       0x20 sources/Event.o
 .debug_aranges
                0x00000120       0x20 sources/Led.o
 .debug_aranges
                0x00000140       0x20 sources/MyCommon.o
 .debug_aranges
                0x00000160       0x20 sources/Timer.o
 .debug_aranges
                0x00000180       0x20 sources/WatchDog.o
 .debug_aranges
                0x000001a0       0x20 c:/program files (x86)/atmel/atmel studio 6.0/extensions/atmel/avrgcc/3.4.1.95/avrtoolchain/bin/../lib/gcc/avr/4.6.2/avr51\libgcc.a(_divmodhi4.o)
 .debug_aranges
                0x000001c0       0x20 c:/program files (x86)/atmel/atmel studio 6.0/extensions/atmel/avrgcc/3.4.1.95/avrtoolchain/bin/../lib/gcc/avr/4.6.2/avr51\libgcc.a(_exit.o)
 .debug_aranges
                0x000001e0       0x20 c:/program files (x86)/atmel/atmel studio 6.0/extensions/atmel/avrgcc/3.4.1.95/avrtoolchain/bin/../lib/gcc/avr/4.6.2/avr51\libgcc.a(_copy_data.o)
 .debug_aranges
                0x00000200       0x20 c:/program files (x86)/atmel/atmel studio 6.0/extensions/atmel/avrgcc/3.4.1.95/avrtoolchain/bin/../lib/gcc/avr/4.6.2/avr51\libgcc.a(_clear_bss.o)
 .debug_aranges
                0x00000220       0x20 c:/program files (x86)/atmel/atmel studio 6.0/extensions/atmel/avrgcc/3.4.1.95/avrtoolchain/bin/../lib/gcc/avr/4.6.2/avr51\libgcc.a(_udivmodhi4.o)

.debug_pubnames
 *(.debug_pubnames)

.debug_info     0x00000000     0x5321
 *(.debug_info)
 .debug_info    0x00000000      0x72c main.o
 .debug_info    0x0000072c       0xba sources/Button.o
 .debug_info    0x000007e6      0x10e sources/Buzzer.o
 .debug_info    0x000008f4      0x9a6 sources/CAN.o
 .debug_info    0x0000129a      0x9b3 sources/can_drv.o
 .debug_info    0x00001c4d      0x7e6 sources/can_lib.o
 .debug_info    0x00002433      0x11e sources/Display.o
 .debug_info    0x00002551      0x734 sources/Error.o
 .debug_info    0x00002c85      0x8d1 sources/Event.o
 .debug_info    0x00003556      0x241 sources/Led.o
 .debug_info    0x00003797      0x71d sources/MyCommon.o
 .debug_info    0x00003eb4      0x921 sources/Timer.o
 .debug_info    0x000047d5      0x6f6 sources/WatchDog.o
 .debug_info    0x00004ecb       0xde c:/program files (x86)/atmel/atmel studio 6.0/extensions/atmel/avrgcc/3.4.1.95/avrtoolchain/bin/../lib/gcc/avr/4.6.2/avr51\libgcc.a(_divmodhi4.o)
 .debug_info    0x00004fa9       0xde c:/program files (x86)/atmel/atmel studio 6.0/extensions/atmel/avrgcc/3.4.1.95/avrtoolchain/bin/../lib/gcc/avr/4.6.2/avr51\libgcc.a(_exit.o)
 .debug_info    0x00005087       0xde c:/program files (x86)/atmel/atmel studio 6.0/extensions/atmel/avrgcc/3.4.1.95/avrtoolchain/bin/../lib/gcc/avr/4.6.2/avr51\libgcc.a(_copy_data.o)
 .debug_info    0x00005165       0xde c:/program files (x86)/atmel/atmel studio 6.0/extensions/atmel/avrgcc/3.4.1.95/avrtoolchain/bin/../lib/gcc/avr/4.6.2/avr51\libgcc.a(_clear_bss.o)
 .debug_info    0x00005243       0xde c:/program files (x86)/atmel/atmel studio 6.0/extensions/atmel/avrgcc/3.4.1.95/avrtoolchain/bin/../lib/gcc/avr/4.6.2/avr51\libgcc.a(_udivmodhi4.o)
 *(.gnu.linkonce.wi.*)

.debug_abbrev   0x00000000     0x1129
 *(.debug_abbrev)
 .debug_abbrev  0x00000000      0x149 main.o
 .debug_abbrev  0x00000149       0x6e sources/Button.o
 .debug_abbrev  0x000001b7       0xa5 sources/Buzzer.o
 .debug_abbrev  0x0000025c      0x1c8 sources/CAN.o
 .debug_abbrev  0x00000424      0x202 sources/can_drv.o
 .debug_abbrev  0x00000626      0x1f1 sources/can_lib.o
 .debug_abbrev  0x00000817       0x95 sources/Display.o
 .debug_abbrev  0x000008ac      0x169 sources/Error.o
 .debug_abbrev  0x00000a15      0x1d9 sources/Event.o
 .debug_abbrev  0x00000bee       0xf8 sources/Led.o
 .debug_abbrev  0x00000ce6      0x125 sources/MyCommon.o
 .debug_abbrev  0x00000e0b      0x17e sources/Timer.o
 .debug_abbrev  0x00000f89      0x13c sources/WatchDog.o
 .debug_abbrev  0x000010c5       0x14 c:/program files (x86)/atmel/atmel studio 6.0/extensions/atmel/avrgcc/3.4.1.95/avrtoolchain/bin/../lib/gcc/avr/4.6.2/avr51\libgcc.a(_divmodhi4.o)
 .debug_abbrev  0x000010d9       0x14 c:/program files (x86)/atmel/atmel studio 6.0/extensions/atmel/avrgcc/3.4.1.95/avrtoolchain/bin/../lib/gcc/avr/4.6.2/avr51\libgcc.a(_exit.o)
 .debug_abbrev  0x000010ed       0x14 c:/program files (x86)/atmel/atmel studio 6.0/extensions/atmel/avrgcc/3.4.1.95/avrtoolchain/bin/../lib/gcc/avr/4.6.2/avr51\libgcc.a(_copy_data.o)
 .debug_abbrev  0x00001101       0x14 c:/program files (x86)/atmel/atmel studio 6.0/extensions/atmel/avrgcc/3.4.1.95/avrtoolchain/bin/../lib/gcc/avr/4.6.2/avr51\libgcc.a(_clear_bss.o)
 .debug_abbrev  0x00001115       0x14 c:/program files (x86)/atmel/atmel studio 6.0/extensions/atmel/avrgcc/3.4.1.95/avrtoolchain/bin/../lib/gcc/avr/4.6.2/avr51\libgcc.a(_udivmodhi4.o)

.debug_line     0x00000000     0x16cb
 *(.debug_line)
 .debug_line    0x00000000      0x11e main.o
 .debug_line    0x0000011e       0xfe sources/Button.o
 .debug_line    0x0000021c       0xef sources/Buzzer.o
 .debug_line    0x0000030b      0x1ec sources/CAN.o
 .debug_line    0x000004f7      0x312 sources/can_drv.o
 .debug_line    0x00000809      0x303 sources/can_lib.o
 .debug_line    0x00000b0c      0x102 sources/Display.o
 .debug_line    0x00000c0e       0xfa sources/Error.o
 .debug_line    0x00000d08      0x168 sources/Event.o
 .debug_line    0x00000e70      0x162 sources/Led.o
 .debug_line    0x00000fd2      0x145 sources/MyCommon.o
 .debug_line    0x00001117      0x1a2 sources/Timer.o
 .debug_line    0x000012b9      0x133 sources/WatchDog.o
 .debug_line    0x000013ec       0x99 c:/program files (x86)/atmel/atmel studio 6.0/extensions/atmel/avrgcc/3.4.1.95/avrtoolchain/bin/../lib/gcc/avr/4.6.2/avr51\libgcc.a(_divmodhi4.o)
 .debug_line    0x00001485       0x88 c:/program files (x86)/atmel/atmel studio 6.0/extensions/atmel/avrgcc/3.4.1.95/avrtoolchain/bin/../lib/gcc/avr/4.6.2/avr51\libgcc.a(_exit.o)
 .debug_line    0x0000150d       0x96 c:/program files (x86)/atmel/atmel studio 6.0/extensions/atmel/avrgcc/3.4.1.95/avrtoolchain/bin/../lib/gcc/avr/4.6.2/avr51\libgcc.a(_copy_data.o)
 .debug_line    0x000015a3       0x8e c:/program files (x86)/atmel/atmel studio 6.0/extensions/atmel/avrgcc/3.4.1.95/avrtoolchain/bin/../lib/gcc/avr/4.6.2/avr51\libgcc.a(_clear_bss.o)
 .debug_line    0x00001631       0x9a c:/program files (x86)/atmel/atmel studio 6.0/extensions/atmel/avrgcc/3.4.1.95/avrtoolchain/bin/../lib/gcc/avr/4.6.2/avr51\libgcc.a(_udivmodhi4.o)

.debug_frame    0x00000000      0x8fc
 *(.debug_frame)
 .debug_frame   0x00000000       0x24 main.o
 .debug_frame   0x00000024       0x24 sources/Button.o
 .debug_frame   0x00000048       0x6c sources/Buzzer.o
 .debug_frame   0x000000b4      0x128 sources/CAN.o
 .debug_frame   0x000001dc       0xf0 sources/can_drv.o
 .debug_frame   0x000002cc       0xa8 sources/can_lib.o
 .debug_frame   0x00000374       0x34 sources/Display.o
 .debug_frame   0x000003a8       0x44 sources/Error.o
 .debug_frame   0x000003ec       0x6c sources/Event.o
 .debug_frame   0x00000458       0xcc sources/Led.o
 .debug_frame   0x00000524       0x34 sources/MyCommon.o
 .debug_frame   0x00000558      0x370 sources/Timer.o
 .debug_frame   0x000008c8       0x34 sources/WatchDog.o

.debug_str      0x00000000      0xd28
 *(.debug_str)
 .debug_str     0x00000000      0x493 main.o
                                0x4d5 (size before relaxing)
 .debug_str     0x00000493       0x3e sources/Button.o
                                0x117 (size before relaxing)
 .debug_str     0x000004d1       0x5d sources/Buzzer.o
                                0x12d (size before relaxing)
 .debug_str     0x0000052e      0x244 sources/CAN.o
                                0x6dc (size before relaxing)
 .debug_str     0x00000772      0x1a4 sources/can_drv.o
                                0x681 (size before relaxing)
 .debug_str     0x00000916       0x6d sources/can_lib.o
                                0x514 (size before relaxing)
 .debug_str     0x00000983       0x87 sources/Display.o
                                0x161 (size before relaxing)
 .debug_str     0x00000a0a       0x53 sources/Error.o
                                0x539 (size before relaxing)
 .debug_str     0x00000a5d       0x99 sources/Event.o
                                0x65c (size before relaxing)
 .debug_str     0x00000af6       0x76 sources/Led.o
                                0x172 (size before relaxing)
 .debug_str     0x00000b6c       0x2c sources/MyCommon.o
                                0x56d (size before relaxing)
 .debug_str     0x00000b98      0x169 sources/Timer.o
                                0x6b3 (size before relaxing)
 .debug_str     0x00000d01       0x27 sources/WatchDog.o
                                0x51e (size before relaxing)

.debug_loc      0x00000000     0x1806
 *(.debug_loc)
 .debug_loc     0x00000000       0x64 sources/Buzzer.o
 .debug_loc     0x00000064      0x201 sources/CAN.o
 .debug_loc     0x00000265      0x8a5 sources/can_drv.o
 .debug_loc     0x00000b0a      0x3f1 sources/can_lib.o
 .debug_loc     0x00000efb       0x2b sources/Error.o
 .debug_loc     0x00000f26       0xb3 sources/Event.o
 .debug_loc     0x00000fd9      0x1f5 sources/Led.o
 .debug_loc     0x000011ce      0x638 sources/Timer.o

.debug_macinfo
 *(.debug_macinfo)
OUTPUT(Dashboard.elf elf32-avr)
LOAD linker stubs
