Archive member included because of file (symbol)

c:/program files (x86)/atmel/atmel studio 6.0/extensions/atmel/avrgcc/3.4.1.95/avrtoolchain/bin/../lib/gcc/avr/4.6.2/avr51\libgcc.a(_divmodhi4.o)
                              sources/CAN.o (__divmodhi4)
c:/program files (x86)/atmel/atmel studio 6.0/extensions/atmel/avrgcc/3.4.1.95/avrtoolchain/bin/../lib/gcc/avr/4.6.2/avr51\libgcc.a(_exit.o)
                              c:/program files (x86)/atmel/atmel studio 6.0/extensions/atmel/avrgcc/3.4.1.95/avrtoolchain/bin/../lib/gcc/avr/4.6.2/../../../../avr/lib/avr51/crtcan128.o (exit)
c:/program files (x86)/atmel/atmel studio 6.0/extensions/atmel/avrgcc/3.4.1.95/avrtoolchain/bin/../lib/gcc/avr/4.6.2/avr51\libgcc.a(_copy_data.o)
                              main.o (__do_copy_data)
c:/program files (x86)/atmel/atmel studio 6.0/extensions/atmel/avrgcc/3.4.1.95/avrtoolchain/bin/../lib/gcc/avr/4.6.2/avr51\libgcc.a(_clear_bss.o)
                              main.o (__do_clear_bss)
c:/program files (x86)/atmel/atmel studio 6.0/extensions/atmel/avrgcc/3.4.1.95/avrtoolchain/bin/../lib/gcc/avr/4.6.2/avr51\libgcc.a(_udivmodhi4.o)
                              c:/program files (x86)/atmel/atmel studio 6.0/extensions/atmel/avrgcc/3.4.1.95/avrtoolchain/bin/../lib/gcc/avr/4.6.2/avr51\libgcc.a(_divmodhi4.o) (__udivmodhi4)

Allocating common symbols
Common symbol       size              file

event_queue         0x10              sources/Event.o
spi_second_byte_sent
                    0x1               sources/Display.o
display_ddram_bottom_row
                    0x1c              sources/Display.o
display_ddram_top_row
                    0x1c              sources/Display.o
led_pins            0xb               main.o
event_queue_head    0x1               sources/Event.o
display_string      0x28              sources/Display.o
led_state           0x2               main.o
can_queue           0xa               sources/CAN.o
led_port            0xb               main.o
led_dd              0xb               main.o
button_pressed_previous
                    0x2               sources/Button.o
can_queue_head      0x1               sources/CAN.o
spi_second_byte     0x1               sources/Display.o
can_Status          0x1               sources/CAN.o
address_counter     0x1               sources/Display.o
selected_menu       0x1               sources/Display.o
can_queue_tail      0x1               sources/CAN.o
event_queue_tail    0x1               sources/Event.o
button_pressed_current
                    0x2               sources/Button.o
can_rx              0x2               sources/CAN.o

Memory Configuration

Name             Origin             Length             Attributes
text             0x00000000         0x00020000         xr
data             0x00800100         0x0000ff00         rw !x
eeprom           0x00810000         0x00010000         rw !x
fuse             0x00820000         0x00000400         rw !x
lock             0x00830000         0x00000400         rw !x
signature        0x00840000         0x00000400         rw !x
*default*        0x00000000         0xffffffff

Linker script and memory map

Address of section .data set to 0x800100
LOAD c:/program files (x86)/atmel/atmel studio 6.0/extensions/atmel/avrgcc/3.4.1.95/avrtoolchain/bin/../lib/gcc/avr/4.6.2/../../../../avr/lib/avr51/crtcan128.o
LOAD main.o
LOAD sources/Button.o
LOAD sources/Buzzer.o
LOAD sources/CAN.o
LOAD sources/can_drv.o
LOAD sources/can_lib.o
LOAD sources/Display.o
LOAD sources/Error.o
LOAD sources/Event.o
LOAD sources/Led.o
LOAD sources/MyCommon.o
LOAD sources/spi_lib.o
LOAD sources/Timer.o
LOAD sources/WatchDog.o
START GROUP
LOAD c:/program files (x86)/atmel/atmel studio 6.0/extensions/atmel/avrgcc/3.4.1.95/avrtoolchain/bin/../lib/gcc/avr/4.6.2/../../../../avr/lib/avr51\libm.a
END GROUP
LOAD c:/program files (x86)/atmel/atmel studio 6.0/extensions/atmel/avrgcc/3.4.1.95/avrtoolchain/bin/../lib/gcc/avr/4.6.2/avr51\libgcc.a
LOAD c:/program files (x86)/atmel/atmel studio 6.0/extensions/atmel/avrgcc/3.4.1.95/avrtoolchain/bin/../lib/gcc/avr/4.6.2/../../../../avr/lib/avr51\libc.a
LOAD c:/program files (x86)/atmel/atmel studio 6.0/extensions/atmel/avrgcc/3.4.1.95/avrtoolchain/bin/../lib/gcc/avr/4.6.2/avr51\libgcc.a

.hash
 *(.hash)

.dynsym
 *(.dynsym)

.dynstr
 *(.dynstr)

.gnu.version
 *(.gnu.version)

.gnu.version_d
 *(.gnu.version_d)

.gnu.version_r
 *(.gnu.version_r)

.rel.init
 *(.rel.init)

.rela.init
 *(.rela.init)

.rel.text
 *(.rel.text)
 *(.rel.text.*)
 *(.rel.gnu.linkonce.t*)

.rela.text
 *(.rela.text)
 *(.rela.text.*)
 *(.rela.gnu.linkonce.t*)

.rel.fini
 *(.rel.fini)

.rela.fini
 *(.rela.fini)

.rel.rodata
 *(.rel.rodata)
 *(.rel.rodata.*)
 *(.rel.gnu.linkonce.r*)

.rela.rodata
 *(.rela.rodata)
 *(.rela.rodata.*)
 *(.rela.gnu.linkonce.r*)

.rel.data
 *(.rel.data)
 *(.rel.data.*)
 *(.rel.gnu.linkonce.d*)

.rela.data
 *(.rela.data)
 *(.rela.data.*)
 *(.rela.gnu.linkonce.d*)

.rel.ctors
 *(.rel.ctors)

.rela.ctors
 *(.rela.ctors)

.rel.dtors
 *(.rel.dtors)

.rela.dtors
 *(.rela.dtors)

.rel.got
 *(.rel.got)

.rela.got
 *(.rela.got)

.rel.bss
 *(.rel.bss)

.rela.bss
 *(.rela.bss)

.rel.plt
 *(.rel.plt)

.rela.plt
 *(.rela.plt)

.text           0x00000000     0x2166
 *(.vectors)
 .vectors       0x00000000       0x94 c:/program files (x86)/atmel/atmel studio 6.0/extensions/atmel/avrgcc/3.4.1.95/avrtoolchain/bin/../lib/gcc/avr/4.6.2/../../../../avr/lib/avr51/crtcan128.o
                0x00000000                __vector_default
                0x00000000                __vectors
 *(.vectors)
 *(.progmem.gcc*)
 *(.progmem*)
                0x00000094                . = ALIGN (0x2)
                0x00000094                __trampolines_start = .
 *(.trampolines)
 .trampolines   0x00000094        0x0 linker stubs
 *(.trampolines*)
                0x00000094                __trampolines_end = .
 *(.jumptables)
 *(.jumptables*)
 *(.lowtext)
 *(.lowtext*)
                0x00000094                __ctors_start = .
 *(.ctors)
                0x00000094                __ctors_end = .
                0x00000094                __dtors_start = .
 *(.dtors)
                0x00000094                __dtors_end = .
 SORT(*)(.ctors)
 SORT(*)(.dtors)
 *(.init0)
 .init0         0x00000094        0x0 c:/program files (x86)/atmel/atmel studio 6.0/extensions/atmel/avrgcc/3.4.1.95/avrtoolchain/bin/../lib/gcc/avr/4.6.2/../../../../avr/lib/avr51/crtcan128.o
                0x00000094                __init
 *(.init0)
 *(.init1)
 *(.init1)
 *(.init2)
 .init2         0x00000094        0xc c:/program files (x86)/atmel/atmel studio 6.0/extensions/atmel/avrgcc/3.4.1.95/avrtoolchain/bin/../lib/gcc/avr/4.6.2/../../../../avr/lib/avr51/crtcan128.o
 *(.init2)
 *(.init3)
 *(.init3)
 *(.init4)
 .init4         0x000000a0       0x1c c:/program files (x86)/atmel/atmel studio 6.0/extensions/atmel/avrgcc/3.4.1.95/avrtoolchain/bin/../lib/gcc/avr/4.6.2/avr51\libgcc.a(_copy_data.o)
                0x000000a0                __do_copy_data
 .init4         0x000000bc       0x10 c:/program files (x86)/atmel/atmel studio 6.0/extensions/atmel/avrgcc/3.4.1.95/avrtoolchain/bin/../lib/gcc/avr/4.6.2/avr51\libgcc.a(_clear_bss.o)
                0x000000bc                __do_clear_bss
 *(.init4)
 *(.init5)
 *(.init5)
 *(.init6)
 *(.init6)
 *(.init7)
 *(.init7)
 *(.init8)
 *(.init8)
 *(.init9)
 .init9         0x000000cc        0x8 c:/program files (x86)/atmel/atmel studio 6.0/extensions/atmel/avrgcc/3.4.1.95/avrtoolchain/bin/../lib/gcc/avr/4.6.2/../../../../avr/lib/avr51/crtcan128.o
 *(.init9)
 *(.text)
 .text          0x000000d4        0x4 c:/program files (x86)/atmel/atmel studio 6.0/extensions/atmel/avrgcc/3.4.1.95/avrtoolchain/bin/../lib/gcc/avr/4.6.2/../../../../avr/lib/avr51/crtcan128.o
                0x000000d4                __vector_22
                0x000000d4                __vector_1
                0x000000d4                __vector_32
                0x000000d4                __vector_34
                0x000000d4                __vector_24
                0x000000d4                __bad_interrupt
                0x000000d4                __vector_6
                0x000000d4                __vector_35
                0x000000d4                __vector_3
                0x000000d4                __vector_23
                0x000000d4                __vector_25
                0x000000d4                __vector_11
                0x000000d4                __vector_19
                0x000000d4                __vector_7
                0x000000d4                __vector_27
                0x000000d4                __vector_5
                0x000000d4                __vector_33
                0x000000d4                __vector_4
                0x000000d4                __vector_9
                0x000000d4                __vector_2
                0x000000d4                __vector_21
                0x000000d4                __vector_36
                0x000000d4                __vector_8
                0x000000d4                __vector_26
                0x000000d4                __vector_10
                0x000000d4                __vector_20
 .text          0x000000d8        0xa main.o
                0x000000d8                main
 .text          0x000000e2      0x11e sources/Button.o
                0x000000e2                button_read_col
                0x00000152                button_init
                0x0000018e                button_multiplex_cycle
                0x000001e6                button_get_button_state
 .text          0x00000200       0x46 sources/Buzzer.o
                0x00000200                buzzer_init
                0x00000204                buzzer_on
                0x00000208                buzzer_off
                0x0000020c                buzzer_buzz
                0x00000244                buzzer_puls
 .text          0x00000246      0x2a0 sources/CAN.o
                0x00000246                __vector_18
                0x000002d6                CANInit
                0x0000030c                CANGetStruct
                0x0000032e                CANStartRx
                0x0000034a                CANGetData
                0x0000035a                CANSendData
                0x000003d4                CANAddSendData
                0x00000422                CANGetCurrentTx
                0x00000436                CANSendNext
                0x00000474                CANAbortCMD
                0x000004bc                CANRestartReceive
 .text          0x000004e6      0x516 sources/can_drv.o
                0x000004e6                can_clear_all_mob
                0x0000050a                can_get_mob_free
                0x0000054a                can_get_mob_status
                0x00000570                can_get_data
                0x000005b4                can_auto_baudrate
                0x000009c6                Can_conf_bt_flex
                0x000009d6                can_fixed_baudrate
 .text          0x000009fc      0xd80 sources/can_lib.o
                0x00000a44                can_init
                0x00000a62                can_off
                0x00000a6e                can_cmd
                0x00001622                can_get_status
 .text          0x0000177c       0xc0 sources/Display.o
                0x0000177c                display_write_data
                0x00001786                display_write_instruction
                0x00001790                display_write_display_line
                0x000017c6                display_init
                0x000017d2                display_update
                0x000017f4                display_set_display_string
                0x00001808                display_make_display_line_percent
                0x0000180a                display_make_display_line_min_av_max_volt
                0x0000180c                display_make_display_line_percent_bar
                0x00001838                display_make_display_line_min_av_max_temp
                0x0000183a                display_make_display_line_min_max_temp
 .text          0x0000183c       0x2a sources/Error.o
                0x0000183c                InitError
                0x0000184a                AddError
                0x0000185a                ClearErrors
 .text          0x00001866      0x13a sources/Event.o
                0x00001866                EventInit
                0x00001870                EventAddEvent
                0x000018ac                EventGetNextEvent
                0x000018c8                Dashboard
                0x0000197a                EventHandleEvent
 .text          0x000019a0      0x29a sources/Led.o
                0x000019a0                led_set
                0x00001a02                led_clear
                0x00001a82                led_is_set
                0x00001b5e                led_toggle
                0x00001b7c                led_state_set
                0x00001bc6                led_init
                0x00001c00                led_state_return
 .text          0x00001c3a       0x6e sources/MyCommon.o
                0x00001c3a                main_deinit
                0x00001c3c                ports_init
                0x00001c6c                main_init
 .text          0x00001ca8       0xe6 sources/spi_lib.o
                0x00001ca8                spi_init
                0x00001ce8                spi_test_hit
                0x00001cee                spi_putchar
                0x00001cf8                spi_getchar
                0x00001d02                spi_transmit_master
                0x00001d0c                spi_write_buffer
 .text          0x00001d8e      0x370 sources/Timer.o
                0x00001d8e                __vector_16
                0x00001da2                __vector_17
                0x00001db6                __vector_12
                0x00001e18                __vector_13
                0x00001e7a                __vector_14
                0x00001edc                __vector_28
                0x00001f3e                __vector_29
                0x00001fa0                __vector_30
                0x00002002                __vector_15
                0x00002016                __vector_31
                0x0000202a                Timer1_init
                0x00002034                Timer3_init
                0x0000203e                TIMER_Timer1_OCR1A_on
                0x0000205e                TIMER_Timer1_OCR1B_on
                0x0000207e                TIMER_Timer1_OCR1C_on
                0x0000209e                TIMER_Timer3_OCR3A_on
                0x000020be                TIMER_Timer3_OCR3B_on
                0x000020de                TIMER_Timer3_OCR3C_on
 .text          0x000020fe       0x16 sources/WatchDog.o
                0x000020fe                InitWDT
                0x00002100                CheckWDT
 .text          0x00002114        0x0 c:/program files (x86)/atmel/atmel studio 6.0/extensions/atmel/avrgcc/3.4.1.95/avrtoolchain/bin/../lib/gcc/avr/4.6.2/avr51\libgcc.a(_divmodhi4.o)
 .text          0x00002114        0x0 c:/program files (x86)/atmel/atmel studio 6.0/extensions/atmel/avrgcc/3.4.1.95/avrtoolchain/bin/../lib/gcc/avr/4.6.2/avr51\libgcc.a(_exit.o)
 .text          0x00002114        0x0 c:/program files (x86)/atmel/atmel studio 6.0/extensions/atmel/avrgcc/3.4.1.95/avrtoolchain/bin/../lib/gcc/avr/4.6.2/avr51\libgcc.a(_copy_data.o)
 .text          0x00002114        0x0 c:/program files (x86)/atmel/atmel studio 6.0/extensions/atmel/avrgcc/3.4.1.95/avrtoolchain/bin/../lib/gcc/avr/4.6.2/avr51\libgcc.a(_clear_bss.o)
 .text          0x00002114        0x0 c:/program files (x86)/atmel/atmel studio 6.0/extensions/atmel/avrgcc/3.4.1.95/avrtoolchain/bin/../lib/gcc/avr/4.6.2/avr51\libgcc.a(_udivmodhi4.o)
                0x00002114                . = ALIGN (0x2)
 *(.text.*)
 .text.libgcc   0x00002114       0x26 c:/program files (x86)/atmel/atmel studio 6.0/extensions/atmel/avrgcc/3.4.1.95/avrtoolchain/bin/../lib/gcc/avr/4.6.2/avr51\libgcc.a(_divmodhi4.o)
                0x00002114                _div
                0x00002114                __divmodhi4
 .text.libgcc   0x0000213a        0x0 c:/program files (x86)/atmel/atmel studio 6.0/extensions/atmel/avrgcc/3.4.1.95/avrtoolchain/bin/../lib/gcc/avr/4.6.2/avr51\libgcc.a(_exit.o)
 .text.libgcc   0x0000213a        0x0 c:/program files (x86)/atmel/atmel studio 6.0/extensions/atmel/avrgcc/3.4.1.95/avrtoolchain/bin/../lib/gcc/avr/4.6.2/avr51\libgcc.a(_copy_data.o)
 .text.libgcc   0x0000213a        0x0 c:/program files (x86)/atmel/atmel studio 6.0/extensions/atmel/avrgcc/3.4.1.95/avrtoolchain/bin/../lib/gcc/avr/4.6.2/avr51\libgcc.a(_clear_bss.o)
 .text.libgcc   0x0000213a       0x28 c:/program files (x86)/atmel/atmel studio 6.0/extensions/atmel/avrgcc/3.4.1.95/avrtoolchain/bin/../lib/gcc/avr/4.6.2/avr51\libgcc.a(_udivmodhi4.o)
                0x0000213a                __udivmodhi4
                0x00002162                . = ALIGN (0x2)
 *(.fini9)
 .fini9         0x00002162        0x0 c:/program files (x86)/atmel/atmel studio 6.0/extensions/atmel/avrgcc/3.4.1.95/avrtoolchain/bin/../lib/gcc/avr/4.6.2/avr51\libgcc.a(_exit.o)
                0x00002162                _exit
                0x00002162                exit
 *(.fini9)
 *(.fini8)
 *(.fini8)
 *(.fini7)
 *(.fini7)
 *(.fini6)
 *(.fini6)
 *(.fini5)
 *(.fini5)
 *(.fini4)
 *(.fini4)
 *(.fini3)
 *(.fini3)
 *(.fini2)
 *(.fini2)
 *(.fini1)
 *(.fini1)
 *(.fini0)
 .fini0         0x00002162        0x4 c:/program files (x86)/atmel/atmel studio 6.0/extensions/atmel/avrgcc/3.4.1.95/avrtoolchain/bin/../lib/gcc/avr/4.6.2/avr51\libgcc.a(_exit.o)
 *(.fini0)
                0x00002166                _etext = .

.data           0x00800100       0xf0 load address 0x00002166
                0x00800100                PROVIDE (__data_start, .)
 *(.data)
 .data          0x00800100        0x0 c:/program files (x86)/atmel/atmel studio 6.0/extensions/atmel/avrgcc/3.4.1.95/avrtoolchain/bin/../lib/gcc/avr/4.6.2/../../../../avr/lib/avr51/crtcan128.o
 .data          0x00800100        0x0 main.o
 .data          0x00800100        0x0 sources/Button.o
 .data          0x00800100        0x0 sources/Buzzer.o
 .data          0x00800100        0x0 sources/CAN.o
 .data          0x00800100        0x0 sources/can_drv.o
 .data          0x00800100        0x0 sources/can_lib.o
 .data          0x00800100       0xf0 sources/Display.o
                0x00800100                test
                0x00800128                display_line_blank
                0x0080013c                display_line_accleration_mode
                0x00800150                display_line_torque_vectoring
                0x00800164                display_line_motor_power_rear
                0x00800178                display_line_motor_power_front
                0x0080018c                display_line_cel_temp
                0x008001a0                display_line_min_cv_max
                0x008001b4                display_line_soc
                0x008001c8                display_line_error
                0x008001dc                display_line_home
 .data          0x008001f0        0x0 sources/Error.o
 .data          0x008001f0        0x0 sources/Event.o
 .data          0x008001f0        0x0 sources/Led.o
 .data          0x008001f0        0x0 sources/MyCommon.o
 .data          0x008001f0        0x0 sources/spi_lib.o
 .data          0x008001f0        0x0 sources/Timer.o
 .data          0x008001f0        0x0 sources/WatchDog.o
 .data          0x008001f0        0x0 c:/program files (x86)/atmel/atmel studio 6.0/extensions/atmel/avrgcc/3.4.1.95/avrtoolchain/bin/../lib/gcc/avr/4.6.2/avr51\libgcc.a(_divmodhi4.o)
 .data          0x008001f0        0x0 c:/program files (x86)/atmel/atmel studio 6.0/extensions/atmel/avrgcc/3.4.1.95/avrtoolchain/bin/../lib/gcc/avr/4.6.2/avr51\libgcc.a(_exit.o)
 .data          0x008001f0        0x0 c:/program files (x86)/atmel/atmel studio 6.0/extensions/atmel/avrgcc/3.4.1.95/avrtoolchain/bin/../lib/gcc/avr/4.6.2/avr51\libgcc.a(_copy_data.o)
 .data          0x008001f0        0x0 c:/program files (x86)/atmel/atmel studio 6.0/extensions/atmel/avrgcc/3.4.1.95/avrtoolchain/bin/../lib/gcc/avr/4.6.2/avr51\libgcc.a(_clear_bss.o)
 .data          0x008001f0        0x0 c:/program files (x86)/atmel/atmel studio 6.0/extensions/atmel/avrgcc/3.4.1.95/avrtoolchain/bin/../lib/gcc/avr/4.6.2/avr51\libgcc.a(_udivmodhi4.o)
 *(.data*)
 *(.rodata)
 *(.rodata*)
 *(.gnu.linkonce.d*)
                0x008001f0                . = ALIGN (0x2)
                0x008001f0                _edata = .
                0x008001f0                PROVIDE (__data_end, .)

.bss            0x008001f0       0xde
                0x008001f0                PROVIDE (__bss_start, .)
 *(.bss)
 .bss           0x008001f0        0x0 c:/program files (x86)/atmel/atmel studio 6.0/extensions/atmel/avrgcc/3.4.1.95/avrtoolchain/bin/../lib/gcc/avr/4.6.2/../../../../avr/lib/avr51/crtcan128.o
 .bss           0x008001f0        0x0 main.o
 .bss           0x008001f0        0x0 sources/Button.o
 .bss           0x008001f0        0x0 sources/Buzzer.o
 .bss           0x008001f0        0x0 sources/CAN.o
 .bss           0x008001f0        0x0 sources/can_drv.o
 .bss           0x008001f0        0x0 sources/can_lib.o
 .bss           0x008001f0        0x0 sources/Display.o
 .bss           0x008001f0        0x2 sources/Error.o
 .bss           0x008001f2       0x30 sources/Event.o
 .bss           0x00800222        0x0 sources/Led.o
 .bss           0x00800222        0x0 sources/MyCommon.o
 .bss           0x00800222        0x0 sources/spi_lib.o
 .bss           0x00800222        0x0 sources/Timer.o
 .bss           0x00800222        0x0 sources/WatchDog.o
 .bss           0x00800222        0x0 c:/program files (x86)/atmel/atmel studio 6.0/extensions/atmel/avrgcc/3.4.1.95/avrtoolchain/bin/../lib/gcc/avr/4.6.2/avr51\libgcc.a(_divmodhi4.o)
 .bss           0x00800222        0x0 c:/program files (x86)/atmel/atmel studio 6.0/extensions/atmel/avrgcc/3.4.1.95/avrtoolchain/bin/../lib/gcc/avr/4.6.2/avr51\libgcc.a(_exit.o)
 .bss           0x00800222        0x0 c:/program files (x86)/atmel/atmel studio 6.0/extensions/atmel/avrgcc/3.4.1.95/avrtoolchain/bin/../lib/gcc/avr/4.6.2/avr51\libgcc.a(_copy_data.o)
 .bss           0x00800222        0x0 c:/program files (x86)/atmel/atmel studio 6.0/extensions/atmel/avrgcc/3.4.1.95/avrtoolchain/bin/../lib/gcc/avr/4.6.2/avr51\libgcc.a(_clear_bss.o)
 .bss           0x00800222        0x0 c:/program files (x86)/atmel/atmel studio 6.0/extensions/atmel/avrgcc/3.4.1.95/avrtoolchain/bin/../lib/gcc/avr/4.6.2/avr51\libgcc.a(_udivmodhi4.o)
 *(.bss*)
 *(COMMON)
 COMMON         0x00800222       0x23 main.o
                0x00800222                led_pins
                0x0080022d                led_state
                0x0080022f                led_port
                0x0080023a                led_dd
 COMMON         0x00800245        0x4 sources/Button.o
                0x00800245                button_pressed_previous
                0x00800247                button_pressed_current
 COMMON         0x00800249        0xf sources/CAN.o
                0x00800249                can_queue
                0x00800253                can_queue_head
                0x00800254                can_Status
                0x00800255                can_queue_tail
                0x00800256                can_rx
 COMMON         0x00800258       0x64 sources/Display.o
                0x00800258                spi_second_byte_sent
                0x00800259                display_ddram_bottom_row
                0x00800275                display_ddram_top_row
                0x00800291                display_string
                0x008002b9                spi_second_byte
                0x008002ba                address_counter
                0x008002bb                selected_menu
 COMMON         0x008002bc       0x12 sources/Event.o
                0x008002bc                event_queue
                0x008002cc                event_queue_head
                0x008002cd                event_queue_tail
                0x008002ce                PROVIDE (__bss_end, .)
                0x00002166                __data_load_start = LOADADDR (.data)
                0x00002256                __data_load_end = (__data_load_start + SIZEOF (.data))

.noinit         0x008002ce        0x0
                0x008002ce                PROVIDE (__noinit_start, .)
 *(.noinit*)
                0x008002ce                PROVIDE (__noinit_end, .)
                0x008002ce                _end = .
                0x008002ce                PROVIDE (__heap_start, .)

.eeprom         0x00810000        0x0
 *(.eeprom*)
                0x00810000                __eeprom_end = .

.fuse
 *(.fuse)
 *(.lfuse)
 *(.hfuse)
 *(.efuse)

.lock
 *(.lock*)

.signature
 *(.signature*)

.stab           0x00000000      0x6cc
 *(.stab)
 .stab          0x00000000      0x6cc c:/program files (x86)/atmel/atmel studio 6.0/extensions/atmel/avrgcc/3.4.1.95/avrtoolchain/bin/../lib/gcc/avr/4.6.2/../../../../avr/lib/avr51/crtcan128.o

.stabstr        0x00000000       0x85
 *(.stabstr)
 .stabstr       0x00000000       0x85 c:/program files (x86)/atmel/atmel studio 6.0/extensions/atmel/avrgcc/3.4.1.95/avrtoolchain/bin/../lib/gcc/avr/4.6.2/../../../../avr/lib/avr51/crtcan128.o

.stab.excl
 *(.stab.excl)

.stab.exclstr
 *(.stab.exclstr)

.stab.index
 *(.stab.index)

.stab.indexstr
 *(.stab.indexstr)

.comment
 *(.comment)

.debug
 *(.debug)

.line
 *(.line)

.debug_srcinfo
 *(.debug_srcinfo)

.debug_sfnames
 *(.debug_sfnames)

.debug_aranges  0x00000000      0x260
 *(.debug_aranges)
 .debug_aranges
                0x00000000       0x20 main.o
 .debug_aranges
                0x00000020       0x20 sources/Button.o
 .debug_aranges
                0x00000040       0x20 sources/Buzzer.o
 .debug_aranges
                0x00000060       0x20 sources/CAN.o
 .debug_aranges
                0x00000080       0x20 sources/can_drv.o
 .debug_aranges
                0x000000a0       0x20 sources/can_lib.o
 .debug_aranges
                0x000000c0       0x20 sources/Display.o
 .debug_aranges
                0x000000e0       0x20 sources/Error.o
 .debug_aranges
                0x00000100       0x20 sources/Event.o
 .debug_aranges
                0x00000120       0x20 sources/Led.o
 .debug_aranges
                0x00000140       0x20 sources/MyCommon.o
 .debug_aranges
                0x00000160       0x20 sources/spi_lib.o
 .debug_aranges
                0x00000180       0x20 sources/Timer.o
 .debug_aranges
                0x000001a0       0x20 sources/WatchDog.o
 .debug_aranges
                0x000001c0       0x20 c:/program files (x86)/atmel/atmel studio 6.0/extensions/atmel/avrgcc/3.4.1.95/avrtoolchain/bin/../lib/gcc/avr/4.6.2/avr51\libgcc.a(_divmodhi4.o)
 .debug_aranges
                0x000001e0       0x20 c:/program files (x86)/atmel/atmel studio 6.0/extensions/atmel/avrgcc/3.4.1.95/avrtoolchain/bin/../lib/gcc/avr/4.6.2/avr51\libgcc.a(_exit.o)
 .debug_aranges
                0x00000200       0x20 c:/program files (x86)/atmel/atmel studio 6.0/extensions/atmel/avrgcc/3.4.1.95/avrtoolchain/bin/../lib/gcc/avr/4.6.2/avr51\libgcc.a(_copy_data.o)
 .debug_aranges
                0x00000220       0x20 c:/program files (x86)/atmel/atmel studio 6.0/extensions/atmel/avrgcc/3.4.1.95/avrtoolchain/bin/../lib/gcc/avr/4.6.2/avr51\libgcc.a(_clear_bss.o)
 .debug_aranges
                0x00000240       0x20 c:/program files (x86)/atmel/atmel studio 6.0/extensions/atmel/avrgcc/3.4.1.95/avrtoolchain/bin/../lib/gcc/avr/4.6.2/avr51\libgcc.a(_udivmodhi4.o)

.debug_pubnames
 *(.debug_pubnames)

.debug_info     0x00000000     0x44ac
 *(.debug_info)
 .debug_info    0x00000000      0x3fa main.o
 .debug_info    0x000003fa      0x146 sources/Button.o
 .debug_info    0x00000540      0x10e sources/Buzzer.o
 .debug_info    0x0000064e      0x67c sources/CAN.o
 .debug_info    0x00000cca      0x69b sources/can_drv.o
 .debug_info    0x00001365      0x4ce sources/can_lib.o
 .debug_info    0x00001833      0x828 sources/Display.o
 .debug_info    0x0000205b      0x41c sources/Error.o
 .debug_info    0x00002477      0x5ed sources/Event.o
 .debug_info    0x00002a64      0x204 sources/Led.o
 .debug_info    0x00002c68      0x4a3 sources/MyCommon.o
 .debug_info    0x0000310b      0x5ec sources/spi_lib.o
 .debug_info    0x000036f7      0x58c sources/Timer.o
 .debug_info    0x00003c83      0x3d3 sources/WatchDog.o
 .debug_info    0x00004056       0xde c:/program files (x86)/atmel/atmel studio 6.0/extensions/atmel/avrgcc/3.4.1.95/avrtoolchain/bin/../lib/gcc/avr/4.6.2/avr51\libgcc.a(_divmodhi4.o)
 .debug_info    0x00004134       0xde c:/program files (x86)/atmel/atmel studio 6.0/extensions/atmel/avrgcc/3.4.1.95/avrtoolchain/bin/../lib/gcc/avr/4.6.2/avr51\libgcc.a(_exit.o)
 .debug_info    0x00004212       0xde c:/program files (x86)/atmel/atmel studio 6.0/extensions/atmel/avrgcc/3.4.1.95/avrtoolchain/bin/../lib/gcc/avr/4.6.2/avr51\libgcc.a(_copy_data.o)
 .debug_info    0x000042f0       0xde c:/program files (x86)/atmel/atmel studio 6.0/extensions/atmel/avrgcc/3.4.1.95/avrtoolchain/bin/../lib/gcc/avr/4.6.2/avr51\libgcc.a(_clear_bss.o)
 .debug_info    0x000043ce       0xde c:/program files (x86)/atmel/atmel studio 6.0/extensions/atmel/avrgcc/3.4.1.95/avrtoolchain/bin/../lib/gcc/avr/4.6.2/avr51\libgcc.a(_udivmodhi4.o)
 *(.gnu.linkonce.wi.*)

.debug_abbrev   0x00000000     0x13d3
 *(.debug_abbrev)
 .debug_abbrev  0x00000000      0x11a main.o
 .debug_abbrev  0x0000011a       0xe9 sources/Button.o
 .debug_abbrev  0x00000203       0xa5 sources/Buzzer.o
 .debug_abbrev  0x000002a8      0x1aa sources/CAN.o
 .debug_abbrev  0x00000452      0x1e4 sources/can_drv.o
 .debug_abbrev  0x00000636      0x1d3 sources/can_lib.o
 .debug_abbrev  0x00000809      0x193 sources/Display.o
 .debug_abbrev  0x0000099c      0x14b sources/Error.o
 .debug_abbrev  0x00000ae7      0x18e sources/Event.o
 .debug_abbrev  0x00000c75      0x11c sources/Led.o
 .debug_abbrev  0x00000d91      0x145 sources/MyCommon.o
 .debug_abbrev  0x00000ed6      0x239 sources/spi_lib.o
 .debug_abbrev  0x0000110f      0x142 sources/Timer.o
 .debug_abbrev  0x00001251      0x11e sources/WatchDog.o
 .debug_abbrev  0x0000136f       0x14 c:/program files (x86)/atmel/atmel studio 6.0/extensions/atmel/avrgcc/3.4.1.95/avrtoolchain/bin/../lib/gcc/avr/4.6.2/avr51\libgcc.a(_divmodhi4.o)
 .debug_abbrev  0x00001383       0x14 c:/program files (x86)/atmel/atmel studio 6.0/extensions/atmel/avrgcc/3.4.1.95/avrtoolchain/bin/../lib/gcc/avr/4.6.2/avr51\libgcc.a(_exit.o)
 .debug_abbrev  0x00001397       0x14 c:/program files (x86)/atmel/atmel studio 6.0/extensions/atmel/avrgcc/3.4.1.95/avrtoolchain/bin/../lib/gcc/avr/4.6.2/avr51\libgcc.a(_copy_data.o)
 .debug_abbrev  0x000013ab       0x14 c:/program files (x86)/atmel/atmel studio 6.0/extensions/atmel/avrgcc/3.4.1.95/avrtoolchain/bin/../lib/gcc/avr/4.6.2/avr51\libgcc.a(_clear_bss.o)
 .debug_abbrev  0x000013bf       0x14 c:/program files (x86)/atmel/atmel studio 6.0/extensions/atmel/avrgcc/3.4.1.95/avrtoolchain/bin/../lib/gcc/avr/4.6.2/avr51\libgcc.a(_udivmodhi4.o)

.debug_line     0x00000000     0x1a61
 *(.debug_line)
 .debug_line    0x00000000      0x11d main.o
 .debug_line    0x0000011d      0x129 sources/Button.o
 .debug_line    0x00000246       0xef sources/Buzzer.o
 .debug_line    0x00000335      0x1ec sources/CAN.o
 .debug_line    0x00000521      0x312 sources/can_drv.o
 .debug_line    0x00000833      0x303 sources/can_lib.o
 .debug_line    0x00000b36      0x1be sources/Display.o
 .debug_line    0x00000cf4       0xfa sources/Error.o
 .debug_line    0x00000dee      0x180 sources/Event.o
 .debug_line    0x00000f6e      0x16c sources/Led.o
 .debug_line    0x000010da      0x168 sources/MyCommon.o
 .debug_line    0x00001242      0x27e sources/spi_lib.o
 .debug_line    0x000014c0      0x190 sources/Timer.o
 .debug_line    0x00001650      0x132 sources/WatchDog.o
 .debug_line    0x00001782       0x99 c:/program files (x86)/atmel/atmel studio 6.0/extensions/atmel/avrgcc/3.4.1.95/avrtoolchain/bin/../lib/gcc/avr/4.6.2/avr51\libgcc.a(_divmodhi4.o)
 .debug_line    0x0000181b       0x88 c:/program files (x86)/atmel/atmel studio 6.0/extensions/atmel/avrgcc/3.4.1.95/avrtoolchain/bin/../lib/gcc/avr/4.6.2/avr51\libgcc.a(_exit.o)
 .debug_line    0x000018a3       0x96 c:/program files (x86)/atmel/atmel studio 6.0/extensions/atmel/avrgcc/3.4.1.95/avrtoolchain/bin/../lib/gcc/avr/4.6.2/avr51\libgcc.a(_copy_data.o)
 .debug_line    0x00001939       0x8e c:/program files (x86)/atmel/atmel studio 6.0/extensions/atmel/avrgcc/3.4.1.95/avrtoolchain/bin/../lib/gcc/avr/4.6.2/avr51\libgcc.a(_clear_bss.o)
 .debug_line    0x000019c7       0x9a c:/program files (x86)/atmel/atmel studio 6.0/extensions/atmel/avrgcc/3.4.1.95/avrtoolchain/bin/../lib/gcc/avr/4.6.2/avr51\libgcc.a(_udivmodhi4.o)

.debug_frame    0x00000000      0xa60
 *(.debug_frame)
 .debug_frame   0x00000000       0x24 main.o
 .debug_frame   0x00000024       0x60 sources/Button.o
 .debug_frame   0x00000084       0x6c sources/Buzzer.o
 .debug_frame   0x000000f0      0x128 sources/CAN.o
 .debug_frame   0x00000218       0xf0 sources/can_drv.o
 .debug_frame   0x00000308       0xa8 sources/can_lib.o
 .debug_frame   0x000003b0       0xd8 sources/Display.o
 .debug_frame   0x00000488       0x44 sources/Error.o
 .debug_frame   0x000004cc       0x7c sources/Event.o
 .debug_frame   0x00000548       0xc0 sources/Led.o
 .debug_frame   0x00000608       0x44 sources/MyCommon.o
 .debug_frame   0x0000064c       0xcc sources/spi_lib.o
 .debug_frame   0x00000718      0x314 sources/Timer.o
 .debug_frame   0x00000a2c       0x34 sources/WatchDog.o

.debug_str      0x00000000      0xe7a
 *(.debug_str)
 .debug_str     0x00000000      0x2cf main.o
                                0x311 (size before relaxing)
 .debug_str     0x000002cf       0x98 sources/Button.o
                                0x171 (size before relaxing)
 .debug_str     0x00000367       0x5d sources/Buzzer.o
                                0x12d (size before relaxing)
 .debug_str     0x000003c4      0x21f sources/CAN.o
                                0x4f3 (size before relaxing)
 .debug_str     0x000005e3      0x19f sources/can_drv.o
                                0x4bd (size before relaxing)
 .debug_str     0x00000782       0x6d sources/can_lib.o
                                0x350 (size before relaxing)
 .debug_str     0x000007ef      0x2e3 sources/Display.o
                                0x5ed (size before relaxing)
 .debug_str     0x00000ad2       0x53 sources/Error.o
                                0x375 (size before relaxing)
 .debug_str     0x00000b25       0x99 sources/Event.o
                                0x4d5 (size before relaxing)
 .debug_str     0x00000bbe       0x76 sources/Led.o
                                0x172 (size before relaxing)
 .debug_str     0x00000c34       0x37 sources/MyCommon.o
                                0x3f7 (size before relaxing)
 .debug_str     0x00000c6b       0xa5 sources/spi_lib.o
                                0x39e (size before relaxing)
 .debug_str     0x00000d10      0x143 sources/Timer.o
                                0x4a4 (size before relaxing)
 .debug_str     0x00000e53       0x27 sources/WatchDog.o
                                0x351 (size before relaxing)

.debug_loc      0x00000000     0x1b1f
 *(.debug_loc)
 .debug_loc     0x00000000       0x55 sources/Button.o
 .debug_loc     0x00000055       0x64 sources/Buzzer.o
 .debug_loc     0x000000b9      0x201 sources/CAN.o
 .debug_loc     0x000002ba      0x8a5 sources/can_drv.o
 .debug_loc     0x00000b5f      0x3f1 sources/can_lib.o
 .debug_loc     0x00000f50      0x153 sources/Display.o
 .debug_loc     0x000010a3       0x2b sources/Error.o
 .debug_loc     0x000010ce       0xb3 sources/Event.o
 .debug_loc     0x00001181      0x25a sources/Led.o
 .debug_loc     0x000013db      0x1c6 sources/spi_lib.o
 .debug_loc     0x000015a1      0x57e sources/Timer.o

.debug_macinfo
 *(.debug_macinfo)
OUTPUT(Dashboard.elf elf32-avr)
LOAD linker stubs
