Archive member included because of file (symbol)

c:/program files (x86)/atmel/atmel studio 6.0/extensions/atmel/avrgcc/3.4.1.95/avrtoolchain/bin/../lib/gcc/avr/4.6.2/avr5\libgcc.a(_udivmodqi4.o)
                              sources/Display.o (__udivmodqi4)
c:/program files (x86)/atmel/atmel studio 6.0/extensions/atmel/avrgcc/3.4.1.95/avrtoolchain/bin/../lib/gcc/avr/4.6.2/avr5\libgcc.a(_divmodhi4.o)
                              sources/CAN.o (__divmodhi4)
c:/program files (x86)/atmel/atmel studio 6.0/extensions/atmel/avrgcc/3.4.1.95/avrtoolchain/bin/../lib/gcc/avr/4.6.2/avr5\libgcc.a(_exit.o)
                              c:/program files (x86)/atmel/atmel studio 6.0/extensions/atmel/avrgcc/3.4.1.95/avrtoolchain/bin/../lib/gcc/avr/4.6.2/../../../../avr/lib/avr5/crtcan32.o (exit)
c:/program files (x86)/atmel/atmel studio 6.0/extensions/atmel/avrgcc/3.4.1.95/avrtoolchain/bin/../lib/gcc/avr/4.6.2/avr5\libgcc.a(_copy_data.o)
                              main.o (__do_copy_data)
c:/program files (x86)/atmel/atmel studio 6.0/extensions/atmel/avrgcc/3.4.1.95/avrtoolchain/bin/../lib/gcc/avr/4.6.2/avr5\libgcc.a(_clear_bss.o)
                              main.o (__do_clear_bss)
c:/program files (x86)/atmel/atmel studio 6.0/extensions/atmel/avrgcc/3.4.1.95/avrtoolchain/bin/../lib/gcc/avr/4.6.2/avr5\libgcc.a(_udivmodhi4.o)
                              c:/program files (x86)/atmel/atmel studio 6.0/extensions/atmel/avrgcc/3.4.1.95/avrtoolchain/bin/../lib/gcc/avr/4.6.2/avr5\libgcc.a(_divmodhi4.o) (__udivmodhi4)

Allocating common symbols
Common symbol       size              file

event_queue         0x10              sources/Event.o
display_ddram_bottom_row
                    0x1c              sources/Display.o
display_ddram_top_row
                    0x1c              sources/Display.o
led_pins            0xb               main.o
event_queue_head    0x1               sources/Event.o
display_string      0x28              sources/Button.o
led_state           0x2               main.o
can_queue           0xa               sources/CAN.o
button_counter      0xc               sources/Button.o
led_port            0xb               main.o
led_dd              0xb               main.o
button_pressed_previous
                    0x2               sources/Button.o
can_queue_head      0x1               sources/CAN.o
can_Status          0x1               sources/CAN.o
address_counter     0x1               sources/Display.o
button_state        0xc               sources/Button.o
selected_menu       0x1               sources/Button.o
can_queue_tail      0x1               sources/CAN.o
button_previous_state
                    0xc               sources/Button.o
button_press        0xc               sources/Button.o
event_queue_tail    0x1               sources/Event.o
button_pressed_current
                    0x2               sources/Button.o
button_released     0xc               sources/Button.o
can_rx              0x2               sources/CAN.o

Memory Configuration

Name             Origin             Length             Attributes
text             0x00000000         0x00020000         xr
data             0x00800060         0x0000ffa0         rw !x
eeprom           0x00810000         0x00010000         rw !x
fuse             0x00820000         0x00000400         rw !x
lock             0x00830000         0x00000400         rw !x
signature        0x00840000         0x00000400         rw !x
*default*        0x00000000         0xffffffff

Linker script and memory map

Address of section .data set to 0x800100
LOAD c:/program files (x86)/atmel/atmel studio 6.0/extensions/atmel/avrgcc/3.4.1.95/avrtoolchain/bin/../lib/gcc/avr/4.6.2/../../../../avr/lib/avr5/crtcan32.o
LOAD main.o
LOAD sources/Button.o
LOAD sources/Buzzer.o
LOAD sources/CAN.o
LOAD sources/can_drv.o
LOAD sources/can_lib.o
LOAD sources/Display.o
LOAD sources/Error.o
LOAD sources/Event.o
LOAD sources/Led.o
LOAD sources/MyCommon.o
LOAD sources/Radio.o
LOAD sources/spi_lib.o
LOAD sources/Timer.o
LOAD sources/WatchDog.o
START GROUP
LOAD c:/program files (x86)/atmel/atmel studio 6.0/extensions/atmel/avrgcc/3.4.1.95/avrtoolchain/bin/../lib/gcc/avr/4.6.2/../../../../avr/lib/avr5\libm.a
END GROUP
LOAD c:/program files (x86)/atmel/atmel studio 6.0/extensions/atmel/avrgcc/3.4.1.95/avrtoolchain/bin/../lib/gcc/avr/4.6.2/avr5\libgcc.a
LOAD c:/program files (x86)/atmel/atmel studio 6.0/extensions/atmel/avrgcc/3.4.1.95/avrtoolchain/bin/../lib/gcc/avr/4.6.2/../../../../avr/lib/avr5\libc.a
LOAD c:/program files (x86)/atmel/atmel studio 6.0/extensions/atmel/avrgcc/3.4.1.95/avrtoolchain/bin/../lib/gcc/avr/4.6.2/avr5\libgcc.a

.hash
 *(.hash)

.dynsym
 *(.dynsym)

.dynstr
 *(.dynstr)

.gnu.version
 *(.gnu.version)

.gnu.version_d
 *(.gnu.version_d)

.gnu.version_r
 *(.gnu.version_r)

.rel.init
 *(.rel.init)

.rela.init
 *(.rela.init)

.rel.text
 *(.rel.text)
 *(.rel.text.*)
 *(.rel.gnu.linkonce.t*)

.rela.text
 *(.rela.text)
 *(.rela.text.*)
 *(.rela.gnu.linkonce.t*)

.rel.fini
 *(.rel.fini)

.rela.fini
 *(.rela.fini)

.rel.rodata
 *(.rel.rodata)
 *(.rel.rodata.*)
 *(.rel.gnu.linkonce.r*)

.rela.rodata
 *(.rela.rodata)
 *(.rela.rodata.*)
 *(.rela.gnu.linkonce.r*)

.rel.data
 *(.rel.data)
 *(.rel.data.*)
 *(.rel.gnu.linkonce.d*)

.rela.data
 *(.rela.data)
 *(.rela.data.*)
 *(.rela.gnu.linkonce.d*)

.rel.ctors
 *(.rel.ctors)

.rela.ctors
 *(.rela.ctors)

.rel.dtors
 *(.rel.dtors)

.rela.dtors
 *(.rela.dtors)

.rel.got
 *(.rel.got)

.rela.got
 *(.rela.got)

.rel.bss
 *(.rel.bss)

.rela.bss
 *(.rela.bss)

.rel.plt
 *(.rel.plt)

.rela.plt
 *(.rela.plt)

.text           0x00000000     0x2948
 *(.vectors)
 .vectors       0x00000000       0x94 c:/program files (x86)/atmel/atmel studio 6.0/extensions/atmel/avrgcc/3.4.1.95/avrtoolchain/bin/../lib/gcc/avr/4.6.2/../../../../avr/lib/avr5/crtcan32.o
                0x00000000                __vector_default
                0x00000000                __vectors
 *(.vectors)
 *(.progmem.gcc*)
 *(.progmem*)
                0x00000094                . = ALIGN (0x2)
                0x00000094                __trampolines_start = .
 *(.trampolines)
 .trampolines   0x00000094        0x0 linker stubs
 *(.trampolines*)
                0x00000094                __trampolines_end = .
 *(.jumptables)
 *(.jumptables*)
 *(.lowtext)
 *(.lowtext*)
                0x00000094                __ctors_start = .
 *(.ctors)
                0x00000094                __ctors_end = .
                0x00000094                __dtors_start = .
 *(.dtors)
                0x00000094                __dtors_end = .
 SORT(*)(.ctors)
 SORT(*)(.dtors)
 *(.init0)
 .init0         0x00000094        0x0 c:/program files (x86)/atmel/atmel studio 6.0/extensions/atmel/avrgcc/3.4.1.95/avrtoolchain/bin/../lib/gcc/avr/4.6.2/../../../../avr/lib/avr5/crtcan32.o
                0x00000094                __init
 *(.init0)
 *(.init1)
 *(.init1)
 *(.init2)
 .init2         0x00000094        0xc c:/program files (x86)/atmel/atmel studio 6.0/extensions/atmel/avrgcc/3.4.1.95/avrtoolchain/bin/../lib/gcc/avr/4.6.2/../../../../avr/lib/avr5/crtcan32.o
 *(.init2)
 *(.init3)
 *(.init3)
 *(.init4)
 .init4         0x000000a0       0x16 c:/program files (x86)/atmel/atmel studio 6.0/extensions/atmel/avrgcc/3.4.1.95/avrtoolchain/bin/../lib/gcc/avr/4.6.2/avr5\libgcc.a(_copy_data.o)
                0x000000a0                __do_copy_data
 .init4         0x000000b6       0x10 c:/program files (x86)/atmel/atmel studio 6.0/extensions/atmel/avrgcc/3.4.1.95/avrtoolchain/bin/../lib/gcc/avr/4.6.2/avr5\libgcc.a(_clear_bss.o)
                0x000000b6                __do_clear_bss
 *(.init4)
 *(.init5)
 *(.init5)
 *(.init6)
 *(.init6)
 *(.init7)
 *(.init7)
 *(.init8)
 *(.init8)
 *(.init9)
 .init9         0x000000c6        0x8 c:/program files (x86)/atmel/atmel studio 6.0/extensions/atmel/avrgcc/3.4.1.95/avrtoolchain/bin/../lib/gcc/avr/4.6.2/../../../../avr/lib/avr5/crtcan32.o
 *(.init9)
 *(.text)
 .text          0x000000ce        0x4 c:/program files (x86)/atmel/atmel studio 6.0/extensions/atmel/avrgcc/3.4.1.95/avrtoolchain/bin/../lib/gcc/avr/4.6.2/../../../../avr/lib/avr5/crtcan32.o
                0x000000ce                __vector_22
                0x000000ce                __vector_1
                0x000000ce                __vector_32
                0x000000ce                __vector_34
                0x000000ce                __vector_24
                0x000000ce                __bad_interrupt
                0x000000ce                __vector_6
                0x000000ce                __vector_35
                0x000000ce                __vector_3
                0x000000ce                __vector_23
                0x000000ce                __vector_25
                0x000000ce                __vector_11
                0x000000ce                __vector_19
                0x000000ce                __vector_7
                0x000000ce                __vector_27
                0x000000ce                __vector_5
                0x000000ce                __vector_33
                0x000000ce                __vector_4
                0x000000ce                __vector_9
                0x000000ce                __vector_2
                0x000000ce                __vector_21
                0x000000ce                __vector_36
                0x000000ce                __vector_8
                0x000000ce                __vector_26
                0x000000ce                __vector_10
                0x000000ce                __vector_20
 .text          0x000000d2        0xc main.o
                0x000000d2                main
 .text          0x000000de      0x24c sources/Button.o
                0x000000de                button_read_col
                0x000001b0                col1_input_high
                0x000001b6                col2_input_high
                0x000001bc                col3_input_high
                0x000001c2                col1_low
                0x000001c8                col2_low
                0x000001ce                col3_low
                0x000001d4                button_init
                0x00000216                button_multiplex_cycle
                0x0000031c                button_get_button_state
 .text          0x0000032a       0x48 sources/Buzzer.o
                0x0000032a                buzzer_init
                0x00000330                buzzer_on
                0x00000334                buzzer_off
                0x00000338                buzzer_buzz
                0x00000370                buzzer_puls
 .text          0x00000372      0x298 sources/CAN.o
                0x00000372                __vector_18
                0x000003fa                CANInit
                0x00000430                CANGetStruct
                0x00000452                CANStartRx
                0x0000046e                CANGetData
                0x0000047e                CANSendData
                0x000004f8                CANAddSendData
                0x00000546                CANGetCurrentTx
                0x0000055a                CANSendNext
                0x00000598                CANAbortCMD
                0x000005e0                CANRestartReceive
 .text          0x0000060a      0x516 sources/can_drv.o
                0x0000060a                can_clear_all_mob
                0x0000062e                can_get_mob_free
                0x0000066e                can_get_mob_status
                0x00000694                can_get_data
                0x000006d8                can_auto_baudrate
                0x00000aea                Can_conf_bt_flex
                0x00000afa                can_fixed_baudrate
 .text          0x00000b20      0xd80 sources/can_lib.o
                0x00000b68                can_init
                0x00000b86                can_off
                0x00000b92                can_cmd
                0x00001746                can_get_status
 .text          0x000018a0      0x77e sources/Display.o
                0x000018a0                display_make_display_line_percent
                0x00001908                display_make_display_line_min_av_max_volt
                0x00001998                display_make_display_line_percent_bar
                0x00001a80                display_make_display_line_min_av_max_temp
                0x00001b10                display_make_display_line_lv_voltage
                0x00001b62                display_make_display_line_error
                0x00001c82                display_make_display_line_button_test
                0x00001cba                display_make_display_line_motor_temp
                0x00001d98                display_write_data
                0x00001db0                display_write_instruction
                0x00001dc8                display_write_display_lines
                0x00001e32                display_update
                0x00001fca                display_init
                0x0000200a                display_set_display_string
 .text          0x0000201e       0x2a sources/Error.o
                0x0000201e                InitError
                0x0000202c                AddError
                0x0000203c                ClearErrors
 .text          0x00002048      0x1cc sources/Event.o
                0x00002048                EventInit
                0x00002052                EventAddEvent
                0x0000208e                EventGetNextEvent
                0x000020aa                Dashboard
                0x000021ee                EventHandleEvent
 .text          0x00002214      0x284 sources/Led.o
                0x00002214                led_set
                0x00002276                led_clear
                0x000022e0                led_is_set
                0x000023bc                led_toggle
                0x000023da                led_state_set
                0x00002424                led_init
                0x0000245e                led_state_return
 .text          0x00002498       0x6e sources/MyCommon.o
                0x00002498                main_deinit
                0x0000249a                ports_init
                0x000024ca                main_init
 .text          0x00002506        0xe sources/Radio.o
                0x00002506                radio_init
                0x0000250c                radio_on
                0x00002510                radio_off
 .text          0x00002514       0x5e sources/spi_lib.o
                0x00002514                spi_init
                0x0000253a                spi_test_hit
                0x00002540                spi_putchar
                0x0000254a                spi_getchar
                0x00002554                spi_transmit_master
 .text          0x00002572      0x340 sources/Timer.o
                0x00002572                __vector_16
                0x00002586                __vector_17
                0x0000259a                __vector_12
                0x000025f4                __vector_13
                0x0000264e                __vector_14
                0x000026a8                __vector_28
                0x00002702                __vector_29
                0x0000275c                __vector_30
                0x000027b6                __vector_15
                0x000027ca                __vector_31
                0x000027de                Timer1_init
                0x000027e8                Timer3_init
                0x000027f2                TIMER_Timer1_OCR1A_on
                0x00002812                TIMER_Timer1_OCR1B_on
                0x00002832                TIMER_Timer1_OCR1C_on
                0x00002852                TIMER_Timer3_OCR3A_on
                0x00002872                TIMER_Timer3_OCR3B_on
                0x00002892                TIMER_Timer3_OCR3C_on
 .text          0x000028b2       0x2c sources/WatchDog.o
                0x000028b2                InitWDT
                0x000028ca                CheckWDT
 .text          0x000028de        0x0 c:/program files (x86)/atmel/atmel studio 6.0/extensions/atmel/avrgcc/3.4.1.95/avrtoolchain/bin/../lib/gcc/avr/4.6.2/avr5\libgcc.a(_udivmodqi4.o)
 .text          0x000028de        0x0 c:/program files (x86)/atmel/atmel studio 6.0/extensions/atmel/avrgcc/3.4.1.95/avrtoolchain/bin/../lib/gcc/avr/4.6.2/avr5\libgcc.a(_divmodhi4.o)
 .text          0x000028de        0x0 c:/program files (x86)/atmel/atmel studio 6.0/extensions/atmel/avrgcc/3.4.1.95/avrtoolchain/bin/../lib/gcc/avr/4.6.2/avr5\libgcc.a(_exit.o)
 .text          0x000028de        0x0 c:/program files (x86)/atmel/atmel studio 6.0/extensions/atmel/avrgcc/3.4.1.95/avrtoolchain/bin/../lib/gcc/avr/4.6.2/avr5\libgcc.a(_copy_data.o)
 .text          0x000028de        0x0 c:/program files (x86)/atmel/atmel studio 6.0/extensions/atmel/avrgcc/3.4.1.95/avrtoolchain/bin/../lib/gcc/avr/4.6.2/avr5\libgcc.a(_clear_bss.o)
 .text          0x000028de        0x0 c:/program files (x86)/atmel/atmel studio 6.0/extensions/atmel/avrgcc/3.4.1.95/avrtoolchain/bin/../lib/gcc/avr/4.6.2/avr5\libgcc.a(_udivmodhi4.o)
                0x000028de                . = ALIGN (0x2)
 *(.text.*)
 .text.libgcc   0x000028de       0x18 c:/program files (x86)/atmel/atmel studio 6.0/extensions/atmel/avrgcc/3.4.1.95/avrtoolchain/bin/../lib/gcc/avr/4.6.2/avr5\libgcc.a(_udivmodqi4.o)
                0x000028de                __udivmodqi4
 .text.libgcc   0x000028f6       0x26 c:/program files (x86)/atmel/atmel studio 6.0/extensions/atmel/avrgcc/3.4.1.95/avrtoolchain/bin/../lib/gcc/avr/4.6.2/avr5\libgcc.a(_divmodhi4.o)
                0x000028f6                _div
                0x000028f6                __divmodhi4
 .text.libgcc   0x0000291c        0x0 c:/program files (x86)/atmel/atmel studio 6.0/extensions/atmel/avrgcc/3.4.1.95/avrtoolchain/bin/../lib/gcc/avr/4.6.2/avr5\libgcc.a(_exit.o)
 .text.libgcc   0x0000291c        0x0 c:/program files (x86)/atmel/atmel studio 6.0/extensions/atmel/avrgcc/3.4.1.95/avrtoolchain/bin/../lib/gcc/avr/4.6.2/avr5\libgcc.a(_copy_data.o)
 .text.libgcc   0x0000291c        0x0 c:/program files (x86)/atmel/atmel studio 6.0/extensions/atmel/avrgcc/3.4.1.95/avrtoolchain/bin/../lib/gcc/avr/4.6.2/avr5\libgcc.a(_clear_bss.o)
 .text.libgcc   0x0000291c       0x28 c:/program files (x86)/atmel/atmel studio 6.0/extensions/atmel/avrgcc/3.4.1.95/avrtoolchain/bin/../lib/gcc/avr/4.6.2/avr5\libgcc.a(_udivmodhi4.o)
                0x0000291c                __udivmodhi4
                0x00002944                . = ALIGN (0x2)
 *(.fini9)
 .fini9         0x00002944        0x0 c:/program files (x86)/atmel/atmel studio 6.0/extensions/atmel/avrgcc/3.4.1.95/avrtoolchain/bin/../lib/gcc/avr/4.6.2/avr5\libgcc.a(_exit.o)
                0x00002944                _exit
                0x00002944                exit
 *(.fini9)
 *(.fini8)
 *(.fini8)
 *(.fini7)
 *(.fini7)
 *(.fini6)
 *(.fini6)
 *(.fini5)
 *(.fini5)
 *(.fini4)
 *(.fini4)
 *(.fini3)
 *(.fini3)
 *(.fini2)
 *(.fini2)
 *(.fini1)
 *(.fini1)
 *(.fini0)
 .fini0         0x00002944        0x4 c:/program files (x86)/atmel/atmel studio 6.0/extensions/atmel/avrgcc/3.4.1.95/avrtoolchain/bin/../lib/gcc/avr/4.6.2/avr5\libgcc.a(_exit.o)
 *(.fini0)
                0x00002948                _etext = .

.data           0x00800100      0x230 load address 0x00002948
                0x00800100                PROVIDE (__data_start, .)
 *(.data)
 .data          0x00800100        0x0 c:/program files (x86)/atmel/atmel studio 6.0/extensions/atmel/avrgcc/3.4.1.95/avrtoolchain/bin/../lib/gcc/avr/4.6.2/../../../../avr/lib/avr5/crtcan32.o
 .data          0x00800100        0x0 main.o
 .data          0x00800100        0x0 sources/Button.o
 .data          0x00800100        0x0 sources/Buzzer.o
 .data          0x00800100        0x0 sources/CAN.o
 .data          0x00800100        0x0 sources/can_drv.o
 .data          0x00800100        0x0 sources/can_lib.o
 .data          0x00800100      0x230 sources/Display.o
                0x00800114                test
                0x0080013c                display_line_blank
                0x00800150                display_line_buttons_pressed
                0x00800164                display_line_accleration_mode
                0x00800178                display_line_torque_vectoring
                0x0080018c                display_line_traction_control
                0x008001a0                display_line_motor_temp_rear
                0x008001b4                display_line_motor_temp_front
                0x008001c8                display_line_motor_power_rear
                0x008001dc                display_line_motor_power_front
                0x008001f0                display_line_lv_voltage
                0x00800204                display_line_cel_temp
                0x00800218                display_line_min_cv_max
                0x0080022c                display_line_soc
                0x00800240                display_line_error
                0x00800254                display_line_home
                0x00800268                display_line_error_bad_request_id
                0x0080027c                display_line_error_bpd
                0x00800290                display_line_error_imdf
                0x008002a4                display_line_error_imd
                0x008002b8                display_line_error_hvdi
                0x008002cc                display_line_error_pre_bots
                0x008002e0                display_line_error_pre_master
                0x008002f4                display_line_error_unknown_code
                0x00800308                display_line_error_sc_down
                0x0080031c                display_line_error_none
 .data          0x00800330        0x0 sources/Error.o
 .data          0x00800330        0x0 sources/Event.o
 .data          0x00800330        0x0 sources/Led.o
 .data          0x00800330        0x0 sources/MyCommon.o
 .data          0x00800330        0x0 sources/Radio.o
 .data          0x00800330        0x0 sources/spi_lib.o
 .data          0x00800330        0x0 sources/Timer.o
 .data          0x00800330        0x0 sources/WatchDog.o
 .data          0x00800330        0x0 c:/program files (x86)/atmel/atmel studio 6.0/extensions/atmel/avrgcc/3.4.1.95/avrtoolchain/bin/../lib/gcc/avr/4.6.2/avr5\libgcc.a(_udivmodqi4.o)
 .data          0x00800330        0x0 c:/program files (x86)/atmel/atmel studio 6.0/extensions/atmel/avrgcc/3.4.1.95/avrtoolchain/bin/../lib/gcc/avr/4.6.2/avr5\libgcc.a(_divmodhi4.o)
 .data          0x00800330        0x0 c:/program files (x86)/atmel/atmel studio 6.0/extensions/atmel/avrgcc/3.4.1.95/avrtoolchain/bin/../lib/gcc/avr/4.6.2/avr5\libgcc.a(_exit.o)
 .data          0x00800330        0x0 c:/program files (x86)/atmel/atmel studio 6.0/extensions/atmel/avrgcc/3.4.1.95/avrtoolchain/bin/../lib/gcc/avr/4.6.2/avr5\libgcc.a(_copy_data.o)
 .data          0x00800330        0x0 c:/program files (x86)/atmel/atmel studio 6.0/extensions/atmel/avrgcc/3.4.1.95/avrtoolchain/bin/../lib/gcc/avr/4.6.2/avr5\libgcc.a(_clear_bss.o)
 .data          0x00800330        0x0 c:/program files (x86)/atmel/atmel studio 6.0/extensions/atmel/avrgcc/3.4.1.95/avrtoolchain/bin/../lib/gcc/avr/4.6.2/avr5\libgcc.a(_udivmodhi4.o)
 *(.data*)
 *(.rodata)
 *(.rodata*)
 *(.gnu.linkonce.d*)
                0x00800330                . = ALIGN (0x2)
                0x00800330                _edata = .
                0x00800330                PROVIDE (__data_end, .)

.bss            0x00800330      0x118
                0x00800330                PROVIDE (__bss_start, .)
 *(.bss)
 .bss           0x00800330        0x0 c:/program files (x86)/atmel/atmel studio 6.0/extensions/atmel/avrgcc/3.4.1.95/avrtoolchain/bin/../lib/gcc/avr/4.6.2/../../../../avr/lib/avr5/crtcan32.o
 .bss           0x00800330        0x0 main.o
 .bss           0x00800330        0x0 sources/Button.o
 .bss           0x00800330        0x0 sources/Buzzer.o
 .bss           0x00800330        0x0 sources/CAN.o
 .bss           0x00800330        0x0 sources/can_drv.o
 .bss           0x00800330        0x0 sources/can_lib.o
 .bss           0x00800330        0x0 sources/Display.o
 .bss           0x00800330        0x2 sources/Error.o
 .bss           0x00800332       0x30 sources/Event.o
 .bss           0x00800362        0x0 sources/Led.o
 .bss           0x00800362        0x0 sources/MyCommon.o
 .bss           0x00800362        0x0 sources/Radio.o
 .bss           0x00800362        0x0 sources/spi_lib.o
 .bss           0x00800362        0x0 sources/Timer.o
 .bss           0x00800362        0x0 sources/WatchDog.o
 .bss           0x00800362        0x0 c:/program files (x86)/atmel/atmel studio 6.0/extensions/atmel/avrgcc/3.4.1.95/avrtoolchain/bin/../lib/gcc/avr/4.6.2/avr5\libgcc.a(_udivmodqi4.o)
 .bss           0x00800362        0x0 c:/program files (x86)/atmel/atmel studio 6.0/extensions/atmel/avrgcc/3.4.1.95/avrtoolchain/bin/../lib/gcc/avr/4.6.2/avr5\libgcc.a(_divmodhi4.o)
 .bss           0x00800362        0x0 c:/program files (x86)/atmel/atmel studio 6.0/extensions/atmel/avrgcc/3.4.1.95/avrtoolchain/bin/../lib/gcc/avr/4.6.2/avr5\libgcc.a(_exit.o)
 .bss           0x00800362        0x0 c:/program files (x86)/atmel/atmel studio 6.0/extensions/atmel/avrgcc/3.4.1.95/avrtoolchain/bin/../lib/gcc/avr/4.6.2/avr5\libgcc.a(_copy_data.o)
 .bss           0x00800362        0x0 c:/program files (x86)/atmel/atmel studio 6.0/extensions/atmel/avrgcc/3.4.1.95/avrtoolchain/bin/../lib/gcc/avr/4.6.2/avr5\libgcc.a(_clear_bss.o)
 .bss           0x00800362        0x0 c:/program files (x86)/atmel/atmel studio 6.0/extensions/atmel/avrgcc/3.4.1.95/avrtoolchain/bin/../lib/gcc/avr/4.6.2/avr5\libgcc.a(_udivmodhi4.o)
 *(.bss*)
 *(COMMON)
 COMMON         0x00800362       0x23 main.o
                0x00800362                led_pins
                0x0080036d                led_state
                0x0080036f                led_port
                0x0080037a                led_dd
 COMMON         0x00800385       0x69 sources/Button.o
                0x00800385                display_string
                0x008003ad                button_counter
                0x008003b9                button_pressed_previous
                0x008003bb                button_state
                0x008003c7                selected_menu
                0x008003c8                button_previous_state
                0x008003d4                button_press
                0x008003e0                button_pressed_current
                0x008003e2                button_released
 COMMON         0x008003ee        0xf sources/CAN.o
                0x008003ee                can_queue
                0x008003f8                can_queue_head
                0x008003f9                can_Status
                0x008003fa                can_queue_tail
                0x008003fb                can_rx
 COMMON         0x008003fd       0x39 sources/Display.o
                0x008003fd                display_ddram_bottom_row
                0x00800419                display_ddram_top_row
                0x00800435                address_counter
 COMMON         0x00800436       0x12 sources/Event.o
                0x00800436                event_queue
                0x00800446                event_queue_head
                0x00800447                event_queue_tail
                0x00800448                PROVIDE (__bss_end, .)
                0x00002948                __data_load_start = LOADADDR (.data)
                0x00002b78                __data_load_end = (__data_load_start + SIZEOF (.data))

.noinit         0x00800448        0x0
                0x00800448                PROVIDE (__noinit_start, .)
 *(.noinit*)
                0x00800448                PROVIDE (__noinit_end, .)
                0x00800448                _end = .
                0x00800448                PROVIDE (__heap_start, .)

.eeprom         0x00810000        0x0
 *(.eeprom*)
                0x00810000                __eeprom_end = .

.fuse
 *(.fuse)
 *(.lfuse)
 *(.hfuse)
 *(.efuse)

.lock
 *(.lock*)

.signature
 *(.signature*)

.stab           0x00000000      0x6cc
 *(.stab)
 .stab          0x00000000      0x6cc c:/program files (x86)/atmel/atmel studio 6.0/extensions/atmel/avrgcc/3.4.1.95/avrtoolchain/bin/../lib/gcc/avr/4.6.2/../../../../avr/lib/avr5/crtcan32.o

.stabstr        0x00000000       0x85
 *(.stabstr)
 .stabstr       0x00000000       0x85 c:/program files (x86)/atmel/atmel studio 6.0/extensions/atmel/avrgcc/3.4.1.95/avrtoolchain/bin/../lib/gcc/avr/4.6.2/../../../../avr/lib/avr5/crtcan32.o

.stab.excl
 *(.stab.excl)

.stab.exclstr
 *(.stab.exclstr)

.stab.index
 *(.stab.index)

.stab.indexstr
 *(.stab.indexstr)

.comment
 *(.comment)

.debug
 *(.debug)

.line
 *(.line)

.debug_srcinfo
 *(.debug_srcinfo)

.debug_sfnames
 *(.debug_sfnames)

.debug_aranges  0x00000000      0x2a0
 *(.debug_aranges)
 .debug_aranges
                0x00000000       0x20 main.o
 .debug_aranges
                0x00000020       0x20 sources/Button.o
 .debug_aranges
                0x00000040       0x20 sources/Buzzer.o
 .debug_aranges
                0x00000060       0x20 sources/CAN.o
 .debug_aranges
                0x00000080       0x20 sources/can_drv.o
 .debug_aranges
                0x000000a0       0x20 sources/can_lib.o
 .debug_aranges
                0x000000c0       0x20 sources/Display.o
 .debug_aranges
                0x000000e0       0x20 sources/Error.o
 .debug_aranges
                0x00000100       0x20 sources/Event.o
 .debug_aranges
                0x00000120       0x20 sources/Led.o
 .debug_aranges
                0x00000140       0x20 sources/MyCommon.o
 .debug_aranges
                0x00000160       0x20 sources/Radio.o
 .debug_aranges
                0x00000180       0x20 sources/spi_lib.o
 .debug_aranges
                0x000001a0       0x20 sources/Timer.o
 .debug_aranges
                0x000001c0       0x20 sources/WatchDog.o
 .debug_aranges
                0x000001e0       0x20 c:/program files (x86)/atmel/atmel studio 6.0/extensions/atmel/avrgcc/3.4.1.95/avrtoolchain/bin/../lib/gcc/avr/4.6.2/avr5\libgcc.a(_udivmodqi4.o)
 .debug_aranges
                0x00000200       0x20 c:/program files (x86)/atmel/atmel studio 6.0/extensions/atmel/avrgcc/3.4.1.95/avrtoolchain/bin/../lib/gcc/avr/4.6.2/avr5\libgcc.a(_divmodhi4.o)
 .debug_aranges
                0x00000220       0x20 c:/program files (x86)/atmel/atmel studio 6.0/extensions/atmel/avrgcc/3.4.1.95/avrtoolchain/bin/../lib/gcc/avr/4.6.2/avr5\libgcc.a(_exit.o)
 .debug_aranges
                0x00000240       0x20 c:/program files (x86)/atmel/atmel studio 6.0/extensions/atmel/avrgcc/3.4.1.95/avrtoolchain/bin/../lib/gcc/avr/4.6.2/avr5\libgcc.a(_copy_data.o)
 .debug_aranges
                0x00000260       0x20 c:/program files (x86)/atmel/atmel studio 6.0/extensions/atmel/avrgcc/3.4.1.95/avrtoolchain/bin/../lib/gcc/avr/4.6.2/avr5\libgcc.a(_clear_bss.o)
 .debug_aranges
                0x00000280       0x20 c:/program files (x86)/atmel/atmel studio 6.0/extensions/atmel/avrgcc/3.4.1.95/avrtoolchain/bin/../lib/gcc/avr/4.6.2/avr5\libgcc.a(_udivmodhi4.o)

.debug_pubnames
 *(.debug_pubnames)

.debug_info     0x00000000     0x4c09
 *(.debug_info)
 .debug_info    0x00000000      0x3fa main.o
 .debug_info    0x000003fa      0x382 sources/Button.o
 .debug_info    0x0000077c      0x10e sources/Buzzer.o
 .debug_info    0x0000088a      0x67c sources/CAN.o
 .debug_info    0x00000f06      0x69b sources/can_drv.o
 .debug_info    0x000015a1      0x4ce sources/can_lib.o
 .debug_info    0x00001a6f      0xc4e sources/Display.o
 .debug_info    0x000026bd      0x41c sources/Error.o
 .debug_info    0x00002ad9      0x68d sources/Event.o
 .debug_info    0x00003166      0x204 sources/Led.o
 .debug_info    0x0000336a      0x50d sources/MyCommon.o
 .debug_info    0x00003877       0xa8 sources/Radio.o
 .debug_info    0x0000391f      0x452 sources/spi_lib.o
 .debug_info    0x00003d71      0x58c sources/Timer.o
 .debug_info    0x000042fd      0x3de sources/WatchDog.o
 .debug_info    0x000046db       0xdd c:/program files (x86)/atmel/atmel studio 6.0/extensions/atmel/avrgcc/3.4.1.95/avrtoolchain/bin/../lib/gcc/avr/4.6.2/avr5\libgcc.a(_udivmodqi4.o)
 .debug_info    0x000047b8       0xdd c:/program files (x86)/atmel/atmel studio 6.0/extensions/atmel/avrgcc/3.4.1.95/avrtoolchain/bin/../lib/gcc/avr/4.6.2/avr5\libgcc.a(_divmodhi4.o)
 .debug_info    0x00004895       0xdd c:/program files (x86)/atmel/atmel studio 6.0/extensions/atmel/avrgcc/3.4.1.95/avrtoolchain/bin/../lib/gcc/avr/4.6.2/avr5\libgcc.a(_exit.o)
 .debug_info    0x00004972       0xdd c:/program files (x86)/atmel/atmel studio 6.0/extensions/atmel/avrgcc/3.4.1.95/avrtoolchain/bin/../lib/gcc/avr/4.6.2/avr5\libgcc.a(_copy_data.o)
 .debug_info    0x00004a4f       0xdd c:/program files (x86)/atmel/atmel studio 6.0/extensions/atmel/avrgcc/3.4.1.95/avrtoolchain/bin/../lib/gcc/avr/4.6.2/avr5\libgcc.a(_clear_bss.o)
 .debug_info    0x00004b2c       0xdd c:/program files (x86)/atmel/atmel studio 6.0/extensions/atmel/avrgcc/3.4.1.95/avrtoolchain/bin/../lib/gcc/avr/4.6.2/avr5\libgcc.a(_udivmodhi4.o)
 *(.gnu.linkonce.wi.*)

.debug_abbrev   0x00000000     0x14a4
 *(.debug_abbrev)
 .debug_abbrev  0x00000000      0x11a main.o
 .debug_abbrev  0x0000011a      0x13b sources/Button.o
 .debug_abbrev  0x00000255       0xa5 sources/Buzzer.o
 .debug_abbrev  0x000002fa      0x1aa sources/CAN.o
 .debug_abbrev  0x000004a4      0x1e4 sources/can_drv.o
 .debug_abbrev  0x00000688      0x1d3 sources/can_lib.o
 .debug_abbrev  0x0000085b      0x27e sources/Display.o
 .debug_abbrev  0x00000ad9      0x14b sources/Error.o
 .debug_abbrev  0x00000c24      0x182 sources/Event.o
 .debug_abbrev  0x00000da6      0x11c sources/Led.o
 .debug_abbrev  0x00000ec2      0x145 sources/MyCommon.o
 .debug_abbrev  0x00001007       0x4c sources/Radio.o
 .debug_abbrev  0x00001053      0x179 sources/spi_lib.o
 .debug_abbrev  0x000011cc      0x142 sources/Timer.o
 .debug_abbrev  0x0000130e      0x11e sources/WatchDog.o
 .debug_abbrev  0x0000142c       0x14 c:/program files (x86)/atmel/atmel studio 6.0/extensions/atmel/avrgcc/3.4.1.95/avrtoolchain/bin/../lib/gcc/avr/4.6.2/avr5\libgcc.a(_udivmodqi4.o)
 .debug_abbrev  0x00001440       0x14 c:/program files (x86)/atmel/atmel studio 6.0/extensions/atmel/avrgcc/3.4.1.95/avrtoolchain/bin/../lib/gcc/avr/4.6.2/avr5\libgcc.a(_divmodhi4.o)
 .debug_abbrev  0x00001454       0x14 c:/program files (x86)/atmel/atmel studio 6.0/extensions/atmel/avrgcc/3.4.1.95/avrtoolchain/bin/../lib/gcc/avr/4.6.2/avr5\libgcc.a(_exit.o)
 .debug_abbrev  0x00001468       0x14 c:/program files (x86)/atmel/atmel studio 6.0/extensions/atmel/avrgcc/3.4.1.95/avrtoolchain/bin/../lib/gcc/avr/4.6.2/avr5\libgcc.a(_copy_data.o)
 .debug_abbrev  0x0000147c       0x14 c:/program files (x86)/atmel/atmel studio 6.0/extensions/atmel/avrgcc/3.4.1.95/avrtoolchain/bin/../lib/gcc/avr/4.6.2/avr5\libgcc.a(_clear_bss.o)
 .debug_abbrev  0x00001490       0x14 c:/program files (x86)/atmel/atmel studio 6.0/extensions/atmel/avrgcc/3.4.1.95/avrtoolchain/bin/../lib/gcc/avr/4.6.2/avr5\libgcc.a(_udivmodhi4.o)

.debug_line     0x00000000     0x1c37
 *(.debug_line)
 .debug_line    0x00000000      0x122 main.o
 .debug_line    0x00000122      0x1a7 sources/Button.o
 .debug_line    0x000002c9       0xf0 sources/Buzzer.o
 .debug_line    0x000003b9      0x1ec sources/CAN.o
 .debug_line    0x000005a5      0x312 sources/can_drv.o
 .debug_line    0x000008b7      0x303 sources/can_lib.o
 .debug_line    0x00000bba      0x2a0 sources/Display.o
 .debug_line    0x00000e5a       0xfa sources/Error.o
 .debug_line    0x00000f54      0x190 sources/Event.o
 .debug_line    0x000010e4      0x16c sources/Led.o
 .debug_line    0x00001250      0x168 sources/MyCommon.o
 .debug_line    0x000013b8       0xe1 sources/Radio.o
 .debug_line    0x00001499      0x17b sources/spi_lib.o
 .debug_line    0x00001614      0x184 sources/Timer.o
 .debug_line    0x00001798      0x133 sources/WatchDog.o
 .debug_line    0x000018cb       0x92 c:/program files (x86)/atmel/atmel studio 6.0/extensions/atmel/avrgcc/3.4.1.95/avrtoolchain/bin/../lib/gcc/avr/4.6.2/avr5\libgcc.a(_udivmodqi4.o)
 .debug_line    0x0000195d       0x99 c:/program files (x86)/atmel/atmel studio 6.0/extensions/atmel/avrgcc/3.4.1.95/avrtoolchain/bin/../lib/gcc/avr/4.6.2/avr5\libgcc.a(_divmodhi4.o)
 .debug_line    0x000019f6       0x88 c:/program files (x86)/atmel/atmel studio 6.0/extensions/atmel/avrgcc/3.4.1.95/avrtoolchain/bin/../lib/gcc/avr/4.6.2/avr5\libgcc.a(_exit.o)
 .debug_line    0x00001a7e       0x91 c:/program files (x86)/atmel/atmel studio 6.0/extensions/atmel/avrgcc/3.4.1.95/avrtoolchain/bin/../lib/gcc/avr/4.6.2/avr5\libgcc.a(_copy_data.o)
 .debug_line    0x00001b0f       0x8e c:/program files (x86)/atmel/atmel studio 6.0/extensions/atmel/avrgcc/3.4.1.95/avrtoolchain/bin/../lib/gcc/avr/4.6.2/avr5\libgcc.a(_clear_bss.o)
 .debug_line    0x00001b9d       0x9a c:/program files (x86)/atmel/atmel studio 6.0/extensions/atmel/avrgcc/3.4.1.95/avrtoolchain/bin/../lib/gcc/avr/4.6.2/avr5\libgcc.a(_udivmodhi4.o)

.debug_frame    0x00000000      0xbb0
 *(.debug_frame)
 .debug_frame   0x00000000       0x24 main.o
 .debug_frame   0x00000024       0xdc sources/Button.o
 .debug_frame   0x00000100       0x6c sources/Buzzer.o
 .debug_frame   0x0000016c      0x128 sources/CAN.o
 .debug_frame   0x00000294       0xf0 sources/can_drv.o
 .debug_frame   0x00000384       0xa8 sources/can_lib.o
 .debug_frame   0x0000042c      0x198 sources/Display.o
 .debug_frame   0x000005c4       0x44 sources/Error.o
 .debug_frame   0x00000608       0x98 sources/Event.o
 .debug_frame   0x000006a0       0xc0 sources/Led.o
 .debug_frame   0x00000760       0x44 sources/MyCommon.o
 .debug_frame   0x000007a4       0x44 sources/Radio.o
 .debug_frame   0x000007e8       0x80 sources/spi_lib.o
 .debug_frame   0x00000868      0x314 sources/Timer.o
 .debug_frame   0x00000b7c       0x34 sources/WatchDog.o

.debug_str      0x00000000     0x1138
 *(.debug_str)
 .debug_str     0x00000000      0x2d7 main.o
                                0x319 (size before relaxing)
 .debug_str     0x000002d7      0x14b sources/Button.o
                                0x245 (size before relaxing)
 .debug_str     0x00000422       0x5d sources/Buzzer.o
                                0x12d (size before relaxing)
 .debug_str     0x0000047f      0x21f sources/CAN.o
                                0x4fb (size before relaxing)
 .debug_str     0x0000069e      0x19f sources/can_drv.o
                                0x4c5 (size before relaxing)
 .debug_str     0x0000083d       0x6d sources/can_lib.o
                                0x358 (size before relaxing)
 .debug_str     0x000008aa      0x4f0 sources/Display.o
                                0x85c (size before relaxing)
 .debug_str     0x00000d9a       0x53 sources/Error.o
                                0x37d (size before relaxing)
 .debug_str     0x00000ded       0x99 sources/Event.o
                                0x52c (size before relaxing)
 .debug_str     0x00000e86       0x76 sources/Led.o
                                0x172 (size before relaxing)
 .debug_str     0x00000efc       0x37 sources/MyCommon.o
                                0x44e (size before relaxing)
 .debug_str     0x00000f33       0x31 sources/Radio.o
                                0x101 (size before relaxing)
 .debug_str     0x00000f64       0x6a sources/spi_lib.o
                                0x346 (size before relaxing)
 .debug_str     0x00000fce      0x143 sources/Timer.o
                                0x4ac (size before relaxing)
 .debug_str     0x00001111       0x27 sources/WatchDog.o
                                0x362 (size before relaxing)

.debug_loc      0x00000000     0x3208
 *(.debug_loc)
 .debug_loc     0x00000000      0x152 sources/Button.o
 .debug_loc     0x00000152       0x64 sources/Buzzer.o
 .debug_loc     0x000001b6      0x201 sources/CAN.o
 .debug_loc     0x000003b7      0x8a5 sources/can_drv.o
 .debug_loc     0x00000c5c      0x3f1 sources/can_lib.o
 .debug_loc     0x0000104d     0x188d sources/Display.o
 .debug_loc     0x000028da       0x2b sources/Error.o
 .debug_loc     0x00002905      0x120 sources/Event.o
 .debug_loc     0x00002a25      0x223 sources/Led.o
 .debug_loc     0x00002c48       0x42 sources/spi_lib.o
 .debug_loc     0x00002c8a      0x57e sources/Timer.o

.debug_macinfo
 *(.debug_macinfo)
OUTPUT(Dashboard.elf elf32-avr)
LOAD linker stubs
