Archive member included because of file (symbol)

c:/program files (x86)/atmel/atmel studio 6.0/extensions/atmel/avrgcc/3.4.1.95/avrtoolchain/bin/../lib/gcc/avr/4.6.2/avr5\libgcc.a(_udivmodqi4.o)
                              sources/Display.o (__udivmodqi4)
c:/program files (x86)/atmel/atmel studio 6.0/extensions/atmel/avrgcc/3.4.1.95/avrtoolchain/bin/../lib/gcc/avr/4.6.2/avr5\libgcc.a(_divmodhi4.o)
                              sources/CAN.o (__divmodhi4)
c:/program files (x86)/atmel/atmel studio 6.0/extensions/atmel/avrgcc/3.4.1.95/avrtoolchain/bin/../lib/gcc/avr/4.6.2/avr5\libgcc.a(_exit.o)
                              c:/program files (x86)/atmel/atmel studio 6.0/extensions/atmel/avrgcc/3.4.1.95/avrtoolchain/bin/../lib/gcc/avr/4.6.2/../../../../avr/lib/avr5/crtcan32.o (exit)
c:/program files (x86)/atmel/atmel studio 6.0/extensions/atmel/avrgcc/3.4.1.95/avrtoolchain/bin/../lib/gcc/avr/4.6.2/avr5\libgcc.a(_copy_data.o)
                              main.o (__do_copy_data)
c:/program files (x86)/atmel/atmel studio 6.0/extensions/atmel/avrgcc/3.4.1.95/avrtoolchain/bin/../lib/gcc/avr/4.6.2/avr5\libgcc.a(_clear_bss.o)
                              main.o (__do_clear_bss)
c:/program files (x86)/atmel/atmel studio 6.0/extensions/atmel/avrgcc/3.4.1.95/avrtoolchain/bin/../lib/gcc/avr/4.6.2/avr5\libgcc.a(_udivmodhi4.o)
                              c:/program files (x86)/atmel/atmel studio 6.0/extensions/atmel/avrgcc/3.4.1.95/avrtoolchain/bin/../lib/gcc/avr/4.6.2/avr5\libgcc.a(_divmodhi4.o) (__udivmodhi4)

Allocating common symbols
Common symbol       size              file

event_queue         0x10              sources/Event.o
display_ddram_bottom_row
                    0x1c              sources/Display.o
display_ddram_top_row
                    0x1c              sources/Display.o
led_pins            0xb               main.o
event_queue_head    0x1               sources/Event.o
selected_menu_pre_error
                    0x1               sources/Button.o
display_string      0x28              sources/Button.o
dashboard_state     0x1               main.o
led_state           0x2               main.o
can_queue           0xa               sources/CAN.o
button_counter      0xc               sources/Button.o
led_port            0xb               main.o
led_dd              0xb               main.o
button_pressed_previous
                    0x2               sources/Button.o
can_queue_head      0x1               sources/CAN.o
can_Status          0x1               sources/CAN.o
address_counter     0x1               sources/Display.o
button_state        0xc               sources/Button.o
selected_menu       0x1               sources/Button.o
can_queue_tail      0x1               sources/CAN.o
button_previous_state
                    0xc               sources/Button.o
button_press        0xc               sources/Button.o
event_queue_tail    0x1               sources/Event.o
button_pressed_current
                    0x2               sources/Button.o
button_released     0xc               sources/Button.o
can_rx              0x2               sources/CAN.o
display_current_error
                    0x1               sources/Button.o

Memory Configuration

Name             Origin             Length             Attributes
text             0x00000000         0x00020000         xr
data             0x00800060         0x0000ffa0         rw !x
eeprom           0x00810000         0x00010000         rw !x
fuse             0x00820000         0x00000400         rw !x
lock             0x00830000         0x00000400         rw !x
signature        0x00840000         0x00000400         rw !x
*default*        0x00000000         0xffffffff

Linker script and memory map

Address of section .data set to 0x800100
LOAD c:/program files (x86)/atmel/atmel studio 6.0/extensions/atmel/avrgcc/3.4.1.95/avrtoolchain/bin/../lib/gcc/avr/4.6.2/../../../../avr/lib/avr5/crtcan32.o
LOAD main.o
LOAD sources/Button.o
LOAD sources/Buzzer.o
LOAD sources/CAN.o
LOAD sources/can_drv.o
LOAD sources/can_lib.o
LOAD sources/Display.o
LOAD sources/Error.o
LOAD sources/Event.o
LOAD sources/Led.o
LOAD sources/MyCommon.o
LOAD sources/Radio.o
LOAD sources/spi_lib.o
LOAD sources/Startup.o
LOAD sources/Timer.o
LOAD sources/WatchDog.o
START GROUP
LOAD c:/program files (x86)/atmel/atmel studio 6.0/extensions/atmel/avrgcc/3.4.1.95/avrtoolchain/bin/../lib/gcc/avr/4.6.2/../../../../avr/lib/avr5\libm.a
END GROUP
LOAD c:/program files (x86)/atmel/atmel studio 6.0/extensions/atmel/avrgcc/3.4.1.95/avrtoolchain/bin/../lib/gcc/avr/4.6.2/avr5\libgcc.a
LOAD c:/program files (x86)/atmel/atmel studio 6.0/extensions/atmel/avrgcc/3.4.1.95/avrtoolchain/bin/../lib/gcc/avr/4.6.2/../../../../avr/lib/avr5\libc.a
LOAD c:/program files (x86)/atmel/atmel studio 6.0/extensions/atmel/avrgcc/3.4.1.95/avrtoolchain/bin/../lib/gcc/avr/4.6.2/avr5\libgcc.a

.hash
 *(.hash)

.dynsym
 *(.dynsym)

.dynstr
 *(.dynstr)

.gnu.version
 *(.gnu.version)

.gnu.version_d
 *(.gnu.version_d)

.gnu.version_r
 *(.gnu.version_r)

.rel.init
 *(.rel.init)

.rela.init
 *(.rela.init)

.rel.text
 *(.rel.text)
 *(.rel.text.*)
 *(.rel.gnu.linkonce.t*)

.rela.text
 *(.rela.text)
 *(.rela.text.*)
 *(.rela.gnu.linkonce.t*)

.rel.fini
 *(.rel.fini)

.rela.fini
 *(.rela.fini)

.rel.rodata
 *(.rel.rodata)
 *(.rel.rodata.*)
 *(.rel.gnu.linkonce.r*)

.rela.rodata
 *(.rela.rodata)
 *(.rela.rodata.*)
 *(.rela.gnu.linkonce.r*)

.rel.data
 *(.rel.data)
 *(.rel.data.*)
 *(.rel.gnu.linkonce.d*)

.rela.data
 *(.rela.data)
 *(.rela.data.*)
 *(.rela.gnu.linkonce.d*)

.rel.ctors
 *(.rel.ctors)

.rela.ctors
 *(.rela.ctors)

.rel.dtors
 *(.rel.dtors)

.rela.dtors
 *(.rela.dtors)

.rel.got
 *(.rel.got)

.rela.got
 *(.rela.got)

.rel.bss
 *(.rel.bss)

.rela.bss
 *(.rela.bss)

.rel.plt
 *(.rel.plt)

.rela.plt
 *(.rela.plt)

.text           0x00000000     0x3410
 *(.vectors)
 .vectors       0x00000000       0x94 c:/program files (x86)/atmel/atmel studio 6.0/extensions/atmel/avrgcc/3.4.1.95/avrtoolchain/bin/../lib/gcc/avr/4.6.2/../../../../avr/lib/avr5/crtcan32.o
                0x00000000                __vector_default
                0x00000000                __vectors
 *(.vectors)
 *(.progmem.gcc*)
 .progmem.gcc_sw_table
                0x00000094      0x26a sources/Display.o
 *(.progmem*)
                0x000002fe                . = ALIGN (0x2)
                0x000002fe                __trampolines_start = .
 *(.trampolines)
 .trampolines   0x000002fe        0x0 linker stubs
 *(.trampolines*)
                0x000002fe                __trampolines_end = .
 *(.jumptables)
 *(.jumptables*)
 *(.lowtext)
 *(.lowtext*)
                0x000002fe                __ctors_start = .
 *(.ctors)
                0x000002fe                __ctors_end = .
                0x000002fe                __dtors_start = .
 *(.dtors)
                0x000002fe                __dtors_end = .
 SORT(*)(.ctors)
 SORT(*)(.dtors)
 *(.init0)
 .init0         0x000002fe        0x0 c:/program files (x86)/atmel/atmel studio 6.0/extensions/atmel/avrgcc/3.4.1.95/avrtoolchain/bin/../lib/gcc/avr/4.6.2/../../../../avr/lib/avr5/crtcan32.o
                0x000002fe                __init
 *(.init0)
 *(.init1)
 *(.init1)
 *(.init2)
 .init2         0x000002fe        0xc c:/program files (x86)/atmel/atmel studio 6.0/extensions/atmel/avrgcc/3.4.1.95/avrtoolchain/bin/../lib/gcc/avr/4.6.2/../../../../avr/lib/avr5/crtcan32.o
 *(.init2)
 *(.init3)
 *(.init3)
 *(.init4)
 .init4         0x0000030a       0x16 c:/program files (x86)/atmel/atmel studio 6.0/extensions/atmel/avrgcc/3.4.1.95/avrtoolchain/bin/../lib/gcc/avr/4.6.2/avr5\libgcc.a(_copy_data.o)
                0x0000030a                __do_copy_data
 .init4         0x00000320       0x10 c:/program files (x86)/atmel/atmel studio 6.0/extensions/atmel/avrgcc/3.4.1.95/avrtoolchain/bin/../lib/gcc/avr/4.6.2/avr5\libgcc.a(_clear_bss.o)
                0x00000320                __do_clear_bss
 *(.init4)
 *(.init5)
 *(.init5)
 *(.init6)
 *(.init6)
 *(.init7)
 *(.init7)
 *(.init8)
 *(.init8)
 *(.init9)
 .init9         0x00000330        0x8 c:/program files (x86)/atmel/atmel studio 6.0/extensions/atmel/avrgcc/3.4.1.95/avrtoolchain/bin/../lib/gcc/avr/4.6.2/../../../../avr/lib/avr5/crtcan32.o
 *(.init9)
 *(.text)
 .text          0x00000338        0x4 c:/program files (x86)/atmel/atmel studio 6.0/extensions/atmel/avrgcc/3.4.1.95/avrtoolchain/bin/../lib/gcc/avr/4.6.2/../../../../avr/lib/avr5/crtcan32.o
                0x00000338                __vector_22
                0x00000338                __vector_1
                0x00000338                __vector_32
                0x00000338                __vector_34
                0x00000338                __vector_24
                0x00000338                __bad_interrupt
                0x00000338                __vector_6
                0x00000338                __vector_35
                0x00000338                __vector_3
                0x00000338                __vector_23
                0x00000338                __vector_25
                0x00000338                __vector_11
                0x00000338                __vector_19
                0x00000338                __vector_7
                0x00000338                __vector_27
                0x00000338                __vector_5
                0x00000338                __vector_33
                0x00000338                __vector_4
                0x00000338                __vector_9
                0x00000338                __vector_2
                0x00000338                __vector_21
                0x00000338                __vector_36
                0x00000338                __vector_8
                0x00000338                __vector_26
                0x00000338                __vector_10
                0x00000338                __vector_20
 .text          0x0000033c        0xc main.o
                0x0000033c                main
 .text          0x00000348      0x3b8 sources/Button.o
                0x00000348                button_read_col
                0x0000041a                col1_input_high
                0x00000420                col2_input_high
                0x00000426                col3_input_high
                0x0000042c                col1_low
                0x00000432                col2_low
                0x00000438                col3_low
                0x0000043e                buttons_react
                0x000005a6                button_init
                0x000005e8                button_multiplex_cycle
                0x000006f2                button_get_button_state
 .text          0x00000700       0x20 sources/Buzzer.o
                0x00000700                buzzer_init
                0x00000706                buzzer_on
                0x0000070a                buzzer_off
                0x0000070e                buzzer_buzz_ready_to_drive
 .text          0x00000720      0x298 sources/CAN.o
                0x00000720                __vector_18
                0x000007a8                CANInit
                0x000007de                CANGetStruct
                0x00000800                CANStartRx
                0x0000081c                CANGetData
                0x0000082c                CANSendData
                0x000008a6                CANAddSendData
                0x000008f4                CANGetCurrentTx
                0x00000908                CANSendNext
                0x00000946                CANAbortCMD
                0x0000098e                CANRestartReceive
 .text          0x000009b8      0x516 sources/can_drv.o
                0x000009b8                can_clear_all_mob
                0x000009dc                can_get_mob_free
                0x00000a1c                can_get_mob_status
                0x00000a42                can_get_data
                0x00000a86                can_auto_baudrate
                0x00000e98                Can_conf_bt_flex
                0x00000ea8                can_fixed_baudrate
 .text          0x00000ece      0xd80 sources/can_lib.o
                0x00000f16                can_init
                0x00000f34                can_off
                0x00000f40                can_cmd
                0x00001af4                can_get_status
 .text          0x00001c4e      0xc70 sources/Display.o
                0x00001c4e                display_make_display_line_percent
                0x00001cb6                display_make_display_line_min_av_max_volt
                0x00001d46                display_make_display_line_percent_bar
                0x00001e2e                display_make_display_line_min_av_max_temp
                0x00001ebe                display_make_display_line_lv_voltage
                0x00001f10                display_make_display_line_error_or_message
                0x000022c8                display_make_display_line_button_test
                0x000022d4                display_make_display_line_blank
                0x0000231e                display_make_display_line_select_player
                0x000023ba                display_make_display_line_brake_balance
                0x00002450                display_make_display_line_motor_temp
                0x0000252e                display_write_data
                0x00002546                display_write_instruction
                0x0000255e                display_write_display_lines
                0x000025c8                display_update
                0x000027d2                display_init
                0x0000281e                display_set_display_string
                0x00002832                display_up
                0x0000286e                display_down
                0x0000289e                display_starting
 .text          0x000028be       0x2a sources/Error.o
                0x000028be                InitError
                0x000028cc                AddError
                0x000028dc                ClearErrors
 .text          0x000028e8      0x2da sources/Event.o
                0x000028e8                EventInit
                0x000028f2                EventAddEvent
                0x0000292e                EventGetNextEvent
                0x0000294a                Dashboard
                0x00002b9c                EventHandleEvent
 .text          0x00002bc2      0x30c sources/Led.o
                0x00002bc2                led_init
                0x00002bde                led_set
                0x00002c4e                led_clear
                0x00002cbe                led_clear_all
                0x00002cd2                led_is_set
                0x00002dcc                led_toggle
                0x00002dea                led_state_set
                0x00002e34                led_state_return
                0x00002e6e                led_percent_bar
 .text          0x00002ece       0x76 sources/MyCommon.o
                0x00002ece                main_deinit
                0x00002ed0                ports_init
                0x00002f00                main_init
 .text          0x00002f44        0xe sources/Radio.o
                0x00002f44                radio_init
                0x00002f4a                radio_on
                0x00002f4e                radio_off
 .text          0x00002f52       0x5e sources/spi_lib.o
                0x00002f52                spi_init
                0x00002f78                spi_test_hit
                0x00002f7e                spi_putchar
                0x00002f88                spi_getchar
                0x00002f92                spi_transmit_master
 .text          0x00002fb0       0x8a sources/Startup.o
                0x00002fb0                startup_sequence
 .text          0x0000303a      0x340 sources/Timer.o
                0x0000303a                __vector_16
                0x0000304e                __vector_17
                0x00003062                __vector_12
                0x000030bc                __vector_13
                0x00003116                __vector_14
                0x00003170                __vector_28
                0x000031ca                __vector_29
                0x00003224                __vector_30
                0x0000327e                __vector_15
                0x00003292                __vector_31
                0x000032a6                Timer1_init
                0x000032b0                Timer3_init
                0x000032ba                TIMER_Timer1_OCR1A_on
                0x000032da                TIMER_Timer1_OCR1B_on
                0x000032fa                TIMER_Timer1_OCR1C_on
                0x0000331a                TIMER_Timer3_OCR3A_on
                0x0000333a                TIMER_Timer3_OCR3B_on
                0x0000335a                TIMER_Timer3_OCR3C_on
 .text          0x0000337a       0x2c sources/WatchDog.o
                0x0000337a                InitWDT
                0x00003392                CheckWDT
 .text          0x000033a6        0x0 c:/program files (x86)/atmel/atmel studio 6.0/extensions/atmel/avrgcc/3.4.1.95/avrtoolchain/bin/../lib/gcc/avr/4.6.2/avr5\libgcc.a(_udivmodqi4.o)
 .text          0x000033a6        0x0 c:/program files (x86)/atmel/atmel studio 6.0/extensions/atmel/avrgcc/3.4.1.95/avrtoolchain/bin/../lib/gcc/avr/4.6.2/avr5\libgcc.a(_divmodhi4.o)
 .text          0x000033a6        0x0 c:/program files (x86)/atmel/atmel studio 6.0/extensions/atmel/avrgcc/3.4.1.95/avrtoolchain/bin/../lib/gcc/avr/4.6.2/avr5\libgcc.a(_exit.o)
 .text          0x000033a6        0x0 c:/program files (x86)/atmel/atmel studio 6.0/extensions/atmel/avrgcc/3.4.1.95/avrtoolchain/bin/../lib/gcc/avr/4.6.2/avr5\libgcc.a(_copy_data.o)
 .text          0x000033a6        0x0 c:/program files (x86)/atmel/atmel studio 6.0/extensions/atmel/avrgcc/3.4.1.95/avrtoolchain/bin/../lib/gcc/avr/4.6.2/avr5\libgcc.a(_clear_bss.o)
 .text          0x000033a6        0x0 c:/program files (x86)/atmel/atmel studio 6.0/extensions/atmel/avrgcc/3.4.1.95/avrtoolchain/bin/../lib/gcc/avr/4.6.2/avr5\libgcc.a(_udivmodhi4.o)
                0x000033a6                . = ALIGN (0x2)
 *(.text.*)
 .text.libgcc   0x000033a6       0x18 c:/program files (x86)/atmel/atmel studio 6.0/extensions/atmel/avrgcc/3.4.1.95/avrtoolchain/bin/../lib/gcc/avr/4.6.2/avr5\libgcc.a(_udivmodqi4.o)
                0x000033a6                __udivmodqi4
 .text.libgcc   0x000033be       0x26 c:/program files (x86)/atmel/atmel studio 6.0/extensions/atmel/avrgcc/3.4.1.95/avrtoolchain/bin/../lib/gcc/avr/4.6.2/avr5\libgcc.a(_divmodhi4.o)
                0x000033be                _div
                0x000033be                __divmodhi4
 .text.libgcc   0x000033e4        0x0 c:/program files (x86)/atmel/atmel studio 6.0/extensions/atmel/avrgcc/3.4.1.95/avrtoolchain/bin/../lib/gcc/avr/4.6.2/avr5\libgcc.a(_exit.o)
 .text.libgcc   0x000033e4        0x0 c:/program files (x86)/atmel/atmel studio 6.0/extensions/atmel/avrgcc/3.4.1.95/avrtoolchain/bin/../lib/gcc/avr/4.6.2/avr5\libgcc.a(_copy_data.o)
 .text.libgcc   0x000033e4        0x0 c:/program files (x86)/atmel/atmel studio 6.0/extensions/atmel/avrgcc/3.4.1.95/avrtoolchain/bin/../lib/gcc/avr/4.6.2/avr5\libgcc.a(_clear_bss.o)
 .text.libgcc   0x000033e4       0x28 c:/program files (x86)/atmel/atmel studio 6.0/extensions/atmel/avrgcc/3.4.1.95/avrtoolchain/bin/../lib/gcc/avr/4.6.2/avr5\libgcc.a(_udivmodhi4.o)
                0x000033e4                __udivmodhi4
                0x0000340c                . = ALIGN (0x2)
 *(.fini9)
 .fini9         0x0000340c        0x0 c:/program files (x86)/atmel/atmel studio 6.0/extensions/atmel/avrgcc/3.4.1.95/avrtoolchain/bin/../lib/gcc/avr/4.6.2/avr5\libgcc.a(_exit.o)
                0x0000340c                _exit
                0x0000340c                exit
 *(.fini9)
 *(.fini8)
 *(.fini8)
 *(.fini7)
 *(.fini7)
 *(.fini6)
 *(.fini6)
 *(.fini5)
 *(.fini5)
 *(.fini4)
 *(.fini4)
 *(.fini3)
 *(.fini3)
 *(.fini2)
 *(.fini2)
 *(.fini1)
 *(.fini1)
 *(.fini0)
 .fini0         0x0000340c        0x4 c:/program files (x86)/atmel/atmel studio 6.0/extensions/atmel/avrgcc/3.4.1.95/avrtoolchain/bin/../lib/gcc/avr/4.6.2/avr5\libgcc.a(_exit.o)
 *(.fini0)
                0x00003410                _etext = .

.data           0x00800100      0x62c load address 0x00003410
                0x00800100                PROVIDE (__data_start, .)
 *(.data)
 .data          0x00800100        0x0 c:/program files (x86)/atmel/atmel studio 6.0/extensions/atmel/avrgcc/3.4.1.95/avrtoolchain/bin/../lib/gcc/avr/4.6.2/../../../../avr/lib/avr5/crtcan32.o
 .data          0x00800100        0x0 main.o
 .data          0x00800100        0x0 sources/Button.o
 .data          0x00800100        0x0 sources/Buzzer.o
 .data          0x00800100        0x0 sources/CAN.o
 .data          0x00800100        0x0 sources/can_drv.o
 .data          0x00800100        0x0 sources/can_lib.o
 .data          0x00800100      0x62c sources/Display.o
                0x0080013c                test
                0x00800164                display_line_player_princess_peach
                0x00800178                display_line_player_donkey_kong
                0x0080018c                display_line_player_bowser
                0x008001a0                display_line_player_luigi
                0x008001b4                display_line_player_mario
                0x008001c8                display_line_player_yoshi
                0x008001dc                display_line_player_select
                0x008001f0                display_line_brake_balance
                0x00800204                display_line_starting
                0x00800218                display_line_tsal2
                0x0080022c                display_line_tsal1
                0x00800240                display_line_blank
                0x00800254                display_line_buttons_pressed
                0x00800268                display_line_accleration_mode_go_go
                0x0080027c                display_line_accleration_mode_ready
                0x00800290                display_line_accleration_mode_normal
                0x008002a4                display_line_accleration_mode
                0x008002b8                display_line_torque_vectoring
                0x008002cc                display_line_traction_control
                0x008002e0                display_line_motor_temp_rear
                0x008002f4                display_line_motor_temp_front
                0x00800308                display_line_motor_power_rear
                0x0080031c                display_line_motor_power_front
                0x00800330                display_line_lv_voltage
                0x00800344                display_line_cel_temp
                0x00800358                display_line_min_cv_max
                0x0080036c                display_line_soc
                0x00800380                display_line_message
                0x00800394                display_line_error
                0x008003a8                display_line_home
                0x008003bc                display_line_message_boot_up
                0x008003d0                display_line_message_mc_fail
                0x008003e4                display_line_message_precharge_fail
                0x008003f8                display_line_message_ms_open
                0x0080040c                display_line_message_enre_fail
                0x00800420                display_line_message_precharge_only
                0x00800434                display_line_message_manual_mc
                0x00800448                display_line_message_ready_2_drive
                0x0080045c                display_line_message_starting_motor_controller
                0x00800470                display_line_message_precharged
                0x00800484                display_line_message_precharging
                0x00800498                display_line_message_check_ms
                0x008004ac                display_line_message_starting_ts
                0x008004c0                display_line_error_airn_melt_down
                0x008004d4                display_line_error_airp_melt_down
                0x008004e8                display_line_error_air_ror
                0x008004fc                display_line_error_missing_shunt
                0x00800510                display_line_error_missing_mc_right
                0x00800524                display_line_error_missing_mc_left
                0x00800538                display_line_error_missing_mcm_ab
                0x0080054c                display_line_error_missing_mcm_lvb
                0x00800560                display_line_error_missing_mcm_front
                0x00800574                display_line_error_missing_mcm_rear
                0x00800588                display_line_brake_force_fail
                0x0080059c                display_line_throttle_fail
                0x008005b0                display_line_error_bms_dischargetemp
                0x008005c4                display_line_error_bms_overtemp
                0x008005d8                display_line_error_bms_overcurrent
                0x008005ec                display_line_error_bms_undervoltage
                0x00800600                display_line_error_mcm
                0x00800614                display_line_error_mc
                0x00800628                display_line_error_bms_relay
                0x0080063c                display_line_error_bms
                0x00800650                display_line_error_bad_request_id
                0x00800664                display_line_error_bpd
                0x00800678                display_line_error_imdf
                0x0080068c                display_line_error_imd
                0x008006a0                display_line_error_hvdi
                0x008006b4                display_line_error_bots
                0x008006c8                display_line_error_pre_bots
                0x008006dc                display_line_error_pre_enre
                0x008006f0                display_line_error_unknown_code
                0x00800704                display_line_error_sc_down
                0x00800718                display_line_error_none
 .data          0x0080072c        0x0 sources/Error.o
 .data          0x0080072c        0x0 sources/Event.o
 .data          0x0080072c        0x0 sources/Led.o
 .data          0x0080072c        0x0 sources/MyCommon.o
 .data          0x0080072c        0x0 sources/Radio.o
 .data          0x0080072c        0x0 sources/spi_lib.o
 .data          0x0080072c        0x0 sources/Startup.o
 .data          0x0080072c        0x0 sources/Timer.o
 .data          0x0080072c        0x0 sources/WatchDog.o
 .data          0x0080072c        0x0 c:/program files (x86)/atmel/atmel studio 6.0/extensions/atmel/avrgcc/3.4.1.95/avrtoolchain/bin/../lib/gcc/avr/4.6.2/avr5\libgcc.a(_udivmodqi4.o)
 .data          0x0080072c        0x0 c:/program files (x86)/atmel/atmel studio 6.0/extensions/atmel/avrgcc/3.4.1.95/avrtoolchain/bin/../lib/gcc/avr/4.6.2/avr5\libgcc.a(_divmodhi4.o)
 .data          0x0080072c        0x0 c:/program files (x86)/atmel/atmel studio 6.0/extensions/atmel/avrgcc/3.4.1.95/avrtoolchain/bin/../lib/gcc/avr/4.6.2/avr5\libgcc.a(_exit.o)
 .data          0x0080072c        0x0 c:/program files (x86)/atmel/atmel studio 6.0/extensions/atmel/avrgcc/3.4.1.95/avrtoolchain/bin/../lib/gcc/avr/4.6.2/avr5\libgcc.a(_copy_data.o)
 .data          0x0080072c        0x0 c:/program files (x86)/atmel/atmel studio 6.0/extensions/atmel/avrgcc/3.4.1.95/avrtoolchain/bin/../lib/gcc/avr/4.6.2/avr5\libgcc.a(_clear_bss.o)
 .data          0x0080072c        0x0 c:/program files (x86)/atmel/atmel studio 6.0/extensions/atmel/avrgcc/3.4.1.95/avrtoolchain/bin/../lib/gcc/avr/4.6.2/avr5\libgcc.a(_udivmodhi4.o)
 *(.data*)
 *(.rodata)
 *(.rodata*)
 *(.gnu.linkonce.d*)
                0x0080072c                . = ALIGN (0x2)
                0x0080072c                _edata = .
                0x0080072c                PROVIDE (__data_end, .)

.bss            0x0080072c      0x120
                0x0080072c                PROVIDE (__bss_start, .)
 *(.bss)
 .bss           0x0080072c        0x0 c:/program files (x86)/atmel/atmel studio 6.0/extensions/atmel/avrgcc/3.4.1.95/avrtoolchain/bin/../lib/gcc/avr/4.6.2/../../../../avr/lib/avr5/crtcan32.o
 .bss           0x0080072c        0x0 main.o
 .bss           0x0080072c        0x2 sources/Button.o
                0x0080072c                button_key2
                0x0080072d                button_key1
 .bss           0x0080072e        0x2 sources/Buzzer.o
                0x0080072e                buzz_cycles
                0x0080072f                buzzer_count
 .bss           0x00800730        0x0 sources/CAN.o
 .bss           0x00800730        0x0 sources/can_drv.o
 .bss           0x00800730        0x0 sources/can_lib.o
 .bss           0x00800730        0x0 sources/Display.o
 .bss           0x00800730        0x2 sources/Error.o
 .bss           0x00800732       0x30 sources/Event.o
 .bss           0x00800762        0x0 sources/Led.o
 .bss           0x00800762        0x0 sources/MyCommon.o
 .bss           0x00800762        0x0 sources/Radio.o
 .bss           0x00800762        0x0 sources/spi_lib.o
 .bss           0x00800762        0x1 sources/Startup.o
                0x00800762                start_up_count
 .bss           0x00800763        0x0 sources/Timer.o
 .bss           0x00800763        0x0 sources/WatchDog.o
 .bss           0x00800763        0x0 c:/program files (x86)/atmel/atmel studio 6.0/extensions/atmel/avrgcc/3.4.1.95/avrtoolchain/bin/../lib/gcc/avr/4.6.2/avr5\libgcc.a(_udivmodqi4.o)
 .bss           0x00800763        0x0 c:/program files (x86)/atmel/atmel studio 6.0/extensions/atmel/avrgcc/3.4.1.95/avrtoolchain/bin/../lib/gcc/avr/4.6.2/avr5\libgcc.a(_divmodhi4.o)
 .bss           0x00800763        0x0 c:/program files (x86)/atmel/atmel studio 6.0/extensions/atmel/avrgcc/3.4.1.95/avrtoolchain/bin/../lib/gcc/avr/4.6.2/avr5\libgcc.a(_exit.o)
 .bss           0x00800763        0x0 c:/program files (x86)/atmel/atmel studio 6.0/extensions/atmel/avrgcc/3.4.1.95/avrtoolchain/bin/../lib/gcc/avr/4.6.2/avr5\libgcc.a(_copy_data.o)
 .bss           0x00800763        0x0 c:/program files (x86)/atmel/atmel studio 6.0/extensions/atmel/avrgcc/3.4.1.95/avrtoolchain/bin/../lib/gcc/avr/4.6.2/avr5\libgcc.a(_clear_bss.o)
 .bss           0x00800763        0x0 c:/program files (x86)/atmel/atmel studio 6.0/extensions/atmel/avrgcc/3.4.1.95/avrtoolchain/bin/../lib/gcc/avr/4.6.2/avr5\libgcc.a(_udivmodhi4.o)
 *(.bss*)
 *(COMMON)
 COMMON         0x00800763       0x24 main.o
                0x00800763                led_pins
                0x0080076e                dashboard_state
                0x0080076f                led_state
                0x00800771                led_port
                0x0080077c                led_dd
 COMMON         0x00800787       0x6b sources/Button.o
                0x00800787                selected_menu_pre_error
                0x00800788                display_string
                0x008007b0                button_counter
                0x008007bc                button_pressed_previous
                0x008007be                button_state
                0x008007ca                selected_menu
                0x008007cb                button_previous_state
                0x008007d7                button_press
                0x008007e3                button_pressed_current
                0x008007e5                button_released
                0x008007f1                display_current_error
 COMMON         0x008007f2        0xf sources/CAN.o
                0x008007f2                can_queue
                0x008007fc                can_queue_head
                0x008007fd                can_Status
                0x008007fe                can_queue_tail
                0x008007ff                can_rx
 COMMON         0x00800801       0x39 sources/Display.o
                0x00800801                display_ddram_bottom_row
                0x0080081d                display_ddram_top_row
                0x00800839                address_counter
 COMMON         0x0080083a       0x12 sources/Event.o
                0x0080083a                event_queue
                0x0080084a                event_queue_head
                0x0080084b                event_queue_tail
                0x0080084c                PROVIDE (__bss_end, .)
                0x00003410                __data_load_start = LOADADDR (.data)
                0x00003a3c                __data_load_end = (__data_load_start + SIZEOF (.data))

.noinit         0x0080084c        0x0
                0x0080084c                PROVIDE (__noinit_start, .)
 *(.noinit*)
                0x0080084c                PROVIDE (__noinit_end, .)
                0x0080084c                _end = .
                0x0080084c                PROVIDE (__heap_start, .)

.eeprom         0x00810000        0x0
 *(.eeprom*)
                0x00810000                __eeprom_end = .

.fuse
 *(.fuse)
 *(.lfuse)
 *(.hfuse)
 *(.efuse)

.lock
 *(.lock*)

.signature
 *(.signature*)

.stab           0x00000000      0x6cc
 *(.stab)
 .stab          0x00000000      0x6cc c:/program files (x86)/atmel/atmel studio 6.0/extensions/atmel/avrgcc/3.4.1.95/avrtoolchain/bin/../lib/gcc/avr/4.6.2/../../../../avr/lib/avr5/crtcan32.o

.stabstr        0x00000000       0x85
 *(.stabstr)
 .stabstr       0x00000000       0x85 c:/program files (x86)/atmel/atmel studio 6.0/extensions/atmel/avrgcc/3.4.1.95/avrtoolchain/bin/../lib/gcc/avr/4.6.2/../../../../avr/lib/avr5/crtcan32.o

.stab.excl
 *(.stab.excl)

.stab.exclstr
 *(.stab.exclstr)

.stab.index
 *(.stab.index)

.stab.indexstr
 *(.stab.indexstr)

.comment
 *(.comment)

.debug
 *(.debug)

.line
 *(.line)

.debug_srcinfo
 *(.debug_srcinfo)

.debug_sfnames
 *(.debug_sfnames)

.debug_aranges  0x00000000      0x2c0
 *(.debug_aranges)
 .debug_aranges
                0x00000000       0x20 main.o
 .debug_aranges
                0x00000020       0x20 sources/Button.o
 .debug_aranges
                0x00000040       0x20 sources/Buzzer.o
 .debug_aranges
                0x00000060       0x20 sources/CAN.o
 .debug_aranges
                0x00000080       0x20 sources/can_drv.o
 .debug_aranges
                0x000000a0       0x20 sources/can_lib.o
 .debug_aranges
                0x000000c0       0x20 sources/Display.o
 .debug_aranges
                0x000000e0       0x20 sources/Error.o
 .debug_aranges
                0x00000100       0x20 sources/Event.o
 .debug_aranges
                0x00000120       0x20 sources/Led.o
 .debug_aranges
                0x00000140       0x20 sources/MyCommon.o
 .debug_aranges
                0x00000160       0x20 sources/Radio.o
 .debug_aranges
                0x00000180       0x20 sources/spi_lib.o
 .debug_aranges
                0x000001a0       0x20 sources/Startup.o
 .debug_aranges
                0x000001c0       0x20 sources/Timer.o
 .debug_aranges
                0x000001e0       0x20 sources/WatchDog.o
 .debug_aranges
                0x00000200       0x20 c:/program files (x86)/atmel/atmel studio 6.0/extensions/atmel/avrgcc/3.4.1.95/avrtoolchain/bin/../lib/gcc/avr/4.6.2/avr5\libgcc.a(_udivmodqi4.o)
 .debug_aranges
                0x00000220       0x20 c:/program files (x86)/atmel/atmel studio 6.0/extensions/atmel/avrgcc/3.4.1.95/avrtoolchain/bin/../lib/gcc/avr/4.6.2/avr5\libgcc.a(_divmodhi4.o)
 .debug_aranges
                0x00000240       0x20 c:/program files (x86)/atmel/atmel studio 6.0/extensions/atmel/avrgcc/3.4.1.95/avrtoolchain/bin/../lib/gcc/avr/4.6.2/avr5\libgcc.a(_exit.o)
 .debug_aranges
                0x00000260       0x20 c:/program files (x86)/atmel/atmel studio 6.0/extensions/atmel/avrgcc/3.4.1.95/avrtoolchain/bin/../lib/gcc/avr/4.6.2/avr5\libgcc.a(_copy_data.o)
 .debug_aranges
                0x00000280       0x20 c:/program files (x86)/atmel/atmel studio 6.0/extensions/atmel/avrgcc/3.4.1.95/avrtoolchain/bin/../lib/gcc/avr/4.6.2/avr5\libgcc.a(_clear_bss.o)
 .debug_aranges
                0x000002a0       0x20 c:/program files (x86)/atmel/atmel studio 6.0/extensions/atmel/avrgcc/3.4.1.95/avrtoolchain/bin/../lib/gcc/avr/4.6.2/avr5\libgcc.a(_udivmodhi4.o)

.debug_pubnames
 *(.debug_pubnames)

.debug_info     0x00000000     0x5abd
 *(.debug_info)
 .debug_info    0x00000000      0x40c main.o
 .debug_info    0x0000040c      0x464 sources/Button.o
 .debug_info    0x00000870       0xfa sources/Buzzer.o
 .debug_info    0x0000096a      0x67c sources/CAN.o
 .debug_info    0x00000fe6      0x69b sources/can_drv.o
 .debug_info    0x00001681      0x4ce sources/can_lib.o
 .debug_info    0x00001b4f     0x141c sources/Display.o
 .debug_info    0x00002f6b      0x41c sources/Error.o
 .debug_info    0x00003387      0x783 sources/Event.o
 .debug_info    0x00003b0a      0x272 sources/Led.o
 .debug_info    0x00003d7c      0x52c sources/MyCommon.o
 .debug_info    0x000042a8       0xa8 sources/Radio.o
 .debug_info    0x00004350      0x452 sources/spi_lib.o
 .debug_info    0x000047a2      0x483 sources/Startup.o
 .debug_info    0x00004c25      0x58c sources/Timer.o
 .debug_info    0x000051b1      0x3de sources/WatchDog.o
 .debug_info    0x0000558f       0xdd c:/program files (x86)/atmel/atmel studio 6.0/extensions/atmel/avrgcc/3.4.1.95/avrtoolchain/bin/../lib/gcc/avr/4.6.2/avr5\libgcc.a(_udivmodqi4.o)
 .debug_info    0x0000566c       0xdd c:/program files (x86)/atmel/atmel studio 6.0/extensions/atmel/avrgcc/3.4.1.95/avrtoolchain/bin/../lib/gcc/avr/4.6.2/avr5\libgcc.a(_divmodhi4.o)
 .debug_info    0x00005749       0xdd c:/program files (x86)/atmel/atmel studio 6.0/extensions/atmel/avrgcc/3.4.1.95/avrtoolchain/bin/../lib/gcc/avr/4.6.2/avr5\libgcc.a(_exit.o)
 .debug_info    0x00005826       0xdd c:/program files (x86)/atmel/atmel studio 6.0/extensions/atmel/avrgcc/3.4.1.95/avrtoolchain/bin/../lib/gcc/avr/4.6.2/avr5\libgcc.a(_copy_data.o)
 .debug_info    0x00005903       0xdd c:/program files (x86)/atmel/atmel studio 6.0/extensions/atmel/avrgcc/3.4.1.95/avrtoolchain/bin/../lib/gcc/avr/4.6.2/avr5\libgcc.a(_clear_bss.o)
 .debug_info    0x000059e0       0xdd c:/program files (x86)/atmel/atmel studio 6.0/extensions/atmel/avrgcc/3.4.1.95/avrtoolchain/bin/../lib/gcc/avr/4.6.2/avr5\libgcc.a(_udivmodhi4.o)
 *(.gnu.linkonce.wi.*)

.debug_abbrev   0x00000000     0x1646
 *(.debug_abbrev)
 .debug_abbrev  0x00000000      0x11a main.o
 .debug_abbrev  0x0000011a      0x13b sources/Button.o
 .debug_abbrev  0x00000255       0x81 sources/Buzzer.o
 .debug_abbrev  0x000002d6      0x1aa sources/CAN.o
 .debug_abbrev  0x00000480      0x1e4 sources/can_drv.o
 .debug_abbrev  0x00000664      0x1d3 sources/can_lib.o
 .debug_abbrev  0x00000837      0x2ad sources/Display.o
 .debug_abbrev  0x00000ae4      0x14b sources/Error.o
 .debug_abbrev  0x00000c2f      0x1ba sources/Event.o
 .debug_abbrev  0x00000de9      0x115 sources/Led.o
 .debug_abbrev  0x00000efe      0x156 sources/MyCommon.o
 .debug_abbrev  0x00001054       0x4c sources/Radio.o
 .debug_abbrev  0x000010a0      0x179 sources/spi_lib.o
 .debug_abbrev  0x00001219      0x155 sources/Startup.o
 .debug_abbrev  0x0000136e      0x142 sources/Timer.o
 .debug_abbrev  0x000014b0      0x11e sources/WatchDog.o
 .debug_abbrev  0x000015ce       0x14 c:/program files (x86)/atmel/atmel studio 6.0/extensions/atmel/avrgcc/3.4.1.95/avrtoolchain/bin/../lib/gcc/avr/4.6.2/avr5\libgcc.a(_udivmodqi4.o)
 .debug_abbrev  0x000015e2       0x14 c:/program files (x86)/atmel/atmel studio 6.0/extensions/atmel/avrgcc/3.4.1.95/avrtoolchain/bin/../lib/gcc/avr/4.6.2/avr5\libgcc.a(_divmodhi4.o)
 .debug_abbrev  0x000015f6       0x14 c:/program files (x86)/atmel/atmel studio 6.0/extensions/atmel/avrgcc/3.4.1.95/avrtoolchain/bin/../lib/gcc/avr/4.6.2/avr5\libgcc.a(_exit.o)
 .debug_abbrev  0x0000160a       0x14 c:/program files (x86)/atmel/atmel studio 6.0/extensions/atmel/avrgcc/3.4.1.95/avrtoolchain/bin/../lib/gcc/avr/4.6.2/avr5\libgcc.a(_copy_data.o)
 .debug_abbrev  0x0000161e       0x14 c:/program files (x86)/atmel/atmel studio 6.0/extensions/atmel/avrgcc/3.4.1.95/avrtoolchain/bin/../lib/gcc/avr/4.6.2/avr5\libgcc.a(_clear_bss.o)
 .debug_abbrev  0x00001632       0x14 c:/program files (x86)/atmel/atmel studio 6.0/extensions/atmel/avrgcc/3.4.1.95/avrtoolchain/bin/../lib/gcc/avr/4.6.2/avr5\libgcc.a(_udivmodhi4.o)

.debug_line     0x00000000     0x1ece
 *(.debug_line)
 .debug_line    0x00000000      0x130 main.o
 .debug_line    0x00000130      0x1e1 sources/Button.o
 .debug_line    0x00000311      0x10a sources/Buzzer.o
 .debug_line    0x0000041b      0x1ec sources/CAN.o
 .debug_line    0x00000607      0x312 sources/can_drv.o
 .debug_line    0x00000919      0x303 sources/can_lib.o
 .debug_line    0x00000c1c      0x330 sources/Display.o
 .debug_line    0x00000f4c       0xfa sources/Error.o
 .debug_line    0x00001046      0x1c5 sources/Event.o
 .debug_line    0x0000120b      0x186 sources/Led.o
 .debug_line    0x00001391      0x178 sources/MyCommon.o
 .debug_line    0x00001509       0xe1 sources/Radio.o
 .debug_line    0x000015ea      0x17b sources/spi_lib.o
 .debug_line    0x00001765      0x146 sources/Startup.o
 .debug_line    0x000018ab      0x184 sources/Timer.o
 .debug_line    0x00001a2f      0x133 sources/WatchDog.o
 .debug_line    0x00001b62       0x92 c:/program files (x86)/atmel/atmel studio 6.0/extensions/atmel/avrgcc/3.4.1.95/avrtoolchain/bin/../lib/gcc/avr/4.6.2/avr5\libgcc.a(_udivmodqi4.o)
 .debug_line    0x00001bf4       0x99 c:/program files (x86)/atmel/atmel studio 6.0/extensions/atmel/avrgcc/3.4.1.95/avrtoolchain/bin/../lib/gcc/avr/4.6.2/avr5\libgcc.a(_divmodhi4.o)
 .debug_line    0x00001c8d       0x88 c:/program files (x86)/atmel/atmel studio 6.0/extensions/atmel/avrgcc/3.4.1.95/avrtoolchain/bin/../lib/gcc/avr/4.6.2/avr5\libgcc.a(_exit.o)
 .debug_line    0x00001d15       0x91 c:/program files (x86)/atmel/atmel studio 6.0/extensions/atmel/avrgcc/3.4.1.95/avrtoolchain/bin/../lib/gcc/avr/4.6.2/avr5\libgcc.a(_copy_data.o)
 .debug_line    0x00001da6       0x8e c:/program files (x86)/atmel/atmel studio 6.0/extensions/atmel/avrgcc/3.4.1.95/avrtoolchain/bin/../lib/gcc/avr/4.6.2/avr5\libgcc.a(_clear_bss.o)
 .debug_line    0x00001e34       0x9a c:/program files (x86)/atmel/atmel studio 6.0/extensions/atmel/avrgcc/3.4.1.95/avrtoolchain/bin/../lib/gcc/avr/4.6.2/avr5\libgcc.a(_udivmodhi4.o)

.debug_frame    0x00000000      0xca4
 *(.debug_frame)
 .debug_frame   0x00000000       0x24 main.o
 .debug_frame   0x00000024       0xec sources/Button.o
 .debug_frame   0x00000110       0x54 sources/Buzzer.o
 .debug_frame   0x00000164      0x128 sources/CAN.o
 .debug_frame   0x0000028c       0xf0 sources/can_drv.o
 .debug_frame   0x0000037c       0xa8 sources/can_lib.o
 .debug_frame   0x00000424      0x238 sources/Display.o
 .debug_frame   0x0000065c       0x44 sources/Error.o
 .debug_frame   0x000006a0       0x8c sources/Event.o
 .debug_frame   0x0000072c       0xf0 sources/Led.o
 .debug_frame   0x0000081c       0x44 sources/MyCommon.o
 .debug_frame   0x00000860       0x44 sources/Radio.o
 .debug_frame   0x000008a4       0x80 sources/spi_lib.o
 .debug_frame   0x00000924       0x38 sources/Startup.o
 .debug_frame   0x0000095c      0x314 sources/Timer.o
 .debug_frame   0x00000c70       0x34 sources/WatchDog.o

.debug_str      0x00000000     0x186f
 *(.debug_str)
 .debug_str     0x00000000      0x2dd main.o
                                0x31f (size before relaxing)
 .debug_str     0x000002dd      0x19f sources/Button.o
                                0x2bc (size before relaxing)
 .debug_str     0x0000047c       0x69 sources/Buzzer.o
                                0x139 (size before relaxing)
 .debug_str     0x000004e5      0x21f sources/CAN.o
                                0x4f1 (size before relaxing)
 .debug_str     0x00000704      0x19f sources/can_drv.o
                                0x4bb (size before relaxing)
 .debug_str     0x000008a3       0x6d sources/can_lib.o
                                0x34e (size before relaxing)
 .debug_str     0x00000910      0xb5e sources/Display.o
                                0xf1a (size before relaxing)
 .debug_str     0x0000146e       0x53 sources/Error.o
                                0x373 (size before relaxing)
 .debug_str     0x000014c1       0xba sources/Event.o
                                0x5cd (size before relaxing)
 .debug_str     0x0000157b       0x94 sources/Led.o
                                0x198 (size before relaxing)
 .debug_str     0x0000160f       0x37 sources/MyCommon.o
                                0x454 (size before relaxing)
 .debug_str     0x00001646       0x31 sources/Radio.o
                                0x101 (size before relaxing)
 .debug_str     0x00001677       0x6a sources/spi_lib.o
                                0x33c (size before relaxing)
 .debug_str     0x000016e1       0x24 sources/Startup.o
                                0x396 (size before relaxing)
 .debug_str     0x00001705      0x143 sources/Timer.o
                                0x4a2 (size before relaxing)
 .debug_str     0x00001848       0x27 sources/WatchDog.o
                                0x358 (size before relaxing)

.debug_loc      0x00000000     0x344c
 *(.debug_loc)
 .debug_loc     0x00000000      0x152 sources/Button.o
 .debug_loc     0x00000152      0x201 sources/CAN.o
 .debug_loc     0x00000353      0x8a5 sources/can_drv.o
 .debug_loc     0x00000bf8      0x3f1 sources/can_lib.o
 .debug_loc     0x00000fe9     0x1a69 sources/Display.o
 .debug_loc     0x00002a52       0x2b sources/Error.o
 .debug_loc     0x00002a7d      0x140 sources/Event.o
 .debug_loc     0x00002bbd      0x286 sources/Led.o
 .debug_loc     0x00002e43       0x42 sources/spi_lib.o
 .debug_loc     0x00002e85       0x49 sources/Startup.o
 .debug_loc     0x00002ece      0x57e sources/Timer.o

.debug_macinfo
 *(.debug_macinfo)
OUTPUT(Dashboard.elf elf32-avr)
LOAD linker stubs
