Archive member included because of file (symbol)

c:/program files (x86)/atmel/atmel studio 6.0/extensions/atmel/avrgcc/3.4.1.95/avrtoolchain/bin/../lib/gcc/avr/4.6.2/avr5\libgcc.a(_udivmodqi4.o)
                              sources/Display.o (__udivmodqi4)
c:/program files (x86)/atmel/atmel studio 6.0/extensions/atmel/avrgcc/3.4.1.95/avrtoolchain/bin/../lib/gcc/avr/4.6.2/avr5\libgcc.a(_divmodhi4.o)
                              sources/CAN.o (__divmodhi4)
c:/program files (x86)/atmel/atmel studio 6.0/extensions/atmel/avrgcc/3.4.1.95/avrtoolchain/bin/../lib/gcc/avr/4.6.2/avr5\libgcc.a(_exit.o)
                              c:/program files (x86)/atmel/atmel studio 6.0/extensions/atmel/avrgcc/3.4.1.95/avrtoolchain/bin/../lib/gcc/avr/4.6.2/../../../../avr/lib/avr5/crtcan32.o (exit)
c:/program files (x86)/atmel/atmel studio 6.0/extensions/atmel/avrgcc/3.4.1.95/avrtoolchain/bin/../lib/gcc/avr/4.6.2/avr5\libgcc.a(_copy_data.o)
                              main.o (__do_copy_data)
c:/program files (x86)/atmel/atmel studio 6.0/extensions/atmel/avrgcc/3.4.1.95/avrtoolchain/bin/../lib/gcc/avr/4.6.2/avr5\libgcc.a(_clear_bss.o)
                              main.o (__do_clear_bss)
c:/program files (x86)/atmel/atmel studio 6.0/extensions/atmel/avrgcc/3.4.1.95/avrtoolchain/bin/../lib/gcc/avr/4.6.2/avr5\libgcc.a(_udivmodhi4.o)
                              c:/program files (x86)/atmel/atmel studio 6.0/extensions/atmel/avrgcc/3.4.1.95/avrtoolchain/bin/../lib/gcc/avr/4.6.2/avr5\libgcc.a(_divmodhi4.o) (__udivmodhi4)

Allocating common symbols
Common symbol       size              file

event_queue         0x10              sources/Event.o
display_ddram_bottom_row
                    0x1c              sources/Display.o
display_ddram_top_row
                    0x1c              sources/Display.o
led_pins            0xb               main.o
event_queue_head    0x1               sources/Event.o
selected_menu_pre_error
                    0x1               sources/Button.o
display_string      0x28              sources/Button.o
dashboard_state     0x1               main.o
led_state           0x2               main.o
can_queue           0x10              sources/CAN.o
button_counter      0xc               sources/Button.o
led_port            0xb               main.o
led_dd              0xb               main.o
button_pressed_previous
                    0x2               sources/Button.o
can_queue_head      0x1               sources/CAN.o
can_Status          0x1               sources/CAN.o
address_counter     0x1               sources/Display.o
button_state        0xc               sources/Button.o
selected_menu       0x1               sources/Button.o
can_queue_tail      0x1               sources/CAN.o
button_previous_state
                    0xc               sources/Button.o
button_press        0xc               sources/Button.o
event_queue_tail    0x1               sources/Event.o
button_pressed_current
                    0x2               sources/Button.o
button_released     0xc               sources/Button.o
can_rx              0x2               sources/CAN.o
display_current_error
                    0x1               sources/Button.o

Memory Configuration

Name             Origin             Length             Attributes
text             0x00000000         0x00020000         xr
data             0x00800060         0x0000ffa0         rw !x
eeprom           0x00810000         0x00010000         rw !x
fuse             0x00820000         0x00000400         rw !x
lock             0x00830000         0x00000400         rw !x
signature        0x00840000         0x00000400         rw !x
*default*        0x00000000         0xffffffff

Linker script and memory map

Address of section .data set to 0x800100
LOAD c:/program files (x86)/atmel/atmel studio 6.0/extensions/atmel/avrgcc/3.4.1.95/avrtoolchain/bin/../lib/gcc/avr/4.6.2/../../../../avr/lib/avr5/crtcan32.o
LOAD main.o
LOAD sources/Button.o
LOAD sources/Buzzer.o
LOAD sources/CAN.o
LOAD sources/can_drv.o
LOAD sources/can_lib.o
LOAD sources/Display.o
LOAD sources/Error.o
LOAD sources/Event.o
LOAD sources/Led.o
LOAD sources/MyCommon.o
LOAD sources/Radio.o
LOAD sources/spi_lib.o
LOAD sources/Startup.o
LOAD sources/Timer.o
LOAD sources/WatchDog.o
START GROUP
LOAD c:/program files (x86)/atmel/atmel studio 6.0/extensions/atmel/avrgcc/3.4.1.95/avrtoolchain/bin/../lib/gcc/avr/4.6.2/../../../../avr/lib/avr5\libm.a
END GROUP
LOAD c:/program files (x86)/atmel/atmel studio 6.0/extensions/atmel/avrgcc/3.4.1.95/avrtoolchain/bin/../lib/gcc/avr/4.6.2/avr5\libgcc.a
LOAD c:/program files (x86)/atmel/atmel studio 6.0/extensions/atmel/avrgcc/3.4.1.95/avrtoolchain/bin/../lib/gcc/avr/4.6.2/../../../../avr/lib/avr5\libc.a
LOAD c:/program files (x86)/atmel/atmel studio 6.0/extensions/atmel/avrgcc/3.4.1.95/avrtoolchain/bin/../lib/gcc/avr/4.6.2/avr5\libgcc.a

.hash
 *(.hash)

.dynsym
 *(.dynsym)

.dynstr
 *(.dynstr)

.gnu.version
 *(.gnu.version)

.gnu.version_d
 *(.gnu.version_d)

.gnu.version_r
 *(.gnu.version_r)

.rel.init
 *(.rel.init)

.rela.init
 *(.rela.init)

.rel.text
 *(.rel.text)
 *(.rel.text.*)
 *(.rel.gnu.linkonce.t*)

.rela.text
 *(.rela.text)
 *(.rela.text.*)
 *(.rela.gnu.linkonce.t*)

.rel.fini
 *(.rel.fini)

.rela.fini
 *(.rela.fini)

.rel.rodata
 *(.rel.rodata)
 *(.rel.rodata.*)
 *(.rel.gnu.linkonce.r*)

.rela.rodata
 *(.rela.rodata)
 *(.rela.rodata.*)
 *(.rela.gnu.linkonce.r*)

.rel.data
 *(.rel.data)
 *(.rel.data.*)
 *(.rel.gnu.linkonce.d*)

.rela.data
 *(.rela.data)
 *(.rela.data.*)
 *(.rela.gnu.linkonce.d*)

.rel.ctors
 *(.rel.ctors)

.rela.ctors
 *(.rela.ctors)

.rel.dtors
 *(.rel.dtors)

.rela.dtors
 *(.rela.dtors)

.rel.got
 *(.rel.got)

.rela.got
 *(.rela.got)

.rel.bss
 *(.rel.bss)

.rela.bss
 *(.rela.bss)

.rel.plt
 *(.rel.plt)

.rela.plt
 *(.rela.plt)

.text           0x00000000     0x38e2
 *(.vectors)
 .vectors       0x00000000       0x94 c:/program files (x86)/atmel/atmel studio 6.0/extensions/atmel/avrgcc/3.4.1.95/avrtoolchain/bin/../lib/gcc/avr/4.6.2/../../../../avr/lib/avr5/crtcan32.o
                0x00000000                __vector_default
                0x00000000                __vectors
 *(.vectors)
 *(.progmem.gcc*)
 .progmem.gcc_sw_table
                0x00000094      0x26a sources/Display.o
 *(.progmem*)
                0x000002fe                . = ALIGN (0x2)
                0x000002fe                __trampolines_start = .
 *(.trampolines)
 .trampolines   0x000002fe        0x0 linker stubs
 *(.trampolines*)
                0x000002fe                __trampolines_end = .
 *(.jumptables)
 *(.jumptables*)
 *(.lowtext)
 *(.lowtext*)
                0x000002fe                __ctors_start = .
 *(.ctors)
                0x000002fe                __ctors_end = .
                0x000002fe                __dtors_start = .
 *(.dtors)
                0x000002fe                __dtors_end = .
 SORT(*)(.ctors)
 SORT(*)(.dtors)
 *(.init0)
 .init0         0x000002fe        0x0 c:/program files (x86)/atmel/atmel studio 6.0/extensions/atmel/avrgcc/3.4.1.95/avrtoolchain/bin/../lib/gcc/avr/4.6.2/../../../../avr/lib/avr5/crtcan32.o
                0x000002fe                __init
 *(.init0)
 *(.init1)
 *(.init1)
 *(.init2)
 .init2         0x000002fe        0xc c:/program files (x86)/atmel/atmel studio 6.0/extensions/atmel/avrgcc/3.4.1.95/avrtoolchain/bin/../lib/gcc/avr/4.6.2/../../../../avr/lib/avr5/crtcan32.o
 *(.init2)
 *(.init3)
 *(.init3)
 *(.init4)
 .init4         0x0000030a       0x16 c:/program files (x86)/atmel/atmel studio 6.0/extensions/atmel/avrgcc/3.4.1.95/avrtoolchain/bin/../lib/gcc/avr/4.6.2/avr5\libgcc.a(_copy_data.o)
                0x0000030a                __do_copy_data
 .init4         0x00000320       0x10 c:/program files (x86)/atmel/atmel studio 6.0/extensions/atmel/avrgcc/3.4.1.95/avrtoolchain/bin/../lib/gcc/avr/4.6.2/avr5\libgcc.a(_clear_bss.o)
                0x00000320                __do_clear_bss
 *(.init4)
 *(.init5)
 *(.init5)
 *(.init6)
 *(.init6)
 *(.init7)
 *(.init7)
 *(.init8)
 *(.init8)
 *(.init9)
 .init9         0x00000330        0x8 c:/program files (x86)/atmel/atmel studio 6.0/extensions/atmel/avrgcc/3.4.1.95/avrtoolchain/bin/../lib/gcc/avr/4.6.2/../../../../avr/lib/avr5/crtcan32.o
 *(.init9)
 *(.text)
 .text          0x00000338        0x4 c:/program files (x86)/atmel/atmel studio 6.0/extensions/atmel/avrgcc/3.4.1.95/avrtoolchain/bin/../lib/gcc/avr/4.6.2/../../../../avr/lib/avr5/crtcan32.o
                0x00000338                __vector_22
                0x00000338                __vector_1
                0x00000338                __vector_32
                0x00000338                __vector_34
                0x00000338                __vector_24
                0x00000338                __bad_interrupt
                0x00000338                __vector_6
                0x00000338                __vector_35
                0x00000338                __vector_3
                0x00000338                __vector_23
                0x00000338                __vector_25
                0x00000338                __vector_11
                0x00000338                __vector_19
                0x00000338                __vector_7
                0x00000338                __vector_27
                0x00000338                __vector_5
                0x00000338                __vector_33
                0x00000338                __vector_4
                0x00000338                __vector_9
                0x00000338                __vector_2
                0x00000338                __vector_21
                0x00000338                __vector_36
                0x00000338                __vector_8
                0x00000338                __vector_26
                0x00000338                __vector_10
                0x00000338                __vector_16
                0x00000338                __vector_20
 .text          0x0000033c        0xc main.o
                0x0000033c                main
 .text          0x00000348      0x3e0 sources/Button.o
                0x00000348                button_read_col
                0x0000041a                col1_input_high
                0x00000420                col2_input_high
                0x00000426                col3_input_high
                0x0000042c                col1_low
                0x00000432                col2_low
                0x00000438                col3_low
                0x0000043e                buttons_react
                0x000005ce                button_init
                0x00000610                button_multiplex_cycle
                0x0000071a                button_get_button_state
 .text          0x00000728       0x20 sources/Buzzer.o
                0x00000728                buzzer_init
                0x0000072e                buzzer_on
                0x00000732                buzzer_off
                0x00000736                buzzer_buzz_ready_to_drive
 .text          0x00000748      0x2da sources/CAN.o
                0x00000748                CANSend
                0x00000788                __vector_18
                0x00000810                CANInit
                0x00000842                CANGetStruct
                0x00000864                CANStartRx
                0x00000880                CANGetData
                0x000008a2                CANSendData
                0x00000930                CANAddSendData
                0x0000097e                CANGetCurrentTx
                0x00000992                CANSendNext
                0x000009d4                CANAbortCMD
 .text          0x00000a22      0x516 sources/can_drv.o
                0x00000a22                can_clear_all_mob
                0x00000a46                can_get_mob_free
                0x00000a86                can_get_mob_status
                0x00000aac                can_get_data
                0x00000af0                can_auto_baudrate
                0x00000f02                Can_conf_bt_flex
                0x00000f12                can_fixed_baudrate
 .text          0x00000f38      0xd80 sources/can_lib.o
                0x00000f80                can_init
                0x00000f9e                can_off
                0x00000faa                can_cmd
                0x00001b5e                can_get_status
 .text          0x00001cb8     0x107c sources/Display.o
                0x00001cb8                display_make_display_line_min_av_max_volt
                0x00001d48                display_make_display_line_percent_bar
                0x00001e30                display_make_display_line_min_av_max_temp
                0x00001e96                display_make_display_line_lv_voltage
                0x00001ee8                display_make_display_line_motor_temp
                0x00001f90                display_make_display_line_error_or_message
                0x000023a2                display_make_display_line_button_test
                0x000023ae                display_make_display_line_blank
                0x000023f8                display_make_display_line_select_player
                0x00002494                display_make_display_line_brake_balance
                0x0000252a                display_make_soc_line1
                0x000026b2                display_make_soc_line2
                0x0000278a                display_write_data
                0x000027a2                display_write_instruction
                0x000027ba                display_write_display_lines
                0x00002824                display_write_top_line
                0x0000285a                display_write_bottom_line
                0x000028a6                display_update
                0x00002af8                display_init
                0x00002b44                display_set_display_string
                0x00002b58                display_make_display_line_percent
                0x00002bc0                display_up
                0x00002bfc                display_down
                0x00002c2c                display_starting
                0x00002c4c                display_make_display_line_inverter_temp
 .text          0x00002d34       0x2a sources/Error.o
                0x00002d34                InitError
                0x00002d42                AddError
                0x00002d52                ClearErrors
 .text          0x00002d5e      0x2ec sources/Event.o
                0x00002d5e                EventInit
                0x00002d68                EventAddEvent
                0x00002da4                EventGetNextEvent
                0x00002dc0                Dashboard
                0x00003024                EventHandleEvent
 .text          0x0000304a      0x30c sources/Led.o
                0x0000304a                led_init
                0x00003066                led_set
                0x000030d6                led_clear
                0x00003146                led_clear_all
                0x0000315a                led_is_set
                0x00003254                led_toggle
                0x00003272                led_state_set
                0x000032bc                led_state_return
                0x000032f6                led_percent_bar
 .text          0x00003356       0x80 sources/MyCommon.o
                0x00003356                main_deinit
                0x00003358                ports_init
                0x00003388                main_init
 .text          0x000033d6        0xe sources/Radio.o
                0x000033d6                radio_init
                0x000033dc                radio_on
                0x000033e0                radio_off
 .text          0x000033e4       0x5e sources/spi_lib.o
                0x000033e4                spi_init
                0x0000340a                spi_test_hit
                0x00003410                spi_putchar
                0x0000341a                spi_getchar
                0x00003424                spi_transmit_master
 .text          0x00003442       0x8a sources/Startup.o
                0x00003442                startup_sequence
 .text          0x000034cc      0x380 sources/Timer.o
                0x000034cc                __vector_17
                0x00003518                __vector_12
                0x00003572                __vector_13
                0x000035cc                __vector_14
                0x00003626                __vector_28
                0x00003680                __vector_29
                0x000036da                __vector_30
                0x00003734                __vector_15
                0x00003748                __vector_31
                0x0000375c                Timer0_init
                0x0000376a                Timer0_Start
                0x00003774                Timer0_Stop
                0x00003778                Timer1_init
                0x00003782                Timer3_init
                0x0000378c                TIMER_Timer1_OCR1A_on
                0x000037ac                TIMER_Timer1_OCR1B_on
                0x000037cc                TIMER_Timer1_OCR1C_on
                0x000037ec                TIMER_Timer3_OCR3A_on
                0x0000380c                TIMER_Timer3_OCR3B_on
                0x0000382c                TIMER_Timer3_OCR3C_on
 .text          0x0000384c       0x2c sources/WatchDog.o
                0x0000384c                InitWDT
                0x00003864                CheckWDT
 .text          0x00003878        0x0 c:/program files (x86)/atmel/atmel studio 6.0/extensions/atmel/avrgcc/3.4.1.95/avrtoolchain/bin/../lib/gcc/avr/4.6.2/avr5\libgcc.a(_udivmodqi4.o)
 .text          0x00003878        0x0 c:/program files (x86)/atmel/atmel studio 6.0/extensions/atmel/avrgcc/3.4.1.95/avrtoolchain/bin/../lib/gcc/avr/4.6.2/avr5\libgcc.a(_divmodhi4.o)
 .text          0x00003878        0x0 c:/program files (x86)/atmel/atmel studio 6.0/extensions/atmel/avrgcc/3.4.1.95/avrtoolchain/bin/../lib/gcc/avr/4.6.2/avr5\libgcc.a(_exit.o)
 .text          0x00003878        0x0 c:/program files (x86)/atmel/atmel studio 6.0/extensions/atmel/avrgcc/3.4.1.95/avrtoolchain/bin/../lib/gcc/avr/4.6.2/avr5\libgcc.a(_copy_data.o)
 .text          0x00003878        0x0 c:/program files (x86)/atmel/atmel studio 6.0/extensions/atmel/avrgcc/3.4.1.95/avrtoolchain/bin/../lib/gcc/avr/4.6.2/avr5\libgcc.a(_clear_bss.o)
 .text          0x00003878        0x0 c:/program files (x86)/atmel/atmel studio 6.0/extensions/atmel/avrgcc/3.4.1.95/avrtoolchain/bin/../lib/gcc/avr/4.6.2/avr5\libgcc.a(_udivmodhi4.o)
                0x00003878                . = ALIGN (0x2)
 *(.text.*)
 .text.libgcc   0x00003878       0x18 c:/program files (x86)/atmel/atmel studio 6.0/extensions/atmel/avrgcc/3.4.1.95/avrtoolchain/bin/../lib/gcc/avr/4.6.2/avr5\libgcc.a(_udivmodqi4.o)
                0x00003878                __udivmodqi4
 .text.libgcc   0x00003890       0x26 c:/program files (x86)/atmel/atmel studio 6.0/extensions/atmel/avrgcc/3.4.1.95/avrtoolchain/bin/../lib/gcc/avr/4.6.2/avr5\libgcc.a(_divmodhi4.o)
                0x00003890                _div
                0x00003890                __divmodhi4
 .text.libgcc   0x000038b6        0x0 c:/program files (x86)/atmel/atmel studio 6.0/extensions/atmel/avrgcc/3.4.1.95/avrtoolchain/bin/../lib/gcc/avr/4.6.2/avr5\libgcc.a(_exit.o)
 .text.libgcc   0x000038b6        0x0 c:/program files (x86)/atmel/atmel studio 6.0/extensions/atmel/avrgcc/3.4.1.95/avrtoolchain/bin/../lib/gcc/avr/4.6.2/avr5\libgcc.a(_copy_data.o)
 .text.libgcc   0x000038b6        0x0 c:/program files (x86)/atmel/atmel studio 6.0/extensions/atmel/avrgcc/3.4.1.95/avrtoolchain/bin/../lib/gcc/avr/4.6.2/avr5\libgcc.a(_clear_bss.o)
 .text.libgcc   0x000038b6       0x28 c:/program files (x86)/atmel/atmel studio 6.0/extensions/atmel/avrgcc/3.4.1.95/avrtoolchain/bin/../lib/gcc/avr/4.6.2/avr5\libgcc.a(_udivmodhi4.o)
                0x000038b6                __udivmodhi4
                0x000038de                . = ALIGN (0x2)
 *(.fini9)
 .fini9         0x000038de        0x0 c:/program files (x86)/atmel/atmel studio 6.0/extensions/atmel/avrgcc/3.4.1.95/avrtoolchain/bin/../lib/gcc/avr/4.6.2/avr5\libgcc.a(_exit.o)
                0x000038de                _exit
                0x000038de                exit
 *(.fini9)
 *(.fini8)
 *(.fini8)
 *(.fini7)
 *(.fini7)
 *(.fini6)
 *(.fini6)
 *(.fini5)
 *(.fini5)
 *(.fini4)
 *(.fini4)
 *(.fini3)
 *(.fini3)
 *(.fini2)
 *(.fini2)
 *(.fini1)
 *(.fini1)
 *(.fini0)
 .fini0         0x000038de        0x4 c:/program files (x86)/atmel/atmel studio 6.0/extensions/atmel/avrgcc/3.4.1.95/avrtoolchain/bin/../lib/gcc/avr/4.6.2/avr5\libgcc.a(_exit.o)
 *(.fini0)
                0x000038e2                _etext = .

.data           0x00800100      0x67c load address 0x000038e2
                0x00800100                PROVIDE (__data_start, .)
 *(.data)
 .data          0x00800100        0x0 c:/program files (x86)/atmel/atmel studio 6.0/extensions/atmel/avrgcc/3.4.1.95/avrtoolchain/bin/../lib/gcc/avr/4.6.2/../../../../avr/lib/avr5/crtcan32.o
 .data          0x00800100        0x0 main.o
 .data          0x00800100        0x0 sources/Button.o
 .data          0x00800100        0x0 sources/Buzzer.o
 .data          0x00800100        0x0 sources/CAN.o
 .data          0x00800100        0x0 sources/can_drv.o
 .data          0x00800100        0x0 sources/can_lib.o
 .data          0x00800100      0x67c sources/Display.o
                0x0080013c                display_line_player_princess_peach
                0x00800150                display_line_player_donkey_kong
                0x00800164                display_line_player_bowser
                0x00800178                display_line_player_luigi
                0x0080018c                display_line_player_mario
                0x008001a0                display_line_player_yoshi
                0x008001b4                display_line_player_select
                0x008001c8                display_line_inverter_temperature
                0x008001dc                display_line_brake_balance
                0x008001f0                display_line_starting
                0x00800204                display_line_tsal2
                0x00800218                display_line_tsal1
                0x0080022c                display_line_blank
                0x00800240                display_line_buttons_pressed
                0x00800254                display_line_accleration_mode_go_go
                0x00800268                display_line_accleration_mode_ready
                0x0080027c                display_line_accleration_mode_normal
                0x00800290                display_line_accleration_mode
                0x008002a4                display_line_torque_vectoring
                0x008002b8                display_line_traction_control
                0x008002cc                display_line_motor_temp_rear
                0x008002e0                display_line_motor_temp_front
                0x008002f4                display_line_motor_power_rear
                0x00800308                display_line_motor_power_front
                0x0080031c                display_line_lv_voltage
                0x00800330                display_line_cel_temp
                0x00800344                display_line_min_cv_max
                0x00800358                display_line_soc
                0x0080036c                display_line_message
                0x00800380                display_line_error
                0x00800394                display_line_home
                0x008003a8                display_line_message_lv_critical
                0x008003bc                display_line_message_lv_low
                0x008003d0                display_line_message_boot_up
                0x008003e4                display_line_message_mc_fail
                0x008003f8                display_line_message_precharge_fail
                0x0080040c                display_line_message_ms_open
                0x00800420                display_line_message_enre_fail
                0x00800434                display_line_message_precharge_only
                0x00800448                display_line_message_manual_mc
                0x0080045c                display_line_message_ready_2_drive
                0x00800470                display_line_message_starting_motor_controller
                0x00800484                display_line_message_precharged
                0x00800498                display_line_message_precharging
                0x008004ac                display_line_message_check_ms
                0x008004c0                display_line_message_starting_ts
                0x008004d4                display_line_error_airn_melt_down
                0x008004e8                display_line_error_airp_melt_down
                0x008004fc                display_line_error_air_ror
                0x00800510                display_line_error_missing_shunt
                0x00800524                display_line_error_missing_mc_right
                0x00800538                display_line_error_missing_mc_left
                0x0080054c                display_line_error_missing_mcm_ab
                0x00800560                display_line_error_missing_mcm_lvb
                0x00800574                display_line_error_missing_mcm_front
                0x00800588                display_line_error_missing_mcm_rear
                0x0080059c                display_line_brake_force_fail
                0x008005b0                display_line_throttle_fail
                0x008005c4                display_line_error_bms_dischargetemp
                0x008005d8                display_line_error_bms_overtemp
                0x008005ec                display_line_error_bms_overcurrent
                0x00800600                display_line_error_bms_undervoltage
                0x00800614                display_line_error_dc_link_voltage_low
                0x00800628                display_line_error_shunt_voltage_low
                0x0080063c                display_line_error_total_voltage_low
                0x00800650                display_line_error_mcm
                0x00800664                display_line_error_mc
                0x00800678                display_line_error_bms_relay
                0x0080068c                display_line_error_bms
                0x008006a0                display_line_error_bad_request_id
                0x008006b4                display_line_error_bpd
                0x008006c8                display_line_error_imdf
                0x008006dc                display_line_error_imd
                0x008006f0                display_line_error_hvdi
                0x00800704                display_line_error_bots
                0x00800718                display_line_error_pre_bots
                0x0080072c                display_line_error_pre_enre
                0x00800740                display_line_error_unknown_code
                0x00800754                display_line_error_sc_down
                0x00800768                display_line_error_none
 .data          0x0080077c        0x0 sources/Error.o
 .data          0x0080077c        0x0 sources/Event.o
 .data          0x0080077c        0x0 sources/Led.o
 .data          0x0080077c        0x0 sources/MyCommon.o
 .data          0x0080077c        0x0 sources/Radio.o
 .data          0x0080077c        0x0 sources/spi_lib.o
 .data          0x0080077c        0x0 sources/Startup.o
 .data          0x0080077c        0x0 sources/Timer.o
 .data          0x0080077c        0x0 sources/WatchDog.o
 .data          0x0080077c        0x0 c:/program files (x86)/atmel/atmel studio 6.0/extensions/atmel/avrgcc/3.4.1.95/avrtoolchain/bin/../lib/gcc/avr/4.6.2/avr5\libgcc.a(_udivmodqi4.o)
 .data          0x0080077c        0x0 c:/program files (x86)/atmel/atmel studio 6.0/extensions/atmel/avrgcc/3.4.1.95/avrtoolchain/bin/../lib/gcc/avr/4.6.2/avr5\libgcc.a(_divmodhi4.o)
 .data          0x0080077c        0x0 c:/program files (x86)/atmel/atmel studio 6.0/extensions/atmel/avrgcc/3.4.1.95/avrtoolchain/bin/../lib/gcc/avr/4.6.2/avr5\libgcc.a(_exit.o)
 .data          0x0080077c        0x0 c:/program files (x86)/atmel/atmel studio 6.0/extensions/atmel/avrgcc/3.4.1.95/avrtoolchain/bin/../lib/gcc/avr/4.6.2/avr5\libgcc.a(_copy_data.o)
 .data          0x0080077c        0x0 c:/program files (x86)/atmel/atmel studio 6.0/extensions/atmel/avrgcc/3.4.1.95/avrtoolchain/bin/../lib/gcc/avr/4.6.2/avr5\libgcc.a(_clear_bss.o)
 .data          0x0080077c        0x0 c:/program files (x86)/atmel/atmel studio 6.0/extensions/atmel/avrgcc/3.4.1.95/avrtoolchain/bin/../lib/gcc/avr/4.6.2/avr5\libgcc.a(_udivmodhi4.o)
 *(.data*)
 *(.rodata)
 *(.rodata*)
 *(.gnu.linkonce.d*)
                0x0080077c                . = ALIGN (0x2)
                0x0080077c                _edata = .
                0x0080077c                PROVIDE (__data_end, .)

.bss            0x0080077c      0x128
                0x0080077c                PROVIDE (__bss_start, .)
 *(.bss)
 .bss           0x0080077c        0x0 c:/program files (x86)/atmel/atmel studio 6.0/extensions/atmel/avrgcc/3.4.1.95/avrtoolchain/bin/../lib/gcc/avr/4.6.2/../../../../avr/lib/avr5/crtcan32.o
 .bss           0x0080077c        0x0 main.o
 .bss           0x0080077c        0x2 sources/Button.o
                0x0080077c                button_key2
                0x0080077d                button_key1
 .bss           0x0080077e        0x2 sources/Buzzer.o
                0x0080077e                buzz_cycles
                0x0080077f                buzzer_count
 .bss           0x00800780        0x0 sources/CAN.o
 .bss           0x00800780        0x0 sources/can_drv.o
 .bss           0x00800780        0x0 sources/can_lib.o
 .bss           0x00800780        0x1 sources/Display.o
                0x00800780                toggle_dot
 .bss           0x00800781        0x2 sources/Error.o
 .bss           0x00800783       0x30 sources/Event.o
 .bss           0x008007b3        0x0 sources/Led.o
 .bss           0x008007b3        0x0 sources/MyCommon.o
 .bss           0x008007b3        0x0 sources/Radio.o
 .bss           0x008007b3        0x0 sources/spi_lib.o
 .bss           0x008007b3        0x1 sources/Startup.o
                0x008007b3                start_up_count
 .bss           0x008007b4        0x1 sources/Timer.o
 .bss           0x008007b5        0x0 sources/WatchDog.o
 .bss           0x008007b5        0x0 c:/program files (x86)/atmel/atmel studio 6.0/extensions/atmel/avrgcc/3.4.1.95/avrtoolchain/bin/../lib/gcc/avr/4.6.2/avr5\libgcc.a(_udivmodqi4.o)
 .bss           0x008007b5        0x0 c:/program files (x86)/atmel/atmel studio 6.0/extensions/atmel/avrgcc/3.4.1.95/avrtoolchain/bin/../lib/gcc/avr/4.6.2/avr5\libgcc.a(_divmodhi4.o)
 .bss           0x008007b5        0x0 c:/program files (x86)/atmel/atmel studio 6.0/extensions/atmel/avrgcc/3.4.1.95/avrtoolchain/bin/../lib/gcc/avr/4.6.2/avr5\libgcc.a(_exit.o)
 .bss           0x008007b5        0x0 c:/program files (x86)/atmel/atmel studio 6.0/extensions/atmel/avrgcc/3.4.1.95/avrtoolchain/bin/../lib/gcc/avr/4.6.2/avr5\libgcc.a(_copy_data.o)
 .bss           0x008007b5        0x0 c:/program files (x86)/atmel/atmel studio 6.0/extensions/atmel/avrgcc/3.4.1.95/avrtoolchain/bin/../lib/gcc/avr/4.6.2/avr5\libgcc.a(_clear_bss.o)
 .bss           0x008007b5        0x0 c:/program files (x86)/atmel/atmel studio 6.0/extensions/atmel/avrgcc/3.4.1.95/avrtoolchain/bin/../lib/gcc/avr/4.6.2/avr5\libgcc.a(_udivmodhi4.o)
 *(.bss*)
 *(COMMON)
 COMMON         0x008007b5       0x24 main.o
                0x008007b5                led_pins
                0x008007c0                dashboard_state
                0x008007c1                led_state
                0x008007c3                led_port
                0x008007ce                led_dd
 COMMON         0x008007d9       0x6b sources/Button.o
                0x008007d9                selected_menu_pre_error
                0x008007da                display_string
                0x00800802                button_counter
                0x0080080e                button_pressed_previous
                0x00800810                button_state
                0x0080081c                selected_menu
                0x0080081d                button_previous_state
                0x00800829                button_press
                0x00800835                button_pressed_current
                0x00800837                button_released
                0x00800843                display_current_error
 COMMON         0x00800844       0x15 sources/CAN.o
                0x00800844                can_queue
                0x00800854                can_queue_head
                0x00800855                can_Status
                0x00800856                can_queue_tail
                0x00800857                can_rx
 COMMON         0x00800859       0x39 sources/Display.o
                0x00800859                display_ddram_bottom_row
                0x00800875                display_ddram_top_row
                0x00800891                address_counter
 COMMON         0x00800892       0x12 sources/Event.o
                0x00800892                event_queue
                0x008008a2                event_queue_head
                0x008008a3                event_queue_tail
                0x008008a4                PROVIDE (__bss_end, .)
                0x000038e2                __data_load_start = LOADADDR (.data)
                0x00003f5e                __data_load_end = (__data_load_start + SIZEOF (.data))

.noinit         0x008008a4        0x0
                0x008008a4                PROVIDE (__noinit_start, .)
 *(.noinit*)
                0x008008a4                PROVIDE (__noinit_end, .)
                0x008008a4                _end = .
                0x008008a4                PROVIDE (__heap_start, .)

.eeprom         0x00810000        0x0
 *(.eeprom*)
                0x00810000                __eeprom_end = .

.fuse
 *(.fuse)
 *(.lfuse)
 *(.hfuse)
 *(.efuse)

.lock
 *(.lock*)

.signature
 *(.signature*)

.stab           0x00000000      0x6cc
 *(.stab)
 .stab          0x00000000      0x6cc c:/program files (x86)/atmel/atmel studio 6.0/extensions/atmel/avrgcc/3.4.1.95/avrtoolchain/bin/../lib/gcc/avr/4.6.2/../../../../avr/lib/avr5/crtcan32.o

.stabstr        0x00000000       0x85
 *(.stabstr)
 .stabstr       0x00000000       0x85 c:/program files (x86)/atmel/atmel studio 6.0/extensions/atmel/avrgcc/3.4.1.95/avrtoolchain/bin/../lib/gcc/avr/4.6.2/../../../../avr/lib/avr5/crtcan32.o

.stab.excl
 *(.stab.excl)

.stab.exclstr
 *(.stab.exclstr)

.stab.index
 *(.stab.index)

.stab.indexstr
 *(.stab.indexstr)

.comment
 *(.comment)

.debug
 *(.debug)

.line
 *(.line)

.debug_srcinfo
 *(.debug_srcinfo)

.debug_sfnames
 *(.debug_sfnames)

.debug_aranges  0x00000000      0x2c0
 *(.debug_aranges)
 .debug_aranges
                0x00000000       0x20 main.o
 .debug_aranges
                0x00000020       0x20 sources/Button.o
 .debug_aranges
                0x00000040       0x20 sources/Buzzer.o
 .debug_aranges
                0x00000060       0x20 sources/CAN.o
 .debug_aranges
                0x00000080       0x20 sources/can_drv.o
 .debug_aranges
                0x000000a0       0x20 sources/can_lib.o
 .debug_aranges
                0x000000c0       0x20 sources/Display.o
 .debug_aranges
                0x000000e0       0x20 sources/Error.o
 .debug_aranges
                0x00000100       0x20 sources/Event.o
 .debug_aranges
                0x00000120       0x20 sources/Led.o
 .debug_aranges
                0x00000140       0x20 sources/MyCommon.o
 .debug_aranges
                0x00000160       0x20 sources/Radio.o
 .debug_aranges
                0x00000180       0x20 sources/spi_lib.o
 .debug_aranges
                0x000001a0       0x20 sources/Startup.o
 .debug_aranges
                0x000001c0       0x20 sources/Timer.o
 .debug_aranges
                0x000001e0       0x20 sources/WatchDog.o
 .debug_aranges
                0x00000200       0x20 c:/program files (x86)/atmel/atmel studio 6.0/extensions/atmel/avrgcc/3.4.1.95/avrtoolchain/bin/../lib/gcc/avr/4.6.2/avr5\libgcc.a(_udivmodqi4.o)
 .debug_aranges
                0x00000220       0x20 c:/program files (x86)/atmel/atmel studio 6.0/extensions/atmel/avrgcc/3.4.1.95/avrtoolchain/bin/../lib/gcc/avr/4.6.2/avr5\libgcc.a(_divmodhi4.o)
 .debug_aranges
                0x00000240       0x20 c:/program files (x86)/atmel/atmel studio 6.0/extensions/atmel/avrgcc/3.4.1.95/avrtoolchain/bin/../lib/gcc/avr/4.6.2/avr5\libgcc.a(_exit.o)
 .debug_aranges
                0x00000260       0x20 c:/program files (x86)/atmel/atmel studio 6.0/extensions/atmel/avrgcc/3.4.1.95/avrtoolchain/bin/../lib/gcc/avr/4.6.2/avr5\libgcc.a(_copy_data.o)
 .debug_aranges
                0x00000280       0x20 c:/program files (x86)/atmel/atmel studio 6.0/extensions/atmel/avrgcc/3.4.1.95/avrtoolchain/bin/../lib/gcc/avr/4.6.2/avr5\libgcc.a(_clear_bss.o)
 .debug_aranges
                0x000002a0       0x20 c:/program files (x86)/atmel/atmel studio 6.0/extensions/atmel/avrgcc/3.4.1.95/avrtoolchain/bin/../lib/gcc/avr/4.6.2/avr5\libgcc.a(_udivmodhi4.o)

.debug_pubnames
 *(.debug_pubnames)

.debug_info     0x00000000     0x5fb2
 *(.debug_info)
 .debug_info    0x00000000      0x40c main.o
 .debug_info    0x0000040c      0x4ae sources/Button.o
 .debug_info    0x000008ba       0xfa sources/Buzzer.o
 .debug_info    0x000009b4      0x6b9 sources/CAN.o
 .debug_info    0x0000106d      0x69b sources/can_drv.o
 .debug_info    0x00001708      0x4ce sources/can_lib.o
 .debug_info    0x00001bd6     0x17f1 sources/Display.o
 .debug_info    0x000033c7      0x429 sources/Error.o
 .debug_info    0x000037f0      0x796 sources/Event.o
 .debug_info    0x00003f86      0x272 sources/Led.o
 .debug_info    0x000041f8      0x545 sources/MyCommon.o
 .debug_info    0x0000473d       0xa8 sources/Radio.o
 .debug_info    0x000047e5      0x452 sources/spi_lib.o
 .debug_info    0x00004c37      0x483 sources/Startup.o
 .debug_info    0x000050ba      0x5df sources/Timer.o
 .debug_info    0x00005699      0x3eb sources/WatchDog.o
 .debug_info    0x00005a84       0xdd c:/program files (x86)/atmel/atmel studio 6.0/extensions/atmel/avrgcc/3.4.1.95/avrtoolchain/bin/../lib/gcc/avr/4.6.2/avr5\libgcc.a(_udivmodqi4.o)
 .debug_info    0x00005b61       0xdd c:/program files (x86)/atmel/atmel studio 6.0/extensions/atmel/avrgcc/3.4.1.95/avrtoolchain/bin/../lib/gcc/avr/4.6.2/avr5\libgcc.a(_divmodhi4.o)
 .debug_info    0x00005c3e       0xdd c:/program files (x86)/atmel/atmel studio 6.0/extensions/atmel/avrgcc/3.4.1.95/avrtoolchain/bin/../lib/gcc/avr/4.6.2/avr5\libgcc.a(_exit.o)
 .debug_info    0x00005d1b       0xdd c:/program files (x86)/atmel/atmel studio 6.0/extensions/atmel/avrgcc/3.4.1.95/avrtoolchain/bin/../lib/gcc/avr/4.6.2/avr5\libgcc.a(_copy_data.o)
 .debug_info    0x00005df8       0xdd c:/program files (x86)/atmel/atmel studio 6.0/extensions/atmel/avrgcc/3.4.1.95/avrtoolchain/bin/../lib/gcc/avr/4.6.2/avr5\libgcc.a(_clear_bss.o)
 .debug_info    0x00005ed5       0xdd c:/program files (x86)/atmel/atmel studio 6.0/extensions/atmel/avrgcc/3.4.1.95/avrtoolchain/bin/../lib/gcc/avr/4.6.2/avr5\libgcc.a(_udivmodhi4.o)
 *(.gnu.linkonce.wi.*)

.debug_abbrev   0x00000000     0x16cc
 *(.debug_abbrev)
 .debug_abbrev  0x00000000      0x11a main.o
 .debug_abbrev  0x0000011a      0x160 sources/Button.o
 .debug_abbrev  0x0000027a       0x81 sources/Buzzer.o
 .debug_abbrev  0x000002fb      0x1c9 sources/CAN.o
 .debug_abbrev  0x000004c4      0x1e4 sources/can_drv.o
 .debug_abbrev  0x000006a8      0x1d3 sources/can_lib.o
 .debug_abbrev  0x0000087b      0x2ab sources/Display.o
 .debug_abbrev  0x00000b26      0x14b sources/Error.o
 .debug_abbrev  0x00000c71      0x1ba sources/Event.o
 .debug_abbrev  0x00000e2b      0x115 sources/Led.o
 .debug_abbrev  0x00000f40      0x169 sources/MyCommon.o
 .debug_abbrev  0x000010a9       0x4c sources/Radio.o
 .debug_abbrev  0x000010f5      0x179 sources/spi_lib.o
 .debug_abbrev  0x0000126e      0x155 sources/Startup.o
 .debug_abbrev  0x000013c3      0x173 sources/Timer.o
 .debug_abbrev  0x00001536      0x11e sources/WatchDog.o
 .debug_abbrev  0x00001654       0x14 c:/program files (x86)/atmel/atmel studio 6.0/extensions/atmel/avrgcc/3.4.1.95/avrtoolchain/bin/../lib/gcc/avr/4.6.2/avr5\libgcc.a(_udivmodqi4.o)
 .debug_abbrev  0x00001668       0x14 c:/program files (x86)/atmel/atmel studio 6.0/extensions/atmel/avrgcc/3.4.1.95/avrtoolchain/bin/../lib/gcc/avr/4.6.2/avr5\libgcc.a(_divmodhi4.o)
 .debug_abbrev  0x0000167c       0x14 c:/program files (x86)/atmel/atmel studio 6.0/extensions/atmel/avrgcc/3.4.1.95/avrtoolchain/bin/../lib/gcc/avr/4.6.2/avr5\libgcc.a(_exit.o)
 .debug_abbrev  0x00001690       0x14 c:/program files (x86)/atmel/atmel studio 6.0/extensions/atmel/avrgcc/3.4.1.95/avrtoolchain/bin/../lib/gcc/avr/4.6.2/avr5\libgcc.a(_copy_data.o)
 .debug_abbrev  0x000016a4       0x14 c:/program files (x86)/atmel/atmel studio 6.0/extensions/atmel/avrgcc/3.4.1.95/avrtoolchain/bin/../lib/gcc/avr/4.6.2/avr5\libgcc.a(_clear_bss.o)
 .debug_abbrev  0x000016b8       0x14 c:/program files (x86)/atmel/atmel studio 6.0/extensions/atmel/avrgcc/3.4.1.95/avrtoolchain/bin/../lib/gcc/avr/4.6.2/avr5\libgcc.a(_udivmodhi4.o)

.debug_line     0x00000000     0x1f69
 *(.debug_line)
 .debug_line    0x00000000      0x130 main.o
 .debug_line    0x00000130      0x1ed sources/Button.o
 .debug_line    0x0000031d      0x10a sources/Buzzer.o
 .debug_line    0x00000427      0x1f5 sources/CAN.o
 .debug_line    0x0000061c      0x312 sources/can_drv.o
 .debug_line    0x0000092e      0x303 sources/can_lib.o
 .debug_line    0x00000c31      0x3a4 sources/Display.o
 .debug_line    0x00000fd5       0xfa sources/Error.o
 .debug_line    0x000010cf      0x1c8 sources/Event.o
 .debug_line    0x00001297      0x186 sources/Led.o
 .debug_line    0x0000141d      0x17a sources/MyCommon.o
 .debug_line    0x00001597       0xe1 sources/Radio.o
 .debug_line    0x00001678      0x17b sources/spi_lib.o
 .debug_line    0x000017f3      0x146 sources/Startup.o
 .debug_line    0x00001939      0x191 sources/Timer.o
 .debug_line    0x00001aca      0x133 sources/WatchDog.o
 .debug_line    0x00001bfd       0x92 c:/program files (x86)/atmel/atmel studio 6.0/extensions/atmel/avrgcc/3.4.1.95/avrtoolchain/bin/../lib/gcc/avr/4.6.2/avr5\libgcc.a(_udivmodqi4.o)
 .debug_line    0x00001c8f       0x99 c:/program files (x86)/atmel/atmel studio 6.0/extensions/atmel/avrgcc/3.4.1.95/avrtoolchain/bin/../lib/gcc/avr/4.6.2/avr5\libgcc.a(_divmodhi4.o)
 .debug_line    0x00001d28       0x88 c:/program files (x86)/atmel/atmel studio 6.0/extensions/atmel/avrgcc/3.4.1.95/avrtoolchain/bin/../lib/gcc/avr/4.6.2/avr5\libgcc.a(_exit.o)
 .debug_line    0x00001db0       0x91 c:/program files (x86)/atmel/atmel studio 6.0/extensions/atmel/avrgcc/3.4.1.95/avrtoolchain/bin/../lib/gcc/avr/4.6.2/avr5\libgcc.a(_copy_data.o)
 .debug_line    0x00001e41       0x8e c:/program files (x86)/atmel/atmel studio 6.0/extensions/atmel/avrgcc/3.4.1.95/avrtoolchain/bin/../lib/gcc/avr/4.6.2/avr5\libgcc.a(_clear_bss.o)
 .debug_line    0x00001ecf       0x9a c:/program files (x86)/atmel/atmel studio 6.0/extensions/atmel/avrgcc/3.4.1.95/avrtoolchain/bin/../lib/gcc/avr/4.6.2/avr5\libgcc.a(_udivmodhi4.o)

.debug_frame    0x00000000      0xdbc
 *(.debug_frame)
 .debug_frame   0x00000000       0x24 main.o
 .debug_frame   0x00000024       0xec sources/Button.o
 .debug_frame   0x00000110       0x54 sources/Buzzer.o
 .debug_frame   0x00000164      0x118 sources/CAN.o
 .debug_frame   0x0000027c       0xf0 sources/can_drv.o
 .debug_frame   0x0000036c       0xa8 sources/can_lib.o
 .debug_frame   0x00000414      0x310 sources/Display.o
 .debug_frame   0x00000724       0x44 sources/Error.o
 .debug_frame   0x00000768       0x8c sources/Event.o
 .debug_frame   0x000007f4       0xf0 sources/Led.o
 .debug_frame   0x000008e4       0x44 sources/MyCommon.o
 .debug_frame   0x00000928       0x44 sources/Radio.o
 .debug_frame   0x0000096c       0x80 sources/spi_lib.o
 .debug_frame   0x000009ec       0x38 sources/Startup.o
 .debug_frame   0x00000a24      0x364 sources/Timer.o
 .debug_frame   0x00000d88       0x34 sources/WatchDog.o

.debug_str      0x00000000     0x1adb
 *(.debug_str)
 .debug_str     0x00000000      0x2dd main.o
                                0x31f (size before relaxing)
 .debug_str     0x000002dd      0x1b2 sources/Button.o
                                0x2cf (size before relaxing)
 .debug_str     0x0000048f       0x69 sources/Buzzer.o
                                0x139 (size before relaxing)
 .debug_str     0x000004f8      0x24e sources/CAN.o
                                0x520 (size before relaxing)
 .debug_str     0x00000746      0x19f sources/can_drv.o
                                0x4bb (size before relaxing)
 .debug_str     0x000008e5       0x6d sources/can_lib.o
                                0x34e (size before relaxing)
 .debug_str     0x00000952      0xd71 sources/Display.o
                               0x1128 (size before relaxing)
 .debug_str     0x000016c3       0x53 sources/Error.o
                                0x38f (size before relaxing)
 .debug_str     0x00001716       0xba sources/Event.o
                                0x5fa (size before relaxing)
 .debug_str     0x000017d0       0x94 sources/Led.o
                                0x198 (size before relaxing)
 .debug_str     0x00001864       0x42 sources/MyCommon.o
                                0x470 (size before relaxing)
 .debug_str     0x000018a6       0x13 sources/Radio.o
                                0x101 (size before relaxing)
 .debug_str     0x000018b9       0x6a sources/spi_lib.o
                                0x33c (size before relaxing)
 .debug_str     0x00001923       0x24 sources/Startup.o
                                0x396 (size before relaxing)
 .debug_str     0x00001947      0x16d sources/Timer.o
                                0x4dd (size before relaxing)
 .debug_str     0x00001ab4       0x27 sources/WatchDog.o
                                0x374 (size before relaxing)

.debug_loc      0x00000000     0x4306
 *(.debug_loc)
 .debug_loc     0x00000000      0x152 sources/Button.o
 .debug_loc     0x00000152      0x1b3 sources/CAN.o
 .debug_loc     0x00000305      0x8a5 sources/can_drv.o
 .debug_loc     0x00000baa      0x3f1 sources/can_lib.o
 .debug_loc     0x00000f9b     0x28e2 sources/Display.o
 .debug_loc     0x0000387d       0x2b sources/Error.o
 .debug_loc     0x000038a8      0x140 sources/Event.o
 .debug_loc     0x000039e8      0x286 sources/Led.o
 .debug_loc     0x00003c6e       0x42 sources/spi_lib.o
 .debug_loc     0x00003cb0       0x49 sources/Startup.o
 .debug_loc     0x00003cf9      0x60d sources/Timer.o

.debug_macinfo
 *(.debug_macinfo)
OUTPUT(Dashboard.elf elf32-avr)
LOAD linker stubs
